../src/bsp/stmicro/stm32l4/board_specific/board_init_spudglo_v5/board_init_spudglo_v5.c:13:13:board_init_peripheral_setup	8	static
../src/bsp/stmicro/stm32l4/board_specific/board_init_spudglo_v5/board_init_spudglo_v5.c:20:6:board_init_specific	32	static
../src/bsp/stmicro/stm32l4/board_specific/board_init_spudglo_v5/board_init_spudglo_v5.c:58:6:board_init_specific_power_cycle_level_shifter	8	static
../src/bsp/stmicro/stm32l4/board_specific/board_init_spudglo_v5/board_init_spudglo_v5.c:66:6:board_init_specific_esp8266_uart_boot_enable	32	static
../src/bsp/stmicro/stm32l4/board_specific/board_init_spudglo_v5/board_init_spudglo_v5.c:77:6:board_init_specific_esp8266_uart_boot_disable	32	static
../src/bsp/stmicro/stm32l4/board_specific/board_init_spudglo_v5/board_init_spudglo_v5.c:88:6:board_init_specific_esp8266_power_enable	32	static
../src/bsp/stmicro/stm32l4/board_specific/board_init_spudglo_v5/board_init_spudglo_v5.c:99:6:board_init_specific_esp8266_power_disable	32	static
../src/bsp/stmicro/stm32l4/board_specific/board_init_spudglo_v5/board_init_spudglo_v5.c:110:6:board_init_specific_esp8266_reset_assert	32	static
../src/bsp/stmicro/stm32l4/board_specific/board_init_spudglo_v5/board_init_spudglo_v5.c:121:6:board_init_specific_esp8266_reset_deassert	32	static
