board_init.c:32:6:board_init	8	static
board_init.c:76:6:board_init_button_on_count_increment	16	static
board_init.c:82:10:board_init_button_on_count	16	static
board_init.c:88:6:board_init_button_on_count_clear	16	static
board_init.c:94:6:board_init_button_is_pressed	24	static
board_init.c:117:6:board_init_any_button_is_pressed	16	static
board_init.c:131:6:board_init_stop_timer	8	static
board_init.c:145:6:SystemClock_Config	192	static
board_init.c:198:13:MX_RTC_Init	8	static
board_init.c:233:13:MX_TIM1_Init	112	static
board_init.c:321:13:MX_TIM15_Init	96	static
board_init.c:386:13:MX_TIM16_Init	8	static
board_init.c:416:13:MX_DMA_Init	16	static
board_init.c:446:13:MX_GPIO_Init	48	static
board_init.c:521:6:Error_Handler	4	static,ignoring_inline_asm
