../src/bsp/stmicro/stm32l4/board_specific/board_init_spudglo_v7/board_init_spudglo_v7.c:16:6:board_init_peripheral_setup	8	static
../src/bsp/stmicro/stm32l4/board_specific/board_init_spudglo_v7/board_init_spudglo_v7.c:23:6:board_init_specific_power_cycle_level_shifter	8	static
../src/bsp/stmicro/stm32l4/board_specific/board_init_spudglo_v7/board_init_spudglo_v7.c:31:6:board_init_specific_esp8266_uart_boot_enable	8	static
../src/bsp/stmicro/stm32l4/board_specific/board_init_spudglo_v7/board_init_spudglo_v7.c:38:6:board_init_specific_esp8266_uart_boot_disable	8	static
../src/bsp/stmicro/stm32l4/board_specific/board_init_spudglo_v7/board_init_spudglo_v7.c:45:6:board_init_specific_esp8266_power_enable	8	static
../src/bsp/stmicro/stm32l4/board_specific/board_init_spudglo_v7/board_init_spudglo_v7.c:52:6:board_init_specific_esp8266_power_disable	8	static
../src/bsp/stmicro/stm32l4/board_specific/board_init_spudglo_v7/board_init_spudglo_v7.c:59:6:board_init_specific_esp8266_reset_assert	8	static
../src/bsp/stmicro/stm32l4/board_specific/board_init_spudglo_v7/board_init_spudglo_v7.c:66:6:board_init_specific_esp8266_reset_deassert	8	static
../src/bsp/stmicro/stm32l4/board_specific/board_init_spudglo_v7/board_init_spudglo_v7.c:73:6:board_init_specific_vbus_is_present	8	static
