../src/bsp/stmicro/peripheral/uart/uart_access_hal.c:16:6:USART1_IRQHandler	4	static
../src/bsp/stmicro/peripheral/uart/uart_access_hal.c:24:6:HAL_UART_TxCpltCallback	16	static
../src/bsp/stmicro/peripheral/uart/uart_access_hal.c:52:6:HAL_UART_RxCpltCallback	16	static
../src/bsp/stmicro/peripheral/uart/uart_access_hal.c:188:19:uart_access_hal_rx_tick_time_reset	8	static
../src/bsp/stmicro/peripheral/uart/uart_access_hal.c:195:19:uart_access_hal_last_rx_tick_time	4	static
../src/bsp/stmicro/peripheral/uart/uart_access_hal.c:201:6:uart_access_hal_rx_done	16	static
../src/bsp/stmicro/peripheral/uart/uart_access_hal.c:209:6:uart_access_hal_write_and_read_block	24	static
../src/bsp/stmicro/peripheral/uart/uart_access_hal.c:236:6:uart_access_hal_write_byte	16	static
../src/bsp/stmicro/peripheral/uart/uart_access_hal.c:245:6:uart_access_hal_write_block	24	static
../src/bsp/stmicro/peripheral/uart/uart_access_hal.c:254:6:uart_access_hal_read_byte	16	static
../src/bsp/stmicro/peripheral/uart/uart_access_hal.c:263:6:uart_access_hal_read_block	24	static
