../src/bsp/stmicro/peripheral/uart/uart_access_hal.c:18:6:HAL_UART_TxCpltCallback	16	static
../src/bsp/stmicro/peripheral/uart/uart_access_hal.c:28:6:uart_access_hal_rx_done	16	static
../src/bsp/stmicro/peripheral/uart/uart_access_hal.c:35:12:uart_access_hal_last_rx_tick_time	4	static
../src/bsp/stmicro/peripheral/uart/uart_access_hal.c:41:6:HAL_UART_RxCpltCallback	16	static
../src/bsp/stmicro/peripheral/uart/uart_access_hal.c:51:6:USART1_IRQHandler	8	static
../src/bsp/stmicro/peripheral/uart/uart_access_hal.c:58:6:uart_access_hal_write_and_read_block	24	static
../src/bsp/stmicro/peripheral/uart/uart_access_hal.c:84:6:uart_access_hal_write_byte	16	static
../src/bsp/stmicro/peripheral/uart/uart_access_hal.c:95:6:uart_access_hal_write_block	24	static
../src/bsp/stmicro/peripheral/uart/uart_access_hal.c:107:6:uart_access_hal_read_byte	16	static
../src/bsp/stmicro/peripheral/uart/uart_access_hal.c:116:6:uart_access_hal_read_block	24	static
