../src/bsp/stmicro/peripheral/uart/uart_access_hal.c:14:6:USART1_IRQHandler	8	static
../src/bsp/stmicro/peripheral/uart/uart_access_hal.c:20:6:HAL_UART_TxCpltCallback	16	static
../src/bsp/stmicro/peripheral/uart/uart_access_hal.c:26:6:HAL_UART_RxCpltCallback	16	static
../src/bsp/stmicro/peripheral/uart/uart_access_hal.c:37:19:uart_access_hal_rx_tick_time_reset	8	static
../src/bsp/stmicro/peripheral/uart/uart_access_hal.c:43:19:uart_access_hal_last_rx_tick_time	4	static
../src/bsp/stmicro/peripheral/uart/uart_access_hal.c:49:6:uart_access_hal_rx_done	16	static
../src/bsp/stmicro/peripheral/uart/uart_access_hal.c:57:6:uart_access_hal_write_and_read_block	24	static
../src/bsp/stmicro/peripheral/uart/uart_access_hal.c:84:6:uart_access_hal_write_byte	16	static
../src/bsp/stmicro/peripheral/uart/uart_access_hal.c:93:6:uart_access_hal_write_block	24	static
../src/bsp/stmicro/peripheral/uart/uart_access_hal.c:102:6:uart_access_hal_read_byte	16	static
../src/bsp/stmicro/peripheral/uart/uart_access_hal.c:111:6:uart_access_hal_read_block	24	static
