../src/bsp/stmicro/peripheral/uart/uart_access_hal.c:16:6:USART1_IRQHandler	8	static
../src/bsp/stmicro/peripheral/uart/uart_access_hal.c:22:6:HAL_UART_TxCpltCallback	16	static
../src/bsp/stmicro/peripheral/uart/uart_access_hal.c:43:6:HAL_UART_RxCpltCallback	32	static
../src/bsp/stmicro/peripheral/uart/uart_access_hal.c:87:19:uart_access_hal_rx_tick_time_reset	8	static
../src/bsp/stmicro/peripheral/uart/uart_access_hal.c:93:19:uart_access_hal_last_rx_tick_time	4	static
../src/bsp/stmicro/peripheral/uart/uart_access_hal.c:99:6:uart_access_hal_rx_done	16	static
../src/bsp/stmicro/peripheral/uart/uart_access_hal.c:107:6:uart_access_hal_write_and_read_block	24	static
../src/bsp/stmicro/peripheral/uart/uart_access_hal.c:134:6:uart_access_hal_write_byte	16	static
../src/bsp/stmicro/peripheral/uart/uart_access_hal.c:143:6:uart_access_hal_write_block	24	static
../src/bsp/stmicro/peripheral/uart/uart_access_hal.c:152:6:uart_access_hal_read_byte	16	static
../src/bsp/stmicro/peripheral/uart/uart_access_hal.c:161:6:uart_access_hal_read_block	24	static
