/Users/spud/Documents/GitHub/Spud_code_collection/STM32/stm32_workspace/common/lib/led/color_led/color_led.c:40:6:color_led_hex_to_rgb	16	static
/Users/spud/Documents/GitHub/Spud_code_collection/STM32/stm32_workspace/common/lib/led/color_led/color_led.c:48:18:color_to_hex	16	static
/Users/spud/Documents/GitHub/Spud_code_collection/STM32/stm32_workspace/common/lib/led/color_led/color_led.c:54:9:color_red_to_hex	24	static
/Users/spud/Documents/GitHub/Spud_code_collection/STM32/stm32_workspace/common/lib/led/color_led/color_led.c:60:9:color_green_to_hex	24	static
/Users/spud/Documents/GitHub/Spud_code_collection/STM32/stm32_workspace/common/lib/led/color_led/color_led.c:66:9:color_blue_to_hex	24	static
/Users/spud/Documents/GitHub/Spud_code_collection/STM32/stm32_workspace/common/lib/led/color_led/color_led.c:72:6:color_led_adjust_color	16	static
/Users/spud/Documents/GitHub/Spud_code_collection/STM32/stm32_workspace/common/lib/led/color_led/color_led.c:79:6:color_led_random_color	24	static
/Users/spud/Documents/GitHub/Spud_code_collection/STM32/stm32_workspace/common/lib/led/color_led/color_led.c:94:6:color_led_master_state_to_demo	16	static
/Users/spud/Documents/GitHub/Spud_code_collection/STM32/stm32_workspace/common/lib/led/color_led/color_led.c:100:6:color_led_master_state_to_fixed	16	static
/Users/spud/Documents/GitHub/Spud_code_collection/STM32/stm32_workspace/common/lib/led/color_led/color_led.c:108:6:color_led_reset_color	16	static
