Archive member included to satisfy reference by file (symbol)

/Applications/STM32CubeIDE.app/Contents/Eclipse/plugins/com.st.stm32cube.ide.mcu.externaltools.gnu-tools-for-stm32.10.3-2021.10.macos64_1.0.0.202111181127/tools/bin/../lib/gcc/arm-none-eabi/10.3.1/../../../../arm-none-eabi/lib/thumb/v7e-m+fp/hard/libc_nano.a(lib_a-errno.o)
                              ./src/stm32_bloat/syscalls.o (__errno)
/Applications/STM32CubeIDE.app/Contents/Eclipse/plugins/com.st.stm32cube.ide.mcu.externaltools.gnu-tools-for-stm32.10.3-2021.10.macos64_1.0.0.202111181127/tools/bin/../lib/gcc/arm-none-eabi/10.3.1/../../../../arm-none-eabi/lib/thumb/v7e-m+fp/hard/libc_nano.a(lib_a-exit.o)
                              /Applications/STM32CubeIDE.app/Contents/Eclipse/plugins/com.st.stm32cube.ide.mcu.externaltools.gnu-tools-for-stm32.10.3-2021.10.macos64_1.0.0.202111181127/tools/bin/../lib/gcc/arm-none-eabi/10.3.1/../../../../arm-none-eabi/lib/thumb/v7e-m+fp/hard/crt0.o (exit)
/Applications/STM32CubeIDE.app/Contents/Eclipse/plugins/com.st.stm32cube.ide.mcu.externaltools.gnu-tools-for-stm32.10.3-2021.10.macos64_1.0.0.202111181127/tools/bin/../lib/gcc/arm-none-eabi/10.3.1/../../../../arm-none-eabi/lib/thumb/v7e-m+fp/hard/libc_nano.a(lib_a-impure.o)
                              /Applications/STM32CubeIDE.app/Contents/Eclipse/plugins/com.st.stm32cube.ide.mcu.externaltools.gnu-tools-for-stm32.10.3-2021.10.macos64_1.0.0.202111181127/tools/bin/../lib/gcc/arm-none-eabi/10.3.1/../../../../arm-none-eabi/lib/thumb/v7e-m+fp/hard/libc_nano.a(lib_a-exit.o) (_global_impure_ptr)
/Applications/STM32CubeIDE.app/Contents/Eclipse/plugins/com.st.stm32cube.ide.mcu.externaltools.gnu-tools-for-stm32.10.3-2021.10.macos64_1.0.0.202111181127/tools/bin/../lib/gcc/arm-none-eabi/10.3.1/../../../../arm-none-eabi/lib/thumb/v7e-m+fp/hard/libc_nano.a(lib_a-init.o)
                              /Applications/STM32CubeIDE.app/Contents/Eclipse/plugins/com.st.stm32cube.ide.mcu.externaltools.gnu-tools-for-stm32.10.3-2021.10.macos64_1.0.0.202111181127/tools/bin/../lib/gcc/arm-none-eabi/10.3.1/../../../../arm-none-eabi/lib/thumb/v7e-m+fp/hard/crt0.o (__libc_init_array)
/Applications/STM32CubeIDE.app/Contents/Eclipse/plugins/com.st.stm32cube.ide.mcu.externaltools.gnu-tools-for-stm32.10.3-2021.10.macos64_1.0.0.202111181127/tools/bin/../lib/gcc/arm-none-eabi/10.3.1/../../../../arm-none-eabi/lib/thumb/v7e-m+fp/hard/libc_nano.a(lib_a-malloc.o)
                              ./fw_common/lib/ws2812b_driver/ws2812b.o (malloc)
/Applications/STM32CubeIDE.app/Contents/Eclipse/plugins/com.st.stm32cube.ide.mcu.externaltools.gnu-tools-for-stm32.10.3-2021.10.macos64_1.0.0.202111181127/tools/bin/../lib/gcc/arm-none-eabi/10.3.1/../../../../arm-none-eabi/lib/thumb/v7e-m+fp/hard/libc_nano.a(lib_a-memcpy-stub.o)
                              ./sdk/FreeRTOS/Source/CMSIS_RTOS_V2/cmsis_os2.o (memcpy)
/Applications/STM32CubeIDE.app/Contents/Eclipse/plugins/com.st.stm32cube.ide.mcu.externaltools.gnu-tools-for-stm32.10.3-2021.10.macos64_1.0.0.202111181127/tools/bin/../lib/gcc/arm-none-eabi/10.3.1/../../../../arm-none-eabi/lib/thumb/v7e-m+fp/hard/libc_nano.a(lib_a-memset.o)
                              /Applications/STM32CubeIDE.app/Contents/Eclipse/plugins/com.st.stm32cube.ide.mcu.externaltools.gnu-tools-for-stm32.10.3-2021.10.macos64_1.0.0.202111181127/tools/bin/../lib/gcc/arm-none-eabi/10.3.1/../../../../arm-none-eabi/lib/thumb/v7e-m+fp/hard/crt0.o (memset)
/Applications/STM32CubeIDE.app/Contents/Eclipse/plugins/com.st.stm32cube.ide.mcu.externaltools.gnu-tools-for-stm32.10.3-2021.10.macos64_1.0.0.202111181127/tools/bin/../lib/gcc/arm-none-eabi/10.3.1/../../../../arm-none-eabi/lib/thumb/v7e-m+fp/hard/libc_nano.a(lib_a-nano-freer.o)
                              /Applications/STM32CubeIDE.app/Contents/Eclipse/plugins/com.st.stm32cube.ide.mcu.externaltools.gnu-tools-for-stm32.10.3-2021.10.macos64_1.0.0.202111181127/tools/bin/../lib/gcc/arm-none-eabi/10.3.1/../../../../arm-none-eabi/lib/thumb/v7e-m+fp/hard/libc_nano.a(lib_a-malloc.o) (_free_r)
/Applications/STM32CubeIDE.app/Contents/Eclipse/plugins/com.st.stm32cube.ide.mcu.externaltools.gnu-tools-for-stm32.10.3-2021.10.macos64_1.0.0.202111181127/tools/bin/../lib/gcc/arm-none-eabi/10.3.1/../../../../arm-none-eabi/lib/thumb/v7e-m+fp/hard/libc_nano.a(lib_a-nano-mallocr.o)
                              /Applications/STM32CubeIDE.app/Contents/Eclipse/plugins/com.st.stm32cube.ide.mcu.externaltools.gnu-tools-for-stm32.10.3-2021.10.macos64_1.0.0.202111181127/tools/bin/../lib/gcc/arm-none-eabi/10.3.1/../../../../arm-none-eabi/lib/thumb/v7e-m+fp/hard/libc_nano.a(lib_a-malloc.o) (_malloc_r)
/Applications/STM32CubeIDE.app/Contents/Eclipse/plugins/com.st.stm32cube.ide.mcu.externaltools.gnu-tools-for-stm32.10.3-2021.10.macos64_1.0.0.202111181127/tools/bin/../lib/gcc/arm-none-eabi/10.3.1/../../../../arm-none-eabi/lib/thumb/v7e-m+fp/hard/libc_nano.a(lib_a-rand.o)
                              ./src/bsp/board_init_common.o (srand)
[...]
Memory Configuration

Name             Origin             Length             Attributes
RAM              0x0000000020000000 0x0000000000010000 xrw
FLASH            0x0000000008000000 0x0000000000040000 xr
*default*        0x0000000000000000 0xffffffffffffffff

Linker script and memory map

LOAD /Applications/STM32CubeIDE.app/Contents/Eclipse/plugins/com.st.stm32cube.ide.mcu.externaltools.gnu-tools-for-stm32.10.3-2021.10.macos64_1.0.0.202111181127/tools/bin/../lib/gcc/arm-none-eabi/10.3.1/thumb/v7e-m+fp/hard/crti.o
LOAD /Applications/STM32CubeIDE.app/Contents/Eclipse/plugins/com.st.stm32cube.ide.mcu.externaltools.gnu-tools-for-stm32.10.3-2021.10.macos64_1.0.0.202111181127/tools/bin/../lib/gcc/arm-none-eabi/10.3.1/thumb/v7e-m+fp/hard/crtbegin.o
LOAD /Applications/STM32CubeIDE.app/Contents/Eclipse/plugins/com.st.stm32cube.ide.mcu.externaltools.gnu-tools-for-stm32.10.3-2021.10.macos64_1.0.0.202111181127/tools/bin/../lib/gcc/arm-none-eabi/10.3.1/../../../../arm-none-eabi/lib/thumb/v7e-m+fp/hard/crt0.o
LOAD ./fw_common/lib/animate_led/animate_led.o
LOAD ./fw_common/lib/color_led/color_led.o
LOAD ./fw_common/lib/current_monitor/current_monitor.o
LOAD ./fw_common/lib/task/task_button_press.o
LOAD ./fw_common/lib/task/task_led_ctrl.o
LOAD ./fw_common/lib/ws2812b_driver/ws2812b.o
LOAD ./sdk/FreeRTOS/Source/CMSIS_RTOS_V2/cmsis_os2.o
LOAD ./sdk/FreeRTOS/Source/croutine.o
LOAD ./sdk/FreeRTOS/Source/event_groups.o
LOAD ./sdk/FreeRTOS/Source/list.o
LOAD ./sdk/FreeRTOS/Source/queue.o
LOAD ./sdk/FreeRTOS/Source/stream_buffer.o
LOAD ./sdk/FreeRTOS/Source/tasks.o
LOAD ./sdk/FreeRTOS/Source/timers.o
LOAD ./sdk/FreeRTOS/Source/portable/GCC/ARM_CM4F/port.o
LOAD ./sdk/FreeRTOS/Source/portable/MemMang/heap_4.o
LOAD ./sdk/STM32L4xx_HAL_Driver/Src/stm32l4xx_hal.o
LOAD ./sdk/STM32L4xx_HAL_Driver/Src/stm32l4xx_hal_cortex.o
LOAD ./sdk/STM32L4xx_HAL_Driver/Src/stm32l4xx_hal_dma.o
LOAD ./sdk/STM32L4xx_HAL_Driver/Src/stm32l4xx_hal_dma_ex.o
LOAD ./sdk/STM32L4xx_HAL_Driver/Src/stm32l4xx_hal_exti.o
LOAD ./sdk/STM32L4xx_HAL_Driver/Src/stm32l4xx_hal_flash.o
LOAD ./sdk/STM32L4xx_HAL_Driver/Src/stm32l4xx_hal_flash_ex.o
LOAD ./sdk/STM32L4xx_HAL_Driver/Src/stm32l4xx_hal_flash_ramfunc.o
LOAD ./sdk/STM32L4xx_HAL_Driver/Src/stm32l4xx_hal_gpio.o
LOAD ./sdk/STM32L4xx_HAL_Driver/Src/stm32l4xx_hal_i2c.o
LOAD ./sdk/STM32L4xx_HAL_Driver/Src/stm32l4xx_hal_i2c_ex.o
LOAD ./sdk/STM32L4xx_HAL_Driver/Src/stm32l4xx_hal_pwr.o
LOAD ./sdk/STM32L4xx_HAL_Driver/Src/stm32l4xx_hal_pwr_ex.o
LOAD ./sdk/STM32L4xx_HAL_Driver/Src/stm32l4xx_hal_rcc.o
LOAD ./sdk/STM32L4xx_HAL_Driver/Src/stm32l4xx_hal_rcc_ex.o
LOAD ./sdk/STM32L4xx_HAL_Driver/Src/stm32l4xx_hal_rtc.o
LOAD ./sdk/STM32L4xx_HAL_Driver/Src/stm32l4xx_hal_rtc_ex.o
LOAD ./sdk/STM32L4xx_HAL_Driver/Src/stm32l4xx_hal_tim.o
LOAD ./sdk/STM32L4xx_HAL_Driver/Src/stm32l4xx_hal_tim_ex.o
LOAD ./src/bsp/board_init_common.o
LOAD ./src/bsp/board_specific/board_init_spud_glo_v1/board_init_spud_glo_v1.o
LOAD ./src/bsp/board_specific/board_init_spud_glo_v2/board_init_spud_glo_v2.o
LOAD ./src/bsp/board_specific/board_init_spud_glo_v3/board_init_spud_glo_v3.o
LOAD ./src/main.o
LOAD ./src/numbers.o
LOAD ./src/task_create.o
LOAD ./src/task_dma_transfer.o
LOAD ./src/stm32_bloat/stm32l4xx_hal_msp.o
LOAD ./src/stm32_bloat/stm32l4xx_it.o
LOAD ./src/stm32_bloat/syscalls.o
LOAD ./src/stm32_bloat/sysmem.o
LOAD ./src/stm32_bloat/system_stm32l4xx.o
LOAD ./startup/startup_stm32l431rctx.o
START GROUP
LOAD /Applications/STM32CubeIDE.app/Contents/Eclipse/plugins/com.st.stm32cube.ide.mcu.externaltools.gnu-tools-for-stm32.10.3-2021.10.macos64_1.0.0.202111181127/tools/bin/../lib/gcc/arm-none-eabi/10.3.1/../../../../arm-none-eabi/lib/thumb/v7e-m+fp/hard/libc_nano.a
LOAD /Applications/STM32CubeIDE.app/Contents/Eclipse/plugins/com.st.stm32cube.ide.mcu.externaltools.gnu-tools-for-stm32.10.3-2021.10.macos64_1.0.0.202111181127/tools/bin/../lib/gcc/arm-none-eabi/10.3.1/../../../../arm-none-eabi/lib/thumb/v7e-m+fp/hard/libm.a
END GROUP
START GROUP
LOAD /Applications/STM32CubeIDE.app/Contents/Eclipse/plugins/com.st.stm32cube.ide.mcu.externaltools.gnu-tools-for-stm32.10.3-2021.10.macos64_1.0.0.202111181127/tools/bin/../lib/gcc/arm-none-eabi/10.3.1/thumb/v7e-m+fp/hard/libgcc.a
LOAD /Applications/STM32CubeIDE.app/Contents/Eclipse/plugins/com.st.stm32cube.ide.mcu.externaltools.gnu-tools-for-stm32.10.3-2021.10.macos64_1.0.0.202111181127/tools/bin/../lib/gcc/arm-none-eabi/10.3.1/../../../../arm-none-eabi/lib/thumb/v7e-m+fp/hard/libc_nano.a
END GROUP
START GROUP
LOAD /Applications/STM32CubeIDE.app/Contents/Eclipse/plugins/com.st.stm32cube.ide.mcu.externaltools.gnu-tools-for-stm32.10.3-2021.10.macos64_1.0.0.202111181127/tools/bin/../lib/gcc/arm-none-eabi/10.3.1/thumb/v7e-m+fp/hard/libgcc.a
LOAD /Applications/STM32CubeIDE.app/Contents/Eclipse/plugins/com.st.stm32cube.ide.mcu.externaltools.gnu-tools-for-stm32.10.3-2021.10.macos64_1.0.0.202111181127/tools/bin/../lib/gcc/arm-none-eabi/10.3.1/../../../../arm-none-eabi/lib/thumb/v7e-m+fp/hard/libc_nano.a
LOAD /Applications/STM32CubeIDE.app/Contents/Eclipse/plugins/com.st.stm32cube.ide.mcu.externaltools.gnu-tools-for-stm32.10.3-2021.10.macos64_1.0.0.202111181127/tools/bin/../lib/gcc/arm-none-eabi/10.3.1/../../../../arm-none-eabi/lib/thumb/v7e-m+fp/hard/libnosys.a
END GROUP
START GROUP
LOAD /Applications/STM32CubeIDE.app/Contents/Eclipse/plugins/com.st.stm32cube.ide.mcu.externaltools.gnu-tools-for-stm32.10.3-2021.10.macos64_1.0.0.202111181127/tools/bin/../lib/gcc/arm-none-eabi/10.3.1/thumb/v7e-m+fp/hard/libgcc.a
LOAD /Applications/STM32CubeIDE.app/Contents/Eclipse/plugins/com.st.stm32cube.ide.mcu.externaltools.gnu-tools-for-stm32.10.3-2021.10.macos64_1.0.0.202111181127/tools/bin/../lib/gcc/arm-none-eabi/10.3.1/../../../../arm-none-eabi/lib/thumb/v7e-m+fp/hard/libc_nano.a
LOAD /Applications/STM32CubeIDE.app/Contents/Eclipse/plugins/com.st.stm32cube.ide.mcu.externaltools.gnu-tools-for-stm32.10.3-2021.10.macos64_1.0.0.202111181127/tools/bin/../lib/gcc/arm-none-eabi/10.3.1/../../../../arm-none-eabi/lib/thumb/v7e-m+fp/hard/libnosys.a
END GROUP
LOAD /Applications/STM32CubeIDE.app/Contents/Eclipse/plugins/com.st.stm32cube.ide.mcu.externaltools.gnu-tools-for-stm32.10.3-2021.10.macos64_1.0.0.202111181127/tools/bin/../lib/gcc/arm-none-eabi/10.3.1/thumb/v7e-m+fp/hard/crtend.o
LOAD /Applications/STM32CubeIDE.app/Contents/Eclipse/plugins/com.st.stm32cube.ide.mcu.externaltools.gnu-tools-for-stm32.10.3-2021.10.macos64_1.0.0.202111181127/tools/bin/../lib/gcc/arm-none-eabi/10.3.1/thumb/v7e-m+fp/hard/crtn.o
                0x0000000020010000                _estack = (ORIGIN (RAM) + LENGTH (RAM))
                0x0000000000000200                _Min_Heap_Size = 0x200
                0x0000000000000400                _Min_Stack_Size = 0x400

.isr_vector     0x0000000008000000      0x18c
                0x0000000008000000                . = ALIGN (0x4)
 *(.isr_vector)
 .isr_vector    0x0000000008000000      0x18c ./startup/startup_stm32l431rctx.o
                0x0000000008000000                g_pfnVectors
                0x000000000800018c                . = ALIGN (0x4)

.text           0x0000000008000190     0xabf4
                0x0000000008000190                . = ALIGN (0x4)
 *(.text)
 .text          0x0000000008000190       0x40 /Applications/STM32CubeIDE.app/Contents/Eclipse/plugins/com.st.stm32cube.ide.mcu.externaltools.gnu-tools-for-stm32.10.3-2021.10.macos64_1.0.0.202111181127/tools/bin/../lib/gcc/arm-none-eabi/10.3.1/thumb/v7e-m+fp/hard/crtbegin.o
 .text          0x00000000080001d0       0xa0 /Applications/STM32CubeIDE.app/Contents/Eclipse/plugins/com.st.stm32cube.ide.mcu.externaltools.gnu-tools-for-stm32.10.3-2021.10.macos64_1.0.0.202111181127/tools/bin/../lib/gcc/arm-none-eabi/10.3.1/../../../../arm-none-eabi/lib/thumb/v7e-m+fp/hard/libc_nano.a(lib_a-memchr.o)
                0x00000000080001d0                memchr
 .text          0x0000000008000270      0x378 /Applications/STM32CubeIDE.app/Contents/Eclipse/plugins/com.st.stm32cube.ide.mcu.externaltools.gnu-tools-for-stm32.10.3-2021.10.macos64_1.0.0.202111181127/tools/bin/../lib/gcc/arm-none-eabi/10.3.1/thumb/v7e-m+fp/hard/libgcc.a(_arm_addsubdf3.o)
                0x0000000008000270                __aeabi_drsub
                0x0000000008000278                __subdf3
                0x0000000008000278                __aeabi_dsub
                0x000000000800027c                __aeabi_dadd
                0x000000000800027c                __adddf3
                0x00000000080004f4                __aeabi_ui2d
                0x00000000080004f4                __floatunsidf
                0x0000000008000514                __floatsidf
                0x0000000008000514                __aeabi_i2d
                0x0000000008000538                __extendsfdf2
                0x0000000008000538                __aeabi_f2d
                0x000000000800057c                __aeabi_ul2d
                0x000000000800057c                __floatundidf
                0x000000000800058c                __aeabi_l2d
                0x000000000800058c                __floatdidf
 .text          0x00000000080005e8      0x424 /Applications/STM32CubeIDE.app/Contents/Eclipse/plugins/com.st.stm32cube.ide.mcu.externaltools.gnu-tools-for-stm32.10.3-2021.10.macos64_1.0.0.202111181127/tools/bin/../lib/gcc/arm-none-eabi/10.3.1/thumb/v7e-m+fp/hard/libgcc.a(_arm_muldivdf3.o)
                0x00000000080005e8                __aeabi_dmul
                0x00000000080005e8                __muldf3
                0x000000000800083c                __aeabi_ddiv
                0x000000000800083c                __divdf3
 .text          0x0000000008000a0c       0xa0 /Applications/STM32CubeIDE.app/Contents/Eclipse/plugins/com.st.stm32cube.ide.mcu.externaltools.gnu-tools-for-stm32.10.3-2021.10.macos64_1.0.0.202111181127/tools/bin/../lib/gcc/arm-none-eabi/10.3.1/thumb/v7e-m+fp/hard/libgcc.a(_arm_truncdfsf2.o)
                0x0000000008000a0c                __aeabi_d2f
                0x0000000008000a0c                __truncdfsf2
 *(.text*)
 .text.animate_led_show_strip
                0x0000000008000aac       0x1a ./fw_common/lib/animate_led/animate_led.o
                0x0000000008000aac                animate_led_show_strip
 .text.animate_led_solid_custom_color
                0x0000000008000ac6       0x38 ./fw_common/lib/animate_led/animate_led.o
                0x0000000008000ac6                animate_led_solid_custom_color
 .text.animate_led_turn_all_pixels_off
                0x0000000008000afe       0x14 ./fw_common/lib/animate_led/animate_led.o
                0x0000000008000afe                animate_led_turn_all_pixels_off
 .text.animate_led_only_spell_word
                0x0000000008000b12       0xb8 ./fw_common/lib/animate_led/animate_led.o
                0x0000000008000b12                animate_led_only_spell_word
 *fill*         0x0000000008000bca        0x2 
 .text.animate_led_fade_in_fade_out
                0x0000000008000bcc      0x278 ./fw_common/lib/animate_led/animate_led.o
                0x0000000008000bcc                animate_led_fade_in_fade_out
 .text.animate_led_twinkle
                0x0000000008000e44       0xde ./fw_common/lib/animate_led/animate_led.o
                0x0000000008000e44                animate_led_twinkle
 *fill*         0x0000000008000f22        0x2 
 .text.animate_led_sparkle_only_random_color
                0x0000000008000f24      0x124 ./fw_common/lib/animate_led/animate_led.o
                0x0000000008000f24                animate_led_sparkle_only_random_color
 .text.animate_led_rainbow_cycle
                0x0000000008001048      0x11a ./fw_common/lib/animate_led/animate_led.o
                0x0000000008001048                animate_led_rainbow_cycle
 *fill*         0x0000000008001162        0x2 
 .text.animate_led_wheel
                0x0000000008001164       0xac ./fw_common/lib/animate_led/animate_led.o
                0x0000000008001164                animate_led_wheel
 .text.animate_led_theater_chase
                0x0000000008001210      0x138 ./fw_common/lib/animate_led/animate_led.o
                0x0000000008001210                animate_led_theater_chase
 .text.animate_led_theater_chase_rainbow
                0x0000000008001348      0x15c ./fw_common/lib/animate_led/animate_led.o
                0x0000000008001348                animate_led_theater_chase_rainbow
 .text.animate_led_set_pixel
                0x00000000080014a4       0xb2 ./fw_common/lib/animate_led/animate_led.o
                0x00000000080014a4                animate_led_set_pixel
 *fill*         0x0000000008001556        0x2 
 .text.animate_led_set_all_pixels
                0x0000000008001558       0xe0 ./fw_common/lib/animate_led/animate_led.o
                0x0000000008001558                animate_led_set_all_pixels
 .text.color_led_init
                0x0000000008001638       0xcc ./fw_common/lib/color_led/color_led.o
                0x0000000008001638                color_led_init
 .text.current_monitor_ratio
                0x0000000008001704       0x1c ./fw_common/lib/current_monitor/current_monitor.o
                0x0000000008001704                current_monitor_ratio
 .text.current_monitor_init
                0x0000000008001720       0x6c ./fw_common/lib/current_monitor/current_monitor.o
                0x0000000008001720                current_monitor_init
 .text.task_button_press_interrupt_occurred
                0x000000000800178c       0x18 ./fw_common/lib/task/task_button_press.o
                0x000000000800178c                task_button_press_interrupt_occurred
 .text.task_led_ctrl_button_to_isr
                0x00000000080017a4       0x50 ./fw_common/lib/task/task_button_press.o
                0x00000000080017a4                task_led_ctrl_button_to_isr
 .text.task_button_press_ctrl_set_interrupt_flag
                0x00000000080017f4       0x2c ./fw_common/lib/task/task_button_press.o
                0x00000000080017f4                task_button_press_ctrl_set_interrupt_flag
 .text.task_button_press_ctrl_interrupt_flag
                0x0000000008001820       0x34 ./fw_common/lib/task/task_button_press.o
                0x0000000008001820                task_button_press_ctrl_interrupt_flag
 .text.task_button_press_check_interrupts
                0x0000000008001854       0x94 ./fw_common/lib/task/task_button_press.o
                0x0000000008001854                task_button_press_check_interrupts
 .text.task_button_press_interrupt_flag_clear
                0x00000000080018e8       0x18 ./fw_common/lib/task/task_button_press.o
                0x00000000080018e8                task_button_press_interrupt_flag_clear
 .text.task_button_press
                0x0000000008001900      0x418 ./fw_common/lib/task/task_button_press.o
                0x0000000008001900                task_button_press
 .text.task_led_ctrl_adjust_parameters
                0x0000000008001d18       0x80 ./fw_common/lib/task/task_led_ctrl.o
 .text.task_led_ctrl
                0x0000000008001d98      0x164 ./fw_common/lib/task/task_led_ctrl.o
                0x0000000008001d98                task_led_ctrl
 .text.task_led_ctrl_delay
                0x0000000008001efc       0x2a ./fw_common/lib/task/task_led_ctrl.o
                0x0000000008001efc                task_led_ctrl_delay
 *fill*         0x0000000008001f26        0x2 
 .text.task_led_ctrl_pause
                0x0000000008001f28       0x3c ./fw_common/lib/task/task_led_ctrl.o
                0x0000000008001f28                task_led_ctrl_pause
 .text.task_led_ctrl_color_state
                0x0000000008001f64       0x18 ./fw_common/lib/task/task_led_ctrl.o
                0x0000000008001f64                task_led_ctrl_color_state
 .text.task_led_ctrl_color_state_demo
                0x0000000008001f7c       0x18 ./fw_common/lib/task/task_led_ctrl.o
                0x0000000008001f7c                task_led_ctrl_color_state_demo
 .text.task_led_ctrl_color_state_fixed
                0x0000000008001f94       0x24 ./fw_common/lib/task/task_led_ctrl.o
                0x0000000008001f94                task_led_ctrl_color_state_fixed
 .text.task_led_ctrl_color_adjust
                0x0000000008001fb8       0x3c ./fw_common/lib/task/task_led_ctrl.o
                0x0000000008001fb8                task_led_ctrl_color_adjust
 .text.task_led_ctrl_color_hex
                0x0000000008001ff4       0x24 ./fw_common/lib/task/task_led_ctrl.o
                0x0000000008001ff4                task_led_ctrl_color_hex
 .text.task_led_ctrl_color_red_hex
                0x0000000008002018       0x50 ./fw_common/lib/task/task_led_ctrl.o
                0x0000000008002018                task_led_ctrl_color_red_hex
 .text.task_led_ctrl_color_green_hex
                0x0000000008002068       0x50 ./fw_common/lib/task/task_led_ctrl.o
                0x0000000008002068                task_led_ctrl_color_green_hex
 .text.task_led_ctrl_color_blue_hex
                0x00000000080020b8       0x4c ./fw_common/lib/task/task_led_ctrl.o
                0x00000000080020b8                task_led_ctrl_color_blue_hex
 .text.task_led_ctrl_color_random
                0x0000000008002104       0x4c ./fw_common/lib/task/task_led_ctrl.o
                0x0000000008002104                task_led_ctrl_color_random
 .text.task_led_ctrl_speed
                0x0000000008002150       0x68 ./fw_common/lib/task/task_led_ctrl.o
                0x0000000008002150                task_led_ctrl_speed
 .text.task_led_ctrl_speed_adjust
                0x00000000080021b8       0x30 ./fw_common/lib/task/task_led_ctrl.o
                0x00000000080021b8                task_led_ctrl_speed_adjust
 .text.task_led_ctrl_speed_reset
                0x00000000080021e8       0x18 ./fw_common/lib/task/task_led_ctrl.o
                0x00000000080021e8                task_led_ctrl_speed_reset
 .text.task_led_ctrl_animate_iteration_reset
                0x0000000008002200       0x18 ./fw_common/lib/task/task_led_ctrl.o
                0x0000000008002200                task_led_ctrl_animate_iteration_reset
 .text.task_led_ctrl_animate_adjust_state
                0x0000000008002218       0x3c ./fw_common/lib/task/task_led_ctrl.o
                0x0000000008002218                task_led_ctrl_animate_adjust_state
 .text.task_led_ctrl_animate_state_demo
                0x0000000008002254       0x24 ./fw_common/lib/task/task_led_ctrl.o
                0x0000000008002254                task_led_ctrl_animate_state_demo
 .text.task_led_ctrl_animate_state_fixed
                0x0000000008002278       0x2c ./fw_common/lib/task/task_led_ctrl.o
                0x0000000008002278                task_led_ctrl_animate_state_fixed
 .text.task_led_ctrl_animate_state
                0x00000000080022a4       0x18 ./fw_common/lib/task/task_led_ctrl.o
                0x00000000080022a4                task_led_ctrl_animate_state
 .text.reset_ws2812b
                0x00000000080022bc       0x54 ./fw_common/lib/ws2812b_driver/ws2812b.o
                0x00000000080022bc                reset_ws2812b
 .text.ws2812_convert_strip_num_to_strip_bit
                0x0000000008002310       0x1c ./fw_common/lib/ws2812b_driver/ws2812b.o
 .text.ws2812_convert_strip_bit_to_strip_num
                0x000000000800232c       0x1c ./fw_common/lib/ws2812b_driver/ws2812b.o
 .text.ws2812_get_strip_size
                0x0000000008002348       0x44 ./fw_common/lib/ws2812b_driver/ws2812b.o
                0x0000000008002348                ws2812_get_strip_size
 .text.ws2812_get_num_active_animation_leds
                0x000000000800238c       0x40 ./fw_common/lib/ws2812b_driver/ws2812b.o
                0x000000000800238c                ws2812_get_num_active_animation_leds
 .text.ws2812_led_get_max_strip_size
                0x00000000080023cc       0x44 ./fw_common/lib/ws2812b_driver/ws2812b.o
                0x00000000080023cc                ws2812_led_get_max_strip_size
 .text.ws2812_pixel_is_in_strip_range
                0x0000000008002410       0x32 ./fw_common/lib/ws2812b_driver/ws2812b.o
                0x0000000008002410                ws2812_pixel_is_in_strip_range
 *fill*         0x0000000008002442        0x2 
 .text.ws2812b_set_led
                0x0000000008002444       0xd8 ./fw_common/lib/ws2812b_driver/ws2812b.o
                0x0000000008002444                ws2812b_set_led
 .text.ws2812b_fill_pwm_buffer
                0x000000000800251c      0x164 ./fw_common/lib/ws2812b_driver/ws2812b.o
                0x000000000800251c                ws2812b_fill_pwm_buffer
 .text.ws2812b_init
                0x0000000008002680       0xb8 ./fw_common/lib/ws2812b_driver/ws2812b.o
                0x0000000008002680                ws2812b_init
 .text.ws2812b_show
                0x0000000008002738       0x42 ./fw_common/lib/ws2812b_driver/ws2812b.o
                0x0000000008002738                ws2812b_show
 *fill*         0x000000000800277a        0x2 
 .text.__NVIC_SetPriority
                0x000000000800277c       0x54 ./sdk/FreeRTOS/Source/CMSIS_RTOS_V2/cmsis_os2.o
 .text.SysTick_Handler
                0x00000000080027d0       0x20 ./sdk/FreeRTOS/Source/CMSIS_RTOS_V2/cmsis_os2.o
                0x00000000080027d0                SysTick_Handler
 .text.SVC_Setup
                0x00000000080027f0       0x12 ./sdk/FreeRTOS/Source/CMSIS_RTOS_V2/cmsis_os2.o
 *fill*         0x0000000008002802        0x2 
 .text.osKernelInitialize
                0x0000000008002804       0x48 ./sdk/FreeRTOS/Source/CMSIS_RTOS_V2/cmsis_os2.o
                0x0000000008002804                osKernelInitialize
 .text.osKernelStart
                0x000000000800284c       0x4c ./sdk/FreeRTOS/Source/CMSIS_RTOS_V2/cmsis_os2.o
                0x000000000800284c                osKernelStart
 .text.osThreadNew
                0x0000000008002898      0x124 ./sdk/FreeRTOS/Source/CMSIS_RTOS_V2/cmsis_os2.o
                0x0000000008002898                osThreadNew
 .text.osDelay  0x00000000080029bc       0x36 ./sdk/FreeRTOS/Source/CMSIS_RTOS_V2/cmsis_os2.o
                0x00000000080029bc                osDelay
 *fill*         0x00000000080029f2        0x2 
 .text.vApplicationGetIdleTaskMemory
                0x00000000080029f4       0x34 ./sdk/FreeRTOS/Source/CMSIS_RTOS_V2/cmsis_os2.o
                0x00000000080029f4                vApplicationGetIdleTaskMemory
 .text.vApplicationGetTimerTaskMemory
                0x0000000008002a28       0x34 ./sdk/FreeRTOS/Source/CMSIS_RTOS_V2/cmsis_os2.o
                0x0000000008002a28                vApplicationGetTimerTaskMemory
 .text.vListInitialise
                0x0000000008002a5c       0x40 ./sdk/FreeRTOS/Source/list.o
                0x0000000008002a5c                vListInitialise
 .text.vListInitialiseItem
                0x0000000008002a9c       0x1a ./sdk/FreeRTOS/Source/list.o
                0x0000000008002a9c                vListInitialiseItem
 .text.vListInsertEnd
                0x0000000008002ab6       0x48 ./sdk/FreeRTOS/Source/list.o
                0x0000000008002ab6                vListInsertEnd
 .text.vListInsert
                0x0000000008002afe       0x72 ./sdk/FreeRTOS/Source/list.o
                0x0000000008002afe                vListInsert
 .text.uxListRemove
                0x0000000008002b70       0x54 ./sdk/FreeRTOS/Source/list.o
                0x0000000008002b70                uxListRemove
 .text.xQueueGenericReset
                0x0000000008002bc4       0xd0 ./sdk/FreeRTOS/Source/queue.o
                0x0000000008002bc4                xQueueGenericReset
 .text.xQueueGenericCreateStatic
                0x0000000008002c94       0xf0 ./sdk/FreeRTOS/Source/queue.o
                0x0000000008002c94                xQueueGenericCreateStatic
 .text.prvInitialiseNewQueue
                0x0000000008002d84       0x46 ./sdk/FreeRTOS/Source/queue.o
 *fill*         0x0000000008002dca        0x2 
 .text.xQueueGenericSend
                0x0000000008002dcc      0x1fc ./sdk/FreeRTOS/Source/queue.o
                0x0000000008002dcc                xQueueGenericSend
 .text.xQueueGenericSendFromISR
                0x0000000008002fc8      0x136 ./sdk/FreeRTOS/Source/queue.o
                0x0000000008002fc8                xQueueGenericSendFromISR
 *fill*         0x00000000080030fe        0x2 
 .text.xQueueReceive
                0x0000000008003100      0x1c0 ./sdk/FreeRTOS/Source/queue.o
                0x0000000008003100                xQueueReceive
 .text.prvCopyDataToQueue
                0x00000000080032c0       0xd4 ./sdk/FreeRTOS/Source/queue.o
 .text.prvCopyDataFromQueue
                0x0000000008003394       0x4c ./sdk/FreeRTOS/Source/queue.o
 .text.prvUnlockQueue
                0x00000000080033e0       0xa4 ./sdk/FreeRTOS/Source/queue.o
 .text.prvIsQueueEmpty
                0x0000000008003484       0x2c ./sdk/FreeRTOS/Source/queue.o
 .text.prvIsQueueFull
                0x00000000080034b0       0x30 ./sdk/FreeRTOS/Source/queue.o
 .text.vQueueAddToRegistry
                0x00000000080034e0       0x54 ./sdk/FreeRTOS/Source/queue.o
                0x00000000080034e0                vQueueAddToRegistry
 .text.vQueueWaitForMessageRestricted
                0x0000000008003534       0x68 ./sdk/FreeRTOS/Source/queue.o
                0x0000000008003534                vQueueWaitForMessageRestricted
 .text.xTaskCreateStatic
                0x000000000800359c       0xba ./sdk/FreeRTOS/Source/tasks.o
                0x000000000800359c                xTaskCreateStatic
 .text.xTaskCreate
                0x0000000008003656       0x8a ./sdk/FreeRTOS/Source/tasks.o
                0x0000000008003656                xTaskCreate
 .text.prvInitialiseNewTask
                0x00000000080036e0      0x11e ./sdk/FreeRTOS/Source/tasks.o
 *fill*         0x00000000080037fe        0x2 
 .text.prvAddNewTaskToReadyList
                0x0000000008003800       0xe0 ./sdk/FreeRTOS/Source/tasks.o
 .text.vTaskDelay
                0x00000000080038e0       0x68 ./sdk/FreeRTOS/Source/tasks.o
                0x00000000080038e0                vTaskDelay
 .text.vTaskStartScheduler
                0x0000000008003948       0xcc ./sdk/FreeRTOS/Source/tasks.o
                0x0000000008003948                vTaskStartScheduler
 .text.vTaskSuspendAll
                0x0000000008003a14       0x1c ./sdk/FreeRTOS/Source/tasks.o
                0x0000000008003a14                vTaskSuspendAll
 .text.xTaskResumeAll
                0x0000000008003a30      0x13c ./sdk/FreeRTOS/Source/tasks.o
                0x0000000008003a30                xTaskResumeAll
 .text.xTaskGetTickCount
                0x0000000008003b6c       0x20 ./sdk/FreeRTOS/Source/tasks.o
                0x0000000008003b6c                xTaskGetTickCount
 .text.xTaskGetTickCountFromISR
                0x0000000008003b8c       0x24 ./sdk/FreeRTOS/Source/tasks.o
                0x0000000008003b8c                xTaskGetTickCountFromISR
 .text.xTaskIncrementTick
                0x0000000008003bb0      0x174 ./sdk/FreeRTOS/Source/tasks.o
                0x0000000008003bb0                xTaskIncrementTick
 .text.vTaskSwitchContext
                0x0000000008003d24       0xbc ./sdk/FreeRTOS/Source/tasks.o
                0x0000000008003d24                vTaskSwitchContext
 .text.vTaskPlaceOnEventList
                0x0000000008003de0       0x48 ./sdk/FreeRTOS/Source/tasks.o
                0x0000000008003de0                vTaskPlaceOnEventList
 .text.vTaskPlaceOnEventListRestricted
                0x0000000008003e28       0x58 ./sdk/FreeRTOS/Source/tasks.o
                0x0000000008003e28                vTaskPlaceOnEventListRestricted
 .text.xTaskRemoveFromEventList
                0x0000000008003e80       0xc8 ./sdk/FreeRTOS/Source/tasks.o
                0x0000000008003e80                xTaskRemoveFromEventList
 .text.vTaskInternalSetTimeOutState
                0x0000000008003f48       0x2c ./sdk/FreeRTOS/Source/tasks.o
                0x0000000008003f48                vTaskInternalSetTimeOutState
 .text.xTaskCheckForTimeOut
                0x0000000008003f74       0xc4 ./sdk/FreeRTOS/Source/tasks.o
                0x0000000008003f74                xTaskCheckForTimeOut
 .text.vTaskMissedYield
                0x0000000008004038       0x18 ./sdk/FreeRTOS/Source/tasks.o
                0x0000000008004038                vTaskMissedYield
 .text.prvIdleTask
                0x0000000008004050       0x30 ./sdk/FreeRTOS/Source/tasks.o
 .text.prvInitialiseTaskLists
                0x0000000008004080       0x80 ./sdk/FreeRTOS/Source/tasks.o
 .text.prvCheckTasksWaitingTermination
                0x0000000008004100       0x5c ./sdk/FreeRTOS/Source/tasks.o
 .text.prvDeleteTCB
                0x000000000800415c       0x5e ./sdk/FreeRTOS/Source/tasks.o
 *fill*         0x00000000080041ba        0x2 
 .text.prvResetNextTaskUnblockTime
                0x00000000080041bc       0x40 ./sdk/FreeRTOS/Source/tasks.o
 .text.xTaskGetSchedulerState
                0x00000000080041fc       0x3c ./sdk/FreeRTOS/Source/tasks.o
                0x00000000080041fc                xTaskGetSchedulerState
 .text.xTaskPriorityDisinherit
                0x0000000008004238       0xdc ./sdk/FreeRTOS/Source/tasks.o
                0x0000000008004238                xTaskPriorityDisinherit
 .text.xTaskNotifyWait
                0x0000000008004314       0xb4 ./sdk/FreeRTOS/Source/tasks.o
                0x0000000008004314                xTaskNotifyWait
 .text.xTaskGenericNotifyFromISR
                0x00000000080043c8      0x1b8 ./sdk/FreeRTOS/Source/tasks.o
                0x00000000080043c8                xTaskGenericNotifyFromISR
 .text.prvAddCurrentTaskToDelayedList
                0x0000000008004580       0xa8 ./sdk/FreeRTOS/Source/tasks.o
 .text.xTimerCreateTimerTask
                0x0000000008004628       0x90 ./sdk/FreeRTOS/Source/timers.o
                0x0000000008004628                xTimerCreateTimerTask
 .text.xTimerGenericCommand
                0x00000000080046b8       0x9c ./sdk/FreeRTOS/Source/timers.o
                0x00000000080046b8                xTimerGenericCommand
 .text.prvProcessExpiredTimer
                0x0000000008004754       0x98 ./sdk/FreeRTOS/Source/timers.o
 .text.prvTimerTask
                0x00000000080047ec       0x24 ./sdk/FreeRTOS/Source/timers.o
 .text.prvProcessTimerOrBlockTask
                0x0000000008004810       0x9c ./sdk/FreeRTOS/Source/timers.o
 .text.prvGetNextExpireTime
                0x00000000080048ac       0x48 ./sdk/FreeRTOS/Source/timers.o
 .text.prvSampleTimeNow
                0x00000000080048f4       0x40 ./sdk/FreeRTOS/Source/timers.o
 .text.prvInsertTimerInActiveList
                0x0000000008004934       0x84 ./sdk/FreeRTOS/Source/timers.o
 .text.prvProcessReceivedCommands
                0x00000000080049b8      0x1c4 ./sdk/FreeRTOS/Source/timers.o
 .text.prvSwitchTimerLists
                0x0000000008004b7c       0xc8 ./sdk/FreeRTOS/Source/timers.o
 .text.prvCheckForValidListAndQueue
                0x0000000008004c44       0x80 ./sdk/FreeRTOS/Source/timers.o
 .text.pxPortInitialiseStack
                0x0000000008004cc4       0x68 ./sdk/FreeRTOS/Source/portable/GCC/ARM_CM4F/port.o
                0x0000000008004cc4                pxPortInitialiseStack
 .text.prvTaskExitError
                0x0000000008004d2c       0x58 ./sdk/FreeRTOS/Source/portable/GCC/ARM_CM4F/port.o
 *fill*         0x0000000008004d84        0xc 
 .text.SVC_Handler
                0x0000000008004d90       0x28 ./sdk/FreeRTOS/Source/portable/GCC/ARM_CM4F/port.o
                0x0000000008004d90                SVC_Handler
 .text.prvPortStartFirstTask
                0x0000000008004db8       0x28 ./sdk/FreeRTOS/Source/portable/GCC/ARM_CM4F/port.o
 .text.xPortStartScheduler
                0x0000000008004de0      0x144 ./sdk/FreeRTOS/Source/portable/GCC/ARM_CM4F/port.o
                0x0000000008004de0                xPortStartScheduler
 .text.vPortEnterCritical
                0x0000000008004f24       0x60 ./sdk/FreeRTOS/Source/portable/GCC/ARM_CM4F/port.o
                0x0000000008004f24                vPortEnterCritical
 .text.vPortExitCritical
                0x0000000008004f84       0x54 ./sdk/FreeRTOS/Source/portable/GCC/ARM_CM4F/port.o
                0x0000000008004f84                vPortExitCritical
 *fill*         0x0000000008004fd8        0x8 
 .text.PendSV_Handler
                0x0000000008004fe0       0x68 ./sdk/FreeRTOS/Source/portable/GCC/ARM_CM4F/port.o
                0x0000000008004fe0                PendSV_Handler
 .text.xPortSysTickHandler
                0x0000000008005048       0x44 ./sdk/FreeRTOS/Source/portable/GCC/ARM_CM4F/port.o
                0x0000000008005048                xPortSysTickHandler
 .text.vPortSetupTimerInterrupt
                0x000000000800508c       0x48 ./sdk/FreeRTOS/Source/portable/GCC/ARM_CM4F/port.o
                0x000000000800508c                vPortSetupTimerInterrupt
 .text.vPortEnableVFP
                0x00000000080050d4       0x14 ./sdk/FreeRTOS/Source/portable/GCC/ARM_CM4F/port.o
 .text.vPortValidateInterruptPriority
                0x00000000080050e8       0x80 ./sdk/FreeRTOS/Source/portable/GCC/ARM_CM4F/port.o
                0x00000000080050e8                vPortValidateInterruptPriority
 .text.pvPortMalloc
                0x0000000008005168      0x198 ./sdk/FreeRTOS/Source/portable/MemMang/heap_4.o
                0x0000000008005168                pvPortMalloc
 .text.vPortFree
                0x0000000008005300       0xc4 ./sdk/FreeRTOS/Source/portable/MemMang/heap_4.o
                0x0000000008005300                vPortFree
 .text.prvHeapInit
                0x00000000080053c4       0xc4 ./sdk/FreeRTOS/Source/portable/MemMang/heap_4.o
 .text.prvInsertBlockIntoFreeList
                0x0000000008005488       0xb4 ./sdk/FreeRTOS/Source/portable/MemMang/heap_4.o
 .text.HAL_Init
                0x000000000800553c       0x30 ./sdk/STM32L4xx_HAL_Driver/Src/stm32l4xx_hal.o
                0x000000000800553c                HAL_Init
 .text.HAL_InitTick
                0x000000000800556c       0x78 ./sdk/STM32L4xx_HAL_Driver/Src/stm32l4xx_hal.o
                0x000000000800556c                HAL_InitTick
 .text.HAL_GetTick
                0x00000000080055e4       0x18 ./sdk/STM32L4xx_HAL_Driver/Src/stm32l4xx_hal.o
                0x00000000080055e4                HAL_GetTick
 .text.__NVIC_SetPriorityGrouping
                0x00000000080055fc       0x48 ./sdk/STM32L4xx_HAL_Driver/Src/stm32l4xx_hal_cortex.o
 .text.__NVIC_GetPriorityGrouping
                0x0000000008005644       0x1c ./sdk/STM32L4xx_HAL_Driver/Src/stm32l4xx_hal_cortex.o
 .text.__NVIC_EnableIRQ
                0x0000000008005660       0x3c ./sdk/STM32L4xx_HAL_Driver/Src/stm32l4xx_hal_cortex.o
 .text.__NVIC_DisableIRQ
                0x000000000800569c       0x48 ./sdk/STM32L4xx_HAL_Driver/Src/stm32l4xx_hal_cortex.o
 .text.__NVIC_SetPriority
                0x00000000080056e4       0x54 ./sdk/STM32L4xx_HAL_Driver/Src/stm32l4xx_hal_cortex.o
 .text.NVIC_EncodePriority
                0x0000000008005738       0x66 ./sdk/STM32L4xx_HAL_Driver/Src/stm32l4xx_hal_cortex.o
 *fill*         0x000000000800579e        0x2 
 .text.SysTick_Config
                0x00000000080057a0       0x44 ./sdk/STM32L4xx_HAL_Driver/Src/stm32l4xx_hal_cortex.o
 .text.HAL_NVIC_SetPriorityGrouping
                0x00000000080057e4       0x16 ./sdk/STM32L4xx_HAL_Driver/Src/stm32l4xx_hal_cortex.o
                0x00000000080057e4                HAL_NVIC_SetPriorityGrouping
 .text.HAL_NVIC_SetPriority
                0x00000000080057fa       0x38 ./sdk/STM32L4xx_HAL_Driver/Src/stm32l4xx_hal_cortex.o
                0x00000000080057fa                HAL_NVIC_SetPriority
 .text.HAL_NVIC_EnableIRQ
                0x0000000008005832       0x1c ./sdk/STM32L4xx_HAL_Driver/Src/stm32l4xx_hal_cortex.o
                0x0000000008005832                HAL_NVIC_EnableIRQ
 .text.HAL_NVIC_DisableIRQ
                0x000000000800584e       0x1c ./sdk/STM32L4xx_HAL_Driver/Src/stm32l4xx_hal_cortex.o
                0x000000000800584e                HAL_NVIC_DisableIRQ
 .text.HAL_SYSTICK_Config
                0x000000000800586a       0x18 ./sdk/STM32L4xx_HAL_Driver/Src/stm32l4xx_hal_cortex.o
                0x000000000800586a                HAL_SYSTICK_Config
 *fill*         0x0000000008005882        0x2 
 .text.HAL_DMA_Init
                0x0000000008005884      0x170 ./sdk/STM32L4xx_HAL_Driver/Src/stm32l4xx_hal_dma.o
                0x0000000008005884                HAL_DMA_Init
 .text.HAL_DMA_Start_IT
                0x00000000080059f4       0xc0 ./sdk/STM32L4xx_HAL_Driver/Src/stm32l4xx_hal_dma.o
                0x00000000080059f4                HAL_DMA_Start_IT
 .text.HAL_DMA_Abort_IT
                0x0000000008005ab4       0x82 ./sdk/STM32L4xx_HAL_Driver/Src/stm32l4xx_hal_dma.o
                0x0000000008005ab4                HAL_DMA_Abort_IT
 .text.HAL_DMA_IRQHandler
                0x0000000008005b36      0x15e ./sdk/STM32L4xx_HAL_Driver/Src/stm32l4xx_hal_dma.o
                0x0000000008005b36                HAL_DMA_IRQHandler
 .text.DMA_SetConfig
                0x0000000008005c94       0x60 ./sdk/STM32L4xx_HAL_Driver/Src/stm32l4xx_hal_dma.o
 .text.HAL_GPIO_Init
                0x0000000008005cf4      0x2f4 ./sdk/STM32L4xx_HAL_Driver/Src/stm32l4xx_hal_gpio.o
                0x0000000008005cf4                HAL_GPIO_Init
 .text.HAL_GPIO_WritePin
                0x0000000008005fe8       0x30 ./sdk/STM32L4xx_HAL_Driver/Src/stm32l4xx_hal_gpio.o
                0x0000000008005fe8                HAL_GPIO_WritePin
 .text.HAL_GPIO_EXTI_IRQHandler
                0x0000000008006018       0x30 ./sdk/STM32L4xx_HAL_Driver/Src/stm32l4xx_hal_gpio.o
                0x0000000008006018                HAL_GPIO_EXTI_IRQHandler
 .text.HAL_GPIO_EXTI_Callback
                0x0000000008006048       0x16 ./sdk/STM32L4xx_HAL_Driver/Src/stm32l4xx_hal_gpio.o
                0x0000000008006048                HAL_GPIO_EXTI_Callback
 *fill*         0x000000000800605e        0x2 
 .text.HAL_PWR_EnableBkUpAccess
                0x0000000008006060       0x20 ./sdk/STM32L4xx_HAL_Driver/Src/stm32l4xx_hal_pwr.o
                0x0000000008006060                HAL_PWR_EnableBkUpAccess
 .text.HAL_PWR_ConfigPVD
                0x0000000008006080       0xc0 ./sdk/STM32L4xx_HAL_Driver/Src/stm32l4xx_hal_pwr.o
                0x0000000008006080                HAL_PWR_ConfigPVD
 .text.HAL_PWR_EnablePVD
                0x0000000008006140       0x20 ./sdk/STM32L4xx_HAL_Driver/Src/stm32l4xx_hal_pwr.o
                0x0000000008006140                HAL_PWR_EnablePVD
 .text.HAL_PWREx_GetVoltageRange
                0x0000000008006160       0x1c ./sdk/STM32L4xx_HAL_Driver/Src/stm32l4xx_hal_pwr_ex.o
                0x0000000008006160                HAL_PWREx_GetVoltageRange
 .text.HAL_PWREx_ControlVoltageScaling
                0x000000000800617c       0xac ./sdk/STM32L4xx_HAL_Driver/Src/stm32l4xx_hal_pwr_ex.o
                0x000000000800617c                HAL_PWREx_ControlVoltageScaling
 .text.HAL_RCC_OscConfig
                0x0000000008006228      0x828 ./sdk/STM32L4xx_HAL_Driver/Src/stm32l4xx_hal_rcc.o
                0x0000000008006228                HAL_RCC_OscConfig
 .text.HAL_RCC_ClockConfig
                0x0000000008006a50      0x200 ./sdk/STM32L4xx_HAL_Driver/Src/stm32l4xx_hal_rcc.o
                0x0000000008006a50                HAL_RCC_ClockConfig
 .text.HAL_RCC_GetSysClockFreq
                0x0000000008006c50      0x118 ./sdk/STM32L4xx_HAL_Driver/Src/stm32l4xx_hal_rcc.o
                0x0000000008006c50                HAL_RCC_GetSysClockFreq
 .text.RCC_SetFlashLatencyFromMSIRange
                0x0000000008006d68       0xc0 ./sdk/STM32L4xx_HAL_Driver/Src/stm32l4xx_hal_rcc.o
 .text.HAL_RCCEx_PeriphCLKConfig
                0x0000000008006e28      0x430 ./sdk/STM32L4xx_HAL_Driver/Src/stm32l4xx_hal_rcc_ex.o
                0x0000000008006e28                HAL_RCCEx_PeriphCLKConfig
 .text.RCCEx_PLLSAI1_Config
                0x0000000008007258      0x1e4 ./sdk/STM32L4xx_HAL_Driver/Src/stm32l4xx_hal_rcc_ex.o
 .text.HAL_RTC_Init
                0x000000000800743c       0xf6 ./sdk/STM32L4xx_HAL_Driver/Src/stm32l4xx_hal_rtc.o
                0x000000000800743c                HAL_RTC_Init
 .text.HAL_RTC_WaitForSynchro
                0x0000000008007532       0x4c ./sdk/STM32L4xx_HAL_Driver/Src/stm32l4xx_hal_rtc.o
                0x0000000008007532                HAL_RTC_WaitForSynchro
 .text.RTC_EnterInitMode
                0x000000000800757e       0x66 ./sdk/STM32L4xx_HAL_Driver/Src/stm32l4xx_hal_rtc.o
                0x000000000800757e                RTC_EnterInitMode
 .text.RTC_ExitInitMode
                0x00000000080075e4       0x7c ./sdk/STM32L4xx_HAL_Driver/Src/stm32l4xx_hal_rtc.o
                0x00000000080075e4                RTC_ExitInitMode
 .text.HAL_TIM_Base_Init
                0x0000000008007660       0xae ./sdk/STM32L4xx_HAL_Driver/Src/stm32l4xx_hal_tim.o
                0x0000000008007660                HAL_TIM_Base_Init
 .text.HAL_TIM_PWM_Init
                0x000000000800770e       0xae ./sdk/STM32L4xx_HAL_Driver/Src/stm32l4xx_hal_tim.o
                0x000000000800770e                HAL_TIM_PWM_Init
 .text.HAL_TIM_PWM_Start_DMA
                0x00000000080077bc      0x3f0 ./sdk/STM32L4xx_HAL_Driver/Src/stm32l4xx_hal_tim.o
                0x00000000080077bc                HAL_TIM_PWM_Start_DMA
 .text.HAL_TIM_PWM_Stop_DMA
                0x0000000008007bac      0x1d0 ./sdk/STM32L4xx_HAL_Driver/Src/stm32l4xx_hal_tim.o
                0x0000000008007bac                HAL_TIM_PWM_Stop_DMA
 .text.HAL_TIM_PWM_ConfigChannel
                0x0000000008007d7c      0x228 ./sdk/STM32L4xx_HAL_Driver/Src/stm32l4xx_hal_tim.o
                0x0000000008007d7c                HAL_TIM_PWM_ConfigChannel
 .text.HAL_TIM_ConfigClockSource
                0x0000000008007fa4      0x192 ./sdk/STM32L4xx_HAL_Driver/Src/stm32l4xx_hal_tim.o
                0x0000000008007fa4                HAL_TIM_ConfigClockSource
 .text.HAL_TIM_PWM_PulseFinishedHalfCpltCallback
                0x0000000008008136       0x14 ./sdk/STM32L4xx_HAL_Driver/Src/stm32l4xx_hal_tim.o
                0x0000000008008136                HAL_TIM_PWM_PulseFinishedHalfCpltCallback
 .text.HAL_TIM_ErrorCallback
                0x000000000800814a       0x14 ./sdk/STM32L4xx_HAL_Driver/Src/stm32l4xx_hal_tim.o
                0x000000000800814a                HAL_TIM_ErrorCallback
 .text.TIM_DMAError
                0x000000000800815e       0x92 ./sdk/STM32L4xx_HAL_Driver/Src/stm32l4xx_hal_tim.o
                0x000000000800815e                TIM_DMAError
 .text.TIM_DMADelayPulseCplt
                0x00000000080081f0       0xa8 ./sdk/STM32L4xx_HAL_Driver/Src/stm32l4xx_hal_tim.o
 .text.TIM_DMADelayPulseHalfCplt
                0x0000000008008298       0x68 ./sdk/STM32L4xx_HAL_Driver/Src/stm32l4xx_hal_tim.o
                0x0000000008008298                TIM_DMADelayPulseHalfCplt
 .text.TIM_Base_SetConfig
                0x0000000008008300       0xc8 ./sdk/STM32L4xx_HAL_Driver/Src/stm32l4xx_hal_tim.o
                0x0000000008008300                TIM_Base_SetConfig
 .text.TIM_OC1_SetConfig
                0x00000000080083c8       0xf8 ./sdk/STM32L4xx_HAL_Driver/Src/stm32l4xx_hal_tim.o
 .text.TIM_OC2_SetConfig
                0x00000000080084c0       0xf4 ./sdk/STM32L4xx_HAL_Driver/Src/stm32l4xx_hal_tim.o
                0x00000000080084c0                TIM_OC2_SetConfig
 .text.TIM_OC3_SetConfig
                0x00000000080085b4       0xf0 ./sdk/STM32L4xx_HAL_Driver/Src/stm32l4xx_hal_tim.o
 .text.TIM_OC4_SetConfig
                0x00000000080086a4       0xbc ./sdk/STM32L4xx_HAL_Driver/Src/stm32l4xx_hal_tim.o
 .text.TIM_OC5_SetConfig
                0x0000000008008760       0xb0 ./sdk/STM32L4xx_HAL_Driver/Src/stm32l4xx_hal_tim.o
 .text.TIM_OC6_SetConfig
                0x0000000008008810       0xb4 ./sdk/STM32L4xx_HAL_Driver/Src/stm32l4xx_hal_tim.o
 .text.TIM_TI1_ConfigInputStage
                0x00000000080088c4       0x5e ./sdk/STM32L4xx_HAL_Driver/Src/stm32l4xx_hal_tim.o
 .text.TIM_TI2_ConfigInputStage
                0x0000000008008922       0x60 ./sdk/STM32L4xx_HAL_Driver/Src/stm32l4xx_hal_tim.o
 .text.TIM_ITRx_SetConfig
                0x0000000008008982       0x36 ./sdk/STM32L4xx_HAL_Driver/Src/stm32l4xx_hal_tim.o
 .text.TIM_ETR_SetConfig
                0x00000000080089b8       0x40 ./sdk/STM32L4xx_HAL_Driver/Src/stm32l4xx_hal_tim.o
                0x00000000080089b8                TIM_ETR_SetConfig
 .text.TIM_CCxChannelCmd
                0x00000000080089f8       0x4a ./sdk/STM32L4xx_HAL_Driver/Src/stm32l4xx_hal_tim.o
                0x00000000080089f8                TIM_CCxChannelCmd
 *fill*         0x0000000008008a42        0x2 
 .text.HAL_TIMEx_MasterConfigSynchronization
                0x0000000008008a44       0xcc ./sdk/STM32L4xx_HAL_Driver/Src/stm32l4xx_hal_tim_ex.o
                0x0000000008008a44                HAL_TIMEx_MasterConfigSynchronization
 .text.HAL_TIMEx_ConfigBreakDeadTime
                0x0000000008008b10       0xf0 ./sdk/STM32L4xx_HAL_Driver/Src/stm32l4xx_hal_tim_ex.o
                0x0000000008008b10                HAL_TIMEx_ConfigBreakDeadTime
 .text.board_init_common_rtc_init
                0x0000000008008c00       0x50 ./src/bsp/board_init_common.o
 .text.SystemClock_Config
                0x0000000008008c50       0xd4 ./src/bsp/board_init_common.o
 .text.board_init_common_timer_init
                0x0000000008008d24      0x358 ./src/bsp/board_init_common.o
 .text.board_init_common_nvic_setup_interrupts
                0x000000000800907c       0xb4 ./src/bsp/board_init_common.o
 .text.board_init_common_board_init
                0x0000000008009130      0x150 ./src/bsp/board_init_common.o
                0x0000000008009130                board_init_common_board_init
 .text.board_init_common_button_pressed
                0x0000000008009280       0x24 ./src/bsp/board_init_common.o
                0x0000000008009280                board_init_common_button_pressed
 .text.board_init_common_stop_timer
                0x00000000080092a4       0x30 ./src/bsp/board_init_common.o
                0x00000000080092a4                board_init_common_stop_timer
 .text.Error_Handler
                0x00000000080092d4        0xa ./src/bsp/board_init_common.o
                0x00000000080092d4                Error_Handler
 *fill*         0x00000000080092de        0x2 
 .text.board_init_specific
                0x00000000080092e0       0x90 ./src/bsp/board_specific/board_init_spud_glo_v3/board_init_spud_glo_v3.o
                0x00000000080092e0                board_init_specific
 .text.main     0x0000000008009370       0x16 ./src/main.o
                0x0000000008009370                main
 .text.random_num
                0x0000000008009386       0x2e ./src/numbers.o
                0x0000000008009386                random_num
 .text.task_create
                0x00000000080093b4       0x44 ./src/task_create.o
                0x00000000080093b4                task_create
 .text.HAL_MspInit
                0x00000000080093f8       0x64 ./src/stm32_bloat/stm32l4xx_hal_msp.o
                0x00000000080093f8                HAL_MspInit
 .text.HAL_RTC_MspInit
                0x000000000800945c       0x38 ./src/stm32_bloat/stm32l4xx_hal_msp.o
                0x000000000800945c                HAL_RTC_MspInit
 .text.HAL_TIM_Base_MspInit
                0x0000000008009494      0x1f0 ./src/stm32_bloat/stm32l4xx_hal_msp.o
                0x0000000008009494                HAL_TIM_Base_MspInit
 .text.HAL_TIM_PWM_MspInit
                0x0000000008009684       0xc0 ./src/stm32_bloat/stm32l4xx_hal_msp.o
                0x0000000008009684                HAL_TIM_PWM_MspInit
 .text.NMI_Handler
                0x0000000008009744        0x6 ./src/stm32_bloat/stm32l4xx_it.o
                0x0000000008009744                NMI_Handler
 .text.HardFault_Handler
                0x000000000800974a        0x6 ./src/stm32_bloat/stm32l4xx_it.o
                0x000000000800974a                HardFault_Handler
 .text.MemManage_Handler
                0x0000000008009750        0x6 ./src/stm32_bloat/stm32l4xx_it.o
                0x0000000008009750                MemManage_Handler
 .text.BusFault_Handler
                0x0000000008009756        0x6 ./src/stm32_bloat/stm32l4xx_it.o
                0x0000000008009756                BusFault_Handler
 .text.UsageFault_Handler
                0x000000000800975c        0x6 ./src/stm32_bloat/stm32l4xx_it.o
                0x000000000800975c                UsageFault_Handler
 .text.DebugMon_Handler
                0x0000000008009762        0xe ./src/stm32_bloat/stm32l4xx_it.o
                0x0000000008009762                DebugMon_Handler
 .text.EXTI0_IRQHandler
                0x0000000008009770       0x60 ./src/stm32_bloat/stm32l4xx_it.o
                0x0000000008009770                EXTI0_IRQHandler
 .text.EXTI2_IRQHandler
                0x00000000080097d0       0x60 ./src/stm32_bloat/stm32l4xx_it.o
                0x00000000080097d0                EXTI2_IRQHandler
 .text.EXTI15_10_IRQHandler
                0x0000000008009830       0x60 ./src/stm32_bloat/stm32l4xx_it.o
                0x0000000008009830                EXTI15_10_IRQHandler
 .text.EXTI9_5_IRQHandler
                0x0000000008009890       0x60 ./src/stm32_bloat/stm32l4xx_it.o
                0x0000000008009890                EXTI9_5_IRQHandler
 .text.HAL_TIM_PWM_PulseFinishedCallback
                0x00000000080098f0       0x60 ./src/stm32_bloat/stm32l4xx_it.o
                0x00000000080098f0                HAL_TIM_PWM_PulseFinishedCallback
 .text.DMA1_Channel2_IRQHandler
                0x0000000008009950       0x14 ./src/stm32_bloat/stm32l4xx_it.o
                0x0000000008009950                DMA1_Channel2_IRQHandler
 .text.DMA1_Channel3_IRQHandler
                0x0000000008009964       0x14 ./src/stm32_bloat/stm32l4xx_it.o
                0x0000000008009964                DMA1_Channel3_IRQHandler
 .text.DMA1_Channel5_IRQHandler
                0x0000000008009978       0x14 ./src/stm32_bloat/stm32l4xx_it.o
                0x0000000008009978                DMA1_Channel5_IRQHandler
 .text.DMA1_Channel6_IRQHandler
                0x000000000800998c       0x14 ./src/stm32_bloat/stm32l4xx_it.o
                0x000000000800998c                DMA1_Channel6_IRQHandler
 .text.DMA1_Channel7_IRQHandler
                0x00000000080099a0       0x14 ./src/stm32_bloat/stm32l4xx_it.o
                0x00000000080099a0                DMA1_Channel7_IRQHandler
 .text._getpid  0x00000000080099b4       0x10 ./src/stm32_bloat/syscalls.o
                0x00000000080099b4                _getpid
 .text._kill    0x00000000080099c4       0x20 ./src/stm32_bloat/syscalls.o
                0x00000000080099c4                _kill
 .text._exit    0x00000000080099e4       0x14 ./src/stm32_bloat/syscalls.o
                0x00000000080099e4                _exit
 .text._read    0x00000000080099f8       0x3a ./src/stm32_bloat/syscalls.o
                0x00000000080099f8                _read
 .text._write   0x0000000008009a32       0x38 ./src/stm32_bloat/syscalls.o
                0x0000000008009a32                _write
 .text._close   0x0000000008009a6a       0x18 ./src/stm32_bloat/syscalls.o
                0x0000000008009a6a                _close
 .text._fstat   0x0000000008009a82       0x20 ./src/stm32_bloat/syscalls.o
                0x0000000008009a82                _fstat
 .text._isatty  0x0000000008009aa2       0x16 ./src/stm32_bloat/syscalls.o
                0x0000000008009aa2                _isatty
 .text._lseek   0x0000000008009ab8       0x1a ./src/stm32_bloat/syscalls.o
                0x0000000008009ab8                _lseek
 *fill*         0x0000000008009ad2        0x2 
 .text._sbrk    0x0000000008009ad4       0x6c ./src/stm32_bloat/sysmem.o
                0x0000000008009ad4                _sbrk
 .text.SystemInit
                0x0000000008009b40       0x24 ./src/stm32_bloat/system_stm32l4xx.o
                0x0000000008009b40                SystemInit
 .text.Reset_Handler
                0x0000000008009b64       0x50 ./startup/startup_stm32l431rctx.o
                0x0000000008009b64                Reset_Handler
 .text.Default_Handler
                0x0000000008009bb4        0x2 ./startup/startup_stm32l431rctx.o
                0x0000000008009bb4                TIM1_BRK_TIM15_IRQHandler
                0x0000000008009bb4                TIM1_CC_IRQHandler
                0x0000000008009bb4                TSC_IRQHandler
                0x0000000008009bb4                TAMP_STAMP_IRQHandler
                0x0000000008009bb4                EXTI3_IRQHandler
                0x0000000008009bb4                LPTIM2_IRQHandler
                0x0000000008009bb4                I2C3_ER_IRQHandler
                0x0000000008009bb4                I2C2_EV_IRQHandler
                0x0000000008009bb4                CAN1_RX0_IRQHandler
                0x0000000008009bb4                FPU_IRQHandler
                0x0000000008009bb4                TIM1_UP_TIM16_IRQHandler
                0x0000000008009bb4                SPI1_IRQHandler
                0x0000000008009bb4                TIM6_DAC_IRQHandler
                0x0000000008009bb4                DMA2_Channel2_IRQHandler
                0x0000000008009bb4                DMA1_Channel4_IRQHandler
                0x0000000008009bb4                ADC1_IRQHandler
                0x0000000008009bb4                USART3_IRQHandler
                0x0000000008009bb4                CAN1_RX1_IRQHandler
                0x0000000008009bb4                DMA2_Channel1_IRQHandler
                0x0000000008009bb4                QUADSPI_IRQHandler
                0x0000000008009bb4                I2C1_EV_IRQHandler
                0x0000000008009bb4                DMA2_Channel4_IRQHandler
                0x0000000008009bb4                RCC_IRQHandler
                0x0000000008009bb4                TIM1_TRG_COM_IRQHandler
                0x0000000008009bb4                DMA1_Channel1_IRQHandler
                0x0000000008009bb4                Default_Handler
                0x0000000008009bb4                DMA2_Channel7_IRQHandler
                0x0000000008009bb4                TIM7_IRQHandler
                0x0000000008009bb4                SDMMC1_IRQHandler
                0x0000000008009bb4                I2C3_EV_IRQHandler
                0x0000000008009bb4                RTC_WKUP_IRQHandler
                0x0000000008009bb4                PVD_PVM_IRQHandler
                0x0000000008009bb4                SPI2_IRQHandler
                0x0000000008009bb4                CAN1_TX_IRQHandler
                0x0000000008009bb4                DMA2_Channel5_IRQHandler
                0x0000000008009bb4                CRS_IRQHandler
                0x0000000008009bb4                EXTI4_IRQHandler
                0x0000000008009bb4                RNG_IRQHandler
                0x0000000008009bb4                COMP_IRQHandler
                0x0000000008009bb4                WWDG_IRQHandler
                0x0000000008009bb4                LPUART1_IRQHandler
                0x0000000008009bb4                DMA2_Channel6_IRQHandler
                0x0000000008009bb4                TIM2_IRQHandler
                0x0000000008009bb4                EXTI1_IRQHandler
                0x0000000008009bb4                USART2_IRQHandler
                0x0000000008009bb4                I2C2_ER_IRQHandler
                0x0000000008009bb4                CAN1_SCE_IRQHandler
                0x0000000008009bb4                FLASH_IRQHandler
                0x0000000008009bb4                USART1_IRQHandler
                0x0000000008009bb4                SPI3_IRQHandler
                0x0000000008009bb4                I2C1_ER_IRQHandler
                0x0000000008009bb4                SWPMI1_IRQHandler
                0x0000000008009bb4                LPTIM1_IRQHandler
                0x0000000008009bb4                SAI1_IRQHandler
                0x0000000008009bb4                DMA2_Channel3_IRQHandler
                0x0000000008009bb4                RTC_Alarm_IRQHandler
 *fill*         0x0000000008009bb6        0x2 
 .text.__errno  0x0000000008009bb8        0xc /Applications/STM32CubeIDE.app/Contents/Eclipse/plugins/com.st.stm32cube.ide.mcu.externaltools.gnu-tools-for-stm32.10.3-2021.10.macos64_1.0.0.202111181127/tools/bin/../lib/gcc/arm-none-eabi/10.3.1/../../../../arm-none-eabi/lib/thumb/v7e-m+fp/hard/libc_nano.a(lib_a-errno.o)
                0x0000000008009bb8                __errno
 .text.__libc_init_array
                0x0000000008009bc4       0x48 /Applications/STM32CubeIDE.app/Contents/Eclipse/plugins/com.st.stm32cube.ide.mcu.externaltools.gnu-tools-for-stm32.10.3-2021.10.macos64_1.0.0.202111181127/tools/bin/../lib/gcc/arm-none-eabi/10.3.1/../../../../arm-none-eabi/lib/thumb/v7e-m+fp/hard/libc_nano.a(lib_a-init.o)
                0x0000000008009bc4                __libc_init_array
 .text.malloc   0x0000000008009c0c       0x10 /Applications/STM32CubeIDE.app/Contents/Eclipse/plugins/com.st.stm32cube.ide.mcu.externaltools.gnu-tools-for-stm32.10.3-2021.10.macos64_1.0.0.202111181127/tools/bin/../lib/gcc/arm-none-eabi/10.3.1/../../../../arm-none-eabi/lib/thumb/v7e-m+fp/hard/libc_nano.a(lib_a-malloc.o)
                0x0000000008009c0c                malloc
 .text.memcpy   0x0000000008009c1c       0x1c /Applications/STM32CubeIDE.app/Contents/Eclipse/plugins/com.st.stm32cube.ide.mcu.externaltools.gnu-tools-for-stm32.10.3-2021.10.macos64_1.0.0.202111181127/tools/bin/../lib/gcc/arm-none-eabi/10.3.1/../../../../arm-none-eabi/lib/thumb/v7e-m+fp/hard/libc_nano.a(lib_a-memcpy-stub.o)
                0x0000000008009c1c                memcpy
 .text.memset   0x0000000008009c38       0x10 /Applications/STM32CubeIDE.app/Contents/Eclipse/plugins/com.st.stm32cube.ide.mcu.externaltools.gnu-tools-for-stm32.10.3-2021.10.macos64_1.0.0.202111181127/tools/bin/../lib/gcc/arm-none-eabi/10.3.1/../../../../arm-none-eabi/lib/thumb/v7e-m+fp/hard/libc_nano.a(lib_a-memset.o)
                0x0000000008009c38                memset
 .text._free_r  0x0000000008009c48       0x98 /Applications/STM32CubeIDE.app/Contents/Eclipse/plugins/com.st.stm32cube.ide.mcu.externaltools.gnu-tools-for-stm32.10.3-2021.10.macos64_1.0.0.202111181127/tools/bin/../lib/gcc/arm-none-eabi/10.3.1/../../../../arm-none-eabi/lib/thumb/v7e-m+fp/hard/libc_nano.a(lib_a-nano-freer.o)
                0x0000000008009c48                _free_r
 .text.sbrk_aligned
                0x0000000008009ce0       0x40 /Applications/STM32CubeIDE.app/Contents/Eclipse/plugins/com.st.stm32cube.ide.mcu.externaltools.gnu-tools-for-stm32.10.3-2021.10.macos64_1.0.0.202111181127/tools/bin/../lib/gcc/arm-none-eabi/10.3.1/../../../../arm-none-eabi/lib/thumb/v7e-m+fp/hard/libc_nano.a(lib_a-nano-mallocr.o)
 .text._malloc_r
                0x0000000008009d20       0xe8 /Applications/STM32CubeIDE.app/Contents/Eclipse/plugins/com.st.stm32cube.ide.mcu.externaltools.gnu-tools-for-stm32.10.3-2021.10.macos64_1.0.0.202111181127/tools/bin/../lib/gcc/arm-none-eabi/10.3.1/../../../../arm-none-eabi/lib/thumb/v7e-m+fp/hard/libc_nano.a(lib_a-nano-mallocr.o)
                0x0000000008009d20                _malloc_r
 .text.srand    0x0000000008009e08       0x5c /Applications/STM32CubeIDE.app/Contents/Eclipse/plugins/com.st.stm32cube.ide.mcu.externaltools.gnu-tools-for-stm32.10.3-2021.10.macos64_1.0.0.202111181127/tools/bin/../lib/gcc/arm-none-eabi/10.3.1/../../../../arm-none-eabi/lib/thumb/v7e-m+fp/hard/libc_nano.a(lib_a-rand.o)
                0x0000000008009e08                srand
 .text.rand     0x0000000008009e64       0x7c /Applications/STM32CubeIDE.app/Contents/Eclipse/plugins/com.st.stm32cube.ide.mcu.externaltools.gnu-tools-for-stm32.10.3-2021.10.macos64_1.0.0.202111181127/tools/bin/../lib/gcc/arm-none-eabi/10.3.1/../../../../arm-none-eabi/lib/thumb/v7e-m+fp/hard/libc_nano.a(lib_a-rand.o)
                0x0000000008009e64                rand
 .text._sbrk_r  0x0000000008009ee0       0x20 /Applications/STM32CubeIDE.app/Contents/Eclipse/plugins/com.st.stm32cube.ide.mcu.externaltools.gnu-tools-for-stm32.10.3-2021.10.macos64_1.0.0.202111181127/tools/bin/../lib/gcc/arm-none-eabi/10.3.1/../../../../arm-none-eabi/lib/thumb/v7e-m+fp/hard/libc_nano.a(lib_a-sbrkr.o)
                0x0000000008009ee0                _sbrk_r
 .text.time     0x0000000008009f00       0x34 /Applications/STM32CubeIDE.app/Contents/Eclipse/plugins/com.st.stm32cube.ide.mcu.externaltools.gnu-tools-for-stm32.10.3-2021.10.macos64_1.0.0.202111181127/tools/bin/../lib/gcc/arm-none-eabi/10.3.1/../../../../arm-none-eabi/lib/thumb/v7e-m+fp/hard/libc_nano.a(lib_a-time.o)
                0x0000000008009f00                time
 .text.__assert_func
                0x0000000008009f34       0x3c /Applications/STM32CubeIDE.app/Contents/Eclipse/plugins/com.st.stm32cube.ide.mcu.externaltools.gnu-tools-for-stm32.10.3-2021.10.macos64_1.0.0.202111181127/tools/bin/../lib/gcc/arm-none-eabi/10.3.1/../../../../arm-none-eabi/lib/thumb/v7e-m+fp/hard/libc_nano.a(lib_a-assert.o)
                0x0000000008009f34                __assert_func
 .text.fprintf  0x0000000008009f70       0x24 /Applications/STM32CubeIDE.app/Contents/Eclipse/plugins/com.st.stm32cube.ide.mcu.externaltools.gnu-tools-for-stm32.10.3-2021.10.macos64_1.0.0.202111181127/tools/bin/../lib/gcc/arm-none-eabi/10.3.1/../../../../arm-none-eabi/lib/thumb/v7e-m+fp/hard/libc_nano.a(lib_a-fprintf.o)
                0x0000000008009f70                fprintf
                0x0000000008009f70                fiprintf
 .text._gettimeofday_r
                0x0000000008009f94       0x24 /Applications/STM32CubeIDE.app/Contents/Eclipse/plugins/com.st.stm32cube.ide.mcu.externaltools.gnu-tools-for-stm32.10.3-2021.10.macos64_1.0.0.202111181127/tools/bin/../lib/gcc/arm-none-eabi/10.3.1/../../../../arm-none-eabi/lib/thumb/v7e-m+fp/hard/libc_nano.a(lib_a-gettimeofdayr.o)
                0x0000000008009f94                _gettimeofday_r
 .text.__malloc_lock
                0x0000000008009fb8        0xc /Applications/STM32CubeIDE.app/Contents/Eclipse/plugins/com.st.stm32cube.ide.mcu.externaltools.gnu-tools-for-stm32.10.3-2021.10.macos64_1.0.0.202111181127/tools/bin/../lib/gcc/arm-none-eabi/10.3.1/../../../../arm-none-eabi/lib/thumb/v7e-m+fp/hard/libc_nano.a(lib_a-mlock.o)
                0x0000000008009fb8                __malloc_lock
 .text.__malloc_unlock
                0x0000000008009fc4        0xc /Applications/STM32CubeIDE.app/Contents/Eclipse/plugins/com.st.stm32cube.ide.mcu.externaltools.gnu-tools-for-stm32.10.3-2021.10.macos64_1.0.0.202111181127/tools/bin/../lib/gcc/arm-none-eabi/10.3.1/../../../../arm-none-eabi/lib/thumb/v7e-m+fp/hard/libc_nano.a(lib_a-mlock.o)
                0x0000000008009fc4                __malloc_unlock
 .text.__sfputc_r
                0x0000000008009fd0       0x2e /Applications/STM32CubeIDE.app/Contents/Eclipse/plugins/com.st.stm32cube.ide.mcu.externaltools.gnu-tools-for-stm32.10.3-2021.10.macos64_1.0.0.202111181127/tools/bin/../lib/gcc/arm-none-eabi/10.3.1/../../../../arm-none-eabi/lib/thumb/v7e-m+fp/hard/libc_nano.a(lib_a-nano-vfprintf.o)
 .text.__sfputs_r
                0x0000000008009ffe       0x24 /Applications/STM32CubeIDE.app/Contents/Eclipse/plugins/com.st.stm32cube.ide.mcu.externaltools.gnu-tools-for-stm32.10.3-2021.10.macos64_1.0.0.202111181127/tools/bin/../lib/gcc/arm-none-eabi/10.3.1/../../../../arm-none-eabi/lib/thumb/v7e-m+fp/hard/libc_nano.a(lib_a-nano-vfprintf.o)
                0x0000000008009ffe                __sfputs_r
 *fill*         0x000000000800a022        0x2 
 .text._vfprintf_r
                0x000000000800a024      0x260 /Applications/STM32CubeIDE.app/Contents/Eclipse/plugins/com.st.stm32cube.ide.mcu.externaltools.gnu-tools-for-stm32.10.3-2021.10.macos64_1.0.0.202111181127/tools/bin/../lib/gcc/arm-none-eabi/10.3.1/../../../../arm-none-eabi/lib/thumb/v7e-m+fp/hard/libc_nano.a(lib_a-nano-vfprintf.o)
                0x000000000800a024                _vfiprintf_r
                0x000000000800a024                _vfprintf_r
 .text._printf_common
                0x000000000800a284       0xda /Applications/STM32CubeIDE.app/Contents/Eclipse/plugins/com.st.stm32cube.ide.mcu.externaltools.gnu-tools-for-stm32.10.3-2021.10.macos64_1.0.0.202111181127/tools/bin/../lib/gcc/arm-none-eabi/10.3.1/../../../../arm-none-eabi/lib/thumb/v7e-m+fp/hard/libc_nano.a(lib_a-nano-vfprintf_i.o)
                0x000000000800a284                _printf_common
 *fill*         0x000000000800a35e        0x2 
 .text._printf_i
                0x000000000800a360      0x24c /Applications/STM32CubeIDE.app/Contents/Eclipse/plugins/com.st.stm32cube.ide.mcu.externaltools.gnu-tools-for-stm32.10.3-2021.10.macos64_1.0.0.202111181127/tools/bin/../lib/gcc/arm-none-eabi/10.3.1/../../../../arm-none-eabi/lib/thumb/v7e-m+fp/hard/libc_nano.a(lib_a-nano-vfprintf_i.o)
                0x000000000800a360                _printf_i
 .text.__swbuf_r
                0x000000000800a5ac       0xa4 /Applications/STM32CubeIDE.app/Contents/Eclipse/plugins/com.st.stm32cube.ide.mcu.externaltools.gnu-tools-for-stm32.10.3-2021.10.macos64_1.0.0.202111181127/tools/bin/../lib/gcc/arm-none-eabi/10.3.1/../../../../arm-none-eabi/lib/thumb/v7e-m+fp/hard/libc_nano.a(lib_a-wbuf.o)
                0x000000000800a5ac                __swbuf_r
 .text.__swsetup_r
                0x000000000800a650       0xdc /Applications/STM32CubeIDE.app/Contents/Eclipse/plugins/com.st.stm32cube.ide.mcu.externaltools.gnu-tools-for-stm32.10.3-2021.10.macos64_1.0.0.202111181127/tools/bin/../lib/gcc/arm-none-eabi/10.3.1/../../../../arm-none-eabi/lib/thumb/v7e-m+fp/hard/libc_nano.a(lib_a-wsetup.o)
                0x000000000800a650                __swsetup_r
 .text.abort    0x000000000800a72c        0xe /Applications/STM32CubeIDE.app/Contents/Eclipse/plugins/com.st.stm32cube.ide.mcu.externaltools.gnu-tools-for-stm32.10.3-2021.10.macos64_1.0.0.202111181127/tools/bin/../lib/gcc/arm-none-eabi/10.3.1/../../../../arm-none-eabi/lib/thumb/v7e-m+fp/hard/libc_nano.a(lib_a-abort.o)
                0x000000000800a72c                abort
 *fill*         0x000000000800a73a        0x2 
 .text.__sflush_r
                0x000000000800a73c      0x10c /Applications/STM32CubeIDE.app/Contents/Eclipse/plugins/com.st.stm32cube.ide.mcu.externaltools.gnu-tools-for-stm32.10.3-2021.10.macos64_1.0.0.202111181127/tools/bin/../lib/gcc/arm-none-eabi/10.3.1/../../../../arm-none-eabi/lib/thumb/v7e-m+fp/hard/libc_nano.a(lib_a-fflush.o)
                0x000000000800a73c                __sflush_r
 .text._fflush_r
                0x000000000800a848       0x78 /Applications/STM32CubeIDE.app/Contents/Eclipse/plugins/com.st.stm32cube.ide.mcu.externaltools.gnu-tools-for-stm32.10.3-2021.10.macos64_1.0.0.202111181127/tools/bin/../lib/gcc/arm-none-eabi/10.3.1/../../../../arm-none-eabi/lib/thumb/v7e-m+fp/hard/libc_nano.a(lib_a-fflush.o)
                0x000000000800a848                _fflush_r
 .text.std      0x000000000800a8c0       0x48 /Applications/STM32CubeIDE.app/Contents/Eclipse/plugins/com.st.stm32cube.ide.mcu.externaltools.gnu-tools-for-stm32.10.3-2021.10.macos64_1.0.0.202111181127/tools/bin/../lib/gcc/arm-none-eabi/10.3.1/../../../../arm-none-eabi/lib/thumb/v7e-m+fp/hard/libc_nano.a(lib_a-findfp.o)
 .text._cleanup_r
                0x000000000800a908        0xc /Applications/STM32CubeIDE.app/Contents/Eclipse/plugins/com.st.stm32cube.ide.mcu.externaltools.gnu-tools-for-stm32.10.3-2021.10.macos64_1.0.0.202111181127/tools/bin/../lib/gcc/arm-none-eabi/10.3.1/../../../../arm-none-eabi/lib/thumb/v7e-m+fp/hard/libc_nano.a(lib_a-findfp.o)
                0x000000000800a908                _cleanup_r
 .text.__sfmoreglue
                0x000000000800a914       0x2c /Applications/STM32CubeIDE.app/Contents/Eclipse/plugins/com.st.stm32cube.ide.mcu.externaltools.gnu-tools-for-stm32.10.3-2021.10.macos64_1.0.0.202111181127/tools/bin/../lib/gcc/arm-none-eabi/10.3.1/../../../../arm-none-eabi/lib/thumb/v7e-m+fp/hard/libc_nano.a(lib_a-findfp.o)
                0x000000000800a914                __sfmoreglue
 .text.__sfp_lock_acquire
                0x000000000800a940        0xc /Applications/STM32CubeIDE.app/Contents/Eclipse/plugins/com.st.stm32cube.ide.mcu.externaltools.gnu-tools-for-stm32.10.3-2021.10.macos64_1.0.0.202111181127/tools/bin/../lib/gcc/arm-none-eabi/10.3.1/../../../../arm-none-eabi/lib/thumb/v7e-m+fp/hard/libc_nano.a(lib_a-findfp.o)
                0x000000000800a940                __sfp_lock_acquire
 .text.__sfp_lock_release
                0x000000000800a94c        0xc /Applications/STM32CubeIDE.app/Contents/Eclipse/plugins/com.st.stm32cube.ide.mcu.externaltools.gnu-tools-for-stm32.10.3-2021.10.macos64_1.0.0.202111181127/tools/bin/../lib/gcc/arm-none-eabi/10.3.1/../../../../arm-none-eabi/lib/thumb/v7e-m+fp/hard/libc_nano.a(lib_a-findfp.o)
                0x000000000800a94c                __sfp_lock_release
 .text.__sinit_lock_acquire
                0x000000000800a958        0xc /Applications/STM32CubeIDE.app/Contents/Eclipse/plugins/com.st.stm32cube.ide.mcu.externaltools.gnu-tools-for-stm32.10.3-2021.10.macos64_1.0.0.202111181127/tools/bin/../lib/gcc/arm-none-eabi/10.3.1/../../../../arm-none-eabi/lib/thumb/v7e-m+fp/hard/libc_nano.a(lib_a-findfp.o)
                0x000000000800a958                __sinit_lock_acquire
 .text.__sinit_lock_release
                0x000000000800a964        0xc /Applications/STM32CubeIDE.app/Contents/Eclipse/plugins/com.st.stm32cube.ide.mcu.externaltools.gnu-tools-for-stm32.10.3-2021.10.macos64_1.0.0.202111181127/tools/bin/../lib/gcc/arm-none-eabi/10.3.1/../../../../arm-none-eabi/lib/thumb/v7e-m+fp/hard/libc_nano.a(lib_a-findfp.o)
                0x000000000800a964                __sinit_lock_release
 .text.__sinit  0x000000000800a970       0x70 /Applications/STM32CubeIDE.app/Contents/Eclipse/plugins/com.st.stm32cube.ide.mcu.externaltools.gnu-tools-for-stm32.10.3-2021.10.macos64_1.0.0.202111181127/tools/bin/../lib/gcc/arm-none-eabi/10.3.1/../../../../arm-none-eabi/lib/thumb/v7e-m+fp/hard/libc_nano.a(lib_a-findfp.o)
                0x000000000800a970                __sinit
 .text.__sfp    0x000000000800a9e0       0x8c /Applications/STM32CubeIDE.app/Contents/Eclipse/plugins/com.st.stm32cube.ide.mcu.externaltools.gnu-tools-for-stm32.10.3-2021.10.macos64_1.0.0.202111181127/tools/bin/../lib/gcc/arm-none-eabi/10.3.1/../../../../arm-none-eabi/lib/thumb/v7e-m+fp/hard/libc_nano.a(lib_a-findfp.o)
                0x000000000800a9e0                __sfp
 .text._fwalk_reent
                0x000000000800aa6c       0x3e /Applications/STM32CubeIDE.app/Contents/Eclipse/plugins/com.st.stm32cube.ide.mcu.externaltools.gnu-tools-for-stm32.10.3-2021.10.macos64_1.0.0.202111181127/tools/bin/../lib/gcc/arm-none-eabi/10.3.1/../../../../arm-none-eabi/lib/thumb/v7e-m+fp/hard/libc_nano.a(lib_a-fwalk.o)
                0x000000000800aa6c                _fwalk_reent
 .text.__retarget_lock_init_recursive
                0x000000000800aaaa        0x2 /Applications/STM32CubeIDE.app/Contents/Eclipse/plugins/com.st.stm32cube.ide.mcu.externaltools.gnu-tools-for-stm32.10.3-2021.10.macos64_1.0.0.202111181127/tools/bin/../lib/gcc/arm-none-eabi/10.3.1/../../../../arm-none-eabi/lib/thumb/v7e-m+fp/hard/libc_nano.a(lib_a-lock.o)
                0x000000000800aaaa                __retarget_lock_init_recursive
 .text.__retarget_lock_acquire_recursive
                0x000000000800aaac        0x2 /Applications/STM32CubeIDE.app/Contents/Eclipse/plugins/com.st.stm32cube.ide.mcu.externaltools.gnu-tools-for-stm32.10.3-2021.10.macos64_1.0.0.202111181127/tools/bin/../lib/gcc/arm-none-eabi/10.3.1/../../../../arm-none-eabi/lib/thumb/v7e-m+fp/hard/libc_nano.a(lib_a-lock.o)
                0x000000000800aaac                __retarget_lock_acquire_recursive
 .text.__retarget_lock_release_recursive
                0x000000000800aaae        0x2 /Applications/STM32CubeIDE.app/Contents/Eclipse/plugins/com.st.stm32cube.ide.mcu.externaltools.gnu-tools-for-stm32.10.3-2021.10.macos64_1.0.0.202111181127/tools/bin/../lib/gcc/arm-none-eabi/10.3.1/../../../../arm-none-eabi/lib/thumb/v7e-m+fp/hard/libc_nano.a(lib_a-lock.o)
                0x000000000800aaae                __retarget_lock_release_recursive
 .text.__swhatbuf_r
                0x000000000800aab0       0x4a /Applications/STM32CubeIDE.app/Contents/Eclipse/plugins/com.st.stm32cube.ide.mcu.externaltools.gnu-tools-for-stm32.10.3-2021.10.macos64_1.0.0.202111181127/tools/bin/../lib/gcc/arm-none-eabi/10.3.1/../../../../arm-none-eabi/lib/thumb/v7e-m+fp/hard/libc_nano.a(lib_a-makebuf.o)
                0x000000000800aab0                __swhatbuf_r
 *fill*         0x000000000800aafa        0x2 
 .text.__smakebuf_r
                0x000000000800aafc       0x80 /Applications/STM32CubeIDE.app/Contents/Eclipse/plugins/com.st.stm32cube.ide.mcu.externaltools.gnu-tools-for-stm32.10.3-2021.10.macos64_1.0.0.202111181127/tools/bin/../lib/gcc/arm-none-eabi/10.3.1/../../../../arm-none-eabi/lib/thumb/v7e-m+fp/hard/libc_nano.a(lib_a-makebuf.o)
                0x000000000800aafc                __smakebuf_r
 .text._raise_r
                0x000000000800ab7c       0x50 /Applications/STM32CubeIDE.app/Contents/Eclipse/plugins/com.st.stm32cube.ide.mcu.externaltools.gnu-tools-for-stm32.10.3-2021.10.macos64_1.0.0.202111181127/tools/bin/../lib/gcc/arm-none-eabi/10.3.1/../../../../arm-none-eabi/lib/thumb/v7e-m+fp/hard/libc_nano.a(lib_a-signal.o)
                0x000000000800ab7c                _raise_r
 .text.raise    0x000000000800abcc       0x10 /Applications/STM32CubeIDE.app/Contents/Eclipse/plugins/com.st.stm32cube.ide.mcu.externaltools.gnu-tools-for-stm32.10.3-2021.10.macos64_1.0.0.202111181127/tools/bin/../lib/gcc/arm-none-eabi/10.3.1/../../../../arm-none-eabi/lib/thumb/v7e-m+fp/hard/libc_nano.a(lib_a-signal.o)
                0x000000000800abcc                raise
 .text._kill_r  0x000000000800abdc       0x24 /Applications/STM32CubeIDE.app/Contents/Eclipse/plugins/com.st.stm32cube.ide.mcu.externaltools.gnu-tools-for-stm32.10.3-2021.10.macos64_1.0.0.202111181127/tools/bin/../lib/gcc/arm-none-eabi/10.3.1/../../../../arm-none-eabi/lib/thumb/v7e-m+fp/hard/libc_nano.a(lib_a-signalr.o)
                0x000000000800abdc                _kill_r
 .text._getpid_r
                0x000000000800ac00        0x4 /Applications/STM32CubeIDE.app/Contents/Eclipse/plugins/com.st.stm32cube.ide.mcu.externaltools.gnu-tools-for-stm32.10.3-2021.10.macos64_1.0.0.202111181127/tools/bin/../lib/gcc/arm-none-eabi/10.3.1/../../../../arm-none-eabi/lib/thumb/v7e-m+fp/hard/libc_nano.a(lib_a-signalr.o)
                0x000000000800ac00                _getpid_r
 .text.__sread  0x000000000800ac04       0x22 /Applications/STM32CubeIDE.app/Contents/Eclipse/plugins/com.st.stm32cube.ide.mcu.externaltools.gnu-tools-for-stm32.10.3-2021.10.macos64_1.0.0.202111181127/tools/bin/../lib/gcc/arm-none-eabi/10.3.1/../../../../arm-none-eabi/lib/thumb/v7e-m+fp/hard/libc_nano.a(lib_a-stdio.o)
                0x000000000800ac04                __sread
 .text.__swrite
                0x000000000800ac26       0x38 /Applications/STM32CubeIDE.app/Contents/Eclipse/plugins/com.st.stm32cube.ide.mcu.externaltools.gnu-tools-for-stm32.10.3-2021.10.macos64_1.0.0.202111181127/tools/bin/../lib/gcc/arm-none-eabi/10.3.1/../../../../arm-none-eabi/lib/thumb/v7e-m+fp/hard/libc_nano.a(lib_a-stdio.o)
                0x000000000800ac26                __swrite
 .text.__sseek  0x000000000800ac5e       0x24 /Applications/STM32CubeIDE.app/Contents/Eclipse/plugins/com.st.stm32cube.ide.mcu.externaltools.gnu-tools-for-stm32.10.3-2021.10.macos64_1.0.0.202111181127/tools/bin/../lib/gcc/arm-none-eabi/10.3.1/../../../../arm-none-eabi/lib/thumb/v7e-m+fp/hard/libc_nano.a(lib_a-stdio.o)
                0x000000000800ac5e                __sseek
 .text.__sclose
                0x000000000800ac82        0x8 /Applications/STM32CubeIDE.app/Contents/Eclipse/plugins/com.st.stm32cube.ide.mcu.externaltools.gnu-tools-for-stm32.10.3-2021.10.macos64_1.0.0.202111181127/tools/bin/../lib/gcc/arm-none-eabi/10.3.1/../../../../arm-none-eabi/lib/thumb/v7e-m+fp/hard/libc_nano.a(lib_a-stdio.o)
                0x000000000800ac82                __sclose
 *fill*         0x000000000800ac8a        0x2 
 .text._write_r
                0x000000000800ac8c       0x24 /Applications/STM32CubeIDE.app/Contents/Eclipse/plugins/com.st.stm32cube.ide.mcu.externaltools.gnu-tools-for-stm32.10.3-2021.10.macos64_1.0.0.202111181127/tools/bin/../lib/gcc/arm-none-eabi/10.3.1/../../../../arm-none-eabi/lib/thumb/v7e-m+fp/hard/libc_nano.a(lib_a-writer.o)
                0x000000000800ac8c                _write_r
 .text._close_r
                0x000000000800acb0       0x20 /Applications/STM32CubeIDE.app/Contents/Eclipse/plugins/com.st.stm32cube.ide.mcu.externaltools.gnu-tools-for-stm32.10.3-2021.10.macos64_1.0.0.202111181127/tools/bin/../lib/gcc/arm-none-eabi/10.3.1/../../../../arm-none-eabi/lib/thumb/v7e-m+fp/hard/libc_nano.a(lib_a-closer.o)
                0x000000000800acb0                _close_r
 .text._fstat_r
                0x000000000800acd0       0x24 /Applications/STM32CubeIDE.app/Contents/Eclipse/plugins/com.st.stm32cube.ide.mcu.externaltools.gnu-tools-for-stm32.10.3-2021.10.macos64_1.0.0.202111181127/tools/bin/../lib/gcc/arm-none-eabi/10.3.1/../../../../arm-none-eabi/lib/thumb/v7e-m+fp/hard/libc_nano.a(lib_a-fstatr.o)
                0x000000000800acd0                _fstat_r
 .text._isatty_r
                0x000000000800acf4       0x20 /Applications/STM32CubeIDE.app/Contents/Eclipse/plugins/com.st.stm32cube.ide.mcu.externaltools.gnu-tools-for-stm32.10.3-2021.10.macos64_1.0.0.202111181127/tools/bin/../lib/gcc/arm-none-eabi/10.3.1/../../../../arm-none-eabi/lib/thumb/v7e-m+fp/hard/libc_nano.a(lib_a-isattyr.o)
                0x000000000800acf4                _isatty_r
 .text._lseek_r
                0x000000000800ad14       0x24 /Applications/STM32CubeIDE.app/Contents/Eclipse/plugins/com.st.stm32cube.ide.mcu.externaltools.gnu-tools-for-stm32.10.3-2021.10.macos64_1.0.0.202111181127/tools/bin/../lib/gcc/arm-none-eabi/10.3.1/../../../../arm-none-eabi/lib/thumb/v7e-m+fp/hard/libc_nano.a(lib_a-lseekr.o)
                0x000000000800ad14                _lseek_r
 .text._read_r  0x000000000800ad38       0x24 /Applications/STM32CubeIDE.app/Contents/Eclipse/plugins/com.st.stm32cube.ide.mcu.externaltools.gnu-tools-for-stm32.10.3-2021.10.macos64_1.0.0.202111181127/tools/bin/../lib/gcc/arm-none-eabi/10.3.1/../../../../arm-none-eabi/lib/thumb/v7e-m+fp/hard/libc_nano.a(lib_a-readr.o)
                0x000000000800ad38                _read_r
 .text._gettimeofday
                0x000000000800ad5c       0x10 /Applications/STM32CubeIDE.app/Contents/Eclipse/plugins/com.st.stm32cube.ide.mcu.externaltools.gnu-tools-for-stm32.10.3-2021.10.macos64_1.0.0.202111181127/tools/bin/../lib/gcc/arm-none-eabi/10.3.1/../../../../arm-none-eabi/lib/thumb/v7e-m+fp/hard/libnosys.a(gettod.o)
                0x000000000800ad5c                _gettimeofday
 *(.glue_7)
 .glue_7        0x000000000800ad6c        0x0 linker stubs
 *(.glue_7t)
 .glue_7t       0x000000000800ad6c        0x0 linker stubs
 *(.eh_frame)
 .eh_frame      0x000000000800ad6c        0x0 /Applications/STM32CubeIDE.app/Contents/Eclipse/plugins/com.st.stm32cube.ide.mcu.externaltools.gnu-tools-for-stm32.10.3-2021.10.macos64_1.0.0.202111181127/tools/bin/../lib/gcc/arm-none-eabi/10.3.1/thumb/v7e-m+fp/hard/crtbegin.o
 *(.init)
 .init          0x000000000800ad6c        0x4 /Applications/STM32CubeIDE.app/Contents/Eclipse/plugins/com.st.stm32cube.ide.mcu.externaltools.gnu-tools-for-stm32.10.3-2021.10.macos64_1.0.0.202111181127/tools/bin/../lib/gcc/arm-none-eabi/10.3.1/thumb/v7e-m+fp/hard/crti.o
                0x000000000800ad6c                _init
 .init          0x000000000800ad70        0x8 /Applications/STM32CubeIDE.app/Contents/Eclipse/plugins/com.st.stm32cube.ide.mcu.externaltools.gnu-tools-for-stm32.10.3-2021.10.macos64_1.0.0.202111181127/tools/bin/../lib/gcc/arm-none-eabi/10.3.1/thumb/v7e-m+fp/hard/crtn.o
 *(.fini)
 .fini          0x000000000800ad78        0x4 /Applications/STM32CubeIDE.app/Contents/Eclipse/plugins/com.st.stm32cube.ide.mcu.externaltools.gnu-tools-for-stm32.10.3-2021.10.macos64_1.0.0.202111181127/tools/bin/../lib/gcc/arm-none-eabi/10.3.1/thumb/v7e-m+fp/hard/crti.o
                0x000000000800ad78                _fini
 .fini          0x000000000800ad7c        0x8 /Applications/STM32CubeIDE.app/Contents/Eclipse/plugins/com.st.stm32cube.ide.mcu.externaltools.gnu-tools-for-stm32.10.3-2021.10.macos64_1.0.0.202111181127/tools/bin/../lib/gcc/arm-none-eabi/10.3.1/thumb/v7e-m+fp/hard/crtn.o
                0x000000000800ad84                . = ALIGN (0x4)
                0x000000000800ad84                _etext = .

.vfp11_veneer   0x000000000800ad84        0x0
 .vfp11_veneer  0x000000000800ad84        0x0 linker stubs

.v4_bx          0x000000000800ad84        0x0
 .v4_bx         0x000000000800ad84        0x0 linker stubs

.iplt           0x000000000800ad84        0x0
 .iplt          0x000000000800ad84        0x0 /Applications/STM32CubeIDE.app/Contents/Eclipse/plugins/com.st.stm32cube.ide.mcu.externaltools.gnu-tools-for-stm32.10.3-2021.10.macos64_1.0.0.202111181127/tools/bin/../lib/gcc/arm-none-eabi/10.3.1/thumb/v7e-m+fp/hard/crtbegin.o

.rodata         0x000000000800ad84      0x20c
                0x000000000800ad84                . = ALIGN (0x4)
 *(.rodata)
 .rodata        0x000000000800ad84        0x5 ./sdk/FreeRTOS/Source/tasks.o
 *fill*         0x000000000800ad89        0x3 
 .rodata        0x000000000800ad8c        0xd ./sdk/FreeRTOS/Source/timers.o
 *fill*         0x000000000800ad99        0x3 
 .rodata        0x000000000800ad9c       0x22 ./src/task_create.o
 *(.rodata*)
 *fill*         0x000000000800adbe        0x2 
 .rodata.g_task_button_press_attributes
                0x000000000800adc0       0x24 ./src/task_create.o
                0x000000000800adc0                g_task_button_press_attributes
 .rodata.g_task_led_ctrl_attributes
                0x000000000800ade4       0x24 ./src/task_create.o
                0x000000000800ade4                g_task_led_ctrl_attributes
 .rodata.AHBPrescTable
                0x000000000800ae08       0x10 ./src/stm32_bloat/system_stm32l4xx.o
                0x000000000800ae08                AHBPrescTable
 .rodata.MSIRangeTable
                0x000000000800ae18       0x30 ./src/stm32_bloat/system_stm32l4xx.o
                0x000000000800ae18                MSIRangeTable
 .rodata._global_impure_ptr
                0x000000000800ae48        0x4 /Applications/STM32CubeIDE.app/Contents/Eclipse/plugins/com.st.stm32cube.ide.mcu.externaltools.gnu-tools-for-stm32.10.3-2021.10.macos64_1.0.0.202111181127/tools/bin/../lib/gcc/arm-none-eabi/10.3.1/../../../../arm-none-eabi/lib/thumb/v7e-m+fp/hard/libc_nano.a(lib_a-impure.o)
                0x000000000800ae48                _global_impure_ptr
 .rodata.srand.str1.1
                0x000000000800ae4c       0x72 /Applications/STM32CubeIDE.app/Contents/Eclipse/plugins/com.st.stm32cube.ide.mcu.externaltools.gnu-tools-for-stm32.10.3-2021.10.macos64_1.0.0.202111181127/tools/bin/../lib/gcc/arm-none-eabi/10.3.1/../../../../arm-none-eabi/lib/thumb/v7e-m+fp/hard/libc_nano.a(lib_a-rand.o)
 .rodata.__assert_func.str1.1
                0x000000000800aebe       0x3c /Applications/STM32CubeIDE.app/Contents/Eclipse/plugins/com.st.stm32cube.ide.mcu.externaltools.gnu-tools-for-stm32.10.3-2021.10.macos64_1.0.0.202111181127/tools/bin/../lib/gcc/arm-none-eabi/10.3.1/../../../../arm-none-eabi/lib/thumb/v7e-m+fp/hard/libc_nano.a(lib_a-assert.o)
                                         0x3d (size before relaxing)
 .rodata._vfprintf_r.str1.1
                0x000000000800aefa       0x11 /Applications/STM32CubeIDE.app/Contents/Eclipse/plugins/com.st.stm32cube.ide.mcu.externaltools.gnu-tools-for-stm32.10.3-2021.10.macos64_1.0.0.202111181127/tools/bin/../lib/gcc/arm-none-eabi/10.3.1/../../../../arm-none-eabi/lib/thumb/v7e-m+fp/hard/libc_nano.a(lib_a-nano-vfprintf.o)
 .rodata._printf_i.str1.1
                0x000000000800af0b       0x22 /Applications/STM32CubeIDE.app/Contents/Eclipse/plugins/com.st.stm32cube.ide.mcu.externaltools.gnu-tools-for-stm32.10.3-2021.10.macos64_1.0.0.202111181127/tools/bin/../lib/gcc/arm-none-eabi/10.3.1/../../../../arm-none-eabi/lib/thumb/v7e-m+fp/hard/libc_nano.a(lib_a-nano-vfprintf_i.o)
 *fill*         0x000000000800af2d        0x3 
 .rodata.__sf_fake_stderr
                0x000000000800af30       0x20 /Applications/STM32CubeIDE.app/Contents/Eclipse/plugins/com.st.stm32cube.ide.mcu.externaltools.gnu-tools-for-stm32.10.3-2021.10.macos64_1.0.0.202111181127/tools/bin/../lib/gcc/arm-none-eabi/10.3.1/../../../../arm-none-eabi/lib/thumb/v7e-m+fp/hard/libc_nano.a(lib_a-findfp.o)
                0x000000000800af30                __sf_fake_stderr
 .rodata.__sf_fake_stdin
                0x000000000800af50       0x20 /Applications/STM32CubeIDE.app/Contents/Eclipse/plugins/com.st.stm32cube.ide.mcu.externaltools.gnu-tools-for-stm32.10.3-2021.10.macos64_1.0.0.202111181127/tools/bin/../lib/gcc/arm-none-eabi/10.3.1/../../../../arm-none-eabi/lib/thumb/v7e-m+fp/hard/libc_nano.a(lib_a-findfp.o)
                0x000000000800af50                __sf_fake_stdin
 .rodata.__sf_fake_stdout
                0x000000000800af70       0x20 /Applications/STM32CubeIDE.app/Contents/Eclipse/plugins/com.st.stm32cube.ide.mcu.externaltools.gnu-tools-for-stm32.10.3-2021.10.macos64_1.0.0.202111181127/tools/bin/../lib/gcc/arm-none-eabi/10.3.1/../../../../arm-none-eabi/lib/thumb/v7e-m+fp/hard/libc_nano.a(lib_a-findfp.o)
                0x000000000800af70                __sf_fake_stdout
                0x000000000800af90                . = ALIGN (0x4)

.rel.dyn        0x000000000800af90        0x0
 .rel.iplt      0x000000000800af90        0x0 /Applications/STM32CubeIDE.app/Contents/Eclipse/plugins/com.st.stm32cube.ide.mcu.externaltools.gnu-tools-for-stm32.10.3-2021.10.macos64_1.0.0.202111181127/tools/bin/../lib/gcc/arm-none-eabi/10.3.1/thumb/v7e-m+fp/hard/crtbegin.o

.ARM.extab      0x000000000800af90        0x0
                0x000000000800af90                . = ALIGN (0x4)
 *(.ARM.extab* .gnu.linkonce.armextab.*)
                0x000000000800af90                . = ALIGN (0x4)

.ARM            0x000000000800af90        0x0
                0x000000000800af90                . = ALIGN (0x4)
                0x000000000800af90                __exidx_start = .
 *(.ARM.exidx*)
                0x000000000800af90                __exidx_end = .
                0x000000000800af90                . = ALIGN (0x4)

.preinit_array  0x000000000800af90        0x0
                0x000000000800af90                . = ALIGN (0x4)
                0x000000000800af90                PROVIDE (__preinit_array_start = .)
 *(.preinit_array*)
                0x000000000800af90                PROVIDE (__preinit_array_end = .)
                0x000000000800af90                . = ALIGN (0x4)

.init_array     0x000000000800af90        0x4
                0x000000000800af90                . = ALIGN (0x4)
                0x000000000800af90                PROVIDE (__init_array_start = .)
 *(SORT_BY_NAME(.init_array.*))
 *(.init_array*)
 .init_array    0x000000000800af90        0x4 /Applications/STM32CubeIDE.app/Contents/Eclipse/plugins/com.st.stm32cube.ide.mcu.externaltools.gnu-tools-for-stm32.10.3-2021.10.macos64_1.0.0.202111181127/tools/bin/../lib/gcc/arm-none-eabi/10.3.1/thumb/v7e-m+fp/hard/crtbegin.o
                0x000000000800af94                PROVIDE (__init_array_end = .)
                0x000000000800af94                . = ALIGN (0x4)

.fini_array     0x000000000800af94        0x4
                0x000000000800af94                . = ALIGN (0x4)
                [!provide]                        PROVIDE (__fini_array_start = .)
 *(SORT_BY_NAME(.fini_array.*))
 *(.fini_array*)
 .fini_array    0x000000000800af94        0x4 /Applications/STM32CubeIDE.app/Contents/Eclipse/plugins/com.st.stm32cube.ide.mcu.externaltools.gnu-tools-for-stm32.10.3-2021.10.macos64_1.0.0.202111181127/tools/bin/../lib/gcc/arm-none-eabi/10.3.1/thumb/v7e-m+fp/hard/crtbegin.o
                [!provide]                        PROVIDE (__fini_array_end = .)
                0x000000000800af98                . = ALIGN (0x4)
                0x000000000800af98                _sidata = LOADADDR (.data)

.data           0x0000000020000000       0x80 load address 0x000000000800af98
                0x0000000020000000                . = ALIGN (0x4)
                0x0000000020000000                _sdata = .
 *(.data)
 *(.data*)
 .data.g_max_current_ratio
                0x0000000020000000        0x4 ./fw_common/lib/current_monitor/current_monitor.o
                0x0000000020000000                g_max_current_ratio
 .data.g_led_state
                0x0000000020000004        0x1 ./fw_common/lib/task/task_led_ctrl.o
                0x0000000020000004                g_led_state
 .data.g_led_speed
                0x0000000020000005        0x1 ./fw_common/lib/task/task_led_ctrl.o
                0x0000000020000005                g_led_speed
 .data.g_led_color
                0x0000000020000006        0x1 ./fw_common/lib/task/task_led_ctrl.o
                0x0000000020000006                g_led_color
 .data.flip_or_flop.0
                0x0000000020000007        0x1 ./fw_common/lib/task/task_led_ctrl.o
 .data.strip_length
                0x0000000020000008        0x2 ./fw_common/lib/ws2812b_driver/ws2812b.o
                0x0000000020000008                strip_length
 *fill*         0x000000002000000a        0x2 
 .data.uxCriticalNesting
                0x000000002000000c        0x4 ./sdk/FreeRTOS/Source/portable/GCC/ARM_CM4F/port.o
 .data.uwTickPrio
                0x0000000020000010        0x4 ./sdk/STM32L4xx_HAL_Driver/Src/stm32l4xx_hal.o
                0x0000000020000010                uwTickPrio
 .data.uwTickFreq
                0x0000000020000014        0x1 ./sdk/STM32L4xx_HAL_Driver/Src/stm32l4xx_hal.o
                0x0000000020000014                uwTickFreq
 *fill*         0x0000000020000015        0x3 
 .data.SystemCoreClock
                0x0000000020000018        0x4 ./src/stm32_bloat/system_stm32l4xx.o
                0x0000000020000018                SystemCoreClock
 .data._impure_ptr
                0x000000002000001c        0x4 /Applications/STM32CubeIDE.app/Contents/Eclipse/plugins/com.st.stm32cube.ide.mcu.externaltools.gnu-tools-for-stm32.10.3-2021.10.macos64_1.0.0.202111181127/tools/bin/../lib/gcc/arm-none-eabi/10.3.1/../../../../arm-none-eabi/lib/thumb/v7e-m+fp/hard/libc_nano.a(lib_a-impure.o)
                0x000000002000001c                _impure_ptr
 .data.impure_data
                0x0000000020000020       0x60 /Applications/STM32CubeIDE.app/Contents/Eclipse/plugins/com.st.stm32cube.ide.mcu.externaltools.gnu-tools-for-stm32.10.3-2021.10.macos64_1.0.0.202111181127/tools/bin/../lib/gcc/arm-none-eabi/10.3.1/../../../../arm-none-eabi/lib/thumb/v7e-m+fp/hard/libc_nano.a(lib_a-impure.o)
 *(.RamFunc)
 *(.RamFunc*)
                0x0000000020000080                . = ALIGN (0x4)
                0x0000000020000080                _edata = .

.igot.plt       0x0000000020000080        0x0 load address 0x000000000800b018
 .igot.plt      0x0000000020000080        0x0 /Applications/STM32CubeIDE.app/Contents/Eclipse/plugins/com.st.stm32cube.ide.mcu.externaltools.gnu-tools-for-stm32.10.3-2021.10.macos64_1.0.0.202111181127/tools/bin/../lib/gcc/arm-none-eabi/10.3.1/thumb/v7e-m+fp/hard/crtbegin.o
                0x0000000020000080                . = ALIGN (0x4)

.bss            0x0000000020000080     0x2f90 load address 0x000000000800b018
                0x0000000020000080                _sbss = .
                0x0000000020000080                __bss_start__ = _sbss
 *(.bss)
 .bss           0x0000000020000080       0x1c /Applications/STM32CubeIDE.app/Contents/Eclipse/plugins/com.st.stm32cube.ide.mcu.externaltools.gnu-tools-for-stm32.10.3-2021.10.macos64_1.0.0.202111181127/tools/bin/../lib/gcc/arm-none-eabi/10.3.1/thumb/v7e-m+fp/hard/crtbegin.o
 *(.bss*)
 .bss.c.0       0x000000002000009c        0x3 ./fw_common/lib/animate_led/animate_led.o
 *fill*         0x000000002000009f        0x1 
 .bss.g_color_hex_codes
                0x00000000200000a0       0x54 ./fw_common/lib/color_led/color_led.o
                0x00000000200000a0                g_color_hex_codes
 .bss.button_press_history
                0x00000000200000f4       0x50 ./fw_common/lib/task/task_button_press.o
                0x00000000200000f4                button_press_history
 .bss.fast_press_count
                0x0000000020000144        0x1 ./fw_common/lib/task/task_button_press.o
                0x0000000020000144                fast_press_count
 .bss.task_button_press_major_change
                0x0000000020000145        0x1 ./fw_common/lib/task/task_button_press.o
                0x0000000020000145                task_button_press_major_change
 .bss.g_animate_led_pause_flag
                0x0000000020000146        0x1 ./fw_common/lib/task/task_button_press.o
                0x0000000020000146                g_animate_led_pause_flag
 .bss.g_animate_led_interrupt
                0x0000000020000147        0x1 ./fw_common/lib/task/task_button_press.o
                0x0000000020000147                g_animate_led_interrupt
 .bss.g_interrupt_flag
                0x0000000020000148        0x4 ./fw_common/lib/task/task_button_press.o
                0x0000000020000148                g_interrupt_flag
 .bss.g_master_led_state
                0x000000002000014c        0x1 ./fw_common/lib/task/task_led_ctrl.o
                0x000000002000014c                g_master_led_state
 .bss.g_master_color_state
                0x000000002000014d        0x1 ./fw_common/lib/task/task_led_ctrl.o
                0x000000002000014d                g_master_color_state
 .bss.g_animation_iterations
                0x000000002000014e        0x1 ./fw_common/lib/task/task_led_ctrl.o
                0x000000002000014e                g_animation_iterations
 *fill*         0x000000002000014f        0x1 
 .bss.g_strip_1
                0x0000000020000150      0x1c2 ./fw_common/lib/ws2812b_driver/ws2812b.o
                0x0000000020000150                g_strip_1
 .bss.g_num_leds
                0x0000000020000312        0x2 ./fw_common/lib/ws2812b_driver/ws2812b.o
                0x0000000020000312                g_num_leds
 .bss.g_all_strip_mask
                0x0000000020000314        0x2 ./fw_common/lib/ws2812b_driver/ws2812b.o
                0x0000000020000314                g_all_strip_mask
 .bss.g_max_strip_length