/Users/spud/Documents/GitHub/Spud_code_collection/STM32/stm32_workspace/common/lib/led/animate_led/animate_led.c:22:6:animate_led_show_strip	16	static
/Users/spud/Documents/GitHub/Spud_code_collection/STM32/stm32_workspace/common/lib/led/animate_led/animate_led.c:46:6:animate_led_set_pixel	40	static
/Users/spud/Documents/GitHub/Spud_code_collection/STM32/stm32_workspace/common/lib/led/animate_led/animate_led.c:59:6:animate_led_set_all_pixels	40	static
/Users/spud/Documents/GitHub/Spud_code_collection/STM32/stm32_workspace/common/lib/led/animate_led/animate_led.c:82:6:animate_led_multiple_solid_custom_colors	32	static
/Users/spud/Documents/GitHub/Spud_code_collection/STM32/stm32_workspace/common/lib/led/animate_led/animate_led.c:113:6:animate_led_solid_custom_color	24	static
/Users/spud/Documents/GitHub/Spud_code_collection/STM32/stm32_workspace/common/lib/led/animate_led/animate_led.c:130:6:animate_led_turn_all_pixels_off	8	static
/Users/spud/Documents/GitHub/Spud_code_collection/STM32/stm32_workspace/common/lib/led/animate_led/animate_led.c:145:6:animate_led_spell_and_sparkle	64	static
/Users/spud/Documents/GitHub/Spud_code_collection/STM32/stm32_workspace/common/lib/led/animate_led/animate_led.c:181:6:animate_led_spell_and_solid_color	64	static
/Users/spud/Documents/GitHub/Spud_code_collection/STM32/stm32_workspace/common/lib/led/animate_led/animate_led.c:209:6:animate_led_spell_word_multiple_colors	64	static
/Users/spud/Documents/GitHub/Spud_code_collection/STM32/stm32_workspace/common/lib/led/animate_led/animate_led.c:245:6:animate_led_only_spell_word	56	static
/Users/spud/Documents/GitHub/Spud_code_collection/STM32/stm32_workspace/common/lib/led/animate_led/animate_led.c:270:6:animate_led_fade_in_fade_out_multiple_colors	72	static
/Users/spud/Documents/GitHub/Spud_code_collection/STM32/stm32_workspace/common/lib/led/animate_led/animate_led.c:328:6:animate_led_fade_in_fade_out	56	static
/Users/spud/Documents/GitHub/Spud_code_collection/STM32/stm32_workspace/common/lib/led/animate_led/animate_led.c:364:6:animate_led_strobe	32	static
/Users/spud/Documents/GitHub/Spud_code_collection/STM32/stm32_workspace/common/lib/led/animate_led/animate_led.c:391:6:animate_led_twinkle_multiple_colors	72	static
/Users/spud/Documents/GitHub/Spud_code_collection/STM32/stm32_workspace/common/lib/led/animate_led/animate_led.c:435:6:animate_led_twinkle	64	static
/Users/spud/Documents/GitHub/Spud_code_collection/STM32/stm32_workspace/common/lib/led/animate_led/animate_led.c:463:6:animate_led_twinkle_random	56	static
/Users/spud/Documents/GitHub/Spud_code_collection/STM32/stm32_workspace/common/lib/led/animate_led/animate_led.c:480:6:animate_led_sparkle_only_random_color	72	static
/Users/spud/Documents/GitHub/Spud_code_collection/STM32/stm32_workspace/common/lib/led/animate_led/animate_led.c:499:6:animate_led_sparkle_random_color	56	static
/Users/spud/Documents/GitHub/Spud_code_collection/STM32/stm32_workspace/common/lib/led/animate_led/animate_led.c:511:6:animate_led_sparkle	48	static
/Users/spud/Documents/GitHub/Spud_code_collection/STM32/stm32_workspace/common/lib/led/animate_led/animate_led.c:528:6:animate_led_running_lights	72	static
/Users/spud/Documents/GitHub/Spud_code_collection/STM32/stm32_workspace/common/lib/led/animate_led/animate_led.c:557:6:animate_led_rainbow_cycle	56	static
/Users/spud/Documents/GitHub/Spud_code_collection/STM32/stm32_workspace/common/lib/led/animate_led/animate_led.c:579:10:animate_led_wheel	16	static
/Users/spud/Documents/GitHub/Spud_code_collection/STM32/stm32_workspace/common/lib/led/animate_led/animate_led.c:606:6:animate_led_theater_chase_multiple_colors	88	static
/Users/spud/Documents/GitHub/Spud_code_collection/STM32/stm32_workspace/common/lib/led/animate_led/animate_led.c:658:6:animate_led_theater_chase	64	static
/Users/spud/Documents/GitHub/Spud_code_collection/STM32/stm32_workspace/common/lib/led/animate_led/animate_led.c:697:6:animate_led_theater_chase_rainbow	72	static
