/Users/spud/Documents/GitHub/Spud_code_collection/STM32/stm32_workspace/common/lib/led/animate_led/animate_led.c:17:10:animate_led_wheel	16	static
/Users/spud/Documents/GitHub/Spud_code_collection/STM32/stm32_workspace/common/lib/led/animate_led/animate_led.c:54:6:animate_led_show_strip	16	static
/Users/spud/Documents/GitHub/Spud_code_collection/STM32/stm32_workspace/common/lib/led/animate_led/animate_led.c:71:6:animate_led_set_pixel	32	static
/Users/spud/Documents/GitHub/Spud_code_collection/STM32/stm32_workspace/common/lib/led/animate_led/animate_led.c:98:6:animate_led_set_pixels_in_range	32	static
/Users/spud/Documents/GitHub/Spud_code_collection/STM32/stm32_workspace/common/lib/led/animate_led/animate_led.c:109:6:animate_led_set_all_pixels	40	static
/Users/spud/Documents/GitHub/Spud_code_collection/STM32/stm32_workspace/common/lib/led/animate_led/animate_led.c:132:6:animate_led_solid_custom_color	24	static
/Users/spud/Documents/GitHub/Spud_code_collection/STM32/stm32_workspace/common/lib/led/animate_led/animate_led.c:151:6:animate_led_turn_all_pixels_off	8	static
/Users/spud/Documents/GitHub/Spud_code_collection/STM32/stm32_workspace/common/lib/led/animate_led/animate_led.c:157:6:animate_led_only_spell_word	56	static
/Users/spud/Documents/GitHub/Spud_code_collection/STM32/stm32_workspace/common/lib/led/animate_led/animate_led.c:187:6:animate_led_fade_in_fade_out	56	static
/Users/spud/Documents/GitHub/Spud_code_collection/STM32/stm32_workspace/common/lib/led/animate_led/animate_led.c:227:6:animate_led_strobe	32	static
/Users/spud/Documents/GitHub/Spud_code_collection/STM32/stm32_workspace/common/lib/led/animate_led/animate_led.c:254:6:animate_led_twinkle	64	static
/Users/spud/Documents/GitHub/Spud_code_collection/STM32/stm32_workspace/common/lib/led/animate_led/animate_led.c:284:6:animate_led_twinkle_random	56	static
/Users/spud/Documents/GitHub/Spud_code_collection/STM32/stm32_workspace/common/lib/led/animate_led/animate_led.c:301:6:animate_led_sparkle_only_random_color	72	static
/Users/spud/Documents/GitHub/Spud_code_collection/STM32/stm32_workspace/common/lib/led/animate_led/animate_led.c:320:6:animate_led_sparkle_random_color	56	static
/Users/spud/Documents/GitHub/Spud_code_collection/STM32/stm32_workspace/common/lib/led/animate_led/animate_led.c:332:6:animate_led_sparkle	48	static
/Users/spud/Documents/GitHub/Spud_code_collection/STM32/stm32_workspace/common/lib/led/animate_led/animate_led.c:349:6:animate_led_running_lights	72	static
/Users/spud/Documents/GitHub/Spud_code_collection/STM32/stm32_workspace/common/lib/led/animate_led/animate_led.c:378:6:animate_led_rainbow_cycle	48	static
/Users/spud/Documents/GitHub/Spud_code_collection/STM32/stm32_workspace/common/lib/led/animate_led/animate_led.c:400:6:animate_led_theater_chase	64	static
/Users/spud/Documents/GitHub/Spud_code_collection/STM32/stm32_workspace/common/lib/led/animate_led/animate_led.c:439:6:animate_led_theater_chase_rainbow	72	static
