/Users/spud/Documents/GitHub/Spud_code_collection/STM32/stm32_workspace/common/lib/led/animate_led/animate_led.c:17:10:animate_led_wheel	16	static
/Users/spud/Documents/GitHub/Spud_code_collection/STM32/stm32_workspace/common/lib/led/animate_led/animate_led.c:54:6:animate_led_show_strip	16	static
/Users/spud/Documents/GitHub/Spud_code_collection/STM32/stm32_workspace/common/lib/led/animate_led/animate_led.c:71:6:animate_led_set_pixel	40	static
/Users/spud/Documents/GitHub/Spud_code_collection/STM32/stm32_workspace/common/lib/led/animate_led/animate_led.c:84:6:animate_led_set_all_pixels	40	static
/Users/spud/Documents/GitHub/Spud_code_collection/STM32/stm32_workspace/common/lib/led/animate_led/animate_led.c:99:6:animate_led_solid_custom_color	24	static
/Users/spud/Documents/GitHub/Spud_code_collection/STM32/stm32_workspace/common/lib/led/animate_led/animate_led.c:116:6:animate_led_turn_all_pixels_off	8	static
/Users/spud/Documents/GitHub/Spud_code_collection/STM32/stm32_workspace/common/lib/led/animate_led/animate_led.c:122:6:animate_led_only_spell_word	56	static
/Users/spud/Documents/GitHub/Spud_code_collection/STM32/stm32_workspace/common/lib/led/animate_led/animate_led.c:149:6:animate_led_fade_in_fade_out	56	static
/Users/spud/Documents/GitHub/Spud_code_collection/STM32/stm32_workspace/common/lib/led/animate_led/animate_led.c:189:6:animate_led_strobe	32	static
/Users/spud/Documents/GitHub/Spud_code_collection/STM32/stm32_workspace/common/lib/led/animate_led/animate_led.c:216:6:animate_led_twinkle	64	static
/Users/spud/Documents/GitHub/Spud_code_collection/STM32/stm32_workspace/common/lib/led/animate_led/animate_led.c:246:6:animate_led_twinkle_random	56	static
/Users/spud/Documents/GitHub/Spud_code_collection/STM32/stm32_workspace/common/lib/led/animate_led/animate_led.c:263:6:animate_led_sparkle_only_random_color	72	static
/Users/spud/Documents/GitHub/Spud_code_collection/STM32/stm32_workspace/common/lib/led/animate_led/animate_led.c:282:6:animate_led_sparkle_random_color	56	static
/Users/spud/Documents/GitHub/Spud_code_collection/STM32/stm32_workspace/common/lib/led/animate_led/animate_led.c:294:6:animate_led_sparkle	48	static
/Users/spud/Documents/GitHub/Spud_code_collection/STM32/stm32_workspace/common/lib/led/animate_led/animate_led.c:311:6:animate_led_running_lights	72	static
/Users/spud/Documents/GitHub/Spud_code_collection/STM32/stm32_workspace/common/lib/led/animate_led/animate_led.c:340:6:animate_led_rainbow_cycle	56	static
/Users/spud/Documents/GitHub/Spud_code_collection/STM32/stm32_workspace/common/lib/led/animate_led/animate_led.c:362:6:animate_led_theater_chase	64	static
/Users/spud/Documents/GitHub/Spud_code_collection/STM32/stm32_workspace/common/lib/led/animate_led/animate_led.c:401:6:animate_led_theater_chase_rainbow	72	static
