/Users/spud/Documents/GitHub/Spud_code_collection/STM32/stm32_workspace/common/lib/led/animate_led/animate_led.c:22:6:animate_led_show_strip	16	static
/Users/spud/Documents/GitHub/Spud_code_collection/STM32/stm32_workspace/common/lib/led/animate_led/animate_led.c:44:6:animate_led_set_pixel	40	static
/Users/spud/Documents/GitHub/Spud_code_collection/STM32/stm32_workspace/common/lib/led/animate_led/animate_led.c:70:6:animate_led_set_all_pixels	48	static
/Users/spud/Documents/GitHub/Spud_code_collection/STM32/stm32_workspace/common/lib/led/animate_led/animate_led.c:105:6:animate_led_multiple_solid_custom_colors	32	static
/Users/spud/Documents/GitHub/Spud_code_collection/STM32/stm32_workspace/common/lib/led/animate_led/animate_led.c:136:6:animate_led_solid_custom_color	24	static
/Users/spud/Documents/GitHub/Spud_code_collection/STM32/stm32_workspace/common/lib/led/animate_led/animate_led.c:153:6:animate_led_turn_all_pixels_off	8	static
/Users/spud/Documents/GitHub/Spud_code_collection/STM32/stm32_workspace/common/lib/led/animate_led/animate_led.c:168:6:animate_led_spell_and_sparkle	64	static
/Users/spud/Documents/GitHub/Spud_code_collection/STM32/stm32_workspace/common/lib/led/animate_led/animate_led.c:204:6:animate_led_spell_and_solid_color	64	static
/Users/spud/Documents/GitHub/Spud_code_collection/STM32/stm32_workspace/common/lib/led/animate_led/animate_led.c:232:6:animate_led_spell_word_multiple_colors	64	static
/Users/spud/Documents/GitHub/Spud_code_collection/STM32/stm32_workspace/common/lib/led/animate_led/animate_led.c:268:6:animate_led_only_spell_word	56	static
/Users/spud/Documents/GitHub/Spud_code_collection/STM32/stm32_workspace/common/lib/led/animate_led/animate_led.c:293:6:animate_led_fade_in_fade_out_multiple_colors	72	static
/Users/spud/Documents/GitHub/Spud_code_collection/STM32/stm32_workspace/common/lib/led/animate_led/animate_led.c:351:6:animate_led_fade_in_fade_out	56	static
/Users/spud/Documents/GitHub/Spud_code_collection/STM32/stm32_workspace/common/lib/led/animate_led/animate_led.c:387:6:animate_led_strobe	32	static
/Users/spud/Documents/GitHub/Spud_code_collection/STM32/stm32_workspace/common/lib/led/animate_led/animate_led.c:414:6:animate_led_twinkle_multiple_colors	72	static
/Users/spud/Documents/GitHub/Spud_code_collection/STM32/stm32_workspace/common/lib/led/animate_led/animate_led.c:458:6:animate_led_twinkle	64	static
/Users/spud/Documents/GitHub/Spud_code_collection/STM32/stm32_workspace/common/lib/led/animate_led/animate_led.c:486:6:animate_led_twinkle_random	56	static
/Users/spud/Documents/GitHub/Spud_code_collection/STM32/stm32_workspace/common/lib/led/animate_led/animate_led.c:503:6:animate_led_sparkle_only_random_color	72	static
/Users/spud/Documents/GitHub/Spud_code_collection/STM32/stm32_workspace/common/lib/led/animate_led/animate_led.c:522:6:animate_led_sparkle_random_color	56	static
/Users/spud/Documents/GitHub/Spud_code_collection/STM32/stm32_workspace/common/lib/led/animate_led/animate_led.c:534:6:animate_led_sparkle	48	static
/Users/spud/Documents/GitHub/Spud_code_collection/STM32/stm32_workspace/common/lib/led/animate_led/animate_led.c:551:6:animate_led_running_lights	72	static
/Users/spud/Documents/GitHub/Spud_code_collection/STM32/stm32_workspace/common/lib/led/animate_led/animate_led.c:580:6:animate_led_rainbow_cycle	56	static
/Users/spud/Documents/GitHub/Spud_code_collection/STM32/stm32_workspace/common/lib/led/animate_led/animate_led.c:602:10:animate_led_wheel	16	static
/Users/spud/Documents/GitHub/Spud_code_collection/STM32/stm32_workspace/common/lib/led/animate_led/animate_led.c:629:6:animate_led_theater_chase_multiple_colors	80	static
/Users/spud/Documents/GitHub/Spud_code_collection/STM32/stm32_workspace/common/lib/led/animate_led/animate_led.c:681:6:animate_led_theater_chase	64	static
/Users/spud/Documents/GitHub/Spud_code_collection/STM32/stm32_workspace/common/lib/led/animate_led/animate_led.c:720:6:animate_led_theater_chase_rainbow	72	static
