Archive member included to satisfy reference by file (symbol)

/Applications/STM32CubeIDE.app/Contents/Eclipse/plugins/com.st.stm32cube.ide.mcu.externaltools.gnu-tools-for-stm32.10.3-2021.10.macos64_1.0.200.202301161003/tools/bin/../lib/gcc/arm-none-eabi/10.3.1/../../../../arm-none-eabi/lib/thumb/v7e-m+fp/hard/libc_nano.a(lib_a-errno.o)
                              ./src/bsp/stm32_bloat/syscalls.o (__errno)
/Applications/STM32CubeIDE.app/Contents/Eclipse/plugins/com.st.stm32cube.ide.mcu.externaltools.gnu-tools-for-stm32.10.3-2021.10.macos64_1.0.200.202301161003/tools/bin/../lib/gcc/arm-none-eabi/10.3.1/../../../../arm-none-eabi/lib/thumb/v7e-m+fp/hard/libc_nano.a(lib_a-exit.o)
                              /Applications/STM32CubeIDE.app/Contents/Eclipse/plugins/com.st.stm32cube.ide.mcu.externaltools.gnu-tools-for-stm32.10.3-2021.10.macos64_1.0.200.202301161003/tools/bin/../lib/gcc/arm-none-eabi/10.3.1/../../../../arm-none-eabi/lib/thumb/v7e-m+fp/hard/crt0.o (exit)
/Applications/STM32CubeIDE.app/Contents/Eclipse/plugins/com.st.stm32cube.ide.mcu.externaltools.gnu-tools-for-stm32.10.3-2021.10.macos64_1.0.200.202301161003/tools/bin/../lib/gcc/arm-none-eabi/10.3.1/../../../../arm-none-eabi/lib/thumb/v7e-m+fp/hard/libc_nano.a(lib_a-impure.o)
                              /Applications/STM32CubeIDE.app/Contents/Eclipse/plugins/com.st.stm32cube.ide.mcu.externaltools.gnu-tools-for-stm32.10.3-2021.10.macos64_1.0.200.202301161003/tools/bin/../lib/gcc/arm-none-eabi/10.3.1/../../../../arm-none-eabi/lib/thumb/v7e-m+fp/hard/libc_nano.a(lib_a-exit.o) (_global_impure_ptr)
/Applications/STM32CubeIDE.app/Contents/Eclipse/plugins/com.st.stm32cube.ide.mcu.externaltools.gnu-tools-for-stm32.10.3-2021.10.macos64_1.0.200.202301161003/tools/bin/../lib/gcc/arm-none-eabi/10.3.1/../../../../arm-none-eabi/lib/thumb/v7e-m+fp/hard/libc_nano.a(lib_a-init.o)
                              /Applications/STM32CubeIDE.app/Contents/Eclipse/plugins/com.st.stm32cube.ide.mcu.externaltools.gnu-tools-for-stm32.10.3-2021.10.macos64_1.0.200.202301161003/tools/bin/../lib/gcc/arm-none-eabi/10.3.1/../../../../arm-none-eabi/lib/thumb/v7e-m+fp/hard/crt0.o (__libc_init_array)
/Applications/STM32CubeIDE.app/Contents/Eclipse/plugins/com.st.stm32cube.ide.mcu.externaltools.gnu-tools-for-stm32.10.3-2021.10.macos64_1.0.200.202301161003/tools/bin/../lib/gcc/arm-none-eabi/10.3.1/../../../../arm-none-eabi/lib/thumb/v7e-m+fp/hard/libc_nano.a(lib_a-malloc.o)
                              ./fw_common/lib/ws2812b_driver/ws2812b.o (malloc)
/Applications/STM32CubeIDE.app/Contents/Eclipse/plugins/com.st.stm32cube.ide.mcu.externaltools.gnu-tools-for-stm32.10.3-2021.10.macos64_1.0.200.202301161003/tools/bin/../lib/gcc/arm-none-eabi/10.3.1/../../../../arm-none-eabi/lib/thumb/v7e-m+fp/hard/libc_nano.a(lib_a-memcmp.o)
                              ./src/flash/flash_info.o (memcmp)
/Applications/STM32CubeIDE.app/Contents/Eclipse/plugins/com.st.stm32cube.ide.mcu.externaltools.gnu-tools-for-stm32.10.3-2021.10.macos64_1.0.200.202301161003/tools/bin/../lib/gcc/arm-none-eabi/10.3.1/../../../../arm-none-eabi/lib/thumb/v7e-m+fp/hard/libc_nano.a(lib_a-memcpy-stub.o)
                              ./sdk/FreeRTOS/Source/CMSIS_RTOS_V2/cmsis_os2.o (memcpy)
/Applications/STM32CubeIDE.app/Contents/Eclipse/plugins/com.st.stm32cube.ide.mcu.externaltools.gnu-tools-for-stm32.10.3-2021.10.macos64_1.0.200.202301161003/tools/bin/../lib/gcc/arm-none-eabi/10.3.1/../../../../arm-none-eabi/lib/thumb/v7e-m+fp/hard/libc_nano.a(lib_a-memset.o)
                              /Applications/STM32CubeIDE.app/Contents/Eclipse/plugins/com.st.stm32cube.ide.mcu.externaltools.gnu-tools-for-stm32.10.3-2021.10.macos64_1.0.200.202301161003/tools/bin/../lib/gcc/arm-none-eabi/10.3.1/../../../../arm-none-eabi/lib/thumb/v7e-m+fp/hard/crt0.o (memset)
/Applications/STM32CubeIDE.app/Contents/Eclipse/plugins/com.st.stm32cube.ide.mcu.externaltools.gnu-tools-for-stm32.10.3-2021.10.macos64_1.0.200.202301161003/tools/bin/../lib/gcc/arm-none-eabi/10.3.1/../../../../arm-none-eabi/lib/thumb/v7e-m+fp/hard/libc_nano.a(lib_a-nano-freer.o)
                              /Applications/STM32CubeIDE.app/Contents/Eclipse/plugins/com.st.stm32cube.ide.mcu.externaltools.gnu-tools-for-stm32.10.3-2021.10.macos64_1.0.200.202301161003/tools/bin/../lib/gcc/arm-none-eabi/10.3.1/../../../../arm-none-eabi/lib/thumb/v7e-m+fp/hard/libc_nano.a(lib_a-malloc.o) (_free_r)
/Applications/STM32CubeIDE.app/Contents/Eclipse/plugins/com.st.stm32cube.ide.mcu.externaltools.gnu-tools-for-stm32.10.3-2021.10.macos64_1.0.200.202301161003/tools/bin/../lib/gcc/arm-none-eabi/10.3.1/../../../../arm-none-eabi/lib/thumb/v7e-m+fp/hard/libc_nano.a(lib_a-nano-mallocr.o)
[...]
Memory Configuration

Name             Origin             Length             Attributes
RAM              0x0000000020000000 0x0000000000010000 xrw
RAM2             0x0000000010000000 0x0000000000004000 xrw
FLASH            0x0000000008000000 0x0000000000040000 xr
*default*        0x0000000000000000 0xffffffffffffffff

Linker script and memory map

LOAD /Applications/STM32CubeIDE.app/Contents/Eclipse/plugins/com.st.stm32cube.ide.mcu.externaltools.gnu-tools-for-stm32.10.3-2021.10.macos64_1.0.200.202301161003/tools/bin/../lib/gcc/arm-none-eabi/10.3.1/thumb/v7e-m+fp/hard/crti.o
LOAD /Applications/STM32CubeIDE.app/Contents/Eclipse/plugins/com.st.stm32cube.ide.mcu.externaltools.gnu-tools-for-stm32.10.3-2021.10.macos64_1.0.200.202301161003/tools/bin/../lib/gcc/arm-none-eabi/10.3.1/thumb/v7e-m+fp/hard/crtbegin.o
LOAD /Applications/STM32CubeIDE.app/Contents/Eclipse/plugins/com.st.stm32cube.ide.mcu.externaltools.gnu-tools-for-stm32.10.3-2021.10.macos64_1.0.200.202301161003/tools/bin/../lib/gcc/arm-none-eabi/10.3.1/../../../../arm-none-eabi/lib/thumb/v7e-m+fp/hard/crt0.o
LOAD ./fw_common/lib/adafruit_soundboard/adafruit_soundboard.o
LOAD ./fw_common/lib/animate_led/animate_led.o
LOAD ./fw_common/lib/color_led/color_led.o
LOAD ./fw_common/lib/current_monitor/current_monitor.o
LOAD ./fw_common/lib/queue/packet_def.o
LOAD ./fw_common/lib/queue/packet_queue.o
LOAD ./fw_common/lib/semaphore/semaphore_create.o
LOAD ./fw_common/lib/task/task_button_press.o
LOAD ./fw_common/lib/task/task_led_ctrl.o
LOAD ./fw_common/lib/task/task_mn_wild.o
LOAD ./fw_common/lib/ws2812b_driver/ws2812b.o
LOAD ./sdk/FreeRTOS/Source/CMSIS_RTOS_V2/cmsis_os2.o
LOAD ./sdk/FreeRTOS/Source/croutine.o
LOAD ./sdk/FreeRTOS/Source/event_groups.o
LOAD ./sdk/FreeRTOS/Source/list.o
LOAD ./sdk/FreeRTOS/Source/queue.o
LOAD ./sdk/FreeRTOS/Source/stream_buffer.o
LOAD ./sdk/FreeRTOS/Source/tasks.o
LOAD ./sdk/FreeRTOS/Source/timers.o
LOAD ./sdk/FreeRTOS/Source/portable/GCC/ARM_CM4F/port.o
LOAD ./sdk/FreeRTOS/Source/portable/MemMang/heap_4.o
LOAD ./sdk/STM32L4xx_HAL_Driver/Src/stm32l4xx_hal.o
LOAD ./sdk/STM32L4xx_HAL_Driver/Src/stm32l4xx_hal_adc.o
LOAD ./sdk/STM32L4xx_HAL_Driver/Src/stm32l4xx_hal_adc_ex.o
LOAD ./sdk/STM32L4xx_HAL_Driver/Src/stm32l4xx_hal_cortex.o
LOAD ./sdk/STM32L4xx_HAL_Driver/Src/stm32l4xx_hal_dma.o
LOAD ./sdk/STM32L4xx_HAL_Driver/Src/stm32l4xx_hal_dma_ex.o
LOAD ./sdk/STM32L4xx_HAL_Driver/Src/stm32l4xx_hal_exti.o
LOAD ./sdk/STM32L4xx_HAL_Driver/Src/stm32l4xx_hal_flash.o
LOAD ./sdk/STM32L4xx_HAL_Driver/Src/stm32l4xx_hal_flash_ex.o
LOAD ./sdk/STM32L4xx_HAL_Driver/Src/stm32l4xx_hal_flash_ramfunc.o
LOAD ./sdk/STM32L4xx_HAL_Driver/Src/stm32l4xx_hal_gpio.o
LOAD ./sdk/STM32L4xx_HAL_Driver/Src/stm32l4xx_hal_i2c.o
LOAD ./sdk/STM32L4xx_HAL_Driver/Src/stm32l4xx_hal_i2c_ex.o
LOAD ./sdk/STM32L4xx_HAL_Driver/Src/stm32l4xx_hal_pwr.o
LOAD ./sdk/STM32L4xx_HAL_Driver/Src/stm32l4xx_hal_pwr_ex.o
LOAD ./sdk/STM32L4xx_HAL_Driver/Src/stm32l4xx_hal_rcc.o
LOAD ./sdk/STM32L4xx_HAL_Driver/Src/stm32l4xx_hal_rcc_ex.o
LOAD ./sdk/STM32L4xx_HAL_Driver/Src/stm32l4xx_hal_rtc.o
LOAD ./sdk/STM32L4xx_HAL_Driver/Src/stm32l4xx_hal_rtc_ex.o
LOAD ./sdk/STM32L4xx_HAL_Driver/Src/stm32l4xx_hal_spi.o
LOAD ./sdk/STM32L4xx_HAL_Driver/Src/stm32l4xx_hal_spi_ex.o
LOAD ./sdk/STM32L4xx_HAL_Driver/Src/stm32l4xx_hal_tim.o
LOAD ./sdk/STM32L4xx_HAL_Driver/Src/stm32l4xx_hal_tim_ex.o
LOAD ./sdk/STM32L4xx_HAL_Driver/Src/stm32l4xx_hal_uart.o
LOAD ./sdk/STM32L4xx_HAL_Driver/Src/stm32l4xx_hal_uart_ex.o
LOAD ./sdk/STM32L4xx_HAL_Driver/Src/stm32l4xx_hal_usart.o
LOAD ./sdk/STM32L4xx_HAL_Driver/Src/stm32l4xx_hal_usart_ex.o
LOAD ./src/bsp/board_init_common.o
LOAD ./src/bsp/serial_com.o
LOAD ./src/bsp/board_specific/board_init_spud_glo_v3/board_init_spud_glo_v3.o
LOAD ./src/bsp/board_specific/board_init_spud_glo_v4/board_init_spud_glo_v4.o
LOAD ./src/bsp/stm32_bloat/stm32l4xx_hal_msp.o
LOAD ./src/bsp/stm32_bloat/stm32l4xx_it.o
LOAD ./src/bsp/stm32_bloat/syscalls.o
LOAD ./src/bsp/stm32_bloat/sysmem.o
LOAD ./src/bsp/stm32_bloat/system_stm32l4xx.o
LOAD ./src/flash/flash_access.o
LOAD ./src/flash/flash_info.o
LOAD ./src/main.o
LOAD ./src/task/task_create.o
LOAD ./src/task/task_dma_transfer.o
LOAD ./src/util/numbers.o
LOAD ./src/util/version.o
LOAD ./startup/startup_stm32l431rctx.o
START GROUP
LOAD /Applications/STM32CubeIDE.app/Contents/Eclipse/plugins/com.st.stm32cube.ide.mcu.externaltools.gnu-tools-for-stm32.10.3-2021.10.macos64_1.0.200.202301161003/tools/bin/../lib/gcc/arm-none-eabi/10.3.1/../../../../arm-none-eabi/lib/thumb/v7e-m+fp/hard/libc_nano.a
LOAD /Applications/STM32CubeIDE.app/Contents/Eclipse/plugins/com.st.stm32cube.ide.mcu.externaltools.gnu-tools-for-stm32.10.3-2021.10.macos64_1.0.200.202301161003/tools/bin/../lib/gcc/arm-none-eabi/10.3.1/../../../../arm-none-eabi/lib/thumb/v7e-m+fp/hard/libm.a
END GROUP
START GROUP
LOAD /Applications/STM32CubeIDE.app/Contents/Eclipse/plugins/com.st.stm32cube.ide.mcu.externaltools.gnu-tools-for-stm32.10.3-2021.10.macos64_1.0.200.202301161003/tools/bin/../lib/gcc/arm-none-eabi/10.3.1/thumb/v7e-m+fp/hard/libgcc.a
LOAD /Applications/STM32CubeIDE.app/Contents/Eclipse/plugins/com.st.stm32cube.ide.mcu.externaltools.gnu-tools-for-stm32.10.3-2021.10.macos64_1.0.200.202301161003/tools/bin/../lib/gcc/arm-none-eabi/10.3.1/../../../../arm-none-eabi/lib/thumb/v7e-m+fp/hard/libc_nano.a
END GROUP
START GROUP
LOAD /Applications/STM32CubeIDE.app/Contents/Eclipse/plugins/com.st.stm32cube.ide.mcu.externaltools.gnu-tools-for-stm32.10.3-2021.10.macos64_1.0.200.202301161003/tools/bin/../lib/gcc/arm-none-eabi/10.3.1/thumb/v7e-m+fp/hard/libgcc.a
LOAD /Applications/STM32CubeIDE.app/Contents/Eclipse/plugins/com.st.stm32cube.ide.mcu.externaltools.gnu-tools-for-stm32.10.3-2021.10.macos64_1.0.200.202301161003/tools/bin/../lib/gcc/arm-none-eabi/10.3.1/../../../../arm-none-eabi/lib/thumb/v7e-m+fp/hard/libc_nano.a
LOAD /Applications/STM32CubeIDE.app/Contents/Eclipse/plugins/com.st.stm32cube.ide.mcu.externaltools.gnu-tools-for-stm32.10.3-2021.10.macos64_1.0.200.202301161003/tools/bin/../lib/gcc/arm-none-eabi/10.3.1/../../../../arm-none-eabi/lib/thumb/v7e-m+fp/hard/libnosys.a
END GROUP
START GROUP
LOAD /Applications/STM32CubeIDE.app/Contents/Eclipse/plugins/com.st.stm32cube.ide.mcu.externaltools.gnu-tools-for-stm32.10.3-2021.10.macos64_1.0.200.202301161003/tools/bin/../lib/gcc/arm-none-eabi/10.3.1/thumb/v7e-m+fp/hard/libgcc.a
LOAD /Applications/STM32CubeIDE.app/Contents/Eclipse/plugins/com.st.stm32cube.ide.mcu.externaltools.gnu-tools-for-stm32.10.3-2021.10.macos64_1.0.200.202301161003/tools/bin/../lib/gcc/arm-none-eabi/10.3.1/../../../../arm-none-eabi/lib/thumb/v7e-m+fp/hard/libc_nano.a
LOAD /Applications/STM32CubeIDE.app/Contents/Eclipse/plugins/com.st.stm32cube.ide.mcu.externaltools.gnu-tools-for-stm32.10.3-2021.10.macos64_1.0.200.202301161003/tools/bin/../lib/gcc/arm-none-eabi/10.3.1/../../../../arm-none-eabi/lib/thumb/v7e-m+fp/hard/libnosys.a
END GROUP
LOAD /Applications/STM32CubeIDE.app/Contents/Eclipse/plugins/com.st.stm32cube.ide.mcu.externaltools.gnu-tools-for-stm32.10.3-2021.10.macos64_1.0.200.202301161003/tools/bin/../lib/gcc/arm-none-eabi/10.3.1/thumb/v7e-m+fp/hard/crtend.o
LOAD /Applications/STM32CubeIDE.app/Contents/Eclipse/plugins/com.st.stm32cube.ide.mcu.externaltools.gnu-tools-for-stm32.10.3-2021.10.macos64_1.0.200.202301161003/tools/bin/../lib/gcc/arm-none-eabi/10.3.1/thumb/v7e-m+fp/hard/crtn.o
                0x0000000020010000                _estack = (ORIGIN (RAM) + LENGTH (RAM))
                0x0000000000000200                _Min_Heap_Size = 0x200
                0x0000000000000400                _Min_Stack_Size = 0x400

.isr_vector     0x0000000008000000      0x18c
                0x0000000008000000                . = ALIGN (0x4)
 *(.isr_vector)
 .isr_vector    0x0000000008000000      0x18c ./startup/startup_stm32l431rctx.o
                0x0000000008000000                g_pfnVectors
                0x000000000800018c                . = ALIGN (0x4)

.text           0x0000000008000190     0xb504
                0x0000000008000190                . = ALIGN (0x4)
 *(.text)
 .text          0x0000000008000190       0x40 /Applications/STM32CubeIDE.app/Contents/Eclipse/plugins/com.st.stm32cube.ide.mcu.externaltools.gnu-tools-for-stm32.10.3-2021.10.macos64_1.0.200.202301161003/tools/bin/../lib/gcc/arm-none-eabi/10.3.1/thumb/v7e-m+fp/hard/crtbegin.o
 .text          0x00000000080001d0       0xa0 /Applications/STM32CubeIDE.app/Contents/Eclipse/plugins/com.st.stm32cube.ide.mcu.externaltools.gnu-tools-for-stm32.10.3-2021.10.macos64_1.0.200.202301161003/tools/bin/../lib/gcc/arm-none-eabi/10.3.1/../../../../arm-none-eabi/lib/thumb/v7e-m+fp/hard/libc_nano.a(lib_a-memchr.o)
                0x00000000080001d0                memchr
 .text          0x0000000008000270      0x378 /Applications/STM32CubeIDE.app/Contents/Eclipse/plugins/com.st.stm32cube.ide.mcu.externaltools.gnu-tools-for-stm32.10.3-2021.10.macos64_1.0.200.202301161003/tools/bin/../lib/gcc/arm-none-eabi/10.3.1/thumb/v7e-m+fp/hard/libgcc.a(_arm_addsubdf3.o)
                0x0000000008000270                __aeabi_drsub
                0x0000000008000278                __subdf3
                0x0000000008000278                __aeabi_dsub
                0x000000000800027c                __aeabi_dadd
                0x000000000800027c                __adddf3
                0x00000000080004f4                __aeabi_ui2d
                0x00000000080004f4                __floatunsidf
                0x0000000008000514                __floatsidf
                0x0000000008000514                __aeabi_i2d
                0x0000000008000538                __extendsfdf2
                0x0000000008000538                __aeabi_f2d
                0x000000000800057c                __aeabi_ul2d
                0x000000000800057c                __floatundidf
                0x000000000800058c                __aeabi_l2d
                0x000000000800058c                __floatdidf
 .text          0x00000000080005e8      0x424 /Applications/STM32CubeIDE.app/Contents/Eclipse/plugins/com.st.stm32cube.ide.mcu.externaltools.gnu-tools-for-stm32.10.3-2021.10.macos64_1.0.200.202301161003/tools/bin/../lib/gcc/arm-none-eabi/10.3.1/thumb/v7e-m+fp/hard/libgcc.a(_arm_muldivdf3.o)
                0x00000000080005e8                __aeabi_dmul
                0x00000000080005e8                __muldf3
                0x000000000800083c                __aeabi_ddiv
                0x000000000800083c                __divdf3
 .text          0x0000000008000a0c       0xa0 /Applications/STM32CubeIDE.app/Contents/Eclipse/plugins/com.st.stm32cube.ide.mcu.externaltools.gnu-tools-for-stm32.10.3-2021.10.macos64_1.0.200.202301161003/tools/bin/../lib/gcc/arm-none-eabi/10.3.1/thumb/v7e-m+fp/hard/libgcc.a(_arm_truncdfsf2.o)
                0x0000000008000a0c                __aeabi_d2f
                0x0000000008000a0c                __truncdfsf2
 .text          0x0000000008000aac       0x30 /Applications/STM32CubeIDE.app/Contents/Eclipse/plugins/com.st.stm32cube.ide.mcu.externaltools.gnu-tools-for-stm32.10.3-2021.10.macos64_1.0.200.202301161003/tools/bin/../lib/gcc/arm-none-eabi/10.3.1/thumb/v7e-m+fp/hard/libgcc.a(_aeabi_uldivmod.o)
                0x0000000008000aac                __aeabi_uldivmod
 .text          0x0000000008000adc      0x2d0 /Applications/STM32CubeIDE.app/Contents/Eclipse/plugins/com.st.stm32cube.ide.mcu.externaltools.gnu-tools-for-stm32.10.3-2021.10.macos64_1.0.200.202301161003/tools/bin/../lib/gcc/arm-none-eabi/10.3.1/thumb/v7e-m+fp/hard/libgcc.a(_udivmoddi4.o)
                0x0000000008000adc                __udivmoddi4
 .text          0x0000000008000dac        0x4 /Applications/STM32CubeIDE.app/Contents/Eclipse/plugins/com.st.stm32cube.ide.mcu.externaltools.gnu-tools-for-stm32.10.3-2021.10.macos64_1.0.200.202301161003/tools/bin/../lib/gcc/arm-none-eabi/10.3.1/thumb/v7e-m+fp/hard/libgcc.a(_dvmd_tls.o)
                0x0000000008000dac                __aeabi_ldiv0
                0x0000000008000dac                __aeabi_idiv0
 *(.text*)
 .text.animate_led_show_strip
                0x0000000008000db0       0x20 ./fw_common/lib/animate_led/animate_led.o
                0x0000000008000db0                animate_led_show_strip
 .text.animate_led_set_pixel
                0x0000000008000dd0       0xa8 ./fw_common/lib/animate_led/animate_led.o
                0x0000000008000dd0                animate_led_set_pixel
 .text.animate_led_set_all_pixels
                0x0000000008000e78       0xd4 ./fw_common/lib/animate_led/animate_led.o
                0x0000000008000e78                animate_led_set_all_pixels
 .text.animate_led_solid_custom_color
                0x0000000008000f4c       0x44 ./fw_common/lib/animate_led/animate_led.o
                0x0000000008000f4c                animate_led_solid_custom_color
 .text.animate_led_turn_all_pixels_off
                0x0000000008000f90       0x14 ./fw_common/lib/animate_led/animate_led.o
                0x0000000008000f90                animate_led_turn_all_pixels_off
 .text.animate_led_only_spell_word
                0x0000000008000fa4       0xc0 ./fw_common/lib/animate_led/animate_led.o
                0x0000000008000fa4                animate_led_only_spell_word
 .text.animate_led_fade_in_fade_out
                0x0000000008001064      0x284 ./fw_common/lib/animate_led/animate_led.o
                0x0000000008001064                animate_led_fade_in_fade_out
 .text.animate_led_twinkle
                0x00000000080012e8       0xe8 ./fw_common/lib/animate_led/animate_led.o
                0x00000000080012e8                animate_led_twinkle
 .text.animate_led_sparkle_only_random_color
                0x00000000080013d0      0x124 ./fw_common/lib/animate_led/animate_led.o
                0x00000000080013d0                animate_led_sparkle_only_random_color
 .text.animate_led_rainbow_cycle
                0x00000000080014f4      0x11a ./fw_common/lib/animate_led/animate_led.o
                0x00000000080014f4                animate_led_rainbow_cycle
 *fill*         0x000000000800160e        0x2 
 .text.animate_led_wheel
                0x0000000008001610       0xac ./fw_common/lib/animate_led/animate_led.o
                0x0000000008001610                animate_led_wheel
 .text.animate_led_theater_chase
                0x00000000080016bc      0x144 ./fw_common/lib/animate_led/animate_led.o
                0x00000000080016bc                animate_led_theater_chase
 .text.animate_led_theater_chase_rainbow
                0x0000000008001800      0x15c ./fw_common/lib/animate_led/animate_led.o
                0x0000000008001800                animate_led_theater_chase_rainbow
 .text.color_led_init
                0x000000000800195c       0xcc ./fw_common/lib/color_led/color_led.o
                0x000000000800195c                color_led_init
 .text.color_led_hex_to_rgb
                0x0000000008001a28       0x36 ./fw_common/lib/color_led/color_led.o
                0x0000000008001a28                color_led_hex_to_rgb
 *fill*         0x0000000008001a5e        0x2 
 .text.current_monitor_ratio
                0x0000000008001a60       0x1c ./fw_common/lib/current_monitor/current_monitor.o
                0x0000000008001a60                current_monitor_ratio
 .text.current_monitor_init
                0x0000000008001a7c       0x68 ./fw_common/lib/current_monitor/current_monitor.o
                0x0000000008001a7c                current_monitor_init
 .text.semaphore_create
                0x0000000008001ae4       0x64 ./fw_common/lib/semaphore/semaphore_create.o
                0x0000000008001ae4                semaphore_create
 .text.task_button_press_interrupt_occurred
                0x0000000008001b48       0x18 ./fw_common/lib/task/task_button_press.o
                0x0000000008001b48                task_button_press_interrupt_occurred
 .text.task_button_press_ctrl_interrupt_flag
                0x0000000008001b60       0x34 ./fw_common/lib/task/task_button_press.o
                0x0000000008001b60                task_button_press_ctrl_interrupt_flag
 .text.task_button_press_check_interrupts
                0x0000000008001b94       0x94 ./fw_common/lib/task/task_button_press.o
                0x0000000008001b94                task_button_press_check_interrupts
 .text.task_button_press_interrupt_flag_clear
                0x0000000008001c28       0x18 ./fw_common/lib/task/task_button_press.o
                0x0000000008001c28                task_button_press_interrupt_flag_clear
 .text.task_led_ctrl_adjust_parameters
                0x0000000008001c40       0x80 ./fw_common/lib/task/task_led_ctrl.o
 .text.task_led_ctrl_strip_one
                0x0000000008001cc0      0x114 ./fw_common/lib/task/task_led_ctrl.o
                0x0000000008001cc0                task_led_ctrl_strip_one
 .text.task_led_ctrl_delay
                0x0000000008001dd4       0x2a ./fw_common/lib/task/task_led_ctrl.o
                0x0000000008001dd4                task_led_ctrl_delay
 *fill*         0x0000000008001dfe        0x2 
 .text.task_led_ctrl_color_state
                0x0000000008001e00       0x18 ./fw_common/lib/task/task_led_ctrl.o
                0x0000000008001e00                task_led_ctrl_color_state
 .text.task_led_ctrl_color_hex
                0x0000000008001e18       0x24 ./fw_common/lib/task/task_led_ctrl.o
                0x0000000008001e18                task_led_ctrl_color_hex
 .text.task_led_ctrl_color_red_hex
                0x0000000008001e3c       0x50 ./fw_common/lib/task/task_led_ctrl.o
                0x0000000008001e3c                task_led_ctrl_color_red_hex
 .text.task_led_ctrl_color_green_hex
                0x0000000008001e8c       0x50 ./fw_common/lib/task/task_led_ctrl.o
                0x0000000008001e8c                task_led_ctrl_color_green_hex
 .text.task_led_ctrl_color_blue_hex
                0x0000000008001edc       0x4c ./fw_common/lib/task/task_led_ctrl.o
                0x0000000008001edc                task_led_ctrl_color_blue_hex
 .text.task_led_ctrl_color_random
                0x0000000008001f28       0x4c ./fw_common/lib/task/task_led_ctrl.o
                0x0000000008001f28                task_led_ctrl_color_random
 .text.task_led_ctrl_speed
                0x0000000008001f74       0x68 ./fw_common/lib/task/task_led_ctrl.o
                0x0000000008001f74                task_led_ctrl_speed
 .text.reset_ws2812b
                0x0000000008001fdc       0x34 ./fw_common/lib/ws2812b_driver/ws2812b.o
                0x0000000008001fdc                reset_ws2812b
 .text.ws2812_convert_strip_num_to_strip_bit
                0x0000000008002010       0x1c ./fw_common/lib/ws2812b_driver/ws2812b.o
 .text.ws2812_convert_strip_bit_to_strip_num
                0x000000000800202c       0x1c ./fw_common/lib/ws2812b_driver/ws2812b.o
 .text.ws2812_get_pwm_strip_offset
                0x0000000008002048       0x68 ./fw_common/lib/ws2812b_driver/ws2812b.o
                0x0000000008002048                ws2812_get_pwm_strip_offset
 .text.ws2812_get_strip_size
                0x00000000080020b0       0x44 ./fw_common/lib/ws2812b_driver/ws2812b.o
                0x00000000080020b0                ws2812_get_strip_size
 .text.ws2812_get_num_active_animation_leds
                0x00000000080020f4       0x40 ./fw_common/lib/ws2812b_driver/ws2812b.o
                0x00000000080020f4                ws2812_get_num_active_animation_leds
 .text.ws2812_led_get_max_strip_size
                0x0000000008002134       0x44 ./fw_common/lib/ws2812b_driver/ws2812b.o
                0x0000000008002134                ws2812_led_get_max_strip_size
 .text.ws2812_pixel_is_in_strip_range
                0x0000000008002178       0x32 ./fw_common/lib/ws2812b_driver/ws2812b.o
                0x0000000008002178                ws2812_pixel_is_in_strip_range
 *fill*         0x00000000080021aa        0x2 
 .text.ws2812b_set_led
                0x00000000080021ac       0xd8 ./fw_common/lib/ws2812b_driver/ws2812b.o
                0x00000000080021ac                ws2812b_set_led
 .text.ws2812b_fill_pwm_buffer_strip_one
                0x0000000008002284      0x148 ./fw_common/lib/ws2812b_driver/ws2812b.o
                0x0000000008002284                ws2812b_fill_pwm_buffer_strip_one
 .text.ws2812b_init
                0x00000000080023cc       0xe8 ./fw_common/lib/ws2812b_driver/ws2812b.o
                0x00000000080023cc                ws2812b_init
 .text.ws2812b_show_strip_one
                0x00000000080024b4        0xc ./fw_common/lib/ws2812b_driver/ws2812b.o
                0x00000000080024b4                ws2812b_show_strip_one
 .text.__NVIC_SetPriority
                0x00000000080024c0       0x54 ./sdk/FreeRTOS/Source/CMSIS_RTOS_V2/cmsis_os2.o
 .text.SVC_Setup
                0x0000000008002514       0x12 ./sdk/FreeRTOS/Source/CMSIS_RTOS_V2/cmsis_os2.o
 *fill*         0x0000000008002526        0x2 
 .text.osKernelInitialize
                0x0000000008002528       0x48 ./sdk/FreeRTOS/Source/CMSIS_RTOS_V2/cmsis_os2.o
                0x0000000008002528                osKernelInitialize
 .text.osKernelStart
                0x0000000008002570       0x4c ./sdk/FreeRTOS/Source/CMSIS_RTOS_V2/cmsis_os2.o
                0x0000000008002570                osKernelStart
 .text.osThreadNew
                0x00000000080025bc      0x124 ./sdk/FreeRTOS/Source/CMSIS_RTOS_V2/cmsis_os2.o
                0x00000000080025bc                osThreadNew
 .text.osDelay  0x00000000080026e0       0x36 ./sdk/FreeRTOS/Source/CMSIS_RTOS_V2/cmsis_os2.o
                0x00000000080026e0                osDelay
 *fill*         0x0000000008002716        0x2 
 .text.vApplicationGetIdleTaskMemory
                0x0000000008002718       0x34 ./sdk/FreeRTOS/Source/CMSIS_RTOS_V2/cmsis_os2.o
                0x0000000008002718                vApplicationGetIdleTaskMemory
 .text.vApplicationGetTimerTaskMemory
                0x000000000800274c       0x34 ./sdk/FreeRTOS/Source/CMSIS_RTOS_V2/cmsis_os2.o
                0x000000000800274c                vApplicationGetTimerTaskMemory
 .text.vListInitialise
                0x0000000008002780       0x40 ./sdk/FreeRTOS/Source/list.o
                0x0000000008002780                vListInitialise
 .text.vListInitialiseItem
                0x00000000080027c0       0x1a ./sdk/FreeRTOS/Source/list.o
                0x00000000080027c0                vListInitialiseItem
 .text.vListInsertEnd
                0x00000000080027da       0x48 ./sdk/FreeRTOS/Source/list.o
                0x00000000080027da                vListInsertEnd
 .text.vListInsert
                0x0000000008002822       0x72 ./sdk/FreeRTOS/Source/list.o
                0x0000000008002822                vListInsert
 .text.uxListRemove
                0x0000000008002894       0x54 ./sdk/FreeRTOS/Source/list.o
                0x0000000008002894                uxListRemove
 .text.xQueueGenericReset
                0x00000000080028e8       0xd0 ./sdk/FreeRTOS/Source/queue.o
                0x00000000080028e8                xQueueGenericReset
 .text.xQueueGenericCreateStatic
                0x00000000080029b8       0xf0 ./sdk/FreeRTOS/Source/queue.o
                0x00000000080029b8                xQueueGenericCreateStatic
 .text.prvInitialiseNewQueue
                0x0000000008002aa8       0x46 ./sdk/FreeRTOS/Source/queue.o
 *fill*         0x0000000008002aee        0x2 
 .text.xQueueGenericSend
                0x0000000008002af0      0x1fc ./sdk/FreeRTOS/Source/queue.o
                0x0000000008002af0                xQueueGenericSend
 .text.xQueueGenericSendFromISR
                0x0000000008002cec      0x136 ./sdk/FreeRTOS/Source/queue.o
                0x0000000008002cec                xQueueGenericSendFromISR
 *fill*         0x0000000008002e22        0x2 
 .text.xQueueReceive
                0x0000000008002e24      0x1c0 ./sdk/FreeRTOS/Source/queue.o
                0x0000000008002e24                xQueueReceive
 .text.prvCopyDataToQueue
                0x0000000008002fe4       0xd4 ./sdk/FreeRTOS/Source/queue.o
 .text.prvCopyDataFromQueue
                0x00000000080030b8       0x4c ./sdk/FreeRTOS/Source/queue.o
 .text.prvUnlockQueue
                0x0000000008003104       0xa4 ./sdk/FreeRTOS/Source/queue.o
 .text.prvIsQueueEmpty
                0x00000000080031a8       0x2c ./sdk/FreeRTOS/Source/queue.o
 .text.prvIsQueueFull
                0x00000000080031d4       0x30 ./sdk/FreeRTOS/Source/queue.o
 .text.vQueueAddToRegistry
                0x0000000008003204       0x54 ./sdk/FreeRTOS/Source/queue.o
                0x0000000008003204                vQueueAddToRegistry
 .text.vQueueWaitForMessageRestricted
                0x0000000008003258       0x68 ./sdk/FreeRTOS/Source/queue.o
                0x0000000008003258                vQueueWaitForMessageRestricted
 .text.xTaskCreateStatic
                0x00000000080032c0       0xba ./sdk/FreeRTOS/Source/tasks.o
                0x00000000080032c0                xTaskCreateStatic
 .text.xTaskCreate
                0x000000000800337a       0x8a ./sdk/FreeRTOS/Source/tasks.o
                0x000000000800337a                xTaskCreate
 .text.prvInitialiseNewTask
                0x0000000008003404      0x11e ./sdk/FreeRTOS/Source/tasks.o
 *fill*         0x0000000008003522        0x2 
 .text.prvAddNewTaskToReadyList
                0x0000000008003524       0xe0 ./sdk/FreeRTOS/Source/tasks.o
 .text.vTaskDelay
                0x0000000008003604       0x68 ./sdk/FreeRTOS/Source/tasks.o
                0x0000000008003604                vTaskDelay
 .text.vTaskStartScheduler
                0x000000000800366c       0xcc ./sdk/FreeRTOS/Source/tasks.o
                0x000000000800366c                vTaskStartScheduler
 .text.vTaskSuspendAll
                0x0000000008003738       0x1c ./sdk/FreeRTOS/Source/tasks.o
                0x0000000008003738                vTaskSuspendAll
 .text.xTaskResumeAll
                0x0000000008003754      0x13c ./sdk/FreeRTOS/Source/tasks.o
                0x0000000008003754                xTaskResumeAll
 .text.xTaskGetTickCount
                0x0000000008003890       0x20 ./sdk/FreeRTOS/Source/tasks.o
                0x0000000008003890                xTaskGetTickCount
 .text.xTaskGetTickCountFromISR
                0x00000000080038b0       0x24 ./sdk/FreeRTOS/Source/tasks.o
                0x00000000080038b0                xTaskGetTickCountFromISR
 .text.xTaskIncrementTick
                0x00000000080038d4      0x174 ./sdk/FreeRTOS/Source/tasks.o
                0x00000000080038d4                xTaskIncrementTick
 .text.vTaskSwitchContext
                0x0000000008003a48       0xbc ./sdk/FreeRTOS/Source/tasks.o
                0x0000000008003a48                vTaskSwitchContext
 .text.vTaskPlaceOnEventList
                0x0000000008003b04       0x48 ./sdk/FreeRTOS/Source/tasks.o
                0x0000000008003b04                vTaskPlaceOnEventList
 .text.vTaskPlaceOnEventListRestricted
                0x0000000008003b4c       0x58 ./sdk/FreeRTOS/Source/tasks.o
                0x0000000008003b4c                vTaskPlaceOnEventListRestricted
 .text.xTaskRemoveFromEventList
                0x0000000008003ba4       0xc8 ./sdk/FreeRTOS/Source/tasks.o
                0x0000000008003ba4                xTaskRemoveFromEventList
 .text.vTaskInternalSetTimeOutState
                0x0000000008003c6c       0x2c ./sdk/FreeRTOS/Source/tasks.o
                0x0000000008003c6c                vTaskInternalSetTimeOutState
 .text.xTaskCheckForTimeOut
                0x0000000008003c98       0xc4 ./sdk/FreeRTOS/Source/tasks.o
                0x0000000008003c98                xTaskCheckForTimeOut
 .text.vTaskMissedYield
                0x0000000008003d5c       0x18 ./sdk/FreeRTOS/Source/tasks.o
                0x0000000008003d5c                vTaskMissedYield
 .text.prvIdleTask
                0x0000000008003d74       0x30 ./sdk/FreeRTOS/Source/tasks.o
 .text.prvInitialiseTaskLists
                0x0000000008003da4       0x80 ./sdk/FreeRTOS/Source/tasks.o
 .text.prvCheckTasksWaitingTermination
                0x0000000008003e24       0x5c ./sdk/FreeRTOS/Source/tasks.o
 .text.prvDeleteTCB
                0x0000000008003e80       0x5e ./sdk/FreeRTOS/Source/tasks.o
 *fill*         0x0000000008003ede        0x2 
 .text.prvResetNextTaskUnblockTime
                0x0000000008003ee0       0x40 ./sdk/FreeRTOS/Source/tasks.o
 .text.xTaskGetSchedulerState
                0x0000000008003f20       0x3c ./sdk/FreeRTOS/Source/tasks.o
                0x0000000008003f20                xTaskGetSchedulerState
 .text.xTaskPriorityDisinherit
                0x0000000008003f5c       0xdc ./sdk/FreeRTOS/Source/tasks.o
                0x0000000008003f5c                xTaskPriorityDisinherit
 .text.xTaskNotifyWait
                0x0000000008004038       0xb4 ./sdk/FreeRTOS/Source/tasks.o
                0x0000000008004038                xTaskNotifyWait
 .text.xTaskGenericNotifyFromISR
                0x00000000080040ec      0x1b8 ./sdk/FreeRTOS/Source/tasks.o
                0x00000000080040ec                xTaskGenericNotifyFromISR
 .text.prvAddCurrentTaskToDelayedList
                0x00000000080042a4       0xa8 ./sdk/FreeRTOS/Source/tasks.o
 .text.xTimerCreateTimerTask
                0x000000000800434c       0x90 ./sdk/FreeRTOS/Source/timers.o
                0x000000000800434c                xTimerCreateTimerTask
 .text.xTimerGenericCommand
                0x00000000080043dc       0x9c ./sdk/FreeRTOS/Source/timers.o
                0x00000000080043dc                xTimerGenericCommand
 .text.prvProcessExpiredTimer
                0x0000000008004478       0x98 ./sdk/FreeRTOS/Source/timers.o
 .text.prvTimerTask
                0x0000000008004510       0x24 ./sdk/FreeRTOS/Source/timers.o
 .text.prvProcessTimerOrBlockTask
                0x0000000008004534       0x9c ./sdk/FreeRTOS/Source/timers.o
 .text.prvGetNextExpireTime
                0x00000000080045d0       0x48 ./sdk/FreeRTOS/Source/timers.o
 .text.prvSampleTimeNow
                0x0000000008004618       0x40 ./sdk/FreeRTOS/Source/timers.o
 .text.prvInsertTimerInActiveList
                0x0000000008004658       0x84 ./sdk/FreeRTOS/Source/timers.o
 .text.prvProcessReceivedCommands
                0x00000000080046dc      0x1c4 ./sdk/FreeRTOS/Source/timers.o
 .text.prvSwitchTimerLists
                0x00000000080048a0       0xc8 ./sdk/FreeRTOS/Source/timers.o
 .text.prvCheckForValidListAndQueue
                0x0000000008004968       0x80 ./sdk/FreeRTOS/Source/timers.o
 .text.pxPortInitialiseStack
                0x00000000080049e8       0x68 ./sdk/FreeRTOS/Source/portable/GCC/ARM_CM4F/port.o
                0x00000000080049e8                pxPortInitialiseStack
 .text.prvTaskExitError
                0x0000000008004a50       0x58 ./sdk/FreeRTOS/Source/portable/GCC/ARM_CM4F/port.o
 *fill*         0x0000000008004aa8        0x8 
 .text.SVC_Handler
                0x0000000008004ab0       0x28 ./sdk/FreeRTOS/Source/portable/GCC/ARM_CM4F/port.o
                0x0000000008004ab0                SVC_Handler
 .text.prvPortStartFirstTask
                0x0000000008004ad8       0x28 ./sdk/FreeRTOS/Source/portable/GCC/ARM_CM4F/port.o
 .text.xPortStartScheduler
                0x0000000008004b00      0x144 ./sdk/FreeRTOS/Source/portable/GCC/ARM_CM4F/port.o
                0x0000000008004b00                xPortStartScheduler
 .text.vPortEnterCritical
                0x0000000008004c44       0x60 ./sdk/FreeRTOS/Source/portable/GCC/ARM_CM4F/port.o
                0x0000000008004c44                vPortEnterCritical
 .text.vPortExitCritical
                0x0000000008004ca4       0x54 ./sdk/FreeRTOS/Source/portable/GCC/ARM_CM4F/port.o
                0x0000000008004ca4                vPortExitCritical
 *fill*         0x0000000008004cf8        0x8 
 .text.PendSV_Handler
                0x0000000008004d00       0x68 ./sdk/FreeRTOS/Source/portable/GCC/ARM_CM4F/port.o
                0x0000000008004d00                PendSV_Handler
 .text.vPortSetupTimerInterrupt
                0x0000000008004d68       0x48 ./sdk/FreeRTOS/Source/portable/GCC/ARM_CM4F/port.o
                0x0000000008004d68                vPortSetupTimerInterrupt
 .text.vPortEnableVFP
                0x0000000008004db0       0x14 ./sdk/FreeRTOS/Source/portable/GCC/ARM_CM4F/port.o
 .text.vPortValidateInterruptPriority
                0x0000000008004dc4       0x80 ./sdk/FreeRTOS/Source/portable/GCC/ARM_CM4F/port.o
                0x0000000008004dc4                vPortValidateInterruptPriority
 .text.pvPortMalloc
                0x0000000008004e44      0x198 ./sdk/FreeRTOS/Source/portable/MemMang/heap_4.o
                0x0000000008004e44                pvPortMalloc
 .text.vPortFree
                0x0000000008004fdc       0xc4 ./sdk/FreeRTOS/Source/portable/MemMang/heap_4.o
                0x0000000008004fdc                vPortFree
 .text.prvHeapInit
                0x00000000080050a0       0xc4 ./sdk/FreeRTOS/Source/portable/MemMang/heap_4.o
 .text.prvInsertBlockIntoFreeList
                0x0000000008005164       0xb4 ./sdk/FreeRTOS/Source/portable/MemMang/heap_4.o
 .text.HAL_Init
                0x0000000008005218       0x30 ./sdk/STM32L4xx_HAL_Driver/Src/stm32l4xx_hal.o
                0x0000000008005218                HAL_Init
 .text.HAL_InitTick
                0x0000000008005248       0x78 ./sdk/STM32L4xx_HAL_Driver/Src/stm32l4xx_hal.o
                0x0000000008005248                HAL_InitTick
 .text.HAL_IncTick
                0x00000000080052c0       0x28 ./sdk/STM32L4xx_HAL_Driver/Src/stm32l4xx_hal.o
                0x00000000080052c0                HAL_IncTick
 .text.HAL_GetTick
                0x00000000080052e8       0x18 ./sdk/STM32L4xx_HAL_Driver/Src/stm32l4xx_hal.o
                0x00000000080052e8                HAL_GetTick
 .text.HAL_Delay
                0x0000000008005300       0x48 ./sdk/STM32L4xx_HAL_Driver/Src/stm32l4xx_hal.o
                0x0000000008005300                HAL_Delay
 .text.HAL_GetUIDw0
                0x0000000008005348       0x18 ./sdk/STM32L4xx_HAL_Driver/Src/stm32l4xx_hal.o
                0x0000000008005348                HAL_GetUIDw0
 .text.HAL_GetUIDw1
                0x0000000008005360       0x18 ./sdk/STM32L4xx_HAL_Driver/Src/stm32l4xx_hal.o
                0x0000000008005360                HAL_GetUIDw1
 .text.HAL_GetUIDw2
                0x0000000008005378       0x18 ./sdk/STM32L4xx_HAL_Driver/Src/stm32l4xx_hal.o
                0x0000000008005378                HAL_GetUIDw2
 .text.__NVIC_SetPriorityGrouping
                0x0000000008005390       0x48 ./sdk/STM32L4xx_HAL_Driver/Src/stm32l4xx_hal_cortex.o
 .text.__NVIC_GetPriorityGrouping
                0x00000000080053d8       0x1c ./sdk/STM32L4xx_HAL_Driver/Src/stm32l4xx_hal_cortex.o
 .text.__NVIC_EnableIRQ
                0x00000000080053f4       0x3c ./sdk/STM32L4xx_HAL_Driver/Src/stm32l4xx_hal_cortex.o
 .text.__NVIC_DisableIRQ
                0x0000000008005430       0x48 ./sdk/STM32L4xx_HAL_Driver/Src/stm32l4xx_hal_cortex.o
 .text.__NVIC_SetPriority
                0x0000000008005478       0x54 ./sdk/STM32L4xx_HAL_Driver/Src/stm32l4xx_hal_cortex.o
 .text.NVIC_EncodePriority
                0x00000000080054cc       0x66 ./sdk/STM32L4xx_HAL_Driver/Src/stm32l4xx_hal_cortex.o
 *fill*         0x0000000008005532        0x2 
 .text.SysTick_Config
                0x0000000008005534       0x44 ./sdk/STM32L4xx_HAL_Driver/Src/stm32l4xx_hal_cortex.o
 .text.HAL_NVIC_SetPriorityGrouping
                0x0000000008005578       0x16 ./sdk/STM32L4xx_HAL_Driver/Src/stm32l4xx_hal_cortex.o
                0x0000000008005578                HAL_NVIC_SetPriorityGrouping
 .text.HAL_NVIC_SetPriority
                0x000000000800558e       0x38 ./sdk/STM32L4xx_HAL_Driver/Src/stm32l4xx_hal_cortex.o
                0x000000000800558e                HAL_NVIC_SetPriority
 .text.HAL_NVIC_EnableIRQ
                0x00000000080055c6       0x1c ./sdk/STM32L4xx_HAL_Driver/Src/stm32l4xx_hal_cortex.o
                0x00000000080055c6                HAL_NVIC_EnableIRQ
 .text.HAL_NVIC_DisableIRQ
                0x00000000080055e2       0x1c ./sdk/STM32L4xx_HAL_Driver/Src/stm32l4xx_hal_cortex.o
                0x00000000080055e2                HAL_NVIC_DisableIRQ
 .text.HAL_SYSTICK_Config
                0x00000000080055fe       0x18 ./sdk/STM32L4xx_HAL_Driver/Src/stm32l4xx_hal_cortex.o
                0x00000000080055fe                HAL_SYSTICK_Config
 *fill*         0x0000000008005616        0x2 
 .text.HAL_DMA_Init
                0x0000000008005618      0x170 ./sdk/STM32L4xx_HAL_Driver/Src/stm32l4xx_hal_dma.o
                0x0000000008005618                HAL_DMA_Init
 .text.HAL_DMA_Start_IT
                0x0000000008005788       0xc0 ./sdk/STM32L4xx_HAL_Driver/Src/stm32l4xx_hal_dma.o
                0x0000000008005788                HAL_DMA_Start_IT
 .text.HAL_DMA_Abort_IT
                0x0000000008005848       0x82 ./sdk/STM32L4xx_HAL_Driver/Src/stm32l4xx_hal_dma.o
                0x0000000008005848                HAL_DMA_Abort_IT
 .text.HAL_DMA_IRQHandler
                0x00000000080058ca      0x15e ./sdk/STM32L4xx_HAL_Driver/Src/stm32l4xx_hal_dma.o
                0x00000000080058ca                HAL_DMA_IRQHandler
 .text.HAL_DMA_RegisterCallback
                0x0000000008005a28       0x90 ./sdk/STM32L4xx_HAL_Driver/Src/stm32l4xx_hal_dma.o
                0x0000000008005a28                HAL_DMA_RegisterCallback
 .text.DMA_SetConfig
                0x0000000008005ab8       0x60 ./sdk/STM32L4xx_HAL_Driver/Src/stm32l4xx_hal_dma.o
 .text.HAL_GPIO_Init
                0x0000000008005b18      0x2f4 ./sdk/STM32L4xx_HAL_Driver/Src/stm32l4xx_hal_gpio.o
                0x0000000008005b18                HAL_GPIO_Init
 .text.HAL_GPIO_WritePin
                0x0000000008005e0c       0x30 ./sdk/STM32L4xx_HAL_Driver/Src/stm32l4xx_hal_gpio.o
                0x0000000008005e0c                HAL_GPIO_WritePin
 .text.HAL_GPIO_EXTI_IRQHandler
                0x0000000008005e3c       0x30 ./sdk/STM32L4xx_HAL_Driver/Src/stm32l4xx_hal_gpio.o
                0x0000000008005e3c                HAL_GPIO_EXTI_IRQHandler
 .text.HAL_GPIO_EXTI_Callback
                0x0000000008005e6c       0x16 ./sdk/STM32L4xx_HAL_Driver/Src/stm32l4xx_hal_gpio.o
                0x0000000008005e6c                HAL_GPIO_EXTI_Callback
 *fill*         0x0000000008005e82        0x2 
 .text.HAL_PWR_EnableBkUpAccess
                0x0000000008005e84       0x20 ./sdk/STM32L4xx_HAL_Driver/Src/stm32l4xx_hal_pwr.o
                0x0000000008005e84                HAL_PWR_EnableBkUpAccess
 .text.HAL_PWR_ConfigPVD
                0x0000000008005ea4       0xc0 ./sdk/STM32L4xx_HAL_Driver/Src/stm32l4xx_hal_pwr.o
                0x0000000008005ea4                HAL_PWR_ConfigPVD
 .text.HAL_PWR_EnablePVD
                0x0000000008005f64       0x20 ./sdk/STM32L4xx_HAL_Driver/Src/stm32l4xx_hal_pwr.o
                0x0000000008005f64                HAL_PWR_EnablePVD
 .text.HAL_PWREx_GetVoltageRange
                0x0000000008005f84       0x1c ./sdk/STM32L4xx_HAL_Driver/Src/stm32l4xx_hal_pwr_ex.o
                0x0000000008005f84                HAL_PWREx_GetVoltageRange
 .text.HAL_PWREx_ControlVoltageScaling
                0x0000000008005fa0       0xac ./sdk/STM32L4xx_HAL_Driver/Src/stm32l4xx_hal_pwr_ex.o
                0x0000000008005fa0                HAL_PWREx_ControlVoltageScaling
 .text.HAL_RCC_OscConfig
                0x000000000800604c      0x828 ./sdk/STM32L4xx_HAL_Driver/Src/stm32l4xx_hal_rcc.o
                0x000000000800604c                HAL_RCC_OscConfig
 .text.HAL_RCC_ClockConfig
                0x0000000008006874      0x200 ./sdk/STM32L4xx_HAL_Driver/Src/stm32l4xx_hal_rcc.o
                0x0000000008006874                HAL_RCC_ClockConfig
 .text.HAL_RCC_GetSysClockFreq
                0x0000000008006a74      0x118 ./sdk/STM32L4xx_HAL_Driver/Src/stm32l4xx_hal_rcc.o
                0x0000000008006a74                HAL_RCC_GetSysClockFreq
 .text.HAL_RCC_GetHCLKFreq
                0x0000000008006b8c       0x18 ./sdk/STM32L4xx_HAL_Driver/Src/stm32l4xx_hal_rcc.o
                0x0000000008006b8c                HAL_RCC_GetHCLKFreq
 .text.HAL_RCC_GetPCLK1Freq
                0x0000000008006ba4       0x2c ./sdk/STM32L4xx_HAL_Driver/Src/stm32l4xx_hal_rcc.o
                0x0000000008006ba4                HAL_RCC_GetPCLK1Freq
 .text.HAL_RCC_GetPCLK2Freq
                0x0000000008006bd0       0x2c ./sdk/STM32L4xx_HAL_Driver/Src/stm32l4xx_hal_rcc.o
                0x0000000008006bd0                HAL_RCC_GetPCLK2Freq
 .text.RCC_SetFlashLatencyFromMSIRange
                0x0000000008006bfc       0xc0 ./sdk/STM32L4xx_HAL_Driver/Src/stm32l4xx_hal_rcc.o
 .text.HAL_RCCEx_PeriphCLKConfig
                0x0000000008006cbc      0x430 ./sdk/STM32L4xx_HAL_Driver/Src/stm32l4xx_hal_rcc_ex.o
                0x0000000008006cbc                HAL_RCCEx_PeriphCLKConfig
 .text.RCCEx_PLLSAI1_Config
                0x00000000080070ec      0x1e4 ./sdk/STM32L4xx_HAL_Driver/Src/stm32l4xx_hal_rcc_ex.o
 .text.HAL_SPI_Init
                0x00000000080072d0      0x146 ./sdk/STM32L4xx_HAL_Driver/Src/stm32l4xx_hal_spi.o
                0x00000000080072d0                HAL_SPI_Init
 .text.HAL_SPI_MspInit
                0x0000000008007416       0x14 ./sdk/STM32L4xx_HAL_Driver/Src/stm32l4xx_hal_spi.o
                0x0000000008007416                HAL_SPI_MspInit
 .text.HAL_TIM_Base_Init
                0x000000000800742a       0xae ./sdk/STM32L4xx_HAL_Driver/Src/stm32l4xx_hal_tim.o
                0x000000000800742a                HAL_TIM_Base_Init
 .text.HAL_TIM_PWM_Init
                0x00000000080074d8       0xae ./sdk/STM32L4xx_HAL_Driver/Src/stm32l4xx_hal_tim.o
                0x00000000080074d8                HAL_TIM_PWM_Init
 *fill*         0x0000000008007586        0x2 
 .text.HAL_TIM_PWM_Start_DMA
                0x0000000008007588      0x3f0 ./sdk/STM32L4xx_HAL_Driver/Src/stm32l4xx_hal_tim.o
                0x0000000008007588                HAL_TIM_PWM_Start_DMA
 .text.HAL_TIM_PWM_Stop_DMA
                0x0000000008007978      0x1d0 ./sdk/STM32L4xx_HAL_Driver/Src/stm32l4xx_hal_tim.o
                0x0000000008007978                HAL_TIM_PWM_Stop_DMA
 .text.HAL_TIM_PWM_ConfigChannel
                0x0000000008007b48      0x228 ./sdk/STM32L4xx_HAL_Driver/Src/stm32l4xx_hal_tim.o
                0x0000000008007b48                HAL_TIM_PWM_ConfigChannel
 .text.HAL_TIM_ConfigClockSource
                0x0000000008007d70      0x192 ./sdk/STM32L4xx_HAL_Driver/Src/stm32l4xx_hal_tim.o
                0x0000000008007d70                HAL_TIM_ConfigClockSource
 .text.HAL_TIM_PWM_PulseFinishedHalfCpltCallback
                0x0000000008007f02       0x14 ./sdk/STM32L4xx_HAL_Driver/Src/stm32l4xx_hal_tim.o
                0x0000000008007f02                HAL_TIM_PWM_PulseFinishedHalfCpltCallback
 .text.HAL_TIM_ErrorCallback
                0x0000000008007f16       0x14 ./sdk/STM32L4xx_HAL_Driver/Src/stm32l4xx_hal_tim.o
                0x0000000008007f16                HAL_TIM_ErrorCallback
 .text.TIM_DMAError
                0x0000000008007f2a       0x92 ./sdk/STM32L4xx_HAL_Driver/Src/stm32l4xx_hal_tim.o
                0x0000000008007f2a                TIM_DMAError
 .text.TIM_DMADelayPulseCplt
                0x0000000008007fbc       0xa8 ./sdk/STM32L4xx_HAL_Driver/Src/stm32l4xx_hal_tim.o
 .text.TIM_DMADelayPulseHalfCplt
                0x0000000008008064       0x68 ./sdk/STM32L4xx_HAL_Driver/Src/stm32l4xx_hal_tim.o
                0x0000000008008064                TIM_DMADelayPulseHalfCplt
 .text.TIM_Base_SetConfig
                0x00000000080080cc       0xc8 ./sdk/STM32L4xx_HAL_Driver/Src/stm32l4xx_hal_tim.o
                0x00000000080080cc                TIM_Base_SetConfig
 .text.TIM_OC1_SetConfig
                0x0000000008008194       0xf8 ./sdk/STM32L4xx_HAL_Driver/Src/stm32l4xx_hal_tim.o
 .text.TIM_OC2_SetConfig
                0x000000000800828c       0xf4 ./sdk/STM32L4xx_HAL_Driver/Src/stm32l4xx_hal_tim.o
                0x000000000800828c                TIM_OC2_SetConfig
 .text.TIM_OC3_SetConfig
                0x0000000008008380       0xf0 ./sdk/STM32L4xx_HAL_Driver/Src/stm32l4xx_hal_tim.o
 .text.TIM_OC4_SetConfig
                0x0000000008008470       0xbc ./sdk/STM32L4xx_HAL_Driver/Src/stm32l4xx_hal_tim.o
 .text.TIM_OC5_SetConfig
                0x000000000800852c       0xb0 ./sdk/STM32L4xx_HAL_Driver/Src/stm32l4xx_hal_tim.o
 .text.TIM_OC6_SetConfig
                0x00000000080085dc       0xb4 ./sdk/STM32L4xx_HAL_Driver/Src/stm32l4xx_hal_tim.o
 .text.TIM_TI1_ConfigInputStage
                0x0000000008008690       0x5e ./sdk/STM32L4xx_HAL_Driver/Src/stm32l4xx_hal_tim.o
 .text.TIM_TI2_ConfigInputStage
                0x00000000080086ee       0x60 ./sdk/STM32L4xx_HAL_Driver/Src/stm32l4xx_hal_tim.o
 .text.TIM_ITRx_SetConfig
                0x000000000800874e       0x36 ./sdk/STM32L4xx_HAL_Driver/Src/stm32l4xx_hal_tim.o
 .text.TIM_ETR_SetConfig
                0x0000000008008784       0x40 ./sdk/STM32L4xx_HAL_Driver/Src/stm32l4xx_hal_tim.o
                0x0000000008008784                TIM_ETR_SetConfig
 .text.TIM_CCxChannelCmd
                0x00000000080087c4       0x4a ./sdk/STM32L4xx_HAL_Driver/Src/stm32l4xx_hal_tim.o
                0x00000000080087c4                TIM_CCxChannelCmd
 *fill*         0x000000000800880e        0x2 
 .text.HAL_TIMEx_MasterConfigSynchronization
                0x0000000008008810       0xcc ./sdk/STM32L4xx_HAL_Driver/Src/stm32l4xx_hal_tim_ex.o
                0x0000000008008810                HAL_TIMEx_MasterConfigSynchronization
 .text.HAL_TIMEx_ConfigBreakDeadTime
                0x00000000080088dc       0xf0 ./sdk/STM32L4xx_HAL_Driver/Src/stm32l4xx_hal_tim_ex.o
                0x00000000080088dc                HAL_TIMEx_ConfigBreakDeadTime
 .text.HAL_UART_Init
                0x00000000080089cc       0x9c ./sdk/STM32L4xx_HAL_Driver/Src/stm32l4xx_hal_uart.o
                0x00000000080089cc                HAL_UART_Init
 .text.HAL_UART_DeInit
                0x0000000008008a68       0x72 ./sdk/STM32L4xx_HAL_Driver/Src/stm32l4xx_hal_uart.o
                0x0000000008008a68                HAL_UART_DeInit
 .text.HAL_UART_MspInit
                0x0000000008008ada       0x14 ./sdk/STM32L4xx_HAL_Driver/Src/stm32l4xx_hal_uart.o
                0x0000000008008ada                HAL_UART_MspInit
 .text.HAL_UART_MspDeInit
                0x0000000008008aee       0x14 ./sdk/STM32L4xx_HAL_Driver/Src/stm32l4xx_hal_uart.o
                0x0000000008008aee                HAL_UART_MspDeInit
 *fill*         0x0000000008008b02        0x2 
 .text.UART_SetConfig
                0x0000000008008b04      0x4b4 ./sdk/STM32L4xx_HAL_Driver/Src/stm32l4xx_hal_uart.o
                0x0000000008008b04                UART_SetConfig
 .text.UART_AdvFeatureConfig
                0x0000000008008fb8      0x144 ./sdk/STM32L4xx_HAL_Driver/Src/stm32l4xx_hal_uart.o
                0x0000000008008fb8                UART_AdvFeatureConfig
 .text.UART_CheckIdleState
                0x00000000080090fc       0x92 ./sdk/STM32L4xx_HAL_Driver/Src/stm32l4xx_hal_uart.o
                0x00000000080090fc                UART_CheckIdleState
 .text.UART_WaitOnFlagUntilTimeout
                0x000000000800918e      0x188 ./sdk/STM32L4xx_HAL_Driver/Src/stm32l4xx_hal_uart.o
                0x000000000800918e                UART_WaitOnFlagUntilTimeout
 *fill*         0x0000000008009316        0x2 
 .text.SystemClock_Config
                0x0000000008009318       0xfc ./src/bsp/board_init_common.o
 .text.board_init_common_timer_init
                0x0000000008009414      0x1d4 ./src/bsp/board_init_common.o
 .text.board_init_common_nvic_setup_interrupts
                0x00000000080095e8       0xb4 ./src/bsp/board_init_common.o
 .text.board_init_common_setup_wakeups
                0x000000000800969c       0x58 ./src/bsp/board_init_common.o
 .text.board_init_port_wakeup
                0x00000000080096f4       0xb4 ./src/bsp/board_init_common.o
 .text.board_init_common_board_init
                0x00000000080097a8       0x8c ./src/bsp/board_init_common.o
                0x00000000080097a8                board_init_common_board_init
 .text.Error_Handler
                0x0000000008009834        0xa ./src/bsp/board_init_common.o
                0x0000000008009834                Error_Handler
 *fill*         0x000000000800983e        0x2 
 .text.serial_com_init_spi
                0x0000000008009840       0x34 ./src/bsp/serial_com.o
                0x0000000008009840                serial_com_init_spi
 .text.serial_com_init_usart
                0x0000000008009874       0x20 ./src/bsp/serial_com.o
                0x0000000008009874                serial_com_init_usart
 .text.board_init_usart_setup
                0x0000000008009894       0xa4 ./src/bsp/board_specific/board_init_spud_glo_v4/board_init_spud_glo_v4.o
 .text.board_init_spi_setup
                0x0000000008009938       0x42 ./src/bsp/board_specific/board_init_spud_glo_v4/board_init_spud_glo_v4.o
 .text.board_init_peripheral_setup
                0x000000000800997a       0x10 ./src/bsp/board_specific/board_init_spud_glo_v4/board_init_spud_glo_v4.o
 *fill*         0x000000000800998a        0x2 
 .text.board_init_specific
                0x000000000800998c      0x100 ./src/bsp/board_specific/board_init_spud_glo_v4/board_init_spud_glo_v4.o
                0x000000000800998c                board_init_specific
 .text.HAL_Set_DMA_Callbacks
                0x0000000008009a8c       0x54 ./src/bsp/stm32_bloat/stm32l4xx_hal_msp.o
 .text.HAL_MspInit
                0x0000000008009ae0       0x64 ./src/bsp/stm32_bloat/stm32l4xx_hal_msp.o
                0x0000000008009ae0                HAL_MspInit
 .text.HAL_TIM_Base_MspInit
                0x0000000008009b44      0x1f4 ./src/bsp/stm32_bloat/stm32l4xx_hal_msp.o
                0x0000000008009b44                HAL_TIM_Base_MspInit
 .text.HAL_TIM_PWM_MspInit
                0x0000000008009d38       0xc0 ./src/bsp/stm32_bloat/stm32l4xx_hal_msp.o
                0x0000000008009d38                HAL_TIM_PWM_MspInit
 .text.NMI_Handler
                0x0000000008009df8       0x28 ./src/bsp/stm32_bloat/stm32l4xx_it.o
                0x0000000008009df8                NMI_Handler
 .text.HardFault_Handler
                0x0000000008009e20       0x28 ./src/bsp/stm32_bloat/stm32l4xx_it.o
                0x0000000008009e20                HardFault_Handler
 .text.MemManage_Handler
                0x0000000008009e48       0x28 ./src/bsp/stm32_bloat/stm32l4xx_it.o
                0x0000000008009e48                MemManage_Handler
 .text.BusFault_Handler
                0x0000000008009e70       0x28 ./src/bsp/stm32_bloat/stm32l4xx_it.o
                0x0000000008009e70                BusFault_Handler
 .text.UsageFault_Handler
                0x0000000008009e98       0x28 ./src/bsp/stm32_bloat/stm32l4xx_it.o
                0x0000000008009e98                UsageFault_Handler
 .text.DebugMon_Handler
                0x0000000008009ec0        0xe ./src/bsp/stm32_bloat/stm32l4xx_it.o
                0x0000000008009ec0                DebugMon_Handler
 .text.SysTick_Handler
                0x0000000008009ece        0xc ./src/bsp/stm32_bloat/stm32l4xx_it.o
                0x0000000008009ece                SysTick_Handler
 *fill*         0x0000000008009eda        0x2 
 .text.EXTI0_IRQHandler
                0x0000000008009edc       0x48 ./src/bsp/stm32_bloat/stm32l4xx_it.o
                0x0000000008009edc                EXTI0_IRQHandler
 .text.EXTI2_IRQHandler
                0x0000000008009f24       0x48 ./src/bsp/stm32_bloat/stm32l4xx_it.o
                0x0000000008009f24                EXTI2_IRQHandler
 .text.EXTI15_10_IRQHandler
                0x0000000008009f6c       0x48 ./src/bsp/stm32_bloat/stm32l4xx_it.o
                0x0000000008009f6c                EXTI15_10_IRQHandler
 .text.EXTI9_5_IRQHandler
                0x0000000008009fb4       0x48 ./src/bsp/stm32_bloat/stm32l4xx_it.o
                0x0000000008009fb4                EXTI9_5_IRQHandler
 .text.HAL_DMA_CMPLT_CALLBACK
                0x0000000008009ffc        0xa ./src/bsp/stm32_bloat/stm32l4xx_it.o
                0x0000000008009ffc                HAL_DMA_CMPLT_CALLBACK
 *fill*         0x000000000800a006        0x2 
 .text.HAL_TIM_PWM_PulseFinishedCallback
                0x000000000800a008       0x64 ./src/bsp/stm32_bloat/stm32l4xx_it.o
                0x000000000800a008                HAL_TIM_PWM_PulseFinishedCallback
 .text.DMA1_Channel2_IRQHandler
                0x000000000800a06c       0x14 ./src/bsp/stm32_bloat/stm32l4xx_it.o
                0x000000000800a06c                DMA1_Channel2_IRQHandler
 .text.DMA1_Channel3_IRQHandler
                0x000000000800a080       0x14 ./src/bsp/stm32_bloat/stm32l4xx_it.o
                0x000000000800a080                DMA1_Channel3_IRQHandler
 .text.DMA1_Channel5_IRQHandler
                0x000000000800a094       0x14 ./src/bsp/stm32_bloat/stm32l4xx_it.o
                0x000000000800a094                DMA1_Channel5_IRQHandler
 .text.DMA1_Channel6_IRQHandler
                0x000000000800a0a8       0x14 ./src/bsp/stm32_bloat/stm32l4xx_it.o
                0x000000000800a0a8                DMA1_Channel6_IRQHandler
 .text.DMA1_Channel7_IRQHandler
                0x000000000800a0bc       0x14 ./src/bsp/stm32_bloat/stm32l4xx_it.o
                0x000000000800a0bc                DMA1_Channel7_IRQHandler
 .text._getpid  0x000000000800a0d0       0x10 ./src/bsp/stm32_bloat/syscalls.o
                0x000000000800a0d0                _getpid
 .text._kill    0x000000000800a0e0       0x20 ./src/bsp/stm32_bloat/syscalls.o
                0x000000000800a0e0                _kill
 .text._exit    0x000000000800a100       0x14 ./src/bsp/stm32_bloat/syscalls.o
                0x000000000800a100                _exit
 .text._read    0x000000000800a114       0x3a ./src/bsp/stm32_bloat/syscalls.o
                0x000000000800a114                _read
 .text._write   0x000000000800a14e       0x38 ./src/bsp/stm32_bloat/syscalls.o
                0x000000000800a14e                _write
 .text._close   0x000000000800a186       0x18 ./src/bsp/stm32_bloat/syscalls.o
                0x000000000800a186                _close
 .text._fstat   0x000000000800a19e       0x20 ./src/bsp/stm32_bloat/syscalls.o
                0x000000000800a19e                _fstat
 .text._isatty  0x000000000800a1be       0x16 ./src/bsp/stm32_bloat/syscalls.o
                0x000000000800a1be                _isatty
 .text._lseek   0x000000000800a1d4       0x1a ./src/bsp/stm32_bloat/syscalls.o
                0x000000000800a1d4                _lseek
 *fill*         0x000000000800a1ee        0x2 
 .text._sbrk    0x000000000800a1f0       0x6c ./src/bsp/stm32_bloat/sysmem.o
                0x000000000800a1f0                _sbrk
 .text.SystemInit
                0x000000000800a25c       0x24 ./src/bsp/stm32_bloat/system_stm32l4xx.o
                0x000000000800a25c                SystemInit
 .text.flash_info_block_init
                0x000000000800a280       0x58 ./src/flash/flash_info.o
                0x000000000800a280                flash_info_block_init
 .text.flash_info_init
                0x000000000800a2d8       0x44 ./src/flash/flash_info.o
                0x000000000800a2d8                flash_info_init
 .text.main     0x000000000800a31c       0x22 ./src/main.o
                0x000000000800a31c                main
 *fill*         0x000000000800a33e        0x2 
 .text.task_create
                0x000000000800a340       0x50 ./src/task/task_create.o
                0x000000000800a340                task_create
 .text.task_dma_transfer
                0x000000000800a390       0xb4 ./src/task/task_dma_transfer.o
                0x000000000800a390                task_dma_transfer
 .text.random_num
                0x000000000800a444       0x2e ./src/util/numbers.o
                0x000000000800a444                random_num
 *fill*         0x000000000800a472        0x2 
 .text.Reset_Handler
                0x000000000800a474       0x50 ./startup/startup_stm32l431rctx.o
                0x000000000800a474                Reset_Handler
 .text.Default_Handler
                0x000000000800a4c4        0x2 ./startup/startup_stm32l431rctx.o
                0x000000000800a4c4                TIM1_BRK_TIM15_IRQHandler
                0x000000000800a4c4                TIM1_CC_IRQHandler
                0x000000000800a4c4                TSC_IRQHandler
                0x000000000800a4c4                TAMP_STAMP_IRQHandler
                0x000000000800a4c4                EXTI3_IRQHandler
                0x000000000800a4c4                LPTIM2_IRQHandler
                0x000000000800a4c4                I2C3_ER_IRQHandler
                0x000000000800a4c4                I2C2_EV_IRQHandler
                0x000000000800a4c4                CAN1_RX0_IRQHandler
                0x000000000800a4c4                FPU_IRQHandler
                0x000000000800a4c4                TIM1_UP_TIM16_IRQHandler
                0x000000000800a4c4                SPI1_IRQHandler
                0x000000000800a4c4                TIM6_DAC_IRQHandler
                0x000000000800a4c4                DMA2_Channel2_IRQHandler
                0x000000000800a4c4                DMA1_Channel4_IRQHandler
                0x000000000800a4c4                ADC1_IRQHandler
                0x000000000800a4c4                USART3_IRQHandler
                0x000000000800a4c4                CAN1_RX1_IRQHandler
                0x000000000800a4c4                DMA2_Channel1_IRQHandler
                0x000000000800a4c4                QUADSPI_IRQHandler
                0x000000000800a4c4                I2C1_EV_IRQHandler
                0x000000000800a4c4                DMA2_Channel4_IRQHandler
                0x000000000800a4c4                RCC_IRQHandler
                0x000000000800a4c4                TIM1_TRG_COM_IRQHandler
                0x000000000800a4c4                DMA1_Channel1_IRQHandler
                0x000000000800a4c4                Default_Handler
                0x000000000800a4c4                DMA2_Channel7_IRQHandler
                0x000000000800a4c4                TIM7_IRQHandler
                0x000000000800a4c4                SDMMC1_IRQHandler
                0x000000000800a4c4                I2C3_EV_IRQHandler
                0x000000000800a4c4                RTC_WKUP_IRQHandler
                0x000000000800a4c4                PVD_PVM_IRQHandler
                0x000000000800a4c4                SPI2_IRQHandler
                0x000000000800a4c4                CAN1_TX_IRQHandler
                0x000000000800a4c4                DMA2_Channel5_IRQHandler
                0x000000000800a4c4                CRS_IRQHandler
                0x000000000800a4c4                EXTI4_IRQHandler
                0x000000000800a4c4                RNG_IRQHandler
                0x000000000800a4c4                COMP_IRQHandler
                0x000000000800a4c4                WWDG_IRQHandler
                0x000000000800a4c4                LPUART1_IRQHandler
                0x000000000800a4c4                DMA2_Channel6_IRQHandler
                0x000000000800a4c4                TIM2_IRQHandler
                0x000000000800a4c4                EXTI1_IRQHandler
                0x000000000800a4c4                USART2_IRQHandler
                0x000000000800a4c4                I2C2_ER_IRQHandler
                0x000000000800a4c4                CAN1_SCE_IRQHandler
                0x000000000800a4c4                FLASH_IRQHandler
                0x000000000800a4c4                USART1_IRQHandler
                0x000000000800a4c4                SPI3_IRQHandler
                0x000000000800a4c4                I2C1_ER_IRQHandler
                0x000000000800a4c4                SWPMI1_IRQHandler
                0x000000000800a4c4                LPTIM1_IRQHandler
                0x000000000800a4c4                SAI1_IRQHandler
                0x000000000800a4c4                DMA2_Channel3_IRQHandler
                0x000000000800a4c4                RTC_Alarm_IRQHandler
 *fill*         0x000000000800a4c6        0x2 
 .text.__errno  0x000000000800a4c8        0xc /Applications/STM32CubeIDE.app/Contents/Eclipse/plugins/com.st.stm32cube.ide.mcu.externaltools.gnu-tools-for-stm32.10.3-2021.10.macos64_1.0.200.202301161003/tools/bin/../lib/gcc/arm-none-eabi/10.3.1/../../../../arm-none-eabi/lib/thumb/v7e-m+fp/hard/libc_nano.a(lib_a-errno.o)
                0x000000000800a4c8                __errno
 .text.__libc_init_array
                0x000000000800a4d4       0x48 /Applications/STM32CubeIDE.app/Contents/Eclipse/plugins/com.st.stm32cube.ide.mcu.externaltools.gnu-tools-for-stm32.10.3-2021.10.macos64_1.0.200.202301161003/tools/bin/../lib/gcc/arm-none-eabi/10.3.1/../../../../arm-none-eabi/lib/thumb/v7e-m+fp/hard/libc_nano.a(lib_a-init.o)
                0x000000000800a4d4                __libc_init_array
 .text.malloc   0x000000000800a51c       0x10 /Applications/STM32CubeIDE.app/Contents/Eclipse/plugins/com.st.stm32cube.ide.mcu.externaltools.gnu-tools-for-stm32.10.3-2021.10.macos64_1.0.200.202301161003/tools/bin/../lib/gcc/arm-none-eabi/10.3.1/../../../../arm-none-eabi/lib/thumb/v7e-m+fp/hard/libc_nano.a(lib_a-malloc.o)
                0x000000000800a51c                malloc
 .text.memcpy   0x000000000800a52c       0x1c /Applications/STM32CubeIDE.app/Contents/Eclipse/plugins/com.st.stm32cube.ide.mcu.externaltools.gnu-tools-for-stm32.10.3-2021.10.macos64_1.0.200.202301161003/tools/bin/../lib/gcc/arm-none-eabi/10.3.1/../../../../arm-none-eabi/lib/thumb/v7e-m+fp/hard/libc_nano.a(lib_a-memcpy-stub.o)
                0x000000000800a52c                memcpy
 .text.memset   0x000000000800a548       0x10 /Applications/STM32CubeIDE.app/Contents/Eclipse/plugins/com.st.stm32cube.ide.mcu.externaltools.gnu-tools-for-stm32.10.3-2021.10.macos64_1.0.200.202301161003/tools/bin/../lib/gcc/arm-none-eabi/10.3.1/../../../../arm-none-eabi/lib/thumb/v7e-m+fp/hard/libc_nano.a(lib_a-memset.o)
                0x000000000800a548                memset
 .text._free_r  0x000000000800a558       0x98 /Applications/STM32CubeIDE.app/Contents/Eclipse/plugins/com.st.stm32cube.ide.mcu.externaltools.gnu-tools-for-stm32.10.3-2021.10.macos64_1.0.200.202301161003/tools/bin/../lib/gcc/arm-none-eabi/10.3.1/../../../../arm-none-eabi/lib/thumb/v7e-m+fp/hard/libc_nano.a(lib_a-nano-freer.o)
                0x000000000800a558                _free_r
 .text.sbrk_aligned
                0x000000000800a5f0       0x40 /Applications/STM32CubeIDE.app/Contents/Eclipse/plugins/com.st.stm32cube.ide.mcu.externaltools.gnu-tools-for-stm32.10.3-2021.10.macos64_1.0.200.202301161003/tools/bin/../lib/gcc/arm-none-eabi/10.3.1/../../../../arm-none-eabi/lib/thumb/v7e-m+fp/hard/libc_nano.a(lib_a-nano-mallocr.o)
 .text._malloc_r
                0x000000000800a630       0xe8 /Applications/STM32CubeIDE.app/Contents/Eclipse/plugins/com.st.stm32cube.ide.mcu.externaltools.gnu-tools-for-stm32.10.3-2021.10.macos64_1.0.200.202301161003/tools/bin/../lib/gcc/arm-none-eabi/10.3.1/../../../../arm-none-eabi/lib/thumb/v7e-m+fp/hard/libc_nano.a(lib_a-nano-mallocr.o)
                0x000000000800a630                _malloc_r
 .text.srand    0x000000000800a718       0x5c /Applications/STM32CubeIDE.app/Contents/Eclipse/plugins/com.st.stm32cube.ide.mcu.externaltools.gnu-tools-for-stm32.10.3-2021.10.macos64_1.0.200.202301161003/tools/bin/../lib/gcc/arm-none-eabi/10.3.1/../../../../arm-none-eabi/lib/thumb/v7e-m+fp/hard/libc_nano.a(lib_a-rand.o)
                0x000000000800a718                srand
 .text.rand     0x000000000800a774       0x7c /Applications/STM32CubeIDE.app/Contents/Eclipse/plugins/com.st.stm32cube.ide.mcu.externaltools.gnu-tools-for-stm32.10.3-2021.10.macos64_1.0.200.202301161003/tools/bin/../lib/gcc/arm-none-eabi/10.3.1/../../../../arm-none-eabi/lib/thumb/v7e-m+fp/hard/libc_nano.a(lib_a-rand.o)
                0x000000000800a774                rand
 .text._sbrk_r  0x000000000800a7f0       0x20 /Applications/STM32CubeIDE.app/Contents/Eclipse/plugins/com.st.stm32cube.ide.mcu.externaltools.gnu-tools-for-stm32.10.3-2021.10.macos64_1.0.200.202301161003/tools/bin/../lib/gcc/arm-none-eabi/10.3.1/../../../../arm-none-eabi/lib/thumb/v7e-m+fp/hard/libc_nano.a(lib_a-sbrkr.o)
                0x000000000800a7f0                _sbrk_r
 .text.time     0x000000000800a810       0x34 /Applications/STM32CubeIDE.app/Contents/Eclipse/plugins/com.st.stm32cube.ide.mcu.externaltools.gnu-tools-for-stm32.10.3-2021.10.macos64_1.0.200.202301161003/tools/bin/../lib/gcc/arm-none-eabi/10.3.1/../../../../arm-none-eabi/lib/thumb/v7e-m+fp/hard/libc_nano.a(lib_a-time.o)
                0x000000000800a810                time
 .text.__assert_func
                0x000000000800a844       0x3c /Applications/STM32CubeIDE.app/Contents/Eclipse/plugins/com.st.stm32cube.ide.mcu.externaltools.gnu-tools-for-stm32.10.3-2021.10.macos64_1.0.200.202301161003/tools/bin/../lib/gcc/arm-none-eabi/10.3.1/../../../../arm-none-eabi/lib/thumb/v7e-m+fp/hard/libc_nano.a(lib_a-assert.o)
                0x000000000800a844                __assert_func
 .text.fprintf  0x000000000800a880       0x24 /Applications/STM32CubeIDE.app/Contents/Eclipse/plugins/com.st.stm32cube.ide.mcu.externaltools.gnu-tools-for-stm32.10.3-2021.10.macos64_1.0.200.202301161003/tools/bin/../lib/gcc/arm-none-eabi/10.3.1/../../../../arm-none-eabi/lib/thumb/v7e-m+fp/hard/libc_nano.a(lib_a-fprintf.o)
                0x000000000800a880                fprintf
                0x000000000800a880                fiprintf
 .text._gettimeofday_r
                0x000000000800a8a4       0x24 /Applications/STM32CubeIDE.app/Contents/Eclipse/plugins/com.st.stm32cube.ide.mcu.externaltools.gnu-tools-for-stm32.10.3-2021.10.macos64_1.0.200.202301161003/tools/bin/../lib/gcc/arm-none-eabi/10.3.1/../../../../arm-none-eabi/lib/thumb/v7e-m+fp/hard/libc_nano.a(lib_a-gettimeofdayr.o)
                0x000000000800a8a4                _gettimeofday_r
 .text.__malloc_lock
                0x000000000800a8c8        0xc /Applications/STM32CubeIDE.app/Contents/Eclipse/plugins/com.st.stm32cube.ide.mcu.externaltools.gnu-tools-for-stm32.10.3-2021.10.macos64_1.0.200.202301161003/tools/bin/../lib/gcc/arm-none-eabi/10.3.1/../../../../arm-none-eabi/lib/thumb/v7e-m+fp/hard/libc_nano.a(lib_a-mlock.o)
                0x000000000800a8c8                __malloc_lock
 .text.__malloc_unlock
                0x000000000800a8d4        0xc /Applications/STM32CubeIDE.app/Contents/Eclipse/plugins/com.st.stm32cube.ide.mcu.externaltools.gnu-tools-for-stm32.10.3-2021.10.macos64_1.0.200.202301161003/tools/bin/../lib/gcc/arm-none-eabi/10.3.1/../../../../arm-none-eabi/lib/thumb/v7e-m+fp/hard/libc_nano.a(lib_a-mlock.o)
                0x000000000800a8d4                __malloc_unlock
 .text.__sfputc_r
                0x000000000800a8e0       0x2e /Applications/STM32CubeIDE.app/Contents/Eclipse/plugins/com.st.stm32cube.ide.mcu.externaltools.gnu-tools-for-stm32.10.3-2021.10.macos64_1.0.200.202301161003/tools/bin/../lib/gcc/arm-none-eabi/10.3.1/../../../../arm-none-eabi/lib/thumb/v7e-m+fp/hard/libc_nano.a(lib_a-nano-vfprintf.o)
 .text.__sfputs_r
                0x000000000800a90e       0x24 /Applications/STM32CubeIDE.app/Contents/Eclipse/plugins/com.st.stm32cube.ide.mcu.externaltools.gnu-tools-for-stm32.10.3-2021.10.macos64_1.0.200.202301161003/tools/bin/../lib/gcc/arm-none-eabi/10.3.1/../../../../arm-none-eabi/lib/thumb/v7e-m+fp/hard/libc_nano.a(lib_a-nano-vfprintf.o)
                0x000000000800a90e                __sfputs_r
 *fill*         0x000000000800a932        0x2 
 .text._vfprintf_r
                0x000000000800a934      0x260 /Applications/STM32CubeIDE.app/Contents/Eclipse/plugins/com.st.stm32cube.ide.mcu.externaltools.gnu-tools-for-stm32.10.3-2021.10.macos64_1.0.200.202301161003/tools/bin/../lib/gcc/arm-none-eabi/10.3.1/../../../../arm-none-eabi/lib/thumb/v7e-m+fp/hard/libc_nano.a(lib_a-nano-vfprintf.o)
                0x000000000800a934                _vfiprintf_r
                0x000000000800a934                _vfprintf_r
 .text._printf_common
                0x000000000800ab94       0xda /Applications/STM32CubeIDE.app/Contents/Eclipse/plugins/com.st.stm32cube.ide.mcu.externaltools.gnu-tools-for-stm32.10.3-2021.10.macos64_1.0.200.202301161003/tools/bin/../lib/gcc/arm-none-eabi/10.3.1/../../../../arm-none-eabi/lib/thumb/v7e-m+fp/hard/libc_nano.a(lib_a-nano-vfprintf_i.o)
                0x000000000800ab94                _printf_common
 *fill*         0x000000000800ac6e        0x2 
 .text._printf_i
                0x000000000800ac70      0x24c /Applications/STM32CubeIDE.app/Contents/Eclipse/plugins/com.st.stm32cube.ide.mcu.externaltools.gnu-tools-for-stm32.10.3-2021.10.macos64_1.0.200.202301161003/tools/bin/../lib/gcc/arm-none-eabi/10.3.1/../../../../arm-none-eabi/lib/thumb/v7e-m+fp/hard/libc_nano.a(lib_a-nano-vfprintf_i.o)
                0x000000000800ac70                _printf_i
 .text.__swbuf_r
                0x000000000800aebc       0xa4 /Applications/STM32CubeIDE.app/Contents/Eclipse/plugins/com.st.stm32cube.ide.mcu.externaltools.gnu-tools-for-stm32.10.3-2021.10.macos64_1.0.200.202301161003/tools/bin/../lib/gcc/arm-none-eabi/10.3.1/../../../../arm-none-eabi/lib/thumb/v7e-m+fp/hard/libc_nano.a(lib_a-wbuf.o)
                0x000000000800aebc                __swbuf_r
 .text.__swsetup_r
                0x000000000800af60       0xdc /Applications/STM32CubeIDE.app/Contents/Eclipse/plugins/com.st.stm32cube.ide.mcu.externaltools.gnu-tools-for-stm32.10.3-2021.10.macos64_1.0.200.202301161003/tools/bin/../lib/gcc/arm-none-eabi/10.3.1/../../../../arm-none-eabi/lib/thumb/v7e-m+fp/hard/libc_nano.a(lib_a-wsetup.o)
                0x000000000800af60                __swsetup_r
 .text.abort    0x000000000800b03c        0xe /Applications/STM32CubeIDE.app/Contents/Eclipse/plugins/com.st.stm32cube.ide.mcu.externaltools.gnu-tools-for-stm32.10.3-2021.10.macos64_1.0.200.202301161003/tools/bin/../lib/gcc/arm-none-eabi/10.3.1/../../../../arm-none-eabi/lib/thumb/v7e-m+fp/hard/libc_nano.a(lib_a-abort.o)
                0x000000000800b03c                abort
 *fill*         0x000000000800b04a        0x2 
 .text.__sflush_r
                0x000000000800b04c      0x10c /Applications/STM32CubeIDE.app/Contents/Eclipse/plugins/com.st.stm32cube.ide.mcu.externaltools.gnu-tools-for-stm32.10.3-2021.10.macos64_1.0.200.202301161003/tools/bin/../lib/gcc/arm-none-eabi/10.3.1/../../../../arm-none-eabi/lib/thumb/v7e-m+fp/hard/libc_nano.a(lib_a-fflush.o)
                0x000000000800b04c                __sflush_r
 .text._fflush_r
                0x000000000800b158       0x78 /Applications/STM32CubeIDE.app/Contents/Eclipse/plugins/com.st.stm32cube.ide.mcu.externaltools.gnu-tools-for-stm32.10.3-2021.10.macos64_1.0.200.202301161003/tools/bin/../lib/gcc/arm-none-eabi/10.3.1/../../../../arm-none-eabi/lib/thumb/v7e-m+fp/hard/libc_nano.a(lib_a-fflush.o)
                0x000000000800b158                _fflush_r
 .text.std      0x000000000800b1d0       0x48 /Applications/STM32CubeIDE.app/Contents/Eclipse/plugins/com.st.stm32cube.ide.mcu.externaltools.gnu-tools-for-stm32.10.3-2021.10.macos64_1.0.200.202301161003/tools/bin/../lib/gcc/arm-none-eabi/10.3.1/../../../../arm-none-eabi/lib/thumb/v7e-m+fp/hard/libc_nano.a(lib_a-findfp.o)
 .text._cleanup_r
                0x000000000800b218        0xc /Applications/STM32CubeIDE.app/Contents/Eclipse/plugins/com.st.stm32cube.ide.mcu.externaltools.gnu-tools-for-stm32.10.3-2021.10.macos64_1.0.200.202301161003/tools/bin/../lib/gcc/arm-none-eabi/10.3.1/../../../../arm-none-eabi/lib/thumb/v7e-m+fp/hard/libc_nano.a(lib_a-findfp.o)
                0x000000000800b218                _cleanup_r
 .text.__sfmoreglue
                0x000000000800b224       0x2c /Applications/STM32CubeIDE.app/Contents/Eclipse/plugins/com.st.stm32cube.ide.mcu.externaltools.gnu-tools-for-stm32.10.3-2021.10.macos64_1.0.200.202301161003/tools/bin/../lib/gcc/arm-none-eabi/10.3.1/../../../../arm-none-eabi/lib/thumb/v7e-m+fp/hard/libc_nano.a(lib_a-findfp.o)
                0x000000000800b224                __sfmoreglue
 .text.__sfp_lock_acquire
                0x000000000800b250        0xc /Applications/STM32CubeIDE.app/Contents/Eclipse/plugins/com.st.stm32cube.ide.mcu.externaltools.gnu-tools-for-stm32.10.3-2021.10.macos64_1.0.200.202301161003/tools/bin/../lib/gcc/arm-none-eabi/10.3.1/../../../../arm-none-eabi/lib/thumb/v7e-m+fp/hard/libc_nano.a(lib_a-findfp.o)
                0x000000000800b250                __sfp_lock_acquire
 .text.__sfp_lock_release
                0x000000000800b25c        0xc /Applications/STM32CubeIDE.app/Contents/Eclipse/plugins/com.st.stm32cube.ide.mcu.externaltools.gnu-tools-for-stm32.10.3-2021.10.macos64_1.0.200.202301161003/tools/bin/../lib/gcc/arm-none-eabi/10.3.1/../../../../arm-none-eabi/lib/thumb/v7e-m+fp/hard/libc_nano.a(lib_a-findfp.o)
                0x000000000800b25c                __sfp_lock_release
 .text.__sinit_lock_acquire
                0x000000000800b268        0xc /Applications/STM32CubeIDE.app/Contents/Eclipse/plugins/com.st.stm32cube.ide.mcu.externaltools.gnu-tools-for-stm32.10.3-2021.10.macos64_1.0.200.202301161003/tools/bin/../lib/gcc/arm-none-eabi/10.3.1/../../../../arm-none-eabi/lib/thumb/v7e-m+fp/hard/libc_nano.a(lib_a-findfp.o)
                0x000000000800b268                __sinit_lock_acquire
 .text.__sinit_lock_release
                0x000000000800b274        0xc /Applications/STM32CubeIDE.app/Contents/Eclipse/plugins/com.st.stm32cube.ide.mcu.externaltools.gnu-tools-for-stm32.10.3-2021.10.macos64_1.0.200.202301161003/tools/bin/../lib/gcc/arm-none-eabi/10.3.1/../../../../arm-none-eabi/lib/thumb/v7e-m+fp/hard/libc_nano.a(lib_a-findfp.o)
                0x000000000800b274                __sinit_lock_release
 .text.__sinit  0x000000000800b280       0x70 /Applications/STM32CubeIDE.app/Contents/Eclipse/plugins/com.st.stm32cube.ide.mcu.externaltools.gnu-tools-for-stm32.10.3-2021.10.macos64_1.0.200.202301161003/tools/bin/../lib/gcc/arm-none-eabi/10.3.1/../../../../arm-none-eabi/lib/thumb/v7e-m+fp/hard/libc_nano.a(lib_a-findfp.o)
                0x000000000800b280                __sinit
 .text.__sfp    0x000000000800b2f0       0x8c /Applications/STM32CubeIDE.app/Contents/Eclipse/plugins/com.st.stm32cube.ide.mcu.externaltools.gnu-tools-for-stm32.10.3-2021.10.macos64_1.0.200.202301161003/tools/bin/../lib/gcc/arm-none-eabi/10.3.1/../../../../arm-none-eabi/lib/thumb/v7e-m+fp/hard/libc_nano.a(lib_a-findfp.o)
                0x000000000800b2f0                __sfp
 .text._fwalk_reent
                0x000000000800b37c       0x3e /Applications/STM32CubeIDE.app/Contents/Eclipse/plugins/com.st.stm32cube.ide.mcu.externaltools.gnu-tools-for-stm32.10.3-2021.10.macos64_1.0.200.202301161003/tools/bin/../lib/gcc/arm-none-eabi/10.3.1/../../../../arm-none-eabi/lib/thumb/v7e-m+fp/hard/libc_nano.a(lib_a-fwalk.o)
                0x000000000800b37c                _fwalk_reent
 .text.__retarget_lock_init_recursive
                0x000000000800b3ba        0x2 /Applications/STM32CubeIDE.app/Contents/Eclipse/plugins/com.st.stm32cube.ide.mcu.externaltools.gnu-tools-for-stm32.10.3-2021.10.macos64_1.0.200.202301161003/tools/bin/../lib/gcc/arm-none-eabi/10.3.1/../../../../arm-none-eabi/lib/thumb/v7e-m+fp/hard/libc_nano.a(lib_a-lock.o)
                0x000000000800b3ba                __retarget_lock_init_recursive
 .text.__retarget_lock_acquire_recursive
                0x000000000800b3bc        0x2 /Applications/STM32CubeIDE.app/Contents/Eclipse/plugins/com.st.stm32cube.ide.mcu.externaltools.gnu-tools-for-stm32.10.3-2021.10.macos64_1.0.200.202301161003/tools/bin/../lib/gcc/arm-none-eabi/10.3.1/../../../../arm-none-eabi/lib/thumb/v7e-m+fp/hard/libc_nano.a(lib_a-lock.o)
                0x000000000800b3bc                __retarget_lock_acquire_recursive
 .text.__retarget_lock_release_recursive
                0x000000000800b3be        0x2 /Applications/STM32CubeIDE.app/Contents/Eclipse/plugins/com.st.stm32cube.ide.mcu.externaltools.gnu-tools-for-stm32.10.3-2021.10.macos64_1.0.200.202301161003/tools/bin/../lib/gcc/arm-none-eabi/10.3.1/../../../../arm-none-eabi/lib/thumb/v7e-m+fp/hard/libc_nano.a(lib_a-lock.o)
                0x000000000800b3be                __retarget_lock_release_recursive
 .text.__swhatbuf_r
                0x000000000800b3c0       0x4a /Applications/STM32CubeIDE.app/Contents/Eclipse/plugins/com.st.stm32cube.ide.mcu.externaltools.gnu-tools-for-stm32.10.3-2021.10.macos64_1.0.200.202301161003/tools/bin/../lib/gcc/arm-none-eabi/10.3.1/../../../../arm-none-eabi/lib/thumb/v7e-m+fp/hard/libc_nano.a(lib_a-makebuf.o)
                0x000000000800b3c0                __swhatbuf_r
 *fill*         0x000000000800b40a        0x2 
 .text.__smakebuf_r
                0x000000000800b40c       0x80 /Applications/STM32CubeIDE.app/Contents/Eclipse/plugins/com.st.stm32cube.ide.mcu.externaltools.gnu-tools-for-stm32.10.3-2021.10.macos64_1.0.200.202301161003/tools/bin/../lib/gcc/arm-none-eabi/10.3.1/../../../../arm-none-eabi/lib/thumb/v7e-m+fp/hard/libc_nano.a(lib_a-makebuf.o)
                0x000000000800b40c                __smakebuf_r
 .text._raise_r
                0x000000000800b48c       0x50 /Applications/STM32CubeIDE.app/Contents/Eclipse/plugins/com.st.stm32cube.ide.mcu.externaltools.gnu-tools-for-stm32.10.3-2021.10.macos64_1.0.200.202301161003/tools/bin/../lib/gcc/arm-none-eabi/10.3.1/../../../../arm-none-eabi/lib/thumb/v7e-m+fp/hard/libc_nano.a(lib_a-signal.o)
                0x000000000800b48c                _raise_r
 .text.raise    0x000000000800b4dc       0x10 /Applications/STM32CubeIDE.app/Contents/Eclipse/plugins/com.st.stm32cube.ide.mcu.externaltools.gnu-tools-for-stm32.10.3-2021.10.macos64_1.0.200.202301161003/tools/bin/../lib/gcc/arm-none-eabi/10.3.1/../../../../arm-none-eabi/lib/thumb/v7e-m+fp/hard/libc_nano.a(lib_a-signal.o)
                0x000000000800b4dc                raise
 .text._kill_r  0x000000000800b4ec       0x24 /Applications/STM32CubeIDE.app/Contents/Eclipse/plugins/com.st.stm32cube.ide.mcu.externaltools.gnu-tools-for-stm32.10.3-2021.10.macos64_1.0.200.202301161003/tools/bin/../lib/gcc/arm-none-eabi/10.3.1/../../../../arm-none-eabi/lib/thumb/v7e-m+fp/hard/libc_nano.a(lib_a-signalr.o)
                0x000000000800b4ec                _kill_r
 .text._getpid_r
                0x000000000800b510        0x4 /Applications/STM32CubeIDE.app/Contents/Eclipse/plugins/com.st.stm32cube.ide.mcu.externaltools.gnu-tools-for-stm32.10.3-2021.10.macos64_1.0.200.202301161003/tools/bin/../lib/gcc/arm-none-eabi/10.3.1/../../../../arm-none-eabi/lib/thumb/v7e-m+fp/hard/libc_nano.a(lib_a-signalr.o)
                0x000000000800b510                _getpid_r
 .text.__sread  0x000000000800b514       0x22 /Applications/STM32CubeIDE.app/Contents/Eclipse/plugins/com.st.stm32cube.ide.mcu.externaltools.gnu-tools-for-stm32.10.3-2021.10.macos64_1.0.200.202301161003/tools/bin/../lib/gcc/arm-none-eabi/10.3.1/../../../../arm-none-eabi/lib/thumb/v7e-m+fp/hard/libc_nano.a(lib_a-stdio.o)
                0x000000000800b514                __sread
 .text.__swrite
                0x000000000800b536       0x38 /Applications/STM32CubeIDE.app/Contents/Eclipse/plugins/com.st.stm32cube.ide.mcu.externaltools.gnu-tools-for-stm32.10.3-2021.10.macos64_1.0.200.202301161003/tools/bin/../lib/gcc/arm-none-eabi/10.3.1/../../../../arm-none-eabi/lib/thumb/v7e-m+fp/hard/libc_nano.a(lib_a-stdio.o)
                0x000000000800b536                __swrite
 .text.__sseek  0x000000000800b56e       0x24 /Applications/STM32CubeIDE.app/Contents/Eclipse/plugins/com.st.stm32cube.ide.mcu.externaltools.gnu-tools-for-stm32.10.3-2021.10.macos64_1.0.200.202301161003/tools/bin/../lib/gcc/arm-none-eabi/10.3.1/../../../../arm-none-eabi/lib/thumb/v7e-m+fp/hard/libc_nano.a(lib_a-stdio.o)
                0x000000000800b56e                __sseek
 .text.__sclose
                0x000000000800b592        0x8 /Applications/STM32CubeIDE.app/Contents/Eclipse/plugins/com.st.stm32cube.ide.mcu.externaltools.gnu-tools-for-stm32.10.3-2021.10.macos64_1.0.200.202301161003/tools/bin/../lib/gcc/arm-none-eabi/10.3.1/../../../../arm-none-eabi/lib/thumb/v7e-m+fp/hard/libc_nano.a(lib_a-stdio.o)
                0x000000000800b592                __sclose
 *fill*         0x000000000800b59a        0x2 
 .text._write_r
                0x000000000800b59c       0x24 /Applications/STM32CubeIDE.app/Contents/Eclipse/plugins/com.st.stm32cube.ide.mcu.externaltools.gnu-tools-for-stm32.10.3-2021.10.macos64_1.0.200.202301161003/tools/bin/../lib/gcc/arm-none-eabi/10.3.1/../../../../arm-none-eabi/lib/thumb/v7e-m+fp/hard/libc_nano.a(lib_a-writer.o)
                0x000000000800b59c                _write_r
 .text._close_r
                0x000000000800b5c0       0x20 /Applications/STM32CubeIDE.app/Contents/Eclipse/plugins/com.st.stm32cube.ide.mcu.externaltools.gnu-tools-for-stm32.10.3-2021.10.macos64_1.0.200.202301161003/tools/bin/../lib/gcc/arm-none-eabi/10.3.1/../../../../arm-none-eabi/lib/thumb/v7e-m+fp/hard/libc_nano.a(lib_a-closer.o)
                0x000000000800b5c0                _close_r
 .text._fstat_r
                0x000000000800b5e0       0x24 /Applications/STM32CubeIDE.app/Contents/Eclipse/plugins/com.st.stm32cube.ide.mcu.externaltools.gnu-tools-for-stm32.10.3-2021.10.macos64_1.0.200.202301161003/tools/bin/../lib/gcc/arm-none-eabi/10.3.1/../../../../arm-none-eabi/lib/thumb/v7e-m+fp/hard/libc_nano.a(lib_a-fstatr.o)
                0x000000000800b5e0                _fstat_r
 .text._isatty_r
                0x000000000800b604       0x20 /Applications/STM32CubeIDE.app/Contents/Eclipse/plugins/com.st.stm32cube.ide.mcu.externaltools.gnu-tools-for-stm32.10.3-2021.10.macos64_1.0.200.202301161003/tools/bin/../lib/gcc/arm-none-eabi/10.3.1/../../../../arm-none-eabi/lib/thumb/v7e-m+fp/hard/libc_nano.a(lib_a-isattyr.o)
                0x000000000800b604                _isatty_r
 .text._lseek_r
                0x000000000800b624       0x24 /Applications/STM32CubeIDE.app/Contents/Eclipse/plugins/com.st.stm32cube.ide.mcu.externaltools.gnu-tools-for-stm32.10.3-2021.10.macos64_1.0.200.202301161003/tools/bin/../lib/gcc/arm-none-eabi/10.3.1/../../../../arm-none-eabi/lib/thumb/v7e-m+fp/hard/libc_nano.a(lib_a-lseekr.o)
                0x000000000800b624                _lseek_r
 .text._read_r  0x000000000800b648       0x24 /Applications/STM32CubeIDE.app/Contents/Eclipse/plugins/com.st.stm32cube.ide.mcu.externaltools.gnu-tools-for-stm32.10.3-2021.10.macos64_1.0.200.202301161003/tools/bin/../lib/gcc/arm-none-eabi/10.3.1/../../../../arm-none-eabi/lib/thumb/v7e-m+fp/hard/libc_nano.a(lib_a-readr.o)
                0x000000000800b648                _read_r
 .text._gettimeofday
                0x000000000800b66c       0x10 /Applications/STM32CubeIDE.app/Contents/Eclipse/plugins/com.st.stm32cube.ide.mcu.externaltools.gnu-tools-for-stm32.10.3-2021.10.macos64_1.0.200.202301161003/tools/bin/../lib/gcc/arm-none-eabi/10.3.1/../../../../arm-none-eabi/lib/thumb/v7e-m+fp/hard/libnosys.a(gettod.o)
                0x000000000800b66c                _gettimeofday
 *(.glue_7)
 .glue_7        0x000000000800b67c        0x0 linker stubs
 *(.glue_7t)
 .glue_7t       0x000000000800b67c        0x0 linker stubs
 *(.eh_frame)
 .eh_frame      0x000000000800b67c        0x0 /Applications/STM32CubeIDE.app/Contents/Eclipse/plugins/com.st.stm32cube.ide.mcu.externaltools.gnu-tools-for-stm32.10.3-2021.10.macos64_1.0.200.202301161003/tools/bin/../lib/gcc/arm-none-eabi/10.3.1/thumb/v7e-m+fp/hard/crtbegin.o
 *(.init)
 .init          0x000000000800b67c        0x4 /Applications/STM32CubeIDE.app/Contents/Eclipse/plugins/com.st.stm32cube.ide.mcu.externaltools.gnu-tools-for-stm32.10.3-2021.10.macos64_1.0.200.202301161003/tools/bin/../lib/gcc/arm-none-eabi/10.3.1/thumb/v7e-m+fp/hard/crti.o
                0x000000000800b67c                _init
 .init          0x000000000800b680        0x8 /Applications/STM32CubeIDE.app/Contents/Eclipse/plugins/com.st.stm32cube.ide.mcu.externaltools.gnu-tools-for-stm32.10.3-2021.10.macos64_1.0.200.202301161003/tools/bin/../lib/gcc/arm-none-eabi/10.3.1/thumb/v7e-m+fp/hard/crtn.o
 *(.fini)
 .fini          0x000000000800b688        0x4 /Applications/STM32CubeIDE.app/Contents/Eclipse/plugins/com.st.stm32cube.ide.mcu.externaltools.gnu-tools-for-stm32.10.3-2021.10.macos64_1.0.200.202301161003/tools/bin/../lib/gcc/arm-none-eabi/10.3.1/thumb/v7e-m+fp/hard/crti.o
                0x000000000800b688                _fini
 .fini          0x000000000800b68c        0x8 /Applications/STM32CubeIDE.app/Contents/Eclipse/plugins/com.st.stm32cube.ide.mcu.externaltools.gnu-tools-for-stm32.10.3-2021.10.macos64_1.0.200.202301161003/tools/bin/../lib/gcc/arm-none-eabi/10.3.1/thumb/v7e-m+fp/hard/crtn.o
                0x000000000800b694                . = ALIGN (0x4)
                0x000000000800b694                _etext = .

.vfp11_veneer   0x000000000800b694        0x0
 .vfp11_veneer  0x000000000800b694        0x0 linker stubs

.v4_bx          0x000000000800b694        0x0
 .v4_bx         0x000000000800b694        0x0 linker stubs

.iplt           0x000000000800b694        0x0
 .iplt          0x000000000800b694        0x0 /Applications/STM32CubeIDE.app/Contents/Eclipse/plugins/com.st.stm32cube.ide.mcu.externaltools.gnu-tools-for-stm32.10.3-2021.10.macos64_1.0.200.202301161003/tools/bin/../lib/gcc/arm-none-eabi/10.3.1/thumb/v7e-m+fp/hard/crtbegin.o

.rodata         0x000000000800b694      0x274
                0x000000000800b694                . = ALIGN (0x4)
 *(.rodata)
 .rodata        0x000000000800b694        0x3 ./fw_common/lib/animate_led/animate_led.o
 *fill*         0x000000000800b697        0x1 
 .rodata        0x000000000800b698        0x5 ./sdk/FreeRTOS/Source/tasks.o
 *fill*         0x000000000800b69d        0x3 
 .rodata        0x000000000800b6a0        0xd ./sdk/FreeRTOS/Source/timers.o
 *fill*         0x000000000800b6ad        0x3 
 .rodata        0x000000000800b6b0       0x7e ./src/task/task_create.o
 *(.rodata*)
 *fill*         0x000000000800b72e        0x2 
 .rodata.AHBPrescTable
                0x000000000800b730       0x10 ./src/bsp/stm32_bloat/system_stm32l4xx.o
                0x000000000800b730                AHBPrescTable
 .rodata.APBPrescTable
                0x000000000800b740        0x8 ./src/bsp/stm32_bloat/system_stm32l4xx.o
                0x000000000800b740                APBPrescTable
 .rodata.MSIRangeTable
                0x000000000800b748       0x30 ./src/bsp/stm32_bloat/system_stm32l4xx.o
                0x000000000800b748                MSIRangeTable
 .rodata.g_task_strip_1_led_ctrl_attributes
                0x000000000800b778       0x24 ./src/task/task_create.o
                0x000000000800b778                g_task_strip_1_led_ctrl_attributes
 .rodata.g_task_dma_transfer_attributes
                0x000000000800b79c       0x24 ./src/task/task_create.o
                0x000000000800b79c                g_task_dma_transfer_attributes
 .rodata._global_impure_ptr
                0x000000000800b7c0        0x4 /Applications/STM32CubeIDE.app/Contents/Eclipse/plugins/com.st.stm32cube.ide.mcu.externaltools.gnu-tools-for-stm32.10.3-2021.10.macos64_1.0.200.202301161003/tools/bin/../lib/gcc/arm-none-eabi/10.3.1/../../../../arm-none-eabi/lib/thumb/v7e-m+fp/hard/libc_nano.a(lib_a-impure.o)
                0x000000000800b7c0                _global_impure_ptr
 .rodata.srand.str1.1
                0x000000000800b7c4       0x72 /Applications/STM32CubeIDE.app/Contents/Eclipse/plugins/com.st.stm32cube.ide.mcu.externaltools.gnu-tools-for-stm32.10.3-2021.10.macos64_1.0.200.202301161003/tools/bin/../lib/gcc/arm-none-eabi/10.3.1/../../../../arm-none-eabi/lib/thumb/v7e-m+fp/hard/libc_nano.a(lib_a-rand.o)
 .rodata.__assert_func.str1.1
                0x000000000800b836       0x3c /Applications/STM32CubeIDE.app/Contents/Eclipse/plugins/com.st.stm32cube.ide.mcu.externaltools.gnu-tools-for-stm32.10.3-2021.10.macos64_1.0.200.202301161003/tools/bin/../lib/gcc/arm-none-eabi/10.3.1/../../../../arm-none-eabi/lib/thumb/v7e-m+fp/hard/libc_nano.a(lib_a-assert.o)
                                         0x3d (size before relaxing)
 .rodata._vfprintf_r.str1.1
                0x000000000800b872       0x11 /Applications/STM32CubeIDE.app/Contents/Eclipse/plugins/com.st.stm32cube.ide.mcu.externaltools.gnu-tools-for-stm32.10.3-2021.10.macos64_1.0.200.202301161003/tools/bin/../lib/gcc/arm-none-eabi/10.3.1/../../../../arm-none-eabi/lib/thumb/v7e-m+fp/hard/libc_nano.a(lib_a-nano-vfprintf.o)
 .rodata._printf_i.str1.1
                0x000000000800b883       0x22 /Applications/STM32CubeIDE.app/Contents/Eclipse/plugins/com.st.stm32cube.ide.mcu.externaltools.gnu-tools-for-stm32.10.3-2021.10.macos64_1.0.200.202301161003/tools/bin/../lib/gcc/arm-none-eabi/10.3.1/../../../../arm-none-eabi/lib/thumb/v7e-m+fp/hard/libc_nano.a(lib_a-nano-vfprintf_i.o)
 *fill*         0x000000000800b8a5        0x3 
 .rodata.__sf_fake_stderr
                0x000000000800b8a8       0x20 /Applications/STM32CubeIDE.app/Contents/Eclipse/plugins/com.st.stm32cube.ide.mcu.externaltools.gnu-tools-for-stm32.10.3-2021.10.macos64_1.0.200.202301161003/tools/bin/../lib/gcc/arm-none-eabi/10.3.1/../../../../arm-none-eabi/lib/thumb/v7e-m+fp/hard/libc_nano.a(lib_a-findfp.o)
                0x000000000800b8a8                __sf_fake_stderr
 .rodata.__sf_fake_stdin
                0x000000000800b8c8       0x20 /Applications/STM32CubeIDE.app/Contents/Eclipse/plugins/com.st.stm32cube.ide.mcu.externaltools.gnu-tools-for-stm32.10.3-2021.10.macos64_1.0.200.202301161003/tools/bin/../lib/gcc/arm-none-eabi/10.3.1/../../../../arm-none-eabi/lib/thumb/v7e-m+fp/hard/libc_nano.a(lib_a-findfp.o)
                0x000000000800b8c8                __sf_fake_stdin
 .rodata.__sf_fake_stdout
                0x000000000800b8e8       0x20 /Applications/STM32CubeIDE.app/Contents/Eclipse/plugins/com.st.stm32cube.ide.mcu.externaltools.gnu-tools-for-stm32.10.3-2021.10.macos64_1.0.200.202301161003/tools/bin/../lib/gcc/arm-none-eabi/10.3.1/../../../../arm-none-eabi/lib/thumb/v7e-m+fp/hard/libc_nano.a(lib_a-findfp.o)
                0x000000000800b8e8                __sf_fake_stdout
                0x000000000800b908                . = ALIGN (0x4)

.ARM.extab      0x000000000800b908        0x0
                0x000000000800b908                . = ALIGN (0x4)
 *(.ARM.extab* .gnu.linkonce.armextab.*)
                0x000000000800b908                . = ALIGN (0x4)

.ARM            0x000000000800b908        0x8
                0x000000000800b908                . = ALIGN (0x4)
                0x000000000800b908                __exidx_start = .
 *(.ARM.exidx*)
 .ARM.exidx     0x000000000800b908        0x8 /Applications/STM32CubeIDE.app/Contents/Eclipse/plugins/com.st.stm32cube.ide.mcu.externaltools.gnu-tools-for-stm32.10.3-2021.10.macos64_1.0.200.202301161003/tools/bin/../lib/gcc/arm-none-eabi/10.3.1/thumb/v7e-m+fp/hard/libgcc.a(_udivmoddi4.o)
                0x000000000800b910                __exidx_end = .
                0x000000000800b910                . = ALIGN (0x4)

.rel.dyn        0x000000000800b910        0x0
 .rel.iplt      0x000000000800b910        0x0 /Applications/STM32CubeIDE.app/Contents/Eclipse/plugins/com.st.stm32cube.ide.mcu.externaltools.gnu-tools-for-stm32.10.3-2021.10.macos64_1.0.200.202301161003/tools/bin/../lib/gcc/arm-none-eabi/10.3.1/thumb/v7e-m+fp/hard/crtbegin.o

.preinit_array  0x000000000800b910        0x0
                0x000000000800b910                . = ALIGN (0x4)
                0x000000000800b910                PROVIDE (__preinit_array_start = .)
 *(.preinit_array*)
                0x000000000800b910                PROVIDE (__preinit_array_end = .)
                0x000000000800b910                . = ALIGN (0x4)

.init_array     0x000000000800b910        0x4
                0x000000000800b910                . = ALIGN (0x4)
                0x000000000800b910                PROVIDE (__init_array_start = .)
 *(SORT_BY_NAME(.init_array.*))
 *(.init_array*)
 .init_array    0x000000000800b910        0x4 /Applications/STM32CubeIDE.app/Contents/Eclipse/plugins/com.st.stm32cube.ide.mcu.externaltools.gnu-tools-for-stm32.10.3-2021.10.macos64_1.0.200.202301161003/tools/bin/../lib/gcc/arm-none-eabi/10.3.1/thumb/v7e-m+fp/hard/crtbegin.o
                0x000000000800b914                PROVIDE (__init_array_end = .)
                0x000000000800b914                . = ALIGN (0x4)

.fini_array     0x000000000800b914        0x4
                0x000000000800b914                . = ALIGN (0x4)
                [!provide]                        PROVIDE (__fini_array_start = .)
 *(SORT_BY_NAME(.fini_array.*))
 *(.fini_array*)
 .fini_array    0x000000000800b914        0x4 /Applications/STM32CubeIDE.app/Contents/Eclipse/plugins/com.st.stm32cube.ide.mcu.externaltools.gnu-tools-for-stm32.10.3-2021.10.macos64_1.0.200.202301161003/tools/bin/../lib/gcc/arm-none-eabi/10.3.1/thumb/v7e-m+fp/hard/crtbegin.o
                [!provide]                        PROVIDE (__fini_array_end = .)
                0x000000000800b918                . = ALIGN (0x4)
                0x000000000800b918                _sidata = LOADADDR (.data)

.data           0x0000000020000000      0x16c load address 0x000000000800b918
                0x0000000020000000                . = ALIGN (0x4)
                0x0000000020000000                _sdata = .
 *(.data)
 *(.data*)
 .data.g_max_current_ratio
                0x0000000020000000        0x4 ./fw_common/lib/current_monitor/current_monitor.o
                0x0000000020000000                g_max_current_ratio
 .data.g_led_speed
                0x0000000020000004        0x1 ./fw_common/lib/task/task_led_ctrl.o
                0x0000000020000004                g_led_speed
 .data.g_led_color
                0x0000000020000005        0x1 ./fw_common/lib/task/task_led_ctrl.o
                0x0000000020000005                g_led_color
 *fill*         0x0000000020000006        0x2 
 .data.strip_length
                0x0000000020000008        0x2 ./fw_common/lib/ws2812b_driver/ws2812b.o
                0x0000000020000008                strip_length
 *fill*         0x000000002000000a        0x2 
 .data.uxCriticalNesting
                0x000000002000000c        0x4 ./sdk/FreeRTOS/Source/portable/GCC/ARM_CM4F/port.o
 .data.uwTickPrio
                0x0000000020000010        0x4 ./sdk/STM32L4xx_HAL_Driver/Src/stm32l4xx_hal.o
                0x0000000020000010                uwTickPrio
 .data.uwTickFreq
                0x0000000020000014        0x1 ./sdk/STM32L4xx_HAL_Driver/Src/stm32l4xx_hal.o
                0x0000000020000014                uwTickFreq
 *fill*         0x0000000020000015        0x3 
 .data.gh_host_usart
                0x0000000020000018       0x84 ./src/bsp/serial_com.o