../src/bsp/stm32_bloat/stm32l4xx_it.c:59:6:NMI_Handler	16	static
../src/bsp/stm32_bloat/stm32l4xx_it.c:76:6:HardFault_Handler	16	static
../src/bsp/stm32_bloat/stm32l4xx_it.c:93:6:MemManage_Handler	16	static
../src/bsp/stm32_bloat/stm32l4xx_it.c:109:6:BusFault_Handler	16	static
../src/bsp/stm32_bloat/stm32l4xx_it.c:126:6:UsageFault_Handler	16	static
../src/bsp/stm32_bloat/stm32l4xx_it.c:150:6:DebugMon_Handler	4	static
../src/bsp/stm32_bloat/stm32l4xx_it.c:170:6:USARTx_IRQHandler	8	static
../src/bsp/stm32_bloat/stm32l4xx_it.c:186:6:EXTI0_IRQHandler	32	static
../src/bsp/stm32_bloat/stm32l4xx_it.c:205:6:EXTI2_IRQHandler	32	static
../src/bsp/stm32_bloat/stm32l4xx_it.c:224:6:EXTI15_10_IRQHandler	32	static
../src/bsp/stm32_bloat/stm32l4xx_it.c:242:6:EXTI9_5_IRQHandler	32	static
../src/bsp/stm32_bloat/stm32l4xx_it.c:258:6:HAL_GPIO_EXTI_Callback	16	static
../src/bsp/stm32_bloat/stm32l4xx_it.c:264:6:HAL_DMA_CMPLT_CALLBACK	16	static
../src/bsp/stm32_bloat/stm32l4xx_it.c:275:6:HAL_TIM_PWM_PulseFinishedCallback	16	static
../src/bsp/stm32_bloat/stm32l4xx_it.c:300:6:DMA1_Channel2_IRQHandler	8	static
../src/bsp/stm32_bloat/stm32l4xx_it.c:308:6:DMA1_Channel3_IRQHandler	8	static
../src/bsp/stm32_bloat/stm32l4xx_it.c:316:6:DMA1_Channel5_IRQHandler	8	static
../src/bsp/stm32_bloat/stm32l4xx_it.c:324:6:DMA1_Channel6_IRQHandler	8	static
../src/bsp/stm32_bloat/stm32l4xx_it.c:332:6:DMA1_Channel7_IRQHandler	8	static
