C:/Users/Spud/Documents/GitHub/spud-firmware/STM32/stm32_workspace/common/lib/peripheral/uart/uart_access.c:11:6:uart_access_setup	8	static
C:/Users/Spud/Documents/GitHub/spud-firmware/STM32/stm32_workspace/common/lib/peripheral/uart/uart_access.c:17:6:uart_access_write_byte	16	static
C:/Users/Spud/Documents/GitHub/spud-firmware/STM32/stm32_workspace/common/lib/peripheral/uart/uart_access.c:23:6:uart_access_write_block	24	static
C:/Users/Spud/Documents/GitHub/spud-firmware/STM32/stm32_workspace/common/lib/peripheral/uart/uart_access.c:29:6:uart_access_read_byte	16	static
C:/Users/Spud/Documents/GitHub/spud-firmware/STM32/stm32_workspace/common/lib/peripheral/uart/uart_access.c:35:6:uart_access_read_block	24	static
C:/Users/Spud/Documents/GitHub/spud-firmware/STM32/stm32_workspace/common/lib/peripheral/uart/uart_access.c:41:6:uart_access_write_byte_host	16	static
C:/Users/Spud/Documents/GitHub/spud-firmware/STM32/stm32_workspace/common/lib/peripheral/uart/uart_access.c:50:6:uart_access_write_block_host	16	static
C:/Users/Spud/Documents/GitHub/spud-firmware/STM32/stm32_workspace/common/lib/peripheral/uart/uart_access.c:56:6:uart_access_read_byte_host	16	static
C:/Users/Spud/Documents/GitHub/spud-firmware/STM32/stm32_workspace/common/lib/peripheral/uart/uart_access.c:62:6:uart_access_read_block_host	16	static
C:/Users/Spud/Documents/GitHub/spud-firmware/STM32/stm32_workspace/common/lib/peripheral/uart/uart_access.c:68:6:uart_access_write_byte_esp8266	16	static
C:/Users/Spud/Documents/GitHub/spud-firmware/STM32/stm32_workspace/common/lib/peripheral/uart/uart_access.c:74:6:uart_access_write_and_read_block_esp8266	32	static
C:/Users/Spud/Documents/GitHub/spud-firmware/STM32/stm32_workspace/common/lib/peripheral/uart/uart_access.c:80:6:uart_access_write_block_esp8266	16	static
C:/Users/Spud/Documents/GitHub/spud-firmware/STM32/stm32_workspace/common/lib/peripheral/uart/uart_access.c:86:6:uart_access_read_byte_esp8266	16	static
C:/Users/Spud/Documents/GitHub/spud-firmware/STM32/stm32_workspace/common/lib/peripheral/uart/uart_access.c:92:6:uart_access_read_block_esp8266	16	static
