ws2812b.c:103:6:reset_ws2812b	8	static
ws2812b.c:112:20:ws2812_convert_strip_num_to_strip_bit	16	static
ws2812b.c:118:20:ws2812_convert_strip_bit_to_strip_num	16	static
ws2812b.c:123:10:ws2812_get_strip_size	24	static
ws2812b.c:132:10:ws2812_get_number_of_active_strips	24	static
ws2812b.c:143:13:ws2812_get_next_active_strip	24	static
ws2812b.c:155:10:ws2812_get_num_active_animation_leds	24	static
ws2812b.c:193:10:ws2812_led_get_max_strip_size	24	static
ws2812b.c:231:6:ws2812_pixel_is_in_strip_range	24	static
ws2812b.c:265:6:ws2812b_set_led	32	static
ws2812b.c:274:6:ws2812b_fill_pwm_buffer	32	static
ws2812b.c:314:6:ws2812b_reset	4	static
ws2812b.c:320:6:ws2812b_init	16	static
ws2812b.c:393:6:ws2812b_show	24	static
