/Users/spud/Documents/GitHub/Spud_code_collection/STM32/stm32_workspace/fw_common/lib/task/task_button_press.c:45:6:task_button_press_interrupt_occurred	4	static
/Users/spud/Documents/GitHub/Spud_code_collection/STM32/stm32_workspace/fw_common/lib/task/task_button_press.c:51:7:task_led_ctrl_button_to_isr	24	static
/Users/spud/Documents/GitHub/Spud_code_collection/STM32/stm32_workspace/fw_common/lib/task/task_button_press.c:75:6:task_button_press_ctrl_set_interrupt_flag	16	static
/Users/spud/Documents/GitHub/Spud_code_collection/STM32/stm32_workspace/fw_common/lib/task/task_button_press.c:82:6:task_button_press_ctrl_interrupt_flag	24	static
/Users/spud/Documents/GitHub/Spud_code_collection/STM32/stm32_workspace/fw_common/lib/task/task_button_press.c:90:6:task_button_press_check_interrupts	32	static
/Users/spud/Documents/GitHub/Spud_code_collection/STM32/stm32_workspace/fw_common/lib/task/task_button_press.c:119:6:task_button_press_interrupt_flag_clear	4	static
/Users/spud/Documents/GitHub/Spud_code_collection/STM32/stm32_workspace/fw_common/lib/task/task_button_press.c:125:6:task_button_press	32	static
