/Users/spud/Documents/GitHub/Spud_code_collection/STM32/stm32_workspace/fw_common/lib/task/task_led_ctrl.c:61:13:task_led_ctrl_adjust_parameters	16	static
/Users/spud/Documents/GitHub/Spud_code_collection/STM32/stm32_workspace/fw_common/lib/task/task_led_ctrl.c:79:6:task_led_ctrl	24	static
/Users/spud/Documents/GitHub/Spud_code_collection/STM32/stm32_workspace/fw_common/lib/task/task_led_ctrl.c:151:6:task_led_ctrl_delay	24	static
/Users/spud/Documents/GitHub/Spud_code_collection/STM32/stm32_workspace/fw_common/lib/task/task_led_ctrl.c:161:6:task_led_ctrl_pause	4	static
/Users/spud/Documents/GitHub/Spud_code_collection/STM32/stm32_workspace/fw_common/lib/task/task_led_ctrl.c:170:22:task_led_ctrl_color_state	4	static
/Users/spud/Documents/GitHub/Spud_code_collection/STM32/stm32_workspace/fw_common/lib/task/task_led_ctrl.c:176:6:task_led_ctrl_color_state_demo	4	static
/Users/spud/Documents/GitHub/Spud_code_collection/STM32/stm32_workspace/fw_common/lib/task/task_led_ctrl.c:182:6:task_led_ctrl_color_state_fixed	4	static
/Users/spud/Documents/GitHub/Spud_code_collection/STM32/stm32_workspace/fw_common/lib/task/task_led_ctrl.c:189:6:task_led_ctrl_color_reset	4	static
/Users/spud/Documents/GitHub/Spud_code_collection/STM32/stm32_workspace/fw_common/lib/task/task_led_ctrl.c:195:6:task_led_ctrl_color_adjust	16	static
/Users/spud/Documents/GitHub/Spud_code_collection/STM32/stm32_workspace/fw_common/lib/task/task_led_ctrl.c:208:14:task_led_ctrl_color	4	static
/Users/spud/Documents/GitHub/Spud_code_collection/STM32/stm32_workspace/fw_common/lib/task/task_led_ctrl.c:214:18:task_led_ctrl_color_hex	4	static
/Users/spud/Documents/GitHub/Spud_code_collection/STM32/stm32_workspace/fw_common/lib/task/task_led_ctrl.c:220:9:task_led_ctrl_color_red_hex	24	static
/Users/spud/Documents/GitHub/Spud_code_collection/STM32/stm32_workspace/fw_common/lib/task/task_led_ctrl.c:226:9:task_led_ctrl_color_green_hex	24	static
/Users/spud/Documents/GitHub/Spud_code_collection/STM32/stm32_workspace/fw_common/lib/task/task_led_ctrl.c:232:9:task_led_ctrl_color_blue_hex	24	static
/Users/spud/Documents/GitHub/Spud_code_collection/STM32/stm32_workspace/fw_common/lib/task/task_led_ctrl.c:238:18:task_led_ctrl_color_to_hex	16	static
/Users/spud/Documents/GitHub/Spud_code_collection/STM32/stm32_workspace/fw_common/lib/task/task_led_ctrl.c:244:6:task_led_ctrl_color_random	16	static
/Users/spud/Documents/GitHub/Spud_code_collection/STM32/stm32_workspace/fw_common/lib/task/task_led_ctrl.c:259:13:task_led_ctrl_animate_random	24	static
/Users/spud/Documents/GitHub/Spud_code_collection/STM32/stm32_workspace/fw_common/lib/task/task_led_ctrl.c:271:13:task_led_ctrl_animate	4	static
/Users/spud/Documents/GitHub/Spud_code_collection/STM32/stm32_workspace/fw_common/lib/task/task_led_ctrl.c:277:6:task_led_ctrl_animate_reset	4	static
/Users/spud/Documents/GitHub/Spud_code_collection/STM32/stm32_workspace/fw_common/lib/task/task_led_ctrl.c:283:7:task_led_ctrl_speed	16	static
/Users/spud/Documents/GitHub/Spud_code_collection/STM32/stm32_workspace/fw_common/lib/task/task_led_ctrl.c:318:6:task_led_ctrl_speed_adjust	4	static
/Users/spud/Documents/GitHub/Spud_code_collection/STM32/stm32_workspace/fw_common/lib/task/task_led_ctrl.c:325:6:task_led_ctrl_speed_reset	4	static
/Users/spud/Documents/GitHub/Spud_code_collection/STM32/stm32_workspace/fw_common/lib/task/task_led_ctrl.c:331:7:task_led_ctrl_delay_time	16	static
/Users/spud/Documents/GitHub/Spud_code_collection/STM32/stm32_workspace/fw_common/lib/task/task_led_ctrl.c:337:6:task_led_ctrl_animate_iteration_reset	4	static
/Users/spud/Documents/GitHub/Spud_code_collection/STM32/stm32_workspace/fw_common/lib/task/task_led_ctrl.c:343:6:task_led_ctrl_animate_adjust_state	16	static
/Users/spud/Documents/GitHub/Spud_code_collection/STM32/stm32_workspace/fw_common/lib/task/task_led_ctrl.c:356:6:task_led_ctrl_animate_state_demo	4	static
/Users/spud/Documents/GitHub/Spud_code_collection/STM32/stm32_workspace/fw_common/lib/task/task_led_ctrl.c:363:6:task_led_ctrl_animate_state_fixed	4	static
/Users/spud/Documents/GitHub/Spud_code_collection/STM32/stm32_workspace/fw_common/lib/task/task_led_ctrl.c:371:20:task_led_ctrl_animate_state	4	static
