/Users/spud/Documents/GitHub/Spud_code_collection/STM32/stm32_workspace/fw_common/lib/task/task_led_ctrl.c:61:6:task_led_ctrl_delay	24	static
/Users/spud/Documents/GitHub/Spud_code_collection/STM32/stm32_workspace/fw_common/lib/task/task_led_ctrl.c:74:22:task_led_ctrl_cur_state	4	static
/Users/spud/Documents/GitHub/Spud_code_collection/STM32/stm32_workspace/fw_common/lib/task/task_led_ctrl.c:80:6:task_led_ctrl_enter_color_demo_state	4	static
/Users/spud/Documents/GitHub/Spud_code_collection/STM32/stm32_workspace/fw_common/lib/task/task_led_ctrl.c:86:6:task_led_ctrl_exit_color_demo_state	4	static
/Users/spud/Documents/GitHub/Spud_code_collection/STM32/stm32_workspace/fw_common/lib/task/task_led_ctrl.c:93:10:task_led_ctrl_get_random_color	24	static
/Users/spud/Documents/GitHub/Spud_code_collection/STM32/stm32_workspace/fw_common/lib/task/task_led_ctrl.c:100:6:task_led_ctrl_reset_color	4	static
/Users/spud/Documents/GitHub/Spud_code_collection/STM32/stm32_workspace/fw_common/lib/task/task_led_ctrl.c:106:6:task_led_ctrl_adjust_color	16	static
/Users/spud/Documents/GitHub/Spud_code_collection/STM32/stm32_workspace/fw_common/lib/task/task_led_ctrl.c:119:14:task_led_ctrl_cur_color	4	static
/Users/spud/Documents/GitHub/Spud_code_collection/STM32/stm32_workspace/fw_common/lib/task/task_led_ctrl.c:125:18:task_led_ctrl_cur_color_hex	4	static
/Users/spud/Documents/GitHub/Spud_code_collection/STM32/stm32_workspace/fw_common/lib/task/task_led_ctrl.c:131:9:task_led_ctrl_cur_color_red_hex	4	static
/Users/spud/Documents/GitHub/Spud_code_collection/STM32/stm32_workspace/fw_common/lib/task/task_led_ctrl.c:137:9:task_led_ctrl_cur_color_green_hex	4	static
/Users/spud/Documents/GitHub/Spud_code_collection/STM32/stm32_workspace/fw_common/lib/task/task_led_ctrl.c:143:9:task_led_ctrl_cur_color_blue_hex	4	static
/Users/spud/Documents/GitHub/Spud_code_collection/STM32/stm32_workspace/fw_common/lib/task/task_led_ctrl.c:149:18:task_led_ctrl_hex	16	static
/Users/spud/Documents/GitHub/Spud_code_collection/STM32/stm32_workspace/fw_common/lib/task/task_led_ctrl.c:156:6:task_led_ctrl_randomize	16	static
/Users/spud/Documents/GitHub/Spud_code_collection/STM32/stm32_workspace/fw_common/lib/task/task_led_ctrl.c:172:13:task_led_ctrl_state_randomize	24	static
/Users/spud/Documents/GitHub/Spud_code_collection/STM32/stm32_workspace/fw_common/lib/task/task_led_ctrl.c:184:13:task_led_ctrl_state	4	static
/Users/spud/Documents/GitHub/Spud_code_collection/STM32/stm32_workspace/fw_common/lib/task/task_led_ctrl.c:190:6:task_led_ctrl_reset_state	4	static
/Users/spud/Documents/GitHub/Spud_code_collection/STM32/stm32_workspace/fw_common/lib/task/task_led_ctrl.c:196:7:task_led_ctrl_speed_factor	16	static
/Users/spud/Documents/GitHub/Spud_code_collection/STM32/stm32_workspace/fw_common/lib/task/task_led_ctrl.c:231:6:task_led_ctrl_adjust_speed	4	static
/Users/spud/Documents/GitHub/Spud_code_collection/STM32/stm32_workspace/fw_common/lib/task/task_led_ctrl.c:238:7:task_led_ctrl_delay_in_animations	16	static
/Users/spud/Documents/GitHub/Spud_code_collection/STM32/stm32_workspace/fw_common/lib/task/task_led_ctrl.c:244:6:task_led_ctrl_reset_animate_iteration_count	4	static
/Users/spud/Documents/GitHub/Spud_code_collection/STM32/stm32_workspace/fw_common/lib/task/task_led_ctrl.c:250:6:task_led_ctrl_adjust_state	16	static
/Users/spud/Documents/GitHub/Spud_code_collection/STM32/stm32_workspace/fw_common/lib/task/task_led_ctrl.c:263:6:task_led_ctrl_enter_demo_state	4	static
/Users/spud/Documents/GitHub/Spud_code_collection/STM32/stm32_workspace/fw_common/lib/task/task_led_ctrl.c:270:6:task_led_ctrl_exit_demo_state	4	static
/Users/spud/Documents/GitHub/Spud_code_collection/STM32/stm32_workspace/fw_common/lib/task/task_led_ctrl.c:278:20:task_led_ctrl_master_state	4	static
/Users/spud/Documents/GitHub/Spud_code_collection/STM32/stm32_workspace/fw_common/lib/task/task_led_ctrl.c:285:13:task_led_ctrl_handle_count_color_delay	16	static
/Users/spud/Documents/GitHub/Spud_code_collection/STM32/stm32_workspace/fw_common/lib/task/task_led_ctrl.c:308:6:task_led_ctrl	32	static
