14:23:22 **** Clean-only build of configuration Debug for project small_led_driver ****
make -j8 clean 
rm -rf *
 
14:23:23 **** Build of configuration Debug for project small_led_driver ****
make -j8 all 
arm-none-eabi-gcc "../Drivers/STM32L4xx_HAL_Driver/Src/stm32l4xx_hal.c" -mcpu=cortex-m4 -std=gnu11 -g3 -DDEBUG -DUSE_HAL_DRIVER -DSTM32L431xx -c -I../Core/Inc -I../Drivers/STM32L4xx_HAL_Driver/Inc -I../Drivers/STM32L4xx_HAL_Driver/Inc/Legacy -I../Drivers/CMSIS/Device/ST/STM32L4xx/Include -I../Drivers/CMSIS/Include -O0 -ffunction-sections -fdata-sections -Wall -fstack-usage -MMD -MP -MF"Drivers/STM32L4xx_HAL_Driver/Src/stm32l4xx_hal.d" -MT"Drivers/STM32L4xx_HAL_Driver/Src/stm32l4xx_hal.o" --specs=nano.specs -mfpu=fpv4-sp-d16 -mfloat-abi=hard -mthumb -o "Drivers/STM32L4xx_HAL_Driver/Src/stm32l4xx_hal.o"
arm-none-eabi-gcc "../Drivers/STM32L4xx_HAL_Driver/Src/stm32l4xx_hal_cortex.c" -mcpu=cortex-m4 -std=gnu11 -g3 -DDEBUG -DUSE_HAL_DRIVER -DSTM32L431xx -c -I../Core/Inc -I../Drivers/STM32L4xx_HAL_Driver/Inc -I../Drivers/STM32L4xx_HAL_Driver/Inc/Legacy -I../Drivers/CMSIS/Device/ST/STM32L4xx/Include -I../Drivers/CMSIS/Include -O0 -ffunction-sections -fdata-sections -Wall -fstack-usage -MMD -MP -MF"Drivers/STM32L4xx_HAL_Driver/Src/stm32l4xx_hal_cortex.d" -MT"Drivers/STM32L4xx_HAL_Driver/Src/stm32l4xx_hal_cortex.o" --specs=nano.specs -mfpu=fpv4-sp-d16 -mfloat-abi=hard -mthumb -o "Drivers/STM32L4xx_HAL_Driver/Src/stm32l4xx_hal_cortex.o"
arm-none-eabi-gcc "../Drivers/STM32L4xx_HAL_Driver/Src/stm32l4xx_hal_dma.c" -mcpu=cortex-m4 -std=gnu11 -g3 -DDEBUG -DUSE_HAL_DRIVER -DSTM32L431xx -c -I../Core/Inc -I../Drivers/STM32L4xx_HAL_Driver/Inc -I../Drivers/STM32L4xx_HAL_Driver/Inc/Legacy -I../Drivers/CMSIS/Device/ST/STM32L4xx/Include -I../Drivers/CMSIS/Include -O0 -ffunction-sections -fdata-sections -Wall -fstack-usage -MMD -MP -MF"Drivers/STM32L4xx_HAL_Driver/Src/stm32l4xx_hal_dma.d" -MT"Drivers/STM32L4xx_HAL_Driver/Src/stm32l4xx_hal_dma.o" --specs=nano.specs -mfpu=fpv4-sp-d16 -mfloat-abi=hard -mthumb -o "Drivers/STM32L4xx_HAL_Driver/Src/stm32l4xx_hal_dma.o"
arm-none-eabi-gcc "../Drivers/STM32L4xx_HAL_Driver/Src/stm32l4xx_hal_dma_ex.c" -mcpu=cortex-m4 -std=gnu11 -g3 -DDEBUG -DUSE_HAL_DRIVER -DSTM32L431xx -c -I../Core/Inc -I../Drivers/STM32L4xx_HAL_Driver/Inc -I../Drivers/STM32L4xx_HAL_Driver/Inc/Legacy -I../Drivers/CMSIS/Device/ST/STM32L4xx/Include -I../Drivers/CMSIS/Include -O0 -ffunction-sections -fdata-sections -Wall -fstack-usage -MMD -MP -MF"Drivers/STM32L4xx_HAL_Driver/Src/stm32l4xx_hal_dma_ex.d" -MT"Drivers/STM32L4xx_HAL_Driver/Src/stm32l4xx_hal_dma_ex.o" --specs=nano.specs -mfpu=fpv4-sp-d16 -mfloat-abi=hard -mthumb -o "Drivers/STM32L4xx_HAL_Driver/Src/stm32l4xx_hal_dma_ex.o"
arm-none-eabi-gcc "../Drivers/STM32L4xx_HAL_Driver/Src/stm32l4xx_hal_exti.c" -mcpu=cortex-m4 -std=gnu11 -g3 -DDEBUG -DUSE_HAL_DRIVER -DSTM32L431xx -c -I../Core/Inc -I../Drivers/STM32L4xx_HAL_Driver/Inc -I../Drivers/STM32L4xx_HAL_Driver/Inc/Legacy -I../Drivers/CMSIS/Device/ST/STM32L4xx/Include -I../Drivers/CMSIS/Include -O0 -ffunction-sections -fdata-sections -Wall -fstack-usage -MMD -MP -MF"Drivers/STM32L4xx_HAL_Driver/Src/stm32l4xx_hal_exti.d" -MT"Drivers/STM32L4xx_HAL_Driver/Src/stm32l4xx_hal_exti.o" --specs=nano.specs -mfpu=fpv4-sp-d16 -mfloat-abi=hard -mthumb -o "Drivers/STM32L4xx_HAL_Driver/Src/stm32l4xx_hal_exti.o"
arm-none-eabi-gcc "../Drivers/STM32L4xx_HAL_Driver/Src/stm32l4xx_hal_flash.c" -mcpu=cortex-m4 -std=gnu11 -g3 -DDEBUG -DUSE_HAL_DRIVER -DSTM32L431xx -c -I../Core/Inc -I../Drivers/STM32L4xx_HAL_Driver/Inc -I../Drivers/STM32L4xx_HAL_Driver/Inc/Legacy -I../Drivers/CMSIS/Device/ST/STM32L4xx/Include -I../Drivers/CMSIS/Include -O0 -ffunction-sections -fdata-sections -Wall -fstack-usage -MMD -MP -MF"Drivers/STM32L4xx_HAL_Driver/Src/stm32l4xx_hal_flash.d" -MT"Drivers/STM32L4xx_HAL_Driver/Src/stm32l4xx_hal_flash.o" --specs=nano.specs -mfpu=fpv4-sp-d16 -mfloat-abi=hard -mthumb -o "Drivers/STM32L4xx_HAL_Driver/Src/stm32l4xx_hal_flash.o"
arm-none-eabi-gcc "../Drivers/STM32L4xx_HAL_Driver/Src/stm32l4xx_hal_flash_ex.c" -mcpu=cortex-m4 -std=gnu11 -g3 -DDEBUG -DUSE_HAL_DRIVER -DSTM32L431xx -c -I../Core/Inc -I../Drivers/STM32L4xx_HAL_Driver/Inc -I../Drivers/STM32L4xx_HAL_Driver/Inc/Legacy -I../Drivers/CMSIS/Device/ST/STM32L4xx/Include -I../Drivers/CMSIS/Include -O0 -ffunction-sections -fdata-sections -Wall -fstack-usage -MMD -MP -MF"Drivers/STM32L4xx_HAL_Driver/Src/stm32l4xx_hal_flash_ex.d" -MT"Drivers/STM32L4xx_HAL_Driver/Src/stm32l4xx_hal_flash_ex.o" --specs=nano.specs -mfpu=fpv4-sp-d16 -mfloat-abi=hard -mthumb -o "Drivers/STM32L4xx_HAL_Driver/Src/stm32l4xx_hal_flash_ex.o"
arm-none-eabi-gcc "../Drivers/STM32L4xx_HAL_Driver/Src/stm32l4xx_hal_flash_ramfunc.c" -mcpu=cortex-m4 -std=gnu11 -g3 -DDEBUG -DUSE_HAL_DRIVER -DSTM32L431xx -c -I../Core/Inc -I../Drivers/STM32L4xx_HAL_Driver/Inc -I../Drivers/STM32L4xx_HAL_Driver/Inc/Legacy -I../Drivers/CMSIS/Device/ST/STM32L4xx/Include -I../Drivers/CMSIS/Include -O0 -ffunction-sections -fdata-sections -Wall -fstack-usage -MMD -MP -MF"Drivers/STM32L4xx_HAL_Driver/Src/stm32l4xx_hal_flash_ramfunc.d" -MT"Drivers/STM32L4xx_HAL_Driver/Src/stm32l4xx_hal_flash_ramfunc.o" --specs=nano.specs -mfpu=fpv4-sp-d16 -mfloat-abi=hard -mthumb -o "Drivers/STM32L4xx_HAL_Driver/Src/stm32l4xx_hal_flash_ramfunc.o"
arm-none-eabi-gcc "../Drivers/STM32L4xx_HAL_Driver/Src/stm32l4xx_hal_gpio.c" -mcpu=cortex-m4 -std=gnu11 -g3 -DDEBUG -DUSE_HAL_DRIVER -DSTM32L431xx -c -I../Core/Inc -I../Drivers/STM32L4xx_HAL_Driver/Inc -I../Drivers/STM32L4xx_HAL_Driver/Inc/Legacy -I../Drivers/CMSIS/Device/ST/STM32L4xx/Include -I../Drivers/CMSIS/Include -O0 -ffunction-sections -fdata-sections -Wall -fstack-usage -MMD -MP -MF"Drivers/STM32L4xx_HAL_Driver/Src/stm32l4xx_hal_gpio.d" -MT"Drivers/STM32L4xx_HAL_Driver/Src/stm32l4xx_hal_gpio.o" --specs=nano.specs -mfpu=fpv4-sp-d16 -mfloat-abi=hard -mthumb -o "Drivers/STM32L4xx_HAL_Driver/Src/stm32l4xx_hal_gpio.o"
arm-none-eabi-gcc "../Drivers/STM32L4xx_HAL_Driver/Src/stm32l4xx_hal_i2c.c" -mcpu=cortex-m4 -std=gnu11 -g3 -DDEBUG -DUSE_HAL_DRIVER -DSTM32L431xx -c -I../Core/Inc -I../Drivers/STM32L4xx_HAL_Driver/Inc -I../Drivers/STM32L4xx_HAL_Driver/Inc/Legacy -I../Drivers/CMSIS/Device/ST/STM32L4xx/Include -I../Drivers/CMSIS/Include -O0 -ffunction-sections -fdata-sections -Wall -fstack-usage -MMD -MP -MF"Drivers/STM32L4xx_HAL_Driver/Src/stm32l4xx_hal_i2c.d" -MT"Drivers/STM32L4xx_HAL_Driver/Src/stm32l4xx_hal_i2c.o" --specs=nano.specs -mfpu=fpv4-sp-d16 -mfloat-abi=hard -mthumb -o "Drivers/STM32L4xx_HAL_Driver/Src/stm32l4xx_hal_i2c.o"
arm-none-eabi-gcc "../Drivers/STM32L4xx_HAL_Driver/Src/stm32l4xx_hal_i2c_ex.c" -mcpu=cortex-m4 -std=gnu11 -g3 -DDEBUG -DUSE_HAL_DRIVER -DSTM32L431xx -c -I../Core/Inc -I../Drivers/STM32L4xx_HAL_Driver/Inc -I../Drivers/STM32L4xx_HAL_Driver/Inc/Legacy -I../Drivers/CMSIS/Device/ST/STM32L4xx/Include -I../Drivers/CMSIS/Include -O0 -ffunction-sections -fdata-sections -Wall -fstack-usage -MMD -MP -MF"Drivers/STM32L4xx_HAL_Driver/Src/stm32l4xx_hal_i2c_ex.d" -MT"Drivers/STM32L4xx_HAL_Driver/Src/stm32l4xx_hal_i2c_ex.o" --specs=nano.specs -mfpu=fpv4-sp-d16 -mfloat-abi=hard -mthumb -o "Drivers/STM32L4xx_HAL_Driver/Src/stm32l4xx_hal_i2c_ex.o"
arm-none-eabi-gcc "../Drivers/STM32L4xx_HAL_Driver/Src/stm32l4xx_hal_pwr.c" -mcpu=cortex-m4 -std=gnu11 -g3 -DDEBUG -DUSE_HAL_DRIVER -DSTM32L431xx -c -I../Core/Inc -I../Drivers/STM32L4xx_HAL_Driver/Inc -I../Drivers/STM32L4xx_HAL_Driver/Inc/Legacy -I../Drivers/CMSIS/Device/ST/STM32L4xx/Include -I../Drivers/CMSIS/Include -O0 -ffunction-sections -fdata-sections -Wall -fstack-usage -MMD -MP -MF"Drivers/STM32L4xx_HAL_Driver/Src/stm32l4xx_hal_pwr.d" -MT"Drivers/STM32L4xx_HAL_Driver/Src/stm32l4xx_hal_pwr.o" --specs=nano.specs -mfpu=fpv4-sp-d16 -mfloat-abi=hard -mthumb -o "Drivers/STM32L4xx_HAL_Driver/Src/stm32l4xx_hal_pwr.o"
arm-none-eabi-gcc "../Drivers/STM32L4xx_HAL_Driver/Src/stm32l4xx_hal_pwr_ex.c" -mcpu=cortex-m4 -std=gnu11 -g3 -DDEBUG -DUSE_HAL_DRIVER -DSTM32L431xx -c -I../Core/Inc -I../Drivers/STM32L4xx_HAL_Driver/Inc -I../Drivers/STM32L4xx_HAL_Driver/Inc/Legacy -I../Drivers/CMSIS/Device/ST/STM32L4xx/Include -I../Drivers/CMSIS/Include -O0 -ffunction-sections -fdata-sections -Wall -fstack-usage -MMD -MP -MF"Drivers/STM32L4xx_HAL_Driver/Src/stm32l4xx_hal_pwr_ex.d" -MT"Drivers/STM32L4xx_HAL_Driver/Src/stm32l4xx_hal_pwr_ex.o" --specs=nano.specs -mfpu=fpv4-sp-d16 -mfloat-abi=hard -mthumb -o "Drivers/STM32L4xx_HAL_Driver/Src/stm32l4xx_hal_pwr_ex.o"
arm-none-eabi-gcc "../Drivers/STM32L4xx_HAL_Driver/Src/stm32l4xx_hal_rcc.c" -mcpu=cortex-m4 -std=gnu11 -g3 -DDEBUG -DUSE_HAL_DRIVER -DSTM32L431xx -c -I../Core/Inc -I../Drivers/STM32L4xx_HAL_Driver/Inc -I../Drivers/STM32L4xx_HAL_Driver/Inc/Legacy -I../Drivers/CMSIS/Device/ST/STM32L4xx/Include -I../Drivers/CMSIS/Include -O0 -ffunction-sections -fdata-sections -Wall -fstack-usage -MMD -MP -MF"Drivers/STM32L4xx_HAL_Driver/Src/stm32l4xx_hal_rcc.d" -MT"Drivers/STM32L4xx_HAL_Driver/Src/stm32l4xx_hal_rcc.o" --specs=nano.specs -mfpu=fpv4-sp-d16 -mfloat-abi=hard -mthumb -o "Drivers/STM32L4xx_HAL_Driver/Src/stm32l4xx_hal_rcc.o"
arm-none-eabi-gcc "../Drivers/STM32L4xx_HAL_Driver/Src/stm32l4xx_hal_rcc_ex.c" -mcpu=cortex-m4 -std=gnu11 -g3 -DDEBUG -DUSE_HAL_DRIVER -DSTM32L431xx -c -I../Core/Inc -I../Drivers/STM32L4xx_HAL_Driver/Inc -I../Drivers/STM32L4xx_HAL_Driver/Inc/Legacy -I../Drivers/CMSIS/Device/ST/STM32L4xx/Include -I../Drivers/CMSIS/Include -O0 -ffunction-sections -fdata-sections -Wall -fstack-usage -MMD -MP -MF"Drivers/STM32L4xx_HAL_Driver/Src/stm32l4xx_hal_rcc_ex.d" -MT"Drivers/STM32L4xx_HAL_Driver/Src/stm32l4xx_hal_rcc_ex.o" --specs=nano.specs -mfpu=fpv4-sp-d16 -mfloat-abi=hard -mthumb -o "Drivers/STM32L4xx_HAL_Driver/Src/stm32l4xx_hal_rcc_ex.o"
arm-none-eabi-gcc "../Drivers/STM32L4xx_HAL_Driver/Src/stm32l4xx_hal_rtc.c" -mcpu=cortex-m4 -std=gnu11 -g3 -DDEBUG -DUSE_HAL_DRIVER -DSTM32L431xx -c -I../Core/Inc -I../Drivers/STM32L4xx_HAL_Driver/Inc -I../Drivers/STM32L4xx_HAL_Driver/Inc/Legacy -I../Drivers/CMSIS/Device/ST/STM32L4xx/Include -I../Drivers/CMSIS/Include -O0 -ffunction-sections -fdata-sections -Wall -fstack-usage -MMD -MP -MF"Drivers/STM32L4xx_HAL_Driver/Src/stm32l4xx_hal_rtc.d" -MT"Drivers/STM32L4xx_HAL_Driver/Src/stm32l4xx_hal_rtc.o" --specs=nano.specs -mfpu=fpv4-sp-d16 -mfloat-abi=hard -mthumb -o "Drivers/STM32L4xx_HAL_Driver/Src/stm32l4xx_hal_rtc.o"
arm-none-eabi-gcc "../Drivers/STM32L4xx_HAL_Driver/Src/stm32l4xx_hal_rtc_ex.c" -mcpu=cortex-m4 -std=gnu11 -g3 -DDEBUG -DUSE_HAL_DRIVER -DSTM32L431xx -c -I../Core/Inc -I../Drivers/STM32L4xx_HAL_Driver/Inc -I../Drivers/STM32L4xx_HAL_Driver/Inc/Legacy -I../Drivers/CMSIS/Device/ST/STM32L4xx/Include -I../Drivers/CMSIS/Include -O0 -ffunction-sections -fdata-sections -Wall -fstack-usage -MMD -MP -MF"Drivers/STM32L4xx_HAL_Driver/Src/stm32l4xx_hal_rtc_ex.d" -MT"Drivers/STM32L4xx_HAL_Driver/Src/stm32l4xx_hal_rtc_ex.o" --specs=nano.specs -mfpu=fpv4-sp-d16 -mfloat-abi=hard -mthumb -o "Drivers/STM32L4xx_HAL_Driver/Src/stm32l4xx_hal_rtc_ex.o"
arm-none-eabi-gcc "../Drivers/STM32L4xx_HAL_Driver/Src/stm32l4xx_hal_tim.c" -mcpu=cortex-m4 -std=gnu11 -g3 -DDEBUG -DUSE_HAL_DRIVER -DSTM32L431xx -c -I../Core/Inc -I../Drivers/STM32L4xx_HAL_Driver/Inc -I../Drivers/STM32L4xx_HAL_Driver/Inc/Legacy -I../Drivers/CMSIS/Device/ST/STM32L4xx/Include -I../Drivers/CMSIS/Include -O0 -ffunction-sections -fdata-sections -Wall -fstack-usage -MMD -MP -MF"Drivers/STM32L4xx_HAL_Driver/Src/stm32l4xx_hal_tim.d" -MT"Drivers/STM32L4xx_HAL_Driver/Src/stm32l4xx_hal_tim.o" --specs=nano.specs -mfpu=fpv4-sp-d16 -mfloat-abi=hard -mthumb -o "Drivers/STM32L4xx_HAL_Driver/Src/stm32l4xx_hal_tim.o"
arm-none-eabi-gcc "../Drivers/STM32L4xx_HAL_Driver/Src/stm32l4xx_hal_tim_ex.c" -mcpu=cortex-m4 -std=gnu11 -g3 -DDEBUG -DUSE_HAL_DRIVER -DSTM32L431xx -c -I../Core/Inc -I../Drivers/STM32L4xx_HAL_Driver/Inc -I../Drivers/STM32L4xx_HAL_Driver/Inc/Legacy -I../Drivers/CMSIS/Device/ST/STM32L4xx/Include -I../Drivers/CMSIS/Include -O0 -ffunction-sections -fdata-sections -Wall -fstack-usage -MMD -MP -MF"Drivers/STM32L4xx_HAL_Driver/Src/stm32l4xx_hal_tim_ex.d" -MT"Drivers/STM32L4xx_HAL_Driver/Src/stm32l4xx_hal_tim_ex.o" --specs=nano.specs -mfpu=fpv4-sp-d16 -mfloat-abi=hard -mthumb -o "Drivers/STM32L4xx_HAL_Driver/Src/stm32l4xx_hal_tim_ex.o"
arm-none-eabi-gcc -mcpu=cortex-m4 -g3 -c -x assembler-with-cpp -MMD -MP -MF"Core/Startup/startup_stm32l431rctx.d" -MT"Core/Startup/startup_stm32l431rctx.o" --specs=nano.specs -mfpu=fpv4-sp-d16 -mfloat-abi=hard -mthumb -o "Core/Startup/startup_stm32l431rctx.o" "../Core/Startup/startup_stm32l431rctx.s"
arm-none-eabi-gcc "../Core/Src/main.c" -mcpu=cortex-m4 -std=gnu11 -g3 -DDEBUG -DUSE_HAL_DRIVER -DSTM32L431xx -c -I../Core/Inc -I../Drivers/STM32L4xx_HAL_Driver/Inc -I../Drivers/STM32L4xx_HAL_Driver/Inc/Legacy -I../Drivers/CMSIS/Device/ST/STM32L4xx/Include -I../Drivers/CMSIS/Include -O0 -ffunction-sections -fdata-sections -Wall -fstack-usage -MMD -MP -MF"Core/Src/main.d" -MT"Core/Src/main.o" --specs=nano.specs -mfpu=fpv4-sp-d16 -mfloat-abi=hard -mthumb -o "Core/Src/main.o"
arm-none-eabi-gcc "../Core/Src/stm32l4xx_hal_msp.c" -mcpu=cortex-m4 -std=gnu11 -g3 -DDEBUG -DUSE_HAL_DRIVER -DSTM32L431xx -c -I../Core/Inc -I../Drivers/STM32L4xx_HAL_Driver/Inc -I../Drivers/STM32L4xx_HAL_Driver/Inc/Legacy -I../Drivers/CMSIS/Device/ST/STM32L4xx/Include -I../Drivers/CMSIS/Include -O0 -ffunction-sections -fdata-sections -Wall -fstack-usage -MMD -MP -MF"Core/Src/stm32l4xx_hal_msp.d" -MT"Core/Src/stm32l4xx_hal_msp.o" --specs=nano.specs -mfpu=fpv4-sp-d16 -mfloat-abi=hard -mthumb -o "Core/Src/stm32l4xx_hal_msp.o"
arm-none-eabi-gcc "../Core/Src/stm32l4xx_it.c" -mcpu=cortex-m4 -std=gnu11 -g3 -DDEBUG -DUSE_HAL_DRIVER -DSTM32L431xx -c -I../Core/Inc -I../Drivers/STM32L4xx_HAL_Driver/Inc -I../Drivers/STM32L4xx_HAL_Driver/Inc/Legacy -I../Drivers/CMSIS/Device/ST/STM32L4xx/Include -I../Drivers/CMSIS/Include -O0 -ffunction-sections -fdata-sections -Wall -fstack-usage -MMD -MP -MF"Core/Src/stm32l4xx_it.d" -MT"Core/Src/stm32l4xx_it.o" --specs=nano.specs -mfpu=fpv4-sp-d16 -mfloat-abi=hard -mthumb -o "Core/Src/stm32l4xx_it.o"
../Core/Src/main.c: In function 'WS2812_Send':
../Core/Src/main.c:108:11: warning: unused variable 'a' [-Wunused-variable]
  108 |  uint16_t a = 0;
      |           ^
arm-none-eabi-gcc "../Core/Src/syscalls.c" -mcpu=cortex-m4 -std=gnu11 -g3 -DDEBUG -DUSE_HAL_DRIVER -DSTM32L431xx -c -I../Core/Inc -I../Drivers/STM32L4xx_HAL_Driver/Inc -I../Drivers/STM32L4xx_HAL_Driver/Inc/Legacy -I../Drivers/CMSIS/Device/ST/STM32L4xx/Include -I../Drivers/CMSIS/Include -O0 -ffunction-sections -fdata-sections -Wall -fstack-usage -MMD -MP -MF"Core/Src/syscalls.d" -MT"Core/Src/syscalls.o" --specs=nano.specs -mfpu=fpv4-sp-d16 -mfloat-abi=hard -mthumb -o "Core/Src/syscalls.o"
arm-none-eabi-gcc "../Core/Src/sysmem.c" -mcpu=cortex-m4 -std=gnu11 -g3 -DDEBUG -DUSE_HAL_DRIVER -DSTM32L431xx -c -I../Core/Inc -I../Drivers/STM32L4xx_HAL_Driver/Inc -I../Drivers/STM32L4xx_HAL_Driver/Inc/Legacy -I../Drivers/CMSIS/Device/ST/STM32L4xx/Include -I../Drivers/CMSIS/Include -O0 -ffunction-sections -fdata-sections -Wall -fstack-usage -MMD -MP -MF"Core/Src/sysmem.d" -MT"Core/Src/sysmem.o" --specs=nano.specs -mfpu=fpv4-sp-d16 -mfloat-abi=hard -mthumb -o "Core/Src/sysmem.o"
arm-none-eabi-gcc "../Core/Src/system_stm32l4xx.c" -mcpu=cortex-m4 -std=gnu11 -g3 -DDEBUG -DUSE_HAL_DRIVER -DSTM32L431xx -c -I../Core/Inc -I../Drivers/STM32L4xx_HAL_Driver/Inc -I../Drivers/STM32L4xx_HAL_Driver/Inc/Legacy -I../Drivers/CMSIS/Device/ST/STM32L4xx/Include -I../Drivers/CMSIS/Include -O0 -ffunction-sections -fdata-sections -Wall -fstack-usage -MMD -MP -MF"Core/Src/system_stm32l4xx.d" -MT"Core/Src/system_stm32l4xx.o" --specs=nano.specs -mfpu=fpv4-sp-d16 -mfloat-abi=hard -mthumb -o "Core/Src/system_stm32l4xx.o"
arm-none-eabi-gcc -o "small_led_driver.elf" @"objects.list"   -mcpu=cortex-m4 -T"C:\Users\splat\Documents\GitHub\Spud_code_collection\STM32\stm32_workspace\small_led_driver\STM32L431RCTX_FLASH.ld" --specs=nosys.specs -Wl,-Map="small_led_driver.map" -Wl,--gc-sections -static --specs=nano.specs -mfpu=fpv4-sp-d16 -mfloat-abi=hard -mthumb -Wl,--start-group -lc -lm -Wl,--end-group
Finished building target: small_led_driver.elf
 
arm-none-eabi-size   small_led_driver.elf 
arm-none-eabi-objdump -h -S  small_led_driver.elf  > "small_led_driver.list"
arm-none-eabi-objcopy  -O binary  small_led_driver.elf  "small_led_driver.bin"
   text	   data	    bss	    dec	    hex	filename
  17064	     20	   8284	  25368	   6318	small_led_driver.elf
Finished building: default.size.stdout
 
Finished building: small_led_driver.bin
 
Finished building: small_led_driver.list
 
14:26:18 **** Incremental Build of configuration Debug for project small_led_driver ****
make -j8 all 
arm-none-eabi-size   small_led_driver.elf 
   text	   data	    bss	    dec	    hex	filename
  17064	     20	   8284	  25368	   6318	small_led_driver.elf
Finished building: default.size.stdout
 

**** Build of configuration Debug for project small_led_driver ****

Nothing to build for project small_led_driver
14:35:08 **** Incremental Build of configuration Debug for project small_led_driver ****
make -j8 all 
arm-none-eabi-gcc -mcpu=cortex-m4 -g3 -c -x assembler-with-cpp -MMD -MP -MF"startup/startup_stm32l431rctx.d" -MT"startup/startup_stm32l431rctx.o" --specs=nano.specs -mfpu=fpv4-sp-d16 -mfloat-abi=hard -mthumb -o "startup/startup_stm32l431rctx.o" "../startup/startup_stm32l431rctx.s"
arm-none-eabi-gcc "../src/stm32_bloat/stm32l4xx_hal_msp.c" -mcpu=cortex-m4 -std=gnu11 -g3 -DDEBUG -DUSE_HAL_DRIVER -DSTM32L431xx -c -I../Core/Inc -I../Drivers/STM32L4xx_HAL_Driver/Inc -I../Drivers/STM32L4xx_HAL_Driver/Inc/Legacy -I../Drivers/CMSIS/Device/ST/STM32L4xx/Include -I../Drivers/CMSIS/Include -O0 -ffunction-sections -fdata-sections -Wall -fstack-usage -MMD -MP -MF"src/stm32_bloat/stm32l4xx_hal_msp.d" -MT"src/stm32_bloat/stm32l4xx_hal_msp.o" --specs=nano.specs -mfpu=fpv4-sp-d16 -mfloat-abi=hard -mthumb -o "src/stm32_bloat/stm32l4xx_hal_msp.o"
arm-none-eabi-gcc "../src/stm32_bloat/stm32l4xx_it.c" -mcpu=cortex-m4 -std=gnu11 -g3 -DDEBUG -DUSE_HAL_DRIVER -DSTM32L431xx -c -I../Core/Inc -I../Drivers/STM32L4xx_HAL_Driver/Inc -I../Drivers/STM32L4xx_HAL_Driver/Inc/Legacy -I../Drivers/CMSIS/Device/ST/STM32L4xx/Include -I../Drivers/CMSIS/Include -O0 -ffunction-sections -fdata-sections -Wall -fstack-usage -MMD -MP -MF"src/stm32_bloat/stm32l4xx_it.d" -MT"src/stm32_bloat/stm32l4xx_it.o" --specs=nano.specs -mfpu=fpv4-sp-d16 -mfloat-abi=hard -mthumb -o "src/stm32_bloat/stm32l4xx_it.o"
arm-none-eabi-gcc "../src/stm32_bloat/syscalls.c" -mcpu=cortex-m4 -std=gnu11 -g3 -DDEBUG -DUSE_HAL_DRIVER -DSTM32L431xx -c -I../Core/Inc -I../Drivers/STM32L4xx_HAL_Driver/Inc -I../Drivers/STM32L4xx_HAL_Driver/Inc/Legacy -I../Drivers/CMSIS/Device/ST/STM32L4xx/Include -I../Drivers/CMSIS/Include -O0 -ffunction-sections -fdata-sections -Wall -fstack-usage -MMD -MP -MF"src/stm32_bloat/syscalls.d" -MT"src/stm32_bloat/syscalls.o" --specs=nano.specs -mfpu=fpv4-sp-d16 -mfloat-abi=hard -mthumb -o "src/stm32_bloat/syscalls.o"
arm-none-eabi-gcc "../src/stm32_bloat/sysmem.c" -mcpu=cortex-m4 -std=gnu11 -g3 -DDEBUG -DUSE_HAL_DRIVER -DSTM32L431xx -c -I../Core/Inc -I../Drivers/STM32L4xx_HAL_Driver/Inc -I../Drivers/STM32L4xx_HAL_Driver/Inc/Legacy -I../Drivers/CMSIS/Device/ST/STM32L4xx/Include -I../Drivers/CMSIS/Include -O0 -ffunction-sections -fdata-sections -Wall -fstack-usage -MMD -MP -MF"src/stm32_bloat/sysmem.d" -MT"src/stm32_bloat/sysmem.o" --specs=nano.specs -mfpu=fpv4-sp-d16 -mfloat-abi=hard -mthumb -o "src/stm32_bloat/sysmem.o"
arm-none-eabi-gcc "../src/stm32_bloat/system_stm32l4xx.c" -mcpu=cortex-m4 -std=gnu11 -g3 -DDEBUG -DUSE_HAL_DRIVER -DSTM32L431xx -c -I../Core/Inc -I../Drivers/STM32L4xx_HAL_Driver/Inc -I../Drivers/STM32L4xx_HAL_Driver/Inc/Legacy -I../Drivers/CMSIS/Device/ST/STM32L4xx/Include -I../Drivers/CMSIS/Include -O0 -ffunction-sections -fdata-sections -Wall -fstack-usage -MMD -MP -MF"src/stm32_bloat/system_stm32l4xx.d" -MT"src/stm32_bloat/system_stm32l4xx.o" --specs=nano.specs -mfpu=fpv4-sp-d16 -mfloat-abi=hard -mthumb -o "src/stm32_bloat/system_stm32l4xx.o"
arm-none-eabi-gcc "../src/main.c" -mcpu=cortex-m4 -std=gnu11 -g3 -DDEBUG -DUSE_HAL_DRIVER -DSTM32L431xx -c -I../Core/Inc -I../Drivers/STM32L4xx_HAL_Driver/Inc -I../Drivers/STM32L4xx_HAL_Driver/Inc/Legacy -I../Drivers/CMSIS/Device/ST/STM32L4xx/Include -I../Drivers/CMSIS/Include -O0 -ffunction-sections -fdata-sections -Wall -fstack-usage -MMD -MP -MF"src/main.d" -MT"src/main.o" --specs=nano.specs -mfpu=fpv4-sp-d16 -mfloat-abi=hard -mthumb -o "src/main.o"
arm-none-eabi-gcc "../sdk/STM32L4xx_HAL_Driver/Src/stm32l4xx_hal.c" -mcpu=cortex-m4 -std=gnu11 -g3 -DDEBUG -DUSE_HAL_DRIVER -DSTM32L431xx -c -I../Core/Inc -I../Drivers/STM32L4xx_HAL_Driver/Inc -I../Drivers/STM32L4xx_HAL_Driver/Inc/Legacy -I../Drivers/CMSIS/Device/ST/STM32L4xx/Include -I../Drivers/CMSIS/Include -O0 -ffunction-sections -fdata-sections -Wall -fstack-usage -MMD -MP -MF"sdk/STM32L4xx_HAL_Driver/Src/stm32l4xx_hal.d" -MT"sdk/STM32L4xx_HAL_Driver/Src/stm32l4xx_hal.o" --specs=nano.specs -mfpu=fpv4-sp-d16 -mfloat-abi=hard -mthumb -o "sdk/STM32L4xx_HAL_Driver/Src/stm32l4xx_hal.o"
../src/stm32_bloat/stm32l4xx_it.c:22:10: fatal error: main.h: No such file or directory
   22 | #include "main.h"
      |          ^~~~~~~~
compilation terminated.
../src/stm32_bloat/stm32l4xx_hal_msp.c:23:10: fatal error: main.h: No such file or directory
   23 | #include "main.h"
      |          ^~~~~~~~
compilation terminated.
../src/stm32_bloat/system_stm32l4xx.c:91:10: fatal error: stm32l4xx.h: No such file or directory
   91 | #include "stm32l4xx.h"
      |          ^~~~~~~~~~~~~
compilation terminated.
make: *** [src/stm32_bloat/subdir.mk:33: src/stm32_bloat/stm32l4xx_it.o] Error 1
make: *** Waiting for unfinished jobs....
In file included from ../src/main.c:21:
../src/main.h:31:10: fatal error: stm32l4xx_hal.h: No such file or directory
   31 | #include "stm32l4xx_hal.h"
      |          ^~~~~~~~~~~~~~~~~
compilation terminated.
make: *** [src/stm32_bloat/subdir.mk:39: src/stm32_bloat/system_stm32l4xx.o] Error 1
make: *** [src/stm32_bloat/subdir.mk:31: src/stm32_bloat/stm32l4xx_hal_msp.o] Error 1
make: *** [src/subdir.mk:19: src/main.o] Error 1
../sdk/STM32L4xx_HAL_Driver/Src/stm32l4xx_hal.c:36:10: fatal error: stm32l4xx_hal.h: No such file or directory
   36 | #include "stm32l4xx_hal.h"
      |          ^~~~~~~~~~~~~~~~~
compilation terminated.
make: *** [sdk/STM32L4xx_HAL_Driver/Src/subdir.mk:73: sdk/STM32L4xx_HAL_Driver/Src/stm32l4xx_hal.o] Error 1
"make -j8 all" terminated with exit code 2. Build might be incomplete.
14:57:14 **** Incremental Build of configuration Debug for project small_led_driver ****
make -j8 all 
arm-none-eabi-gcc "../src/stm32_bloat/stm32l4xx_hal_msp.c" -mcpu=cortex-m4 -std=gnu11 -g3 -DDEBUG -DUSE_HAL_DRIVER -DSTM32L431xx -c -I"C:/Users/splat/Documents/GitHub/Spud_code_collection/STM32/stm32_workspace/small_led_driver/startup" -I"C:/Users/splat/Documents/GitHub/Spud_code_collection/STM32/stm32_workspace/small_led_driver/sdk/CMSIS/Include" -I"C:/Users/splat/Documents/GitHub/Spud_code_collection/STM32/stm32_workspace/small_led_driver/sdk/CMSIS/Device/ST/STM32L4xx/Include" -I"C:/Users/splat/Documents/GitHub/Spud_code_collection/STM32/stm32_workspace/small_led_driver/sdk/STM32l4xx_HAL_Driver/Src" -I"C:/Users/splat/Documents/GitHub/Spud_code_collection/STM32/stm32_workspace/small_led_driver/sdk/STM32l4xx_HAL_Driver/Inc" -I"C:/Users/splat/Documents/GitHub/Spud_code_collection/STM32/stm32_workspace/small_led_driver/sdk/STM32l4xx_HAL_Driver/Inc/Legacy" -I"C:/Users/splat/Documents/GitHub/Spud_code_collection/STM32/stm32_workspace/small_led_driver/src" -I"C:/Users/splat/Documents/GitHub/Spud_code_collection/STM32/stm32_workspace/small_led_driver/src/stm32_bloat" -I"C:/Users/splat/Documents/GitHub/Spud_code_collection/STM32/stm32_workspace/fw_common/lib/animate_led" -I"C:/Users/splat/Documents/GitHub/Spud_code_collection/STM32/stm32_workspace/fw_common/lib/color_led" -O0 -ffunction-sections -fdata-sections -Wall -fstack-usage -MMD -MP -MF"src/stm32_bloat/stm32l4xx_hal_msp.d" -MT"src/stm32_bloat/stm32l4xx_hal_msp.o" --specs=nano.specs -mfpu=fpv4-sp-d16 -mfloat-abi=hard -mthumb -o "src/stm32_bloat/stm32l4xx_hal_msp.o"
arm-none-eabi-gcc "../src/stm32_bloat/stm32l4xx_it.c" -mcpu=cortex-m4 -std=gnu11 -g3 -DDEBUG -DUSE_HAL_DRIVER -DSTM32L431xx -c -I"C:/Users/splat/Documents/GitHub/Spud_code_collection/STM32/stm32_workspace/small_led_driver/startup" -I"C:/Users/splat/Documents/GitHub/Spud_code_collection/STM32/stm32_workspace/small_led_driver/sdk/CMSIS/Include" -I"C:/Users/splat/Documents/GitHub/Spud_code_collection/STM32/stm32_workspace/small_led_driver/sdk/CMSIS/Device/ST/STM32L4xx/Include" -I"C:/Users/splat/Documents/GitHub/Spud_code_collection/STM32/stm32_workspace/small_led_driver/sdk/STM32l4xx_HAL_Driver/Src" -I"C:/Users/splat/Documents/GitHub/Spud_code_collection/STM32/stm32_workspace/small_led_driver/sdk/STM32l4xx_HAL_Driver/Inc" -I"C:/Users/splat/Documents/GitHub/Spud_code_collection/STM32/stm32_workspace/small_led_driver/sdk/STM32l4xx_HAL_Driver/Inc/Legacy" -I"C:/Users/splat/Documents/GitHub/Spud_code_collection/STM32/stm32_workspace/small_led_driver/src" -I"C:/Users/splat/Documents/GitHub/Spud_code_collection/STM32/stm32_workspace/small_led_driver/src/stm32_bloat" -I"C:/Users/splat/Documents/GitHub/Spud_code_collection/STM32/stm32_workspace/fw_common/lib/animate_led" -I"C:/Users/splat/Documents/GitHub/Spud_code_collection/STM32/stm32_workspace/fw_common/lib/color_led" -O0 -ffunction-sections -fdata-sections -Wall -fstack-usage -MMD -MP -MF"src/stm32_bloat/stm32l4xx_it.d" -MT"src/stm32_bloat/stm32l4xx_it.o" --specs=nano.specs -mfpu=fpv4-sp-d16 -mfloat-abi=hard -mthumb -o "src/stm32_bloat/stm32l4xx_it.o"
arm-none-eabi-gcc "../src/stm32_bloat/syscalls.c" -mcpu=cortex-m4 -std=gnu11 -g3 -DDEBUG -DUSE_HAL_DRIVER -DSTM32L431xx -c -I"C:/Users/splat/Documents/GitHub/Spud_code_collection/STM32/stm32_workspace/small_led_driver/startup" -I"C:/Users/splat/Documents/GitHub/Spud_code_collection/STM32/stm32_workspace/small_led_driver/sdk/CMSIS/Include" -I"C:/Users/splat/Documents/GitHub/Spud_code_collection/STM32/stm32_workspace/small_led_driver/sdk/CMSIS/Device/ST/STM32L4xx/Include" -I"C:/Users/splat/Documents/GitHub/Spud_code_collection/STM32/stm32_workspace/small_led_driver/sdk/STM32l4xx_HAL_Driver/Src" -I"C:/Users/splat/Documents/GitHub/Spud_code_collection/STM32/stm32_workspace/small_led_driver/sdk/STM32l4xx_HAL_Driver/Inc" -I"C:/Users/splat/Documents/GitHub/Spud_code_collection/STM32/stm32_workspace/small_led_driver/sdk/STM32l4xx_HAL_Driver/Inc/Legacy" -I"C:/Users/splat/Documents/GitHub/Spud_code_collection/STM32/stm32_workspace/small_led_driver/src" -I"C:/Users/splat/Documents/GitHub/Spud_code_collection/STM32/stm32_workspace/small_led_driver/src/stm32_bloat" -I"C:/Users/splat/Documents/GitHub/Spud_code_collection/STM32/stm32_workspace/fw_common/lib/animate_led" -I"C:/Users/splat/Documents/GitHub/Spud_code_collection/STM32/stm32_workspace/fw_common/lib/color_led" -O0 -ffunction-sections -fdata-sections -Wall -fstack-usage -MMD -MP -MF"src/stm32_bloat/syscalls.d" -MT"src/stm32_bloat/syscalls.o" --specs=nano.specs -mfpu=fpv4-sp-d16 -mfloat-abi=hard -mthumb -o "src/stm32_bloat/syscalls.o"
arm-none-eabi-gcc "../src/stm32_bloat/sysmem.c" -mcpu=cortex-m4 -std=gnu11 -g3 -DDEBUG -DUSE_HAL_DRIVER -DSTM32L431xx -c -I"C:/Users/splat/Documents/GitHub/Spud_code_collection/STM32/stm32_workspace/small_led_driver/startup" -I"C:/Users/splat/Documents/GitHub/Spud_code_collection/STM32/stm32_workspace/small_led_driver/sdk/CMSIS/Include" -I"C:/Users/splat/Documents/GitHub/Spud_code_collection/STM32/stm32_workspace/small_led_driver/sdk/CMSIS/Device/ST/STM32L4xx/Include" -I"C:/Users/splat/Documents/GitHub/Spud_code_collection/STM32/stm32_workspace/small_led_driver/sdk/STM32l4xx_HAL_Driver/Src" -I"C:/Users/splat/Documents/GitHub/Spud_code_collection/STM32/stm32_workspace/small_led_driver/sdk/STM32l4xx_HAL_Driver/Inc" -I"C:/Users/splat/Documents/GitHub/Spud_code_collection/STM32/stm32_workspace/small_led_driver/sdk/STM32l4xx_HAL_Driver/Inc/Legacy" -I"C:/Users/splat/Documents/GitHub/Spud_code_collection/STM32/stm32_workspace/small_led_driver/src" -I"C:/Users/splat/Documents/GitHub/Spud_code_collection/STM32/stm32_workspace/small_led_driver/src/stm32_bloat" -I"C:/Users/splat/Documents/GitHub/Spud_code_collection/STM32/stm32_workspace/fw_common/lib/animate_led" -I"C:/Users/splat/Documents/GitHub/Spud_code_collection/STM32/stm32_workspace/fw_common/lib/color_led" -O0 -ffunction-sections -fdata-sections -Wall -fstack-usage -MMD -MP -MF"src/stm32_bloat/sysmem.d" -MT"src/stm32_bloat/sysmem.o" --specs=nano.specs -mfpu=fpv4-sp-d16 -mfloat-abi=hard -mthumb -o "src/stm32_bloat/sysmem.o"
arm-none-eabi-gcc "../src/stm32_bloat/system_stm32l4xx.c" -mcpu=cortex-m4 -std=gnu11 -g3 -DDEBUG -DUSE_HAL_DRIVER -DSTM32L431xx -c -I"C:/Users/splat/Documents/GitHub/Spud_code_collection/STM32/stm32_workspace/small_led_driver/startup" -I"C:/Users/splat/Documents/GitHub/Spud_code_collection/STM32/stm32_workspace/small_led_driver/sdk/CMSIS/Include" -I"C:/Users/splat/Documents/GitHub/Spud_code_collection/STM32/stm32_workspace/small_led_driver/sdk/CMSIS/Device/ST/STM32L4xx/Include" -I"C:/Users/splat/Documents/GitHub/Spud_code_collection/STM32/stm32_workspace/small_led_driver/sdk/STM32l4xx_HAL_Driver/Src" -I"C:/Users/splat/Documents/GitHub/Spud_code_collection/STM32/stm32_workspace/small_led_driver/sdk/STM32l4xx_HAL_Driver/Inc" -I"C:/Users/splat/Documents/GitHub/Spud_code_collection/STM32/stm32_workspace/small_led_driver/sdk/STM32l4xx_HAL_Driver/Inc/Legacy" -I"C:/Users/splat/Documents/GitHub/Spud_code_collection/STM32/stm32_workspace/small_led_driver/src" -I"C:/Users/splat/Documents/GitHub/Spud_code_collection/STM32/stm32_workspace/small_led_driver/src/stm32_bloat" -I"C:/Users/splat/Documents/GitHub/Spud_code_collection/STM32/stm32_workspace/fw_common/lib/animate_led" -I"C:/Users/splat/Documents/GitHub/Spud_code_collection/STM32/stm32_workspace/fw_common/lib/color_led" -O0 -ffunction-sections -fdata-sections -Wall -fstack-usage -MMD -MP -MF"src/stm32_bloat/system_stm32l4xx.d" -MT"src/stm32_bloat/system_stm32l4xx.o" --specs=nano.specs -mfpu=fpv4-sp-d16 -mfloat-abi=hard -mthumb -o "src/stm32_bloat/system_stm32l4xx.o"
arm-none-eabi-gcc "../src/main.c" -mcpu=cortex-m4 -std=gnu11 -g3 -DDEBUG -DUSE_HAL_DRIVER -DSTM32L431xx -c -I"C:/Users/splat/Documents/GitHub/Spud_code_collection/STM32/stm32_workspace/small_led_driver/startup" -I"C:/Users/splat/Documents/GitHub/Spud_code_collection/STM32/stm32_workspace/small_led_driver/sdk/CMSIS/Include" -I"C:/Users/splat/Documents/GitHub/Spud_code_collection/STM32/stm32_workspace/small_led_driver/sdk/CMSIS/Device/ST/STM32L4xx/Include" -I"C:/Users/splat/Documents/GitHub/Spud_code_collection/STM32/stm32_workspace/small_led_driver/sdk/STM32l4xx_HAL_Driver/Src" -I"C:/Users/splat/Documents/GitHub/Spud_code_collection/STM32/stm32_workspace/small_led_driver/sdk/STM32l4xx_HAL_Driver/Inc" -I"C:/Users/splat/Documents/GitHub/Spud_code_collection/STM32/stm32_workspace/small_led_driver/sdk/STM32l4xx_HAL_Driver/Inc/Legacy" -I"C:/Users/splat/Documents/GitHub/Spud_code_collection/STM32/stm32_workspace/small_led_driver/src" -I"C:/Users/splat/Documents/GitHub/Spud_code_collection/STM32/stm32_workspace/small_led_driver/src/stm32_bloat" -I"C:/Users/splat/Documents/GitHub/Spud_code_collection/STM32/stm32_workspace/fw_common/lib/animate_led" -I"C:/Users/splat/Documents/GitHub/Spud_code_collection/STM32/stm32_workspace/fw_common/lib/color_led" -O0 -ffunction-sections -fdata-sections -Wall -fstack-usage -MMD -MP -MF"src/main.d" -MT"src/main.o" --specs=nano.specs -mfpu=fpv4-sp-d16 -mfloat-abi=hard -mthumb -o "src/main.o"
arm-none-eabi-gcc "../sdk/STM32L4xx_HAL_Driver/Src/stm32l4xx_hal.c" -mcpu=cortex-m4 -std=gnu11 -g3 -DDEBUG -DUSE_HAL_DRIVER -DSTM32L431xx -c -I"C:/Users/splat/Documents/GitHub/Spud_code_collection/STM32/stm32_workspace/small_led_driver/startup" -I"C:/Users/splat/Documents/GitHub/Spud_code_collection/STM32/stm32_workspace/small_led_driver/sdk/CMSIS/Include" -I"C:/Users/splat/Documents/GitHub/Spud_code_collection/STM32/stm32_workspace/small_led_driver/sdk/CMSIS/Device/ST/STM32L4xx/Include" -I"C:/Users/splat/Documents/GitHub/Spud_code_collection/STM32/stm32_workspace/small_led_driver/sdk/STM32l4xx_HAL_Driver/Src" -I"C:/Users/splat/Documents/GitHub/Spud_code_collection/STM32/stm32_workspace/small_led_driver/sdk/STM32l4xx_HAL_Driver/Inc" -I"C:/Users/splat/Documents/GitHub/Spud_code_collection/STM32/stm32_workspace/small_led_driver/sdk/STM32l4xx_HAL_Driver/Inc/Legacy" -I"C:/Users/splat/Documents/GitHub/Spud_code_collection/STM32/stm32_workspace/small_led_driver/src" -I"C:/Users/splat/Documents/GitHub/Spud_code_collection/STM32/stm32_workspace/small_led_driver/src/stm32_bloat" -I"C:/Users/splat/Documents/GitHub/Spud_code_collection/STM32/stm32_workspace/fw_common/lib/animate_led" -I"C:/Users/splat/Documents/GitHub/Spud_code_collection/STM32/stm32_workspace/fw_common/lib/color_led" -O0 -ffunction-sections -fdata-sections -Wall -fstack-usage -MMD -MP -MF"sdk/STM32L4xx_HAL_Driver/Src/stm32l4xx_hal.d" -MT"sdk/STM32L4xx_HAL_Driver/Src/stm32l4xx_hal.o" --specs=nano.specs -mfpu=fpv4-sp-d16 -mfloat-abi=hard -mthumb -o "sdk/STM32L4xx_HAL_Driver/Src/stm32l4xx_hal.o"
arm-none-eabi-gcc "../sdk/STM32L4xx_HAL_Driver/Src/stm32l4xx_hal_cortex.c" -mcpu=cortex-m4 -std=gnu11 -g3 -DDEBUG -DUSE_HAL_DRIVER -DSTM32L431xx -c -I"C:/Users/splat/Documents/GitHub/Spud_code_collection/STM32/stm32_workspace/small_led_driver/startup" -I"C:/Users/splat/Documents/GitHub/Spud_code_collection/STM32/stm32_workspace/small_led_driver/sdk/CMSIS/Include" -I"C:/Users/splat/Documents/GitHub/Spud_code_collection/STM32/stm32_workspace/small_led_driver/sdk/CMSIS/Device/ST/STM32L4xx/Include" -I"C:/Users/splat/Documents/GitHub/Spud_code_collection/STM32/stm32_workspace/small_led_driver/sdk/STM32l4xx_HAL_Driver/Src" -I"C:/Users/splat/Documents/GitHub/Spud_code_collection/STM32/stm32_workspace/small_led_driver/sdk/STM32l4xx_HAL_Driver/Inc" -I"C:/Users/splat/Documents/GitHub/Spud_code_collection/STM32/stm32_workspace/small_led_driver/sdk/STM32l4xx_HAL_Driver/Inc/Legacy" -I"C:/Users/splat/Documents/GitHub/Spud_code_collection/STM32/stm32_workspace/small_led_driver/src" -I"C:/Users/splat/Documents/GitHub/Spud_code_collection/STM32/stm32_workspace/small_led_driver/src/stm32_bloat" -I"C:/Users/splat/Documents/GitHub/Spud_code_collection/STM32/stm32_workspace/fw_common/lib/animate_led" -I"C:/Users/splat/Documents/GitHub/Spud_code_collection/STM32/stm32_workspace/fw_common/lib/color_led" -O0 -ffunction-sections -fdata-sections -Wall -fstack-usage -MMD -MP -MF"sdk/STM32L4xx_HAL_Driver/Src/stm32l4xx_hal_cortex.d" -MT"sdk/STM32L4xx_HAL_Driver/Src/stm32l4xx_hal_cortex.o" --specs=nano.specs -mfpu=fpv4-sp-d16 -mfloat-abi=hard -mthumb -o "sdk/STM32L4xx_HAL_Driver/Src/stm32l4xx_hal_cortex.o"
../src/main.c: In function 'WS2812_Send':
../src/main.c:108:11: warning: unused variable 'a' [-Wunused-variable]
  108 |  uint16_t a = 0;
      |           ^
arm-none-eabi-gcc "../sdk/STM32L4xx_HAL_Driver/Src/stm32l4xx_hal_dma.c" -mcpu=cortex-m4 -std=gnu11 -g3 -DDEBUG -DUSE_HAL_DRIVER -DSTM32L431xx -c -I"C:/Users/splat/Documents/GitHub/Spud_code_collection/STM32/stm32_workspace/small_led_driver/startup" -I"C:/Users/splat/Documents/GitHub/Spud_code_collection/STM32/stm32_workspace/small_led_driver/sdk/CMSIS/Include" -I"C:/Users/splat/Documents/GitHub/Spud_code_collection/STM32/stm32_workspace/small_led_driver/sdk/CMSIS/Device/ST/STM32L4xx/Include" -I"C:/Users/splat/Documents/GitHub/Spud_code_collection/STM32/stm32_workspace/small_led_driver/sdk/STM32l4xx_HAL_Driver/Src" -I"C:/Users/splat/Documents/GitHub/Spud_code_collection/STM32/stm32_workspace/small_led_driver/sdk/STM32l4xx_HAL_Driver/Inc" -I"C:/Users/splat/Documents/GitHub/Spud_code_collection/STM32/stm32_workspace/small_led_driver/sdk/STM32l4xx_HAL_Driver/Inc/Legacy" -I"C:/Users/splat/Documents/GitHub/Spud_code_collection/STM32/stm32_workspace/small_led_driver/src" -I"C:/Users/splat/Documents/GitHub/Spud_code_collection/STM32/stm32_workspace/small_led_driver/src/stm32_bloat" -I"C:/Users/splat/Documents/GitHub/Spud_code_collection/STM32/stm32_workspace/fw_common/lib/animate_led" -I"C:/Users/splat/Documents/GitHub/Spud_code_collection/STM32/stm32_workspace/fw_common/lib/color_led" -O0 -ffunction-sections -fdata-sections -Wall -fstack-usage -MMD -MP -MF"sdk/STM32L4xx_HAL_Driver/Src/stm32l4xx_hal_dma.d" -MT"sdk/STM32L4xx_HAL_Driver/Src/stm32l4xx_hal_dma.o" --specs=nano.specs -mfpu=fpv4-sp-d16 -mfloat-abi=hard -mthumb -o "sdk/STM32L4xx_HAL_Driver/Src/stm32l4xx_hal_dma.o"
arm-none-eabi-gcc "../sdk/STM32L4xx_HAL_Driver/Src/stm32l4xx_hal_dma_ex.c" -mcpu=cortex-m4 -std=gnu11 -g3 -DDEBUG -DUSE_HAL_DRIVER -DSTM32L431xx -c -I"C:/Users/splat/Documents/GitHub/Spud_code_collection/STM32/stm32_workspace/small_led_driver/startup" -I"C:/Users/splat/Documents/GitHub/Spud_code_collection/STM32/stm32_workspace/small_led_driver/sdk/CMSIS/Include" -I"C:/Users/splat/Documents/GitHub/Spud_code_collection/STM32/stm32_workspace/small_led_driver/sdk/CMSIS/Device/ST/STM32L4xx/Include" -I"C:/Users/splat/Documents/GitHub/Spud_code_collection/STM32/stm32_workspace/small_led_driver/sdk/STM32l4xx_HAL_Driver/Src" -I"C:/Users/splat/Documents/GitHub/Spud_code_collection/STM32/stm32_workspace/small_led_driver/sdk/STM32l4xx_HAL_Driver/Inc" -I"C:/Users/splat/Documents/GitHub/Spud_code_collection/STM32/stm32_workspace/small_led_driver/sdk/STM32l4xx_HAL_Driver/Inc/Legacy" -I"C:/Users/splat/Documents/GitHub/Spud_code_collection/STM32/stm32_workspace/small_led_driver/src" -I"C:/Users/splat/Documents/GitHub/Spud_code_collection/STM32/stm32_workspace/small_led_driver/src/stm32_bloat" -I"C:/Users/splat/Documents/GitHub/Spud_code_collection/STM32/stm32_workspace/fw_common/lib/animate_led" -I"C:/Users/splat/Documents/GitHub/Spud_code_collection/STM32/stm32_workspace/fw_common/lib/color_led" -O0 -ffunction-sections -fdata-sections -Wall -fstack-usage -MMD -MP -MF"sdk/STM32L4xx_HAL_Driver/Src/stm32l4xx_hal_dma_ex.d" -MT"sdk/STM32L4xx_HAL_Driver/Src/stm32l4xx_hal_dma_ex.o" --specs=nano.specs -mfpu=fpv4-sp-d16 -mfloat-abi=hard -mthumb -o "sdk/STM32L4xx_HAL_Driver/Src/stm32l4xx_hal_dma_ex.o"
arm-none-eabi-gcc "../sdk/STM32L4xx_HAL_Driver/Src/stm32l4xx_hal_exti.c" -mcpu=cortex-m4 -std=gnu11 -g3 -DDEBUG -DUSE_HAL_DRIVER -DSTM32L431xx -c -I"C:/Users/splat/Documents/GitHub/Spud_code_collection/STM32/stm32_workspace/small_led_driver/startup" -I"C:/Users/splat/Documents/GitHub/Spud_code_collection/STM32/stm32_workspace/small_led_driver/sdk/CMSIS/Include" -I"C:/Users/splat/Documents/GitHub/Spud_code_collection/STM32/stm32_workspace/small_led_driver/sdk/CMSIS/Device/ST/STM32L4xx/Include" -I"C:/Users/splat/Documents/GitHub/Spud_code_collection/STM32/stm32_workspace/small_led_driver/sdk/STM32l4xx_HAL_Driver/Src" -I"C:/Users/splat/Documents/GitHub/Spud_code_collection/STM32/stm32_workspace/small_led_driver/sdk/STM32l4xx_HAL_Driver/Inc" -I"C:/Users/splat/Documents/GitHub/Spud_code_collection/STM32/stm32_workspace/small_led_driver/sdk/STM32l4xx_HAL_Driver/Inc/Legacy" -I"C:/Users/splat/Documents/GitHub/Spud_code_collection/STM32/stm32_workspace/small_led_driver/src" -I"C:/Users/splat/Documents/GitHub/Spud_code_collection/STM32/stm32_workspace/small_led_driver/src/stm32_bloat" -I"C:/Users/splat/Documents/GitHub/Spud_code_collection/STM32/stm32_workspace/fw_common/lib/animate_led" -I"C:/Users/splat/Documents/GitHub/Spud_code_collection/STM32/stm32_workspace/fw_common/lib/color_led" -O0 -ffunction-sections -fdata-sections -Wall -fstack-usage -MMD -MP -MF"sdk/STM32L4xx_HAL_Driver/Src/stm32l4xx_hal_exti.d" -MT"sdk/STM32L4xx_HAL_Driver/Src/stm32l4xx_hal_exti.o" --specs=nano.specs -mfpu=fpv4-sp-d16 -mfloat-abi=hard -mthumb -o "sdk/STM32L4xx_HAL_Driver/Src/stm32l4xx_hal_exti.o"
arm-none-eabi-gcc "../sdk/STM32L4xx_HAL_Driver/Src/stm32l4xx_hal_flash.c" -mcpu=cortex-m4 -std=gnu11 -g3 -DDEBUG -DUSE_HAL_DRIVER -DSTM32L431xx -c -I"C:/Users/splat/Documents/GitHub/Spud_code_collection/STM32/stm32_workspace/small_led_driver/startup" -I"C:/Users/splat/Documents/GitHub/Spud_code_collection/STM32/stm32_workspace/small_led_driver/sdk/CMSIS/Include" -I"C:/Users/splat/Documents/GitHub/Spud_code_collection/STM32/stm32_workspace/small_led_driver/sdk/CMSIS/Device/ST/STM32L4xx/Include" -I"C:/Users/splat/Documents/GitHub/Spud_code_collection/STM32/stm32_workspace/small_led_driver/sdk/STM32l4xx_HAL_Driver/Src" -I"C:/Users/splat/Documents/GitHub/Spud_code_collection/STM32/stm32_workspace/small_led_driver/sdk/STM32l4xx_HAL_Driver/Inc" -I"C:/Users/splat/Documents/GitHub/Spud_code_collection/STM32/stm32_workspace/small_led_driver/sdk/STM32l4xx_HAL_Driver/Inc/Legacy" -I"C:/Users/splat/Documents/GitHub/Spud_code_collection/STM32/stm32_workspace/small_led_driver/src" -I"C:/Users/splat/Documents/GitHub/Spud_code_collection/STM32/stm32_workspace/small_led_driver/src/stm32_bloat" -I"C:/Users/splat/Documents/GitHub/Spud_code_collection/STM32/stm32_workspace/fw_common/lib/animate_led" -I"C:/Users/splat/Documents/GitHub/Spud_code_collection/STM32/stm32_workspace/fw_common/lib/color_led" -O0 -ffunction-sections -fdata-sections -Wall -fstack-usage -MMD -MP -MF"sdk/STM32L4xx_HAL_Driver/Src/stm32l4xx_hal_flash.d" -MT"sdk/STM32L4xx_HAL_Driver/Src/stm32l4xx_hal_flash.o" --specs=nano.specs -mfpu=fpv4-sp-d16 -mfloat-abi=hard -mthumb -o "sdk/STM32L4xx_HAL_Driver/Src/stm32l4xx_hal_flash.o"
arm-none-eabi-gcc "../sdk/STM32L4xx_HAL_Driver/Src/stm32l4xx_hal_flash_ex.c" -mcpu=cortex-m4 -std=gnu11 -g3 -DDEBUG -DUSE_HAL_DRIVER -DSTM32L431xx -c -I"C:/Users/splat/Documents/GitHub/Spud_code_collection/STM32/stm32_workspace/small_led_driver/startup" -I"C:/Users/splat/Documents/GitHub/Spud_code_collection/STM32/stm32_workspace/small_led_driver/sdk/CMSIS/Include" -I"C:/Users/splat/Documents/GitHub/Spud_code_collection/STM32/stm32_workspace/small_led_driver/sdk/CMSIS/Device/ST/STM32L4xx/Include" -I"C:/Users/splat/Documents/GitHub/Spud_code_collection/STM32/stm32_workspace/small_led_driver/sdk/STM32l4xx_HAL_Driver/Src" -I"C:/Users/splat/Documents/GitHub/Spud_code_collection/STM32/stm32_workspace/small_led_driver/sdk/STM32l4xx_HAL_Driver/Inc" -I"C:/Users/splat/Documents/GitHub/Spud_code_collection/STM32/stm32_workspace/small_led_driver/sdk/STM32l4xx_HAL_Driver/Inc/Legacy" -I"C:/Users/splat/Documents/GitHub/Spud_code_collection/STM32/stm32_workspace/small_led_driver/src" -I"C:/Users/splat/Documents/GitHub/Spud_code_collection/STM32/stm32_workspace/small_led_driver/src/stm32_bloat" -I"C:/Users/splat/Documents/GitHub/Spud_code_collection/STM32/stm32_workspace/fw_common/lib/animate_led" -I"C:/Users/splat/Documents/GitHub/Spud_code_collection/STM32/stm32_workspace/fw_common/lib/color_led" -O0 -ffunction-sections -fdata-sections -Wall -fstack-usage -MMD -MP -MF"sdk/STM32L4xx_HAL_Driver/Src/stm32l4xx_hal_flash_ex.d" -MT"sdk/STM32L4xx_HAL_Driver/Src/stm32l4xx_hal_flash_ex.o" --specs=nano.specs -mfpu=fpv4-sp-d16 -mfloat-abi=hard -mthumb -o "sdk/STM32L4xx_HAL_Driver/Src/stm32l4xx_hal_flash_ex.o"
arm-none-eabi-gcc "../sdk/STM32L4xx_HAL_Driver/Src/stm32l4xx_hal_flash_ramfunc.c" -mcpu=cortex-m4 -std=gnu11 -g3 -DDEBUG -DUSE_HAL_DRIVER -DSTM32L431xx -c -I"C:/Users/splat/Documents/GitHub/Spud_code_collection/STM32/stm32_workspace/small_led_driver/startup" -I"C:/Users/splat/Documents/GitHub/Spud_code_collection/STM32/stm32_workspace/small_led_driver/sdk/CMSIS/Include" -I"C:/Users/splat/Documents/GitHub/Spud_code_collection/STM32/stm32_workspace/small_led_driver/sdk/CMSIS/Device/ST/STM32L4xx/Include" -I"C:/Users/splat/Documents/GitHub/Spud_code_collection/STM32/stm32_workspace/small_led_driver/sdk/STM32l4xx_HAL_Driver/Src" -I"C:/Users/splat/Documents/GitHub/Spud_code_collection/STM32/stm32_workspace/small_led_driver/sdk/STM32l4xx_HAL_Driver/Inc" -I"C:/Users/splat/Documents/GitHub/Spud_code_collection/STM32/stm32_workspace/small_led_driver/sdk/STM32l4xx_HAL_Driver/Inc/Legacy" -I"C:/Users/splat/Documents/GitHub/Spud_code_collection/STM32/stm32_workspace/small_led_driver/src" -I"C:/Users/splat/Documents/GitHub/Spud_code_collection/STM32/stm32_workspace/small_led_driver/src/stm32_bloat" -I"C:/Users/splat/Documents/GitHub/Spud_code_collection/STM32/stm32_workspace/fw_common/lib/animate_led" -I"C:/Users/splat/Documents/GitHub/Spud_code_collection/STM32/stm32_workspace/fw_common/lib/color_led" -O0 -ffunction-sections -fdata-sections -Wall -fstack-usage -MMD -MP -MF"sdk/STM32L4xx_HAL_Driver/Src/stm32l4xx_hal_flash_ramfunc.d" -MT"sdk/STM32L4xx_HAL_Driver/Src/stm32l4xx_hal_flash_ramfunc.o" --specs=nano.specs -mfpu=fpv4-sp-d16 -mfloat-abi=hard -mthumb -o "sdk/STM32L4xx_HAL_Driver/Src/stm32l4xx_hal_flash_ramfunc.o"
arm-none-eabi-gcc "../sdk/STM32L4xx_HAL_Driver/Src/stm32l4xx_hal_gpio.c" -mcpu=cortex-m4 -std=gnu11 -g3 -DDEBUG -DUSE_HAL_DRIVER -DSTM32L431xx -c -I"C:/Users/splat/Documents/GitHub/Spud_code_collection/STM32/stm32_workspace/small_led_driver/startup" -I"C:/Users/splat/Documents/GitHub/Spud_code_collection/STM32/stm32_workspace/small_led_driver/sdk/CMSIS/Include" -I"C:/Users/splat/Documents/GitHub/Spud_code_collection/STM32/stm32_workspace/small_led_driver/sdk/CMSIS/Device/ST/STM32L4xx/Include" -I"C:/Users/splat/Documents/GitHub/Spud_code_collection/STM32/stm32_workspace/small_led_driver/sdk/STM32l4xx_HAL_Driver/Src" -I"C:/Users/splat/Documents/GitHub/Spud_code_collection/STM32/stm32_workspace/small_led_driver/sdk/STM32l4xx_HAL_Driver/Inc" -I"C:/Users/splat/Documents/GitHub/Spud_code_collection/STM32/stm32_workspace/small_led_driver/sdk/STM32l4xx_HAL_Driver/Inc/Legacy" -I"C:/Users/splat/Documents/GitHub/Spud_code_collection/STM32/stm32_workspace/small_led_driver/src" -I"C:/Users/splat/Documents/GitHub/Spud_code_collection/STM32/stm32_workspace/small_led_driver/src/stm32_bloat" -I"C:/Users/splat/Documents/GitHub/Spud_code_collection/STM32/stm32_workspace/fw_common/lib/animate_led" -I"C:/Users/splat/Documents/GitHub/Spud_code_collection/STM32/stm32_workspace/fw_common/lib/color_led" -O0 -ffunction-sections -fdata-sections -Wall -fstack-usage -MMD -MP -MF"sdk/STM32L4xx_HAL_Driver/Src/stm32l4xx_hal_gpio.d" -MT"sdk/STM32L4xx_HAL_Driver/Src/stm32l4xx_hal_gpio.o" --specs=nano.specs -mfpu=fpv4-sp-d16 -mfloat-abi=hard -mthumb -o "sdk/STM32L4xx_HAL_Driver/Src/stm32l4xx_hal_gpio.o"
arm-none-eabi-gcc "../sdk/STM32L4xx_HAL_Driver/Src/stm32l4xx_hal_i2c.c" -mcpu=cortex-m4 -std=gnu11 -g3 -DDEBUG -DUSE_HAL_DRIVER -DSTM32L431xx -c -I"C:/Users/splat/Documents/GitHub/Spud_code_collection/STM32/stm32_workspace/small_led_driver/startup" -I"C:/Users/splat/Documents/GitHub/Spud_code_collection/STM32/stm32_workspace/small_led_driver/sdk/CMSIS/Include" -I"C:/Users/splat/Documents/GitHub/Spud_code_collection/STM32/stm32_workspace/small_led_driver/sdk/CMSIS/Device/ST/STM32L4xx/Include" -I"C:/Users/splat/Documents/GitHub/Spud_code_collection/STM32/stm32_workspace/small_led_driver/sdk/STM32l4xx_HAL_Driver/Src" -I"C:/Users/splat/Documents/GitHub/Spud_code_collection/STM32/stm32_workspace/small_led_driver/sdk/STM32l4xx_HAL_Driver/Inc" -I"C:/Users/splat/Documents/GitHub/Spud_code_collection/STM32/stm32_workspace/small_led_driver/sdk/STM32l4xx_HAL_Driver/Inc/Legacy" -I"C:/Users/splat/Documents/GitHub/Spud_code_collection/STM32/stm32_workspace/small_led_driver/src" -I"C:/Users/splat/Documents/GitHub/Spud_code_collection/STM32/stm32_workspace/small_led_driver/src/stm32_bloat" -I"C:/Users/splat/Documents/GitHub/Spud_code_collection/STM32/stm32_workspace/fw_common/lib/animate_led" -I"C:/Users/splat/Documents/GitHub/Spud_code_collection/STM32/stm32_workspace/fw_common/lib/color_led" -O0 -ffunction-sections -fdata-sections -Wall -fstack-usage -MMD -MP -MF"sdk/STM32L4xx_HAL_Driver/Src/stm32l4xx_hal_i2c.d" -MT"sdk/STM32L4xx_HAL_Driver/Src/stm32l4xx_hal_i2c.o" --specs=nano.specs -mfpu=fpv4-sp-d16 -mfloat-abi=hard -mthumb -o "sdk/STM32L4xx_HAL_Driver/Src/stm32l4xx_hal_i2c.o"
arm-none-eabi-gcc "../sdk/STM32L4xx_HAL_Driver/Src/stm32l4xx_hal_i2c_ex.c" -mcpu=cortex-m4 -std=gnu11 -g3 -DDEBUG -DUSE_HAL_DRIVER -DSTM32L431xx -c -I"C:/Users/splat/Documents/GitHub/Spud_code_collection/STM32/stm32_workspace/small_led_driver/startup" -I"C:/Users/splat/Documents/GitHub/Spud_code_collection/STM32/stm32_workspace/small_led_driver/sdk/CMSIS/Include" -I"C:/Users/splat/Documents/GitHub/Spud_code_collection/STM32/stm32_workspace/small_led_driver/sdk/CMSIS/Device/ST/STM32L4xx/Include" -I"C:/Users/splat/Documents/GitHub/Spud_code_collection/STM32/stm32_workspace/small_led_driver/sdk/STM32l4xx_HAL_Driver/Src" -I"C:/Users/splat/Documents/GitHub/Spud_code_collection/STM32/stm32_workspace/small_led_driver/sdk/STM32l4xx_HAL_Driver/Inc" -I"C:/Users/splat/Documents/GitHub/Spud_code_collection/STM32/stm32_workspace/small_led_driver/sdk/STM32l4xx_HAL_Driver/Inc/Legacy" -I"C:/Users/splat/Documents/GitHub/Spud_code_collection/STM32/stm32_workspace/small_led_driver/src" -I"C:/Users/splat/Documents/GitHub/Spud_code_collection/STM32/stm32_workspace/small_led_driver/src/stm32_bloat" -I"C:/Users/splat/Documents/GitHub/Spud_code_collection/STM32/stm32_workspace/fw_common/lib/animate_led" -I"C:/Users/splat/Documents/GitHub/Spud_code_collection/STM32/stm32_workspace/fw_common/lib/color_led" -O0 -ffunction-sections -fdata-sections -Wall -fstack-usage -MMD -MP -MF"sdk/STM32L4xx_HAL_Driver/Src/stm32l4xx_hal_i2c_ex.d" -MT"sdk/STM32L4xx_HAL_Driver/Src/stm32l4xx_hal_i2c_ex.o" --specs=nano.specs -mfpu=fpv4-sp-d16 -mfloat-abi=hard -mthumb -o "sdk/STM32L4xx_HAL_Driver/Src/stm32l4xx_hal_i2c_ex.o"
arm-none-eabi-gcc "../sdk/STM32L4xx_HAL_Driver/Src/stm32l4xx_hal_pwr.c" -mcpu=cortex-m4 -std=gnu11 -g3 -DDEBUG -DUSE_HAL_DRIVER -DSTM32L431xx -c -I"C:/Users/splat/Documents/GitHub/Spud_code_collection/STM32/stm32_workspace/small_led_driver/startup" -I"C:/Users/splat/Documents/GitHub/Spud_code_collection/STM32/stm32_workspace/small_led_driver/sdk/CMSIS/Include" -I"C:/Users/splat/Documents/GitHub/Spud_code_collection/STM32/stm32_workspace/small_led_driver/sdk/CMSIS/Device/ST/STM32L4xx/Include" -I"C:/Users/splat/Documents/GitHub/Spud_code_collection/STM32/stm32_workspace/small_led_driver/sdk/STM32l4xx_HAL_Driver/Src" -I"C:/Users/splat/Documents/GitHub/Spud_code_collection/STM32/stm32_workspace/small_led_driver/sdk/STM32l4xx_HAL_Driver/Inc" -I"C:/Users/splat/Documents/GitHub/Spud_code_collection/STM32/stm32_workspace/small_led_driver/sdk/STM32l4xx_HAL_Driver/Inc/Legacy" -I"C:/Users/splat/Documents/GitHub/Spud_code_collection/STM32/stm32_workspace/small_led_driver/src" -I"C:/Users/splat/Documents/GitHub/Spud_code_collection/STM32/stm32_workspace/small_led_driver/src/stm32_bloat" -I"C:/Users/splat/Documents/GitHub/Spud_code_collection/STM32/stm32_workspace/fw_common/lib/animate_led" -I"C:/Users/splat/Documents/GitHub/Spud_code_collection/STM32/stm32_workspace/fw_common/lib/color_led" -O0 -ffunction-sections -fdata-sections -Wall -fstack-usage -MMD -MP -MF"sdk/STM32L4xx_HAL_Driver/Src/stm32l4xx_hal_pwr.d" -MT"sdk/STM32L4xx_HAL_Driver/Src/stm32l4xx_hal_pwr.o" --specs=nano.specs -mfpu=fpv4-sp-d16 -mfloat-abi=hard -mthumb -o "sdk/STM32L4xx_HAL_Driver/Src/stm32l4xx_hal_pwr.o"
arm-none-eabi-gcc "../sdk/STM32L4xx_HAL_Driver/Src/stm32l4xx_hal_pwr_ex.c" -mcpu=cortex-m4 -std=gnu11 -g3 -DDEBUG -DUSE_HAL_DRIVER -DSTM32L431xx -c -I"C:/Users/splat/Documents/GitHub/Spud_code_collection/STM32/stm32_workspace/small_led_driver/startup" -I"C:/Users/splat/Documents/GitHub/Spud_code_collection/STM32/stm32_workspace/small_led_driver/sdk/CMSIS/Include" -I"C:/Users/splat/Documents/GitHub/Spud_code_collection/STM32/stm32_workspace/small_led_driver/sdk/CMSIS/Device/ST/STM32L4xx/Include" -I"C:/Users/splat/Documents/GitHub/Spud_code_collection/STM32/stm32_workspace/small_led_driver/sdk/STM32l4xx_HAL_Driver/Src" -I"C:/Users/splat/Documents/GitHub/Spud_code_collection/STM32/stm32_workspace/small_led_driver/sdk/STM32l4xx_HAL_Driver/Inc" -I"C:/Users/splat/Documents/GitHub/Spud_code_collection/STM32/stm32_workspace/small_led_driver/sdk/STM32l4xx_HAL_Driver/Inc/Legacy" -I"C:/Users/splat/Documents/GitHub/Spud_code_collection/STM32/stm32_workspace/small_led_driver/src" -I"C:/Users/splat/Documents/GitHub/Spud_code_collection/STM32/stm32_workspace/small_led_driver/src/stm32_bloat" -I"C:/Users/splat/Documents/GitHub/Spud_code_collection/STM32/stm32_workspace/fw_common/lib/animate_led" -I"C:/Users/splat/Documents/GitHub/Spud_code_collection/STM32/stm32_workspace/fw_common/lib/color_led" -O0 -ffunction-sections -fdata-sections -Wall -fstack-usage -MMD -MP -MF"sdk/STM32L4xx_HAL_Driver/Src/stm32l4xx_hal_pwr_ex.d" -MT"sdk/STM32L4xx_HAL_Driver/Src/stm32l4xx_hal_pwr_ex.o" --specs=nano.specs -mfpu=fpv4-sp-d16 -mfloat-abi=hard -mthumb -o "sdk/STM32L4xx_HAL_Driver/Src/stm32l4xx_hal_pwr_ex.o"
arm-none-eabi-gcc "../sdk/STM32L4xx_HAL_Driver/Src/stm32l4xx_hal_rcc.c" -mcpu=cortex-m4 -std=gnu11 -g3 -DDEBUG -DUSE_HAL_DRIVER -DSTM32L431xx -c -I"C:/Users/splat/Documents/GitHub/Spud_code_collection/STM32/stm32_workspace/small_led_driver/startup" -I"C:/Users/splat/Documents/GitHub/Spud_code_collection/STM32/stm32_workspace/small_led_driver/sdk/CMSIS/Include" -I"C:/Users/splat/Documents/GitHub/Spud_code_collection/STM32/stm32_workspace/small_led_driver/sdk/CMSIS/Device/ST/STM32L4xx/Include" -I"C:/Users/splat/Documents/GitHub/Spud_code_collection/STM32/stm32_workspace/small_led_driver/sdk/STM32l4xx_HAL_Driver/Src" -I"C:/Users/splat/Documents/GitHub/Spud_code_collection/STM32/stm32_workspace/small_led_driver/sdk/STM32l4xx_HAL_Driver/Inc" -I"C:/Users/splat/Documents/GitHub/Spud_code_collection/STM32/stm32_workspace/small_led_driver/sdk/STM32l4xx_HAL_Driver/Inc/Legacy" -I"C:/Users/splat/Documents/GitHub/Spud_code_collection/STM32/stm32_workspace/small_led_driver/src" -I"C:/Users/splat/Documents/GitHub/Spud_code_collection/STM32/stm32_workspace/small_led_driver/src/stm32_bloat" -I"C:/Users/splat/Documents/GitHub/Spud_code_collection/STM32/stm32_workspace/fw_common/lib/animate_led" -I"C:/Users/splat/Documents/GitHub/Spud_code_collection/STM32/stm32_workspace/fw_common/lib/color_led" -O0 -ffunction-sections -fdata-sections -Wall -fstack-usage -MMD -MP -MF"sdk/STM32L4xx_HAL_Driver/Src/stm32l4xx_hal_rcc.d" -MT"sdk/STM32L4xx_HAL_Driver/Src/stm32l4xx_hal_rcc.o" --specs=nano.specs -mfpu=fpv4-sp-d16 -mfloat-abi=hard -mthumb -o "sdk/STM32L4xx_HAL_Driver/Src/stm32l4xx_hal_rcc.o"
arm-none-eabi-gcc "../sdk/STM32L4xx_HAL_Driver/Src/stm32l4xx_hal_rcc_ex.c" -mcpu=cortex-m4 -std=gnu11 -g3 -DDEBUG -DUSE_HAL_DRIVER -DSTM32L431xx -c -I"C:/Users/splat/Documents/GitHub/Spud_code_collection/STM32/stm32_workspace/small_led_driver/startup" -I"C:/Users/splat/Documents/GitHub/Spud_code_collection/STM32/stm32_workspace/small_led_driver/sdk/CMSIS/Include" -I"C:/Users/splat/Documents/GitHub/Spud_code_collection/STM32/stm32_workspace/small_led_driver/sdk/CMSIS/Device/ST/STM32L4xx/Include" -I"C:/Users/splat/Documents/GitHub/Spud_code_collection/STM32/stm32_workspace/small_led_driver/sdk/STM32l4xx_HAL_Driver/Src" -I"C:/Users/splat/Documents/GitHub/Spud_code_collection/STM32/stm32_workspace/small_led_driver/sdk/STM32l4xx_HAL_Driver/Inc" -I"C:/Users/splat/Documents/GitHub/Spud_code_collection/STM32/stm32_workspace/small_led_driver/sdk/STM32l4xx_HAL_Driver/Inc/Legacy" -I"C:/Users/splat/Documents/GitHub/Spud_code_collection/STM32/stm32_workspace/small_led_driver/src" -I"C:/Users/splat/Documents/GitHub/Spud_code_collection/STM32/stm32_workspace/small_led_driver/src/stm32_bloat" -I"C:/Users/splat/Documents/GitHub/Spud_code_collection/STM32/stm32_workspace/fw_common/lib/animate_led" -I"C:/Users/splat/Documents/GitHub/Spud_code_collection/STM32/stm32_workspace/fw_common/lib/color_led" -O0 -ffunction-sections -fdata-sections -Wall -fstack-usage -MMD -MP -MF"sdk/STM32L4xx_HAL_Driver/Src/stm32l4xx_hal_rcc_ex.d" -MT"sdk/STM32L4xx_HAL_Driver/Src/stm32l4xx_hal_rcc_ex.o" --specs=nano.specs -mfpu=fpv4-sp-d16 -mfloat-abi=hard -mthumb -o "sdk/STM32L4xx_HAL_Driver/Src/stm32l4xx_hal_rcc_ex.o"
arm-none-eabi-gcc "../sdk/STM32L4xx_HAL_Driver/Src/stm32l4xx_hal_rtc.c" -mcpu=cortex-m4 -std=gnu11 -g3 -DDEBUG -DUSE_HAL_DRIVER -DSTM32L431xx -c -I"C:/Users/splat/Documents/GitHub/Spud_code_collection/STM32/stm32_workspace/small_led_driver/startup" -I"C:/Users/splat/Documents/GitHub/Spud_code_collection/STM32/stm32_workspace/small_led_driver/sdk/CMSIS/Include" -I"C:/Users/splat/Documents/GitHub/Spud_code_collection/STM32/stm32_workspace/small_led_driver/sdk/CMSIS/Device/ST/STM32L4xx/Include" -I"C:/Users/splat/Documents/GitHub/Spud_code_collection/STM32/stm32_workspace/small_led_driver/sdk/STM32l4xx_HAL_Driver/Src" -I"C:/Users/splat/Documents/GitHub/Spud_code_collection/STM32/stm32_workspace/small_led_driver/sdk/STM32l4xx_HAL_Driver/Inc" -I"C:/Users/splat/Documents/GitHub/Spud_code_collection/STM32/stm32_workspace/small_led_driver/sdk/STM32l4xx_HAL_Driver/Inc/Legacy" -I"C:/Users/splat/Documents/GitHub/Spud_code_collection/STM32/stm32_workspace/small_led_driver/src" -I"C:/Users/splat/Documents/GitHub/Spud_code_collection/STM32/stm32_workspace/small_led_driver/src/stm32_bloat" -I"C:/Users/splat/Documents/GitHub/Spud_code_collection/STM32/stm32_workspace/fw_common/lib/animate_led" -I"C:/Users/splat/Documents/GitHub/Spud_code_collection/STM32/stm32_workspace/fw_common/lib/color_led" -O0 -ffunction-sections -fdata-sections -Wall -fstack-usage -MMD -MP -MF"sdk/STM32L4xx_HAL_Driver/Src/stm32l4xx_hal_rtc.d" -MT"sdk/STM32L4xx_HAL_Driver/Src/stm32l4xx_hal_rtc.o" --specs=nano.specs -mfpu=fpv4-sp-d16 -mfloat-abi=hard -mthumb -o "sdk/STM32L4xx_HAL_Driver/Src/stm32l4xx_hal_rtc.o"
arm-none-eabi-gcc "../sdk/STM32L4xx_HAL_Driver/Src/stm32l4xx_hal_rtc_ex.c" -mcpu=cortex-m4 -std=gnu11 -g3 -DDEBUG -DUSE_HAL_DRIVER -DSTM32L431xx -c -I"C:/Users/splat/Documents/GitHub/Spud_code_collection/STM32/stm32_workspace/small_led_driver/startup" -I"C:/Users/splat/Documents/GitHub/Spud_code_collection/STM32/stm32_workspace/small_led_driver/sdk/CMSIS/Include" -I"C:/Users/splat/Documents/GitHub/Spud_code_collection/STM32/stm32_workspace/small_led_driver/sdk/CMSIS/Device/ST/STM32L4xx/Include" -I"C:/Users/splat/Documents/GitHub/Spud_code_collection/STM32/stm32_workspace/small_led_driver/sdk/STM32l4xx_HAL_Driver/Src" -I"C:/Users/splat/Documents/GitHub/Spud_code_collection/STM32/stm32_workspace/small_led_driver/sdk/STM32l4xx_HAL_Driver/Inc" -I"C:/Users/splat/Documents/GitHub/Spud_code_collection/STM32/stm32_workspace/small_led_driver/sdk/STM32l4xx_HAL_Driver/Inc/Legacy" -I"C:/Users/splat/Documents/GitHub/Spud_code_collection/STM32/stm32_workspace/small_led_driver/src" -I"C:/Users/splat/Documents/GitHub/Spud_code_collection/STM32/stm32_workspace/small_led_driver/src/stm32_bloat" -I"C:/Users/splat/Documents/GitHub/Spud_code_collection/STM32/stm32_workspace/fw_common/lib/animate_led" -I"C:/Users/splat/Documents/GitHub/Spud_code_collection/STM32/stm32_workspace/fw_common/lib/color_led" -O0 -ffunction-sections -fdata-sections -Wall -fstack-usage -MMD -MP -MF"sdk/STM32L4xx_HAL_Driver/Src/stm32l4xx_hal_rtc_ex.d" -MT"sdk/STM32L4xx_HAL_Driver/Src/stm32l4xx_hal_rtc_ex.o" --specs=nano.specs -mfpu=fpv4-sp-d16 -mfloat-abi=hard -mthumb -o "sdk/STM32L4xx_HAL_Driver/Src/stm32l4xx_hal_rtc_ex.o"
arm-none-eabi-gcc "../sdk/STM32L4xx_HAL_Driver/Src/stm32l4xx_hal_tim.c" -mcpu=cortex-m4 -std=gnu11 -g3 -DDEBUG -DUSE_HAL_DRIVER -DSTM32L431xx -c -I"C:/Users/splat/Documents/GitHub/Spud_code_collection/STM32/stm32_workspace/small_led_driver/startup" -I"C:/Users/splat/Documents/GitHub/Spud_code_collection/STM32/stm32_workspace/small_led_driver/sdk/CMSIS/Include" -I"C:/Users/splat/Documents/GitHub/Spud_code_collection/STM32/stm32_workspace/small_led_driver/sdk/CMSIS/Device/ST/STM32L4xx/Include" -I"C:/Users/splat/Documents/GitHub/Spud_code_collection/STM32/stm32_workspace/small_led_driver/sdk/STM32l4xx_HAL_Driver/Src" -I"C:/Users/splat/Documents/GitHub/Spud_code_collection/STM32/stm32_workspace/small_led_driver/sdk/STM32l4xx_HAL_Driver/Inc" -I"C:/Users/splat/Documents/GitHub/Spud_code_collection/STM32/stm32_workspace/small_led_driver/sdk/STM32l4xx_HAL_Driver/Inc/Legacy" -I"C:/Users/splat/Documents/GitHub/Spud_code_collection/STM32/stm32_workspace/small_led_driver/src" -I"C:/Users/splat/Documents/GitHub/Spud_code_collection/STM32/stm32_workspace/small_led_driver/src/stm32_bloat" -I"C:/Users/splat/Documents/GitHub/Spud_code_collection/STM32/stm32_workspace/fw_common/lib/animate_led" -I"C:/Users/splat/Documents/GitHub/Spud_code_collection/STM32/stm32_workspace/fw_common/lib/color_led" -O0 -ffunction-sections -fdata-sections -Wall -fstack-usage -MMD -MP -MF"sdk/STM32L4xx_HAL_Driver/Src/stm32l4xx_hal_tim.d" -MT"sdk/STM32L4xx_HAL_Driver/Src/stm32l4xx_hal_tim.o" --specs=nano.specs -mfpu=fpv4-sp-d16 -mfloat-abi=hard -mthumb -o "sdk/STM32L4xx_HAL_Driver/Src/stm32l4xx_hal_tim.o"
arm-none-eabi-gcc "../sdk/STM32L4xx_HAL_Driver/Src/stm32l4xx_hal_tim_ex.c" -mcpu=cortex-m4 -std=gnu11 -g3 -DDEBUG -DUSE_HAL_DRIVER -DSTM32L431xx -c -I"C:/Users/splat/Documents/GitHub/Spud_code_collection/STM32/stm32_workspace/small_led_driver/startup" -I"C:/Users/splat/Documents/GitHub/Spud_code_collection/STM32/stm32_workspace/small_led_driver/sdk/CMSIS/Include" -I"C:/Users/splat/Documents/GitHub/Spud_code_collection/STM32/stm32_workspace/small_led_driver/sdk/CMSIS/Device/ST/STM32L4xx/Include" -I"C:/Users/splat/Documents/GitHub/Spud_code_collection/STM32/stm32_workspace/small_led_driver/sdk/STM32l4xx_HAL_Driver/Src" -I"C:/Users/splat/Documents/GitHub/Spud_code_collection/STM32/stm32_workspace/small_led_driver/sdk/STM32l4xx_HAL_Driver/Inc" -I"C:/Users/splat/Documents/GitHub/Spud_code_collection/STM32/stm32_workspace/small_led_driver/sdk/STM32l4xx_HAL_Driver/Inc/Legacy" -I"C:/Users/splat/Documents/GitHub/Spud_code_collection/STM32/stm32_workspace/small_led_driver/src" -I"C:/Users/splat/Documents/GitHub/Spud_code_collection/STM32/stm32_workspace/small_led_driver/src/stm32_bloat" -I"C:/Users/splat/Documents/GitHub/Spud_code_collection/STM32/stm32_workspace/fw_common/lib/animate_led" -I"C:/Users/splat/Documents/GitHub/Spud_code_collection/STM32/stm32_workspace/fw_common/lib/color_led" -O0 -ffunction-sections -fdata-sections -Wall -fstack-usage -MMD -MP -MF"sdk/STM32L4xx_HAL_Driver/Src/stm32l4xx_hal_tim_ex.d" -MT"sdk/STM32L4xx_HAL_Driver/Src/stm32l4xx_hal_tim_ex.o" --specs=nano.specs -mfpu=fpv4-sp-d16 -mfloat-abi=hard -mthumb -o "sdk/STM32L4xx_HAL_Driver/Src/stm32l4xx_hal_tim_ex.o"
arm-none-eabi-gcc -o "small_led_driver.elf" @"objects.list"   -mcpu=cortex-m4 -T"C:\Users\splat\Documents\GitHub\Spud_code_collection\STM32\stm32_workspace\small_led_driver\STM32L431RCTX_FLASH.ld" --specs=nosys.specs -Wl,-Map="small_led_driver.map" -Wl,--gc-sections -static --specs=nano.specs -mfpu=fpv4-sp-d16 -mfloat-abi=hard -mthumb -Wl,--start-group -lc -lm -Wl,--end-group
Finished building target: small_led_driver.elf
 
arm-none-eabi-size   small_led_driver.elf 
arm-none-eabi-objdump -h -S  small_led_driver.elf  > "small_led_driver.list"
arm-none-eabi-objcopy  -O binary  small_led_driver.elf  "small_led_driver.bin"
   text	   data	    bss	    dec	    hex	filename
  17064	     20	   8284	  25368	   6318	small_led_driver.elf
Finished building: default.size.stdout
 
Finished building: small_led_driver.bin
 
Finished building: small_led_driver.list
 
14:57:43 **** Incremental Build of configuration Debug for project small_led_driver ****
make -j8 all 
arm-none-eabi-gcc "../src/main.c" -mcpu=cortex-m4 -std=gnu11 -g3 -DDEBUG -DUSE_HAL_DRIVER -DSTM32L431xx -c -I"C:/Users/splat/Documents/GitHub/Spud_code_collection/STM32/stm32_workspace/small_led_driver/startup" -I"C:/Users/splat/Documents/GitHub/Spud_code_collection/STM32/stm32_workspace/small_led_driver/sdk/CMSIS/Include" -I"C:/Users/splat/Documents/GitHub/Spud_code_collection/STM32/stm32_workspace/small_led_driver/sdk/CMSIS/Device/ST/STM32L4xx/Include" -I"C:/Users/splat/Documents/GitHub/Spud_code_collection/STM32/stm32_workspace/small_led_driver/sdk/STM32l4xx_HAL_Driver/Src" -I"C:/Users/splat/Documents/GitHub/Spud_code_collection/STM32/stm32_workspace/small_led_driver/sdk/STM32l4xx_HAL_Driver/Inc" -I"C:/Users/splat/Documents/GitHub/Spud_code_collection/STM32/stm32_workspace/small_led_driver/sdk/STM32l4xx_HAL_Driver/Inc/Legacy" -I"C:/Users/splat/Documents/GitHub/Spud_code_collection/STM32/stm32_workspace/small_led_driver/src" -I"C:/Users/splat/Documents/GitHub/Spud_code_collection/STM32/stm32_workspace/small_led_driver/src/stm32_bloat" -I"C:/Users/splat/Documents/GitHub/Spud_code_collection/STM32/stm32_workspace/fw_common/lib/animate_led" -I"C:/Users/splat/Documents/GitHub/Spud_code_collection/STM32/stm32_workspace/fw_common/lib/color_led" -O0 -ffunction-sections -fdata-sections -Wall -fstack-usage -MMD -MP -MF"src/main.d" -MT"src/main.o" --specs=nano.specs -mfpu=fpv4-sp-d16 -mfloat-abi=hard -mthumb -o "src/main.o"
arm-none-eabi-gcc -o "small_led_driver.elf" @"objects.list"   -mcpu=cortex-m4 -T"C:\Users\splat\Documents\GitHub\Spud_code_collection\STM32\stm32_workspace\small_led_driver\STM32L431RCTX_FLASH.ld" --specs=nosys.specs -Wl,-Map="small_led_driver.map" -Wl,--gc-sections -static --specs=nano.specs -mfpu=fpv4-sp-d16 -mfloat-abi=hard -mthumb -Wl,--start-group -lc -lm -Wl,--end-group
Finished building target: small_led_driver.elf
 
arm-none-eabi-objdump -h -S  small_led_driver.elf  > "small_led_driver.list"
arm-none-eabi-objcopy  -O binary  small_led_driver.elf  "small_led_driver.bin"
arm-none-eabi-size   small_led_driver.elf 
   text	   data	    bss	    dec	    hex	filename
  17060	     20	   8284	  25364	   6314	small_led_driver.elf
Finished building: default.size.stdout
 
Finished building: small_led_driver.bin
 
Finished building: small_led_driver.list
 
14:59:46 **** Incremental Build of configuration Debug for project small_led_driver ****
make -j8 all 
arm-none-eabi-gcc -mcpu=cortex-m4 -g3 -c -x assembler-with-cpp -MMD -MP -MF"startup/startup_stm32l431rctx.d" -MT"startup/startup_stm32l431rctx.o" --specs=nano.specs -mfpu=fpv4-sp-d16 -mfloat-abi=hard -mthumb -o "startup/startup_stm32l431rctx.o" "../startup/startup_stm32l431rctx.s"
arm-none-eabi-gcc "../src/stm32_bloat/stm32l4xx_hal_msp.c" -mcpu=cortex-m4 -std=gnu11 -g3 -DDEBUG -DUSE_HAL_DRIVER -DSTM32L431xx -c -I"C:/Users/splat/Documents/GitHub/Spud_code_collection/STM32/stm32_workspace/small_led_driver/startup" -I"C:/Users/splat/Documents/GitHub/Spud_code_collection/STM32/stm32_workspace/small_led_driver/sdk/CMSIS/Include" -I"C:/Users/splat/Documents/GitHub/Spud_code_collection/STM32/stm32_workspace/small_led_driver/sdk/CMSIS/Device/ST/STM32L4xx/Include" -I"C:/Users/splat/Documents/GitHub/Spud_code_collection/STM32/stm32_workspace/small_led_driver/sdk/STM32l4xx_HAL_Driver/Src" -I"C:/Users/splat/Documents/GitHub/Spud_code_collection/STM32/stm32_workspace/small_led_driver/sdk/STM32l4xx_HAL_Driver/Inc" -I"C:/Users/splat/Documents/GitHub/Spud_code_collection/STM32/stm32_workspace/small_led_driver/sdk/STM32l4xx_HAL_Driver/Inc/Legacy" -I"C:/Users/splat/Documents/GitHub/Spud_code_collection/STM32/stm32_workspace/small_led_driver/src" -I"C:/Users/splat/Documents/GitHub/Spud_code_collection/STM32/stm32_workspace/small_led_driver/src/stm32_bloat" -I"C:/Users/splat/Documents/GitHub/Spud_code_collection/STM32/stm32_workspace/fw_common/lib/animate_led" -I"C:/Users/splat/Documents/GitHub/Spud_code_collection/STM32/stm32_workspace/fw_common/lib/color_led" -O0 -ffunction-sections -fdata-sections -Wall -fstack-usage -MMD -MP -MF"src/stm32_bloat/stm32l4xx_hal_msp.d" -MT"src/stm32_bloat/stm32l4xx_hal_msp.o" --specs=nano.specs -mfpu=fpv4-sp-d16 -mfloat-abi=hard -mthumb -o "src/stm32_bloat/stm32l4xx_hal_msp.o"
arm-none-eabi-gcc "../src/stm32_bloat/stm32l4xx_it.c" -mcpu=cortex-m4 -std=gnu11 -g3 -DDEBUG -DUSE_HAL_DRIVER -DSTM32L431xx -c -I"C:/Users/splat/Documents/GitHub/Spud_code_collection/STM32/stm32_workspace/small_led_driver/startup" -I"C:/Users/splat/Documents/GitHub/Spud_code_collection/STM32/stm32_workspace/small_led_driver/sdk/CMSIS/Include" -I"C:/Users/splat/Documents/GitHub/Spud_code_collection/STM32/stm32_workspace/small_led_driver/sdk/CMSIS/Device/ST/STM32L4xx/Include" -I"C:/Users/splat/Documents/GitHub/Spud_code_collection/STM32/stm32_workspace/small_led_driver/sdk/STM32l4xx_HAL_Driver/Src" -I"C:/Users/splat/Documents/GitHub/Spud_code_collection/STM32/stm32_workspace/small_led_driver/sdk/STM32l4xx_HAL_Driver/Inc" -I"C:/Users/splat/Documents/GitHub/Spud_code_collection/STM32/stm32_workspace/small_led_driver/sdk/STM32l4xx_HAL_Driver/Inc/Legacy" -I"C:/Users/splat/Documents/GitHub/Spud_code_collection/STM32/stm32_workspace/small_led_driver/src" -I"C:/Users/splat/Documents/GitHub/Spud_code_collection/STM32/stm32_workspace/small_led_driver/src/stm32_bloat" -I"C:/Users/splat/Documents/GitHub/Spud_code_collection/STM32/stm32_workspace/fw_common/lib/animate_led" -I"C:/Users/splat/Documents/GitHub/Spud_code_collection/STM32/stm32_workspace/fw_common/lib/color_led" -O0 -ffunction-sections -fdata-sections -Wall -fstack-usage -MMD -MP -MF"src/stm32_bloat/stm32l4xx_it.d" -MT"src/stm32_bloat/stm32l4xx_it.o" --specs=nano.specs -mfpu=fpv4-sp-d16 -mfloat-abi=hard -mthumb -o "src/stm32_bloat/stm32l4xx_it.o"
arm-none-eabi-gcc "../src/stm32_bloat/syscalls.c" -mcpu=cortex-m4 -std=gnu11 -g3 -DDEBUG -DUSE_HAL_DRIVER -DSTM32L431xx -c -I"C:/Users/splat/Documents/GitHub/Spud_code_collection/STM32/stm32_workspace/small_led_driver/startup" -I"C:/Users/splat/Documents/GitHub/Spud_code_collection/STM32/stm32_workspace/small_led_driver/sdk/CMSIS/Include" -I"C:/Users/splat/Documents/GitHub/Spud_code_collection/STM32/stm32_workspace/small_led_driver/sdk/CMSIS/Device/ST/STM32L4xx/Include" -I"C:/Users/splat/Documents/GitHub/Spud_code_collection/STM32/stm32_workspace/small_led_driver/sdk/STM32l4xx_HAL_Driver/Src" -I"C:/Users/splat/Documents/GitHub/Spud_code_collection/STM32/stm32_workspace/small_led_driver/sdk/STM32l4xx_HAL_Driver/Inc" -I"C:/Users/splat/Documents/GitHub/Spud_code_collection/STM32/stm32_workspace/small_led_driver/sdk/STM32l4xx_HAL_Driver/Inc/Legacy" -I"C:/Users/splat/Documents/GitHub/Spud_code_collection/STM32/stm32_workspace/small_led_driver/src" -I"C:/Users/splat/Documents/GitHub/Spud_code_collection/STM32/stm32_workspace/small_led_driver/src/stm32_bloat" -I"C:/Users/splat/Documents/GitHub/Spud_code_collection/STM32/stm32_workspace/fw_common/lib/animate_led" -I"C:/Users/splat/Documents/GitHub/Spud_code_collection/STM32/stm32_workspace/fw_common/lib/color_led" -O0 -ffunction-sections -fdata-sections -Wall -fstack-usage -MMD -MP -MF"src/stm32_bloat/syscalls.d" -MT"src/stm32_bloat/syscalls.o" --specs=nano.specs -mfpu=fpv4-sp-d16 -mfloat-abi=hard -mthumb -o "src/stm32_bloat/syscalls.o"
arm-none-eabi-gcc "../src/stm32_bloat/sysmem.c" -mcpu=cortex-m4 -std=gnu11 -g3 -DDEBUG -DUSE_HAL_DRIVER -DSTM32L431xx -c -I"C:/Users/splat/Documents/GitHub/Spud_code_collection/STM32/stm32_workspace/small_led_driver/startup" -I"C:/Users/splat/Documents/GitHub/Spud_code_collection/STM32/stm32_workspace/small_led_driver/sdk/CMSIS/Include" -I"C:/Users/splat/Documents/GitHub/Spud_code_collection/STM32/stm32_workspace/small_led_driver/sdk/CMSIS/Device/ST/STM32L4xx/Include" -I"C:/Users/splat/Documents/GitHub/Spud_code_collection/STM32/stm32_workspace/small_led_driver/sdk/STM32l4xx_HAL_Driver/Src" -I"C:/Users/splat/Documents/GitHub/Spud_code_collection/STM32/stm32_workspace/small_led_driver/sdk/STM32l4xx_HAL_Driver/Inc" -I"C:/Users/splat/Documents/GitHub/Spud_code_collection/STM32/stm32_workspace/small_led_driver/sdk/STM32l4xx_HAL_Driver/Inc/Legacy" -I"C:/Users/splat/Documents/GitHub/Spud_code_collection/STM32/stm32_workspace/small_led_driver/src" -I"C:/Users/splat/Documents/GitHub/Spud_code_collection/STM32/stm32_workspace/small_led_driver/src/stm32_bloat" -I"C:/Users/splat/Documents/GitHub/Spud_code_collection/STM32/stm32_workspace/fw_common/lib/animate_led" -I"C:/Users/splat/Documents/GitHub/Spud_code_collection/STM32/stm32_workspace/fw_common/lib/color_led" -O0 -ffunction-sections -fdata-sections -Wall -fstack-usage -MMD -MP -MF"src/stm32_bloat/sysmem.d" -MT"src/stm32_bloat/sysmem.o" --specs=nano.specs -mfpu=fpv4-sp-d16 -mfloat-abi=hard -mthumb -o "src/stm32_bloat/sysmem.o"
arm-none-eabi-gcc "../src/stm32_bloat/system_stm32l4xx.c" -mcpu=cortex-m4 -std=gnu11 -g3 -DDEBUG -DUSE_HAL_DRIVER -DSTM32L431xx -c -I"C:/Users/splat/Documents/GitHub/Spud_code_collection/STM32/stm32_workspace/small_led_driver/startup" -I"C:/Users/splat/Documents/GitHub/Spud_code_collection/STM32/stm32_workspace/small_led_driver/sdk/CMSIS/Include" -I"C:/Users/splat/Documents/GitHub/Spud_code_collection/STM32/stm32_workspace/small_led_driver/sdk/CMSIS/Device/ST/STM32L4xx/Include" -I"C:/Users/splat/Documents/GitHub/Spud_code_collection/STM32/stm32_workspace/small_led_driver/sdk/STM32l4xx_HAL_Driver/Src" -I"C:/Users/splat/Documents/GitHub/Spud_code_collection/STM32/stm32_workspace/small_led_driver/sdk/STM32l4xx_HAL_Driver/Inc" -I"C:/Users/splat/Documents/GitHub/Spud_code_collection/STM32/stm32_workspace/small_led_driver/sdk/STM32l4xx_HAL_Driver/Inc/Legacy" -I"C:/Users/splat/Documents/GitHub/Spud_code_collection/STM32/stm32_workspace/small_led_driver/src" -I"C:/Users/splat/Documents/GitHub/Spud_code_collection/STM32/stm32_workspace/small_led_driver/src/stm32_bloat" -I"C:/Users/splat/Documents/GitHub/Spud_code_collection/STM32/stm32_workspace/fw_common/lib/animate_led" -I"C:/Users/splat/Documents/GitHub/Spud_code_collection/STM32/stm32_workspace/fw_common/lib/color_led" -O0 -ffunction-sections -fdata-sections -Wall -fstack-usage -MMD -MP -MF"src/stm32_bloat/system_stm32l4xx.d" -MT"src/stm32_bloat/system_stm32l4xx.o" --specs=nano.specs -mfpu=fpv4-sp-d16 -mfloat-abi=hard -mthumb -o "src/stm32_bloat/system_stm32l4xx.o"
arm-none-eabi-gcc "../src/main.c" -mcpu=cortex-m4 -std=gnu11 -g3 -DDEBUG -DUSE_HAL_DRIVER -DSTM32L431xx -c -I"C:/Users/splat/Documents/GitHub/Spud_code_collection/STM32/stm32_workspace/small_led_driver/startup" -I"C:/Users/splat/Documents/GitHub/Spud_code_collection/STM32/stm32_workspace/small_led_driver/sdk/CMSIS/Include" -I"C:/Users/splat/Documents/GitHub/Spud_code_collection/STM32/stm32_workspace/small_led_driver/sdk/CMSIS/Device/ST/STM32L4xx/Include" -I"C:/Users/splat/Documents/GitHub/Spud_code_collection/STM32/stm32_workspace/small_led_driver/sdk/STM32l4xx_HAL_Driver/Src" -I"C:/Users/splat/Documents/GitHub/Spud_code_collection/STM32/stm32_workspace/small_led_driver/sdk/STM32l4xx_HAL_Driver/Inc" -I"C:/Users/splat/Documents/GitHub/Spud_code_collection/STM32/stm32_workspace/small_led_driver/sdk/STM32l4xx_HAL_Driver/Inc/Legacy" -I"C:/Users/splat/Documents/GitHub/Spud_code_collection/STM32/stm32_workspace/small_led_driver/src" -I"C:/Users/splat/Documents/GitHub/Spud_code_collection/STM32/stm32_workspace/small_led_driver/src/stm32_bloat" -I"C:/Users/splat/Documents/GitHub/Spud_code_collection/STM32/stm32_workspace/fw_common/lib/animate_led" -I"C:/Users/splat/Documents/GitHub/Spud_code_collection/STM32/stm32_workspace/fw_common/lib/color_led" -O0 -ffunction-sections -fdata-sections -Wall -fstack-usage -MMD -MP -MF"src/main.d" -MT"src/main.o" --specs=nano.specs -mfpu=fpv4-sp-d16 -mfloat-abi=hard -mthumb -o "src/main.o"
arm-none-eabi-gcc "../sdk/STM32L4xx_HAL_Driver/Src/stm32l4xx_hal.c" -mcpu=cortex-m4 -std=gnu11 -g3 -DDEBUG -DUSE_HAL_DRIVER -DSTM32L431xx -c -I"C:/Users/splat/Documents/GitHub/Spud_code_collection/STM32/stm32_workspace/small_led_driver/startup" -I"C:/Users/splat/Documents/GitHub/Spud_code_collection/STM32/stm32_workspace/small_led_driver/sdk/CMSIS/Include" -I"C:/Users/splat/Documents/GitHub/Spud_code_collection/STM32/stm32_workspace/small_led_driver/sdk/CMSIS/Device/ST/STM32L4xx/Include" -I"C:/Users/splat/Documents/GitHub/Spud_code_collection/STM32/stm32_workspace/small_led_driver/sdk/STM32l4xx_HAL_Driver/Src" -I"C:/Users/splat/Documents/GitHub/Spud_code_collection/STM32/stm32_workspace/small_led_driver/sdk/STM32l4xx_HAL_Driver/Inc" -I"C:/Users/splat/Documents/GitHub/Spud_code_collection/STM32/stm32_workspace/small_led_driver/sdk/STM32l4xx_HAL_Driver/Inc/Legacy" -I"C:/Users/splat/Documents/GitHub/Spud_code_collection/STM32/stm32_workspace/small_led_driver/src" -I"C:/Users/splat/Documents/GitHub/Spud_code_collection/STM32/stm32_workspace/small_led_driver/src/stm32_bloat" -I"C:/Users/splat/Documents/GitHub/Spud_code_collection/STM32/stm32_workspace/fw_common/lib/animate_led" -I"C:/Users/splat/Documents/GitHub/Spud_code_collection/STM32/stm32_workspace/fw_common/lib/color_led" -O0 -ffunction-sections -fdata-sections -Wall -fstack-usage -MMD -MP -MF"sdk/STM32L4xx_HAL_Driver/Src/stm32l4xx_hal.d" -MT"sdk/STM32L4xx_HAL_Driver/Src/stm32l4xx_hal.o" --specs=nano.specs -mfpu=fpv4-sp-d16 -mfloat-abi=hard -mthumb -o "sdk/STM32L4xx_HAL_Driver/Src/stm32l4xx_hal.o"
arm-none-eabi-gcc "../sdk/STM32L4xx_HAL_Driver/Src/stm32l4xx_hal_cortex.c" -mcpu=cortex-m4 -std=gnu11 -g3 -DDEBUG -DUSE_HAL_DRIVER -DSTM32L431xx -c -I"C:/Users/splat/Documents/GitHub/Spud_code_collection/STM32/stm32_workspace/small_led_driver/startup" -I"C:/Users/splat/Documents/GitHub/Spud_code_collection/STM32/stm32_workspace/small_led_driver/sdk/CMSIS/Include" -I"C:/Users/splat/Documents/GitHub/Spud_code_collection/STM32/stm32_workspace/small_led_driver/sdk/CMSIS/Device/ST/STM32L4xx/Include" -I"C:/Users/splat/Documents/GitHub/Spud_code_collection/STM32/stm32_workspace/small_led_driver/sdk/STM32l4xx_HAL_Driver/Src" -I"C:/Users/splat/Documents/GitHub/Spud_code_collection/STM32/stm32_workspace/small_led_driver/sdk/STM32l4xx_HAL_Driver/Inc" -I"C:/Users/splat/Documents/GitHub/Spud_code_collection/STM32/stm32_workspace/small_led_driver/sdk/STM32l4xx_HAL_Driver/Inc/Legacy" -I"C:/Users/splat/Documents/GitHub/Spud_code_collection/STM32/stm32_workspace/small_led_driver/src" -I"C:/Users/splat/Documents/GitHub/Spud_code_collection/STM32/stm32_workspace/small_led_driver/src/stm32_bloat" -I"C:/Users/splat/Documents/GitHub/Spud_code_collection/STM32/stm32_workspace/fw_common/lib/animate_led" -I"C:/Users/splat/Documents/GitHub/Spud_code_collection/STM32/stm32_workspace/fw_common/lib/color_led" -O0 -ffunction-sections -fdata-sections -Wall -fstack-usage -MMD -MP -MF"sdk/STM32L4xx_HAL_Driver/Src/stm32l4xx_hal_cortex.d" -MT"sdk/STM32L4xx_HAL_Driver/Src/stm32l4xx_hal_cortex.o" --specs=nano.specs -mfpu=fpv4-sp-d16 -mfloat-abi=hard -mthumb -o "sdk/STM32L4xx_HAL_Driver/Src/stm32l4xx_hal_cortex.o"
arm-none-eabi-gcc "../sdk/STM32L4xx_HAL_Driver/Src/stm32l4xx_hal_dma.c" -mcpu=cortex-m4 -std=gnu11 -g3 -DDEBUG -DUSE_HAL_DRIVER -DSTM32L431xx -c -I"C:/Users/splat/Documents/GitHub/Spud_code_collection/STM32/stm32_workspace/small_led_driver/startup" -I"C:/Users/splat/Documents/GitHub/Spud_code_collection/STM32/stm32_workspace/small_led_driver/sdk/CMSIS/Include" -I"C:/Users/splat/Documents/GitHub/Spud_code_collection/STM32/stm32_workspace/small_led_driver/sdk/CMSIS/Device/ST/STM32L4xx/Include" -I"C:/Users/splat/Documents/GitHub/Spud_code_collection/STM32/stm32_workspace/small_led_driver/sdk/STM32l4xx_HAL_Driver/Src" -I"C:/Users/splat/Documents/GitHub/Spud_code_collection/STM32/stm32_workspace/small_led_driver/sdk/STM32l4xx_HAL_Driver/Inc" -I"C:/Users/splat/Documents/GitHub/Spud_code_collection/STM32/stm32_workspace/small_led_driver/sdk/STM32l4xx_HAL_Driver/Inc/Legacy" -I"C:/Users/splat/Documents/GitHub/Spud_code_collection/STM32/stm32_workspace/small_led_driver/src" -I"C:/Users/splat/Documents/GitHub/Spud_code_collection/STM32/stm32_workspace/small_led_driver/src/stm32_bloat" -I"C:/Users/splat/Documents/GitHub/Spud_code_collection/STM32/stm32_workspace/fw_common/lib/animate_led" -I"C:/Users/splat/Documents/GitHub/Spud_code_collection/STM32/stm32_workspace/fw_common/lib/color_led" -O0 -ffunction-sections -fdata-sections -Wall -fstack-usage -MMD -MP -MF"sdk/STM32L4xx_HAL_Driver/Src/stm32l4xx_hal_dma.d" -MT"sdk/STM32L4xx_HAL_Driver/Src/stm32l4xx_hal_dma.o" --specs=nano.specs -mfpu=fpv4-sp-d16 -mfloat-abi=hard -mthumb -o "sdk/STM32L4xx_HAL_Driver/Src/stm32l4xx_hal_dma.o"
[...]
Finished building target: small_led_driver.elf
 
arm-none-eabi-objdump -h -S  small_led_driver.elf  > "small_led_driver.list"
arm-none-eabi-objcopy  -O binary  small_led_driver.elf  "small_led_driver.bin"
arm-none-eabi-size   small_led_driver.elf 
   text	   data	    bss	    dec	    hex	filename
  18104	    120	   8360	  26584	   67d8	small_led_driver.elf
Finished building: default.size.stdout
 
Finished building: small_led_driver.bin
 
Finished building: small_led_driver.list
 
19:16:00 **** Incremental Build of configuration Debug for project small_led_driver ****
make -j8 all 
arm-none-eabi-gcc "C:/Users/splat/Documents/GitHub/Spud_code_collection/STM32/stm32_workspace/fw_common/lib/ws2812b_driver/ws2812b.c" -mcpu=cortex-m4 -std=gnu11 -g3 -DDEBUG -DUSE_HAL_DRIVER -DSTM32L431xx -c -I"C:/Users/splat/Documents/GitHub/Spud_code_collection/STM32/stm32_workspace/fw_common/lib/ws2812b_driver" -I"C:/Users/splat/Documents/GitHub/Spud_code_collection/STM32/stm32_workspace/small_led_driver/startup" -I"C:/Users/splat/Documents/GitHub/Spud_code_collection/STM32/stm32_workspace/small_led_driver/sdk/CMSIS/Include" -I"C:/Users/splat/Documents/GitHub/Spud_code_collection/STM32/stm32_workspace/small_led_driver/sdk/CMSIS/Device/ST/STM32L4xx/Include" -I"C:/Users/splat/Documents/GitHub/Spud_code_collection/STM32/stm32_workspace/small_led_driver/sdk/STM32l4xx_HAL_Driver/Src" -I"C:/Users/splat/Documents/GitHub/Spud_code_collection/STM32/stm32_workspace/small_led_driver/sdk/STM32l4xx_HAL_Driver/Inc" -I"C:/Users/splat/Documents/GitHub/Spud_code_collection/STM32/stm32_workspace/small_led_driver/sdk/STM32l4xx_HAL_Driver/Inc/Legacy" -I"C:/Users/splat/Documents/GitHub/Spud_code_collection/STM32/stm32_workspace/small_led_driver/src" -I"C:/Users/splat/Documents/GitHub/Spud_code_collection/STM32/stm32_workspace/small_led_driver/src/stm32_bloat" -I"C:/Users/splat/Documents/GitHub/Spud_code_collection/STM32/stm32_workspace/fw_common/lib/animate_led" -I"C:/Users/splat/Documents/GitHub/Spud_code_collection/STM32/stm32_workspace/fw_common/lib/color_led" -O0 -ffunction-sections -fdata-sections -Wall -fstack-usage -MMD -MP -MF"fw_common/ws2812b_driver/ws2812b.d" -MT"fw_common/ws2812b_driver/ws2812b.o" --specs=nano.specs -mfpu=fpv4-sp-d16 -mfloat-abi=hard -mthumb -o "fw_common/ws2812b_driver/ws2812b.o"
arm-none-eabi-gcc -o "small_led_driver.elf" @"objects.list"   -mcpu=cortex-m4 -T"C:\Users\splat\Documents\GitHub\Spud_code_collection\STM32\stm32_workspace\small_led_driver\STM32L431RCTX_FLASH.ld" --specs=nosys.specs -Wl,-Map="small_led_driver.map" -Wl,--gc-sections -static --specs=nano.specs -mfpu=fpv4-sp-d16 -mfloat-abi=hard -mthumb -Wl,--start-group -lc -lm -Wl,--end-group
Finished building target: small_led_driver.elf
 
arm-none-eabi-objdump -h -S  small_led_driver.elf  > "small_led_driver.list"
arm-none-eabi-objcopy  -O binary  small_led_driver.elf  "small_led_driver.bin"
arm-none-eabi-size   small_led_driver.elf 
   text	   data	    bss	    dec	    hex	filename
  18108	    120	   8360	  26588	   67dc	small_led_driver.elf
Finished building: default.size.stdout
 
Finished building: small_led_driver.bin
 
Finished building: small_led_driver.list
 
19:20:17 **** Incremental Build of configuration Debug for project small_led_driver ****
make -j8 all 
arm-none-eabi-gcc "../src/main.c" -mcpu=cortex-m4 -std=gnu11 -g3 -DDEBUG -DUSE_HAL_DRIVER -DSTM32L431xx -c -I"C:/Users/splat/Documents/GitHub/Spud_code_collection/STM32/stm32_workspace/fw_common/lib/ws2812b_driver" -I"C:/Users/splat/Documents/GitHub/Spud_code_collection/STM32/stm32_workspace/small_led_driver/startup" -I"C:/Users/splat/Documents/GitHub/Spud_code_collection/STM32/stm32_workspace/small_led_driver/sdk/CMSIS/Include" -I"C:/Users/splat/Documents/GitHub/Spud_code_collection/STM32/stm32_workspace/small_led_driver/sdk/CMSIS/Device/ST/STM32L4xx/Include" -I"C:/Users/splat/Documents/GitHub/Spud_code_collection/STM32/stm32_workspace/small_led_driver/sdk/STM32l4xx_HAL_Driver/Src" -I"C:/Users/splat/Documents/GitHub/Spud_code_collection/STM32/stm32_workspace/small_led_driver/sdk/STM32l4xx_HAL_Driver/Inc" -I"C:/Users/splat/Documents/GitHub/Spud_code_collection/STM32/stm32_workspace/small_led_driver/sdk/STM32l4xx_HAL_Driver/Inc/Legacy" -I"C:/Users/splat/Documents/GitHub/Spud_code_collection/STM32/stm32_workspace/small_led_driver/src" -I"C:/Users/splat/Documents/GitHub/Spud_code_collection/STM32/stm32_workspace/small_led_driver/src/stm32_bloat" -I"C:/Users/splat/Documents/GitHub/Spud_code_collection/STM32/stm32_workspace/fw_common/lib/animate_led" -I"C:/Users/splat/Documents/GitHub/Spud_code_collection/STM32/stm32_workspace/fw_common/lib/color_led" -O0 -ffunction-sections -fdata-sections -Wall -fstack-usage -MMD -MP -MF"src/main.d" -MT"src/main.o" --specs=nano.specs -mfpu=fpv4-sp-d16 -mfloat-abi=hard -mthumb -o "src/main.o"
arm-none-eabi-gcc -o "small_led_driver.elf" @"objects.list"   -mcpu=cortex-m4 -T"C:\Users\splat\Documents\GitHub\Spud_code_collection\STM32\stm32_workspace\small_led_driver\STM32L431RCTX_FLASH.ld" --specs=nosys.specs -Wl,-Map="small_led_driver.map" -Wl,--gc-sections -static --specs=nano.specs -mfpu=fpv4-sp-d16 -mfloat-abi=hard -mthumb -Wl,--start-group -lc -lm -Wl,--end-group
Finished building target: small_led_driver.elf
 
arm-none-eabi-objdump -h -S  small_led_driver.elf  > "small_led_driver.list"
arm-none-eabi-objcopy  -O binary  small_led_driver.elf  "small_led_driver.bin"
arm-none-eabi-size   small_led_driver.elf 
   text	   data	    bss	    dec	    hex	filename
  17952	    120	   8360	  26432	   6740	small_led_driver.elf
Finished building: default.size.stdout
 
Finished building: small_led_driver.bin
 
Finished building: small_led_driver.list
 
19:20:55 **** Incremental Build of configuration Debug for project small_led_driver ****
make -j8 all 
arm-none-eabi-gcc "../src/main.c" -mcpu=cortex-m4 -std=gnu11 -g3 -DDEBUG -DUSE_HAL_DRIVER -DSTM32L431xx -c -I"C:/Users/splat/Documents/GitHub/Spud_code_collection/STM32/stm32_workspace/fw_common/lib/ws2812b_driver" -I"C:/Users/splat/Documents/GitHub/Spud_code_collection/STM32/stm32_workspace/small_led_driver/startup" -I"C:/Users/splat/Documents/GitHub/Spud_code_collection/STM32/stm32_workspace/small_led_driver/sdk/CMSIS/Include" -I"C:/Users/splat/Documents/GitHub/Spud_code_collection/STM32/stm32_workspace/small_led_driver/sdk/CMSIS/Device/ST/STM32L4xx/Include" -I"C:/Users/splat/Documents/GitHub/Spud_code_collection/STM32/stm32_workspace/small_led_driver/sdk/STM32l4xx_HAL_Driver/Src" -I"C:/Users/splat/Documents/GitHub/Spud_code_collection/STM32/stm32_workspace/small_led_driver/sdk/STM32l4xx_HAL_Driver/Inc" -I"C:/Users/splat/Documents/GitHub/Spud_code_collection/STM32/stm32_workspace/small_led_driver/sdk/STM32l4xx_HAL_Driver/Inc/Legacy" -I"C:/Users/splat/Documents/GitHub/Spud_code_collection/STM32/stm32_workspace/small_led_driver/src" -I"C:/Users/splat/Documents/GitHub/Spud_code_collection/STM32/stm32_workspace/small_led_driver/src/stm32_bloat" -I"C:/Users/splat/Documents/GitHub/Spud_code_collection/STM32/stm32_workspace/fw_common/lib/animate_led" -I"C:/Users/splat/Documents/GitHub/Spud_code_collection/STM32/stm32_workspace/fw_common/lib/color_led" -O0 -ffunction-sections -fdata-sections -Wall -fstack-usage -MMD -MP -MF"src/main.d" -MT"src/main.o" --specs=nano.specs -mfpu=fpv4-sp-d16 -mfloat-abi=hard -mthumb -o "src/main.o"
arm-none-eabi-gcc -o "small_led_driver.elf" @"objects.list"   -mcpu=cortex-m4 -T"C:\Users\splat\Documents\GitHub\Spud_code_collection\STM32\stm32_workspace\small_led_driver\STM32L431RCTX_FLASH.ld" --specs=nosys.specs -Wl,-Map="small_led_driver.map" -Wl,--gc-sections -static --specs=nano.specs -mfpu=fpv4-sp-d16 -mfloat-abi=hard -mthumb -Wl,--start-group -lc -lm -Wl,--end-group
Finished building target: small_led_driver.elf
 
arm-none-eabi-objdump -h -S  small_led_driver.elf  > "small_led_driver.list"
arm-none-eabi-objcopy  -O binary  small_led_driver.elf  "small_led_driver.bin"
arm-none-eabi-size   small_led_driver.elf 
   text	   data	    bss	    dec	    hex	filename
  17952	    120	   8360	  26432	   6740	small_led_driver.elf
Finished building: default.size.stdout
 
Finished building: small_led_driver.bin
 
Finished building: small_led_driver.list
 
19:21:25 **** Incremental Build of configuration Debug for project small_led_driver ****
make -j8 all 
arm-none-eabi-gcc "../src/main.c" -mcpu=cortex-m4 -std=gnu11 -g3 -DDEBUG -DUSE_HAL_DRIVER -DSTM32L431xx -c -I"C:/Users/splat/Documents/GitHub/Spud_code_collection/STM32/stm32_workspace/fw_common/lib/ws2812b_driver" -I"C:/Users/splat/Documents/GitHub/Spud_code_collection/STM32/stm32_workspace/small_led_driver/startup" -I"C:/Users/splat/Documents/GitHub/Spud_code_collection/STM32/stm32_workspace/small_led_driver/sdk/CMSIS/Include" -I"C:/Users/splat/Documents/GitHub/Spud_code_collection/STM32/stm32_workspace/small_led_driver/sdk/CMSIS/Device/ST/STM32L4xx/Include" -I"C:/Users/splat/Documents/GitHub/Spud_code_collection/STM32/stm32_workspace/small_led_driver/sdk/STM32l4xx_HAL_Driver/Src" -I"C:/Users/splat/Documents/GitHub/Spud_code_collection/STM32/stm32_workspace/small_led_driver/sdk/STM32l4xx_HAL_Driver/Inc" -I"C:/Users/splat/Documents/GitHub/Spud_code_collection/STM32/stm32_workspace/small_led_driver/sdk/STM32l4xx_HAL_Driver/Inc/Legacy" -I"C:/Users/splat/Documents/GitHub/Spud_code_collection/STM32/stm32_workspace/small_led_driver/src" -I"C:/Users/splat/Documents/GitHub/Spud_code_collection/STM32/stm32_workspace/small_led_driver/src/stm32_bloat" -I"C:/Users/splat/Documents/GitHub/Spud_code_collection/STM32/stm32_workspace/fw_common/lib/animate_led" -I"C:/Users/splat/Documents/GitHub/Spud_code_collection/STM32/stm32_workspace/fw_common/lib/color_led" -O0 -ffunction-sections -fdata-sections -Wall -fstack-usage -MMD -MP -MF"src/main.d" -MT"src/main.o" --specs=nano.specs -mfpu=fpv4-sp-d16 -mfloat-abi=hard -mthumb -o "src/main.o"
arm-none-eabi-gcc -o "small_led_driver.elf" @"objects.list"   -mcpu=cortex-m4 -T"C:\Users\splat\Documents\GitHub\Spud_code_collection\STM32\stm32_workspace\small_led_driver\STM32L431RCTX_FLASH.ld" --specs=nosys.specs -Wl,-Map="small_led_driver.map" -Wl,--gc-sections -static --specs=nano.specs -mfpu=fpv4-sp-d16 -mfloat-abi=hard -mthumb -Wl,--start-group -lc -lm -Wl,--end-group
Finished building target: small_led_driver.elf
 
arm-none-eabi-objdump -h -S  small_led_driver.elf  > "small_led_driver.list"
arm-none-eabi-objcopy  -O binary  small_led_driver.elf  "small_led_driver.bin"
arm-none-eabi-size   small_led_driver.elf 
   text	   data	    bss	    dec	    hex	filename
  17952	    120	   8360	  26432	   6740	small_led_driver.elf
Finished building: default.size.stdout
 
Finished building: small_led_driver.bin
 
Finished building: small_led_driver.list
 
19:23:17 **** Incremental Build of configuration Debug for project small_led_driver ****
make -j8 all 
arm-none-eabi-gcc "../src/main.c" -mcpu=cortex-m4 -std=gnu11 -g3 -DDEBUG -DUSE_HAL_DRIVER -DSTM32L431xx -c -I"C:/Users/splat/Documents/GitHub/Spud_code_collection/STM32/stm32_workspace/fw_common/lib/ws2812b_driver" -I"C:/Users/splat/Documents/GitHub/Spud_code_collection/STM32/stm32_workspace/small_led_driver/startup" -I"C:/Users/splat/Documents/GitHub/Spud_code_collection/STM32/stm32_workspace/small_led_driver/sdk/CMSIS/Include" -I"C:/Users/splat/Documents/GitHub/Spud_code_collection/STM32/stm32_workspace/small_led_driver/sdk/CMSIS/Device/ST/STM32L4xx/Include" -I"C:/Users/splat/Documents/GitHub/Spud_code_collection/STM32/stm32_workspace/small_led_driver/sdk/STM32l4xx_HAL_Driver/Src" -I"C:/Users/splat/Documents/GitHub/Spud_code_collection/STM32/stm32_workspace/small_led_driver/sdk/STM32l4xx_HAL_Driver/Inc" -I"C:/Users/splat/Documents/GitHub/Spud_code_collection/STM32/stm32_workspace/small_led_driver/sdk/STM32l4xx_HAL_Driver/Inc/Legacy" -I"C:/Users/splat/Documents/GitHub/Spud_code_collection/STM32/stm32_workspace/small_led_driver/src" -I"C:/Users/splat/Documents/GitHub/Spud_code_collection/STM32/stm32_workspace/small_led_driver/src/stm32_bloat" -I"C:/Users/splat/Documents/GitHub/Spud_code_collection/STM32/stm32_workspace/fw_common/lib/animate_led" -I"C:/Users/splat/Documents/GitHub/Spud_code_collection/STM32/stm32_workspace/fw_common/lib/color_led" -O0 -ffunction-sections -fdata-sections -Wall -fstack-usage -MMD -MP -MF"src/main.d" -MT"src/main.o" --specs=nano.specs -mfpu=fpv4-sp-d16 -mfloat-abi=hard -mthumb -o "src/main.o"
arm-none-eabi-gcc "C:/Users/splat/Documents/GitHub/Spud_code_collection/STM32/stm32_workspace/fw_common/lib/ws2812b_driver/ws2812b.c" -mcpu=cortex-m4 -std=gnu11 -g3 -DDEBUG -DUSE_HAL_DRIVER -DSTM32L431xx -c -I"C:/Users/splat/Documents/GitHub/Spud_code_collection/STM32/stm32_workspace/fw_common/lib/ws2812b_driver" -I"C:/Users/splat/Documents/GitHub/Spud_code_collection/STM32/stm32_workspace/small_led_driver/startup" -I"C:/Users/splat/Documents/GitHub/Spud_code_collection/STM32/stm32_workspace/small_led_driver/sdk/CMSIS/Include" -I"C:/Users/splat/Documents/GitHub/Spud_code_collection/STM32/stm32_workspace/small_led_driver/sdk/CMSIS/Device/ST/STM32L4xx/Include" -I"C:/Users/splat/Documents/GitHub/Spud_code_collection/STM32/stm32_workspace/small_led_driver/sdk/STM32l4xx_HAL_Driver/Src" -I"C:/Users/splat/Documents/GitHub/Spud_code_collection/STM32/stm32_workspace/small_led_driver/sdk/STM32l4xx_HAL_Driver/Inc" -I"C:/Users/splat/Documents/GitHub/Spud_code_collection/STM32/stm32_workspace/small_led_driver/sdk/STM32l4xx_HAL_Driver/Inc/Legacy" -I"C:/Users/splat/Documents/GitHub/Spud_code_collection/STM32/stm32_workspace/small_led_driver/src" -I"C:/Users/splat/Documents/GitHub/Spud_code_collection/STM32/stm32_workspace/small_led_driver/src/stm32_bloat" -I"C:/Users/splat/Documents/GitHub/Spud_code_collection/STM32/stm32_workspace/fw_common/lib/animate_led" -I"C:/Users/splat/Documents/GitHub/Spud_code_collection/STM32/stm32_workspace/fw_common/lib/color_led" -O0 -ffunction-sections -fdata-sections -Wall -fstack-usage -MMD -MP -MF"fw_common/ws2812b_driver/ws2812b.d" -MT"fw_common/ws2812b_driver/ws2812b.o" --specs=nano.specs -mfpu=fpv4-sp-d16 -mfloat-abi=hard -mthumb -o "fw_common/ws2812b_driver/ws2812b.o"
arm-none-eabi-gcc -o "small_led_driver.elf" @"objects.list"   -mcpu=cortex-m4 -T"C:\Users\splat\Documents\GitHub\Spud_code_collection\STM32\stm32_workspace\small_led_driver\STM32L431RCTX_FLASH.ld" --specs=nosys.specs -Wl,-Map="small_led_driver.map" -Wl,--gc-sections -static --specs=nano.specs -mfpu=fpv4-sp-d16 -mfloat-abi=hard -mthumb -Wl,--start-group -lc -lm -Wl,--end-group
Finished building target: small_led_driver.elf
 
arm-none-eabi-objdump -h -S  small_led_driver.elf  > "small_led_driver.list"
arm-none-eabi-objcopy  -O binary  small_led_driver.elf  "small_led_driver.bin"
arm-none-eabi-size   small_led_driver.elf 
   text	   data	    bss	    dec	    hex	filename
  18108	    120	   8360	  26588	   67dc	small_led_driver.elf
Finished building: default.size.stdout
 
Finished building: small_led_driver.bin
 
Finished building: small_led_driver.list
 
19:24:02 **** Incremental Build of configuration Debug for project small_led_driver ****
make -j8 all 
arm-none-eabi-gcc "../src/main.c" -mcpu=cortex-m4 -std=gnu11 -g3 -DDEBUG -DUSE_HAL_DRIVER -DSTM32L431xx -c -I"C:/Users/splat/Documents/GitHub/Spud_code_collection/STM32/stm32_workspace/fw_common/lib/ws2812b_driver" -I"C:/Users/splat/Documents/GitHub/Spud_code_collection/STM32/stm32_workspace/small_led_driver/startup" -I"C:/Users/splat/Documents/GitHub/Spud_code_collection/STM32/stm32_workspace/small_led_driver/sdk/CMSIS/Include" -I"C:/Users/splat/Documents/GitHub/Spud_code_collection/STM32/stm32_workspace/small_led_driver/sdk/CMSIS/Device/ST/STM32L4xx/Include" -I"C:/Users/splat/Documents/GitHub/Spud_code_collection/STM32/stm32_workspace/small_led_driver/sdk/STM32l4xx_HAL_Driver/Src" -I"C:/Users/splat/Documents/GitHub/Spud_code_collection/STM32/stm32_workspace/small_led_driver/sdk/STM32l4xx_HAL_Driver/Inc" -I"C:/Users/splat/Documents/GitHub/Spud_code_collection/STM32/stm32_workspace/small_led_driver/sdk/STM32l4xx_HAL_Driver/Inc/Legacy" -I"C:/Users/splat/Documents/GitHub/Spud_code_collection/STM32/stm32_workspace/small_led_driver/src" -I"C:/Users/splat/Documents/GitHub/Spud_code_collection/STM32/stm32_workspace/small_led_driver/src/stm32_bloat" -I"C:/Users/splat/Documents/GitHub/Spud_code_collection/STM32/stm32_workspace/fw_common/lib/animate_led" -I"C:/Users/splat/Documents/GitHub/Spud_code_collection/STM32/stm32_workspace/fw_common/lib/color_led" -O0 -ffunction-sections -fdata-sections -Wall -fstack-usage -MMD -MP -MF"src/main.d" -MT"src/main.o" --specs=nano.specs -mfpu=fpv4-sp-d16 -mfloat-abi=hard -mthumb -o "src/main.o"
arm-none-eabi-gcc -o "small_led_driver.elf" @"objects.list"   -mcpu=cortex-m4 -T"C:\Users\splat\Documents\GitHub\Spud_code_collection\STM32\stm32_workspace\small_led_driver\STM32L431RCTX_FLASH.ld" --specs=nosys.specs -Wl,-Map="small_led_driver.map" -Wl,--gc-sections -static --specs=nano.specs -mfpu=fpv4-sp-d16 -mfloat-abi=hard -mthumb -Wl,--start-group -lc -lm -Wl,--end-group
Finished building target: small_led_driver.elf
 
arm-none-eabi-objdump -h -S  small_led_driver.elf  > "small_led_driver.list"
arm-none-eabi-objcopy  -O binary  small_led_driver.elf  "small_led_driver.bin"
arm-none-eabi-size   small_led_driver.elf 
   text	   data	    bss	    dec	    hex	filename
  18100	    120	   8360	  26580	   67d4	small_led_driver.elf
Finished building: default.size.stdout
 
Finished building: small_led_driver.bin
 
Finished building: small_led_driver.list
 
19:24:58 **** Incremental Build of configuration Debug for project small_led_driver ****
make -j8 all 
arm-none-eabi-gcc "../src/main.c" -mcpu=cortex-m4 -std=gnu11 -g3 -DDEBUG -DUSE_HAL_DRIVER -DSTM32L431xx -c -I"C:/Users/splat/Documents/GitHub/Spud_code_collection/STM32/stm32_workspace/fw_common/lib/ws2812b_driver" -I"C:/Users/splat/Documents/GitHub/Spud_code_collection/STM32/stm32_workspace/small_led_driver/startup" -I"C:/Users/splat/Documents/GitHub/Spud_code_collection/STM32/stm32_workspace/small_led_driver/sdk/CMSIS/Include" -I"C:/Users/splat/Documents/GitHub/Spud_code_collection/STM32/stm32_workspace/small_led_driver/sdk/CMSIS/Device/ST/STM32L4xx/Include" -I"C:/Users/splat/Documents/GitHub/Spud_code_collection/STM32/stm32_workspace/small_led_driver/sdk/STM32l4xx_HAL_Driver/Src" -I"C:/Users/splat/Documents/GitHub/Spud_code_collection/STM32/stm32_workspace/small_led_driver/sdk/STM32l4xx_HAL_Driver/Inc" -I"C:/Users/splat/Documents/GitHub/Spud_code_collection/STM32/stm32_workspace/small_led_driver/sdk/STM32l4xx_HAL_Driver/Inc/Legacy" -I"C:/Users/splat/Documents/GitHub/Spud_code_collection/STM32/stm32_workspace/small_led_driver/src" -I"C:/Users/splat/Documents/GitHub/Spud_code_collection/STM32/stm32_workspace/small_led_driver/src/stm32_bloat" -I"C:/Users/splat/Documents/GitHub/Spud_code_collection/STM32/stm32_workspace/fw_common/lib/animate_led" -I"C:/Users/splat/Documents/GitHub/Spud_code_collection/STM32/stm32_workspace/fw_common/lib/color_led" -O0 -ffunction-sections -fdata-sections -Wall -fstack-usage -MMD -MP -MF"src/main.d" -MT"src/main.o" --specs=nano.specs -mfpu=fpv4-sp-d16 -mfloat-abi=hard -mthumb -o "src/main.o"
arm-none-eabi-gcc -o "small_led_driver.elf" @"objects.list"   -mcpu=cortex-m4 -T"C:\Users\splat\Documents\GitHub\Spud_code_collection\STM32\stm32_workspace\small_led_driver\STM32L431RCTX_FLASH.ld" --specs=nosys.specs -Wl,-Map="small_led_driver.map" -Wl,--gc-sections -static --specs=nano.specs -mfpu=fpv4-sp-d16 -mfloat-abi=hard -mthumb -Wl,--start-group -lc -lm -Wl,--end-group
Finished building target: small_led_driver.elf
 
arm-none-eabi-objdump -h -S  small_led_driver.elf  > "small_led_driver.list"
arm-none-eabi-objcopy  -O binary  small_led_driver.elf  "small_led_driver.bin"
arm-none-eabi-size   small_led_driver.elf 
   text	   data	    bss	    dec	    hex	filename
  18084	    120	   8360	  26564	   67c4	small_led_driver.elf
Finished building: default.size.stdout
 
Finished building: small_led_driver.bin
 
Finished building: small_led_driver.list
 
