21:33:14 **** Incremental Build of configuration Debug for project mn_wild ****
make -j7 all 
arm-none-eabi-gcc "/Users/spud/Documents/GitHub/Spud_code_collection/STM32/stm32_workspace/fw_common/lib/task/task_mn_wild.c" -mcpu=cortex-m4 -std=gnu11 -g3 -DDEBUG -DUSE_HAL_DRIVER -DSTM32L431xx -c -I../sdk/FreeRTOS/Source/CMSIS_RTOS_V2 -I"/Users/spud/Documents/GitHub/Spud_code_collection/STM32/stm32_workspace/fw_common/lib/ws2812b_driver" -I"/Users/spud/Documents/GitHub/Spud_code_collection/STM32/stm32_workspace/fw_common/lib/color_led" -I"/Users/spud/Documents/GitHub/Spud_code_collection/STM32/stm32_workspace/fw_common/lib/animate_led" -I"/Users/spud/Documents/GitHub/Spud_code_collection/STM32/stm32_workspace/fw_common/lib/task" -I"/Users/spud/Documents/GitHub/Spud_code_collection/STM32/stm32_workspace/fw_common/lib/current_monitor" -I"/Users/spud/Documents/GitHub/Spud_code_collection/STM32/stm32_workspace/fw_common/lib/semaphore" -I"/Users/spud/Documents/GitHub/Spud_code_collection/STM32/stm32_workspace/fw_common/lib/adafruit_soundboard" -I../src/stm32_bloat -I../sdk/CMSIS/Device/ST/STM32L4xx/Include -I../sdk/CMSIS/Include -I../src/bsp -I../startup -I../src -I../sdk/STM32l4xx_HAL_Driver/Inc -I../sdk/STM32l4xx_HAL_Driver/Inc/Legacy -I../sdk/FreeRTOS/Source -I../sdk/FreeRTOS/Source/include -I../sdk/FreeRTOS/Source/portable/GCC/ARM_CM4F -I../src/bsp/board_specific -I../src/bsp/board_specific/board_init_mn_wild -I../Core/Inc -O0 -ffunction-sections -fdata-sections -Wall -fstack-usage -MMD -MP -MF"fw_common/lib/task/task_mn_wild.d" -MT"fw_common/lib/task/task_mn_wild.o" --specs=nano.specs -mfpu=fpv4-sp-d16 -mfloat-abi=hard -mthumb -o "fw_common/lib/task/task_mn_wild.o"
arm-none-eabi-gcc -o "mn_wild.elf" @"objects.list"   -mcpu=cortex-m4 -T"/Users/spud/Documents/GitHub/Spud_code_collection/STM32/stm32_workspace/mn_wild/STM32L431RCTX_FLASH.ld" --specs=nosys.specs -Wl,-Map="mn_wild.map" -Wl,--gc-sections -static --specs=nano.specs -mfpu=fpv4-sp-d16 -mfloat-abi=hard -mthumb -Wl,--start-group -lc -lm -Wl,--end-group
Finished building target: mn_wild.elf
 
arm-none-eabi-size   mn_wild.elf 
arm-none-eabi-objdump -h -S  mn_wild.elf  > "mn_wild.list"
   text	   data	    bss	    dec	    hex	filename
  29260	    124	  10540	  39924	   9bf4	mn_wild.elf
Finished building: default.size.stdout
 
Finished building: mn_wild.list
 

21:33:15 Build Finished. 0 errors, 0 warnings. (took 922ms)

