09:14:32 **** Incremental Build of configuration Debug for project small_led_driver ****
make -j7 all 
arm-none-eabi-gcc "/Users/spud/Documents/GitHub/Spud_code_collection/STM32/stm32_workspace/fw_common/lib/task/task_button_press.c" -mcpu=cortex-m4 -std=gnu11 -g3 -DDEBUG -DUSE_HAL_DRIVER -DSTM32L431xx -c -I../sdk/FreeRTOS/Source/CMSIS_RTOS_V2 -I"/Users/spud/Documents/GitHub/Spud_code_collection/STM32/stm32_workspace/fw_common/lib/ws2812b_driver" -I"/Users/spud/Documents/GitHub/Spud_code_collection/STM32/stm32_workspace/fw_common/lib/color_led" -I"/Users/spud/Documents/GitHub/Spud_code_collection/STM32/stm32_workspace/fw_common/lib/animate_led" -I"/Users/spud/Documents/GitHub/Spud_code_collection/STM32/stm32_workspace/fw_common/lib/task" -I"/Users/spud/Documents/GitHub/Spud_code_collection/STM32/stm32_workspace/fw_common/lib/current_monitor" -I"/Users/spud/Documents/GitHub/Spud_code_collection/STM32/stm32_workspace/fw_common/lib/semaphore" -I../src/stm32_bloat -I../sdk/CMSIS/Device/ST/STM32L4xx/Include -I../sdk/CMSIS/Include -I../src/bsp -I../startup -I../src -I../sdk/STM32l4xx_HAL_Driver/Inc -I../sdk/STM32l4xx_HAL_Driver/Inc/Legacy -I../sdk/FreeRTOS/Source -I../sdk/FreeRTOS/Source/include -I../sdk/FreeRTOS/Source/portable/GCC/ARM_CM4F -I../src/bsp/board_specific -I../src/bsp/board_specific/board_init_spud_glo_v1 -I../src/bsp/board_specific/board_init_spud_glo_v2 -I../src/bsp/board_specific/board_init_spud_glo_v3 -O0 -ffunction-sections -fdata-sections -Wall -fstack-usage -MMD -MP -MF"fw_common/lib/task/task_button_press.d" -MT"fw_common/lib/task/task_button_press.o" --specs=nano.specs -mfpu=fpv4-sp-d16 -mfloat-abi=hard -mthumb -o "fw_common/lib/task/task_button_press.o"
arm-none-eabi-gcc -o "small_led_driver.elf" @"objects.list"   -mcpu=cortex-m4 -T"/Users/spud/Documents/GitHub/Spud_code_collection/STM32/stm32_workspace/small_led_driver/STM32L431RCTX_FLASH.ld" --specs=nosys.specs -Wl,-Map="small_led_driver.map" -Wl,--gc-sections -static --specs=nano.specs -mfpu=fpv4-sp-d16 -mfloat-abi=hard -mthumb -Wl,--start-group -lc -lm -Wl,--end-group
Finished building target: small_led_driver.elf
 
arm-none-eabi-size   small_led_driver.elf 
arm-none-eabi-objdump -h -S  small_led_driver.elf  > "small_led_driver.list"
   text	   data	    bss	    dec	    hex	filename
  47536	    140	  16092	  63768	   f918	small_led_driver.elf
Finished building: default.size.stdout
 
Finished building: small_led_driver.list
 

09:14:33 Build Finished. 0 errors, 0 warnings. (took 1s.109ms)

