15:09:00 **** Incremental Build of configuration Debug for project small_led_driver ****
make -j8 all 
arm-none-eabi-gcc "../src/bsp/board_init.c" -mcpu=cortex-m4 -std=gnu11 -g3 -DDEBUG -DUSE_HAL_DRIVER -DSTM32L431xx -c -I"C:/Users/splat/Documents/GitHub/Spud_code_collection/STM32/stm32_workspace/small_led_driver/sdk/STM32l4xx_HAL_Driver/Inc" -I"C:/Users/splat/Documents/GitHub/Spud_code_collection/STM32/stm32_workspace/small_led_driver/sdk/STM32l4xx_HAL_Driver/Inc/Legacy" -I"C:/Users/splat/Documents/GitHub/Spud_code_collection/STM32/stm32_workspace/small_led_driver/sdk/FreeRTOS/Source/include" -I"C:/Users/splat/Documents/GitHub/Spud_code_collection/STM32/stm32_workspace/small_led_driver/sdk/FreeRTOS/Source/CMSIS_RTOS_V2" -I"C:/Users/splat/Documents/GitHub/Spud_code_collection/STM32/stm32_workspace/small_led_driver/sdk/FreeRTOS/Source/portable/GCC/ARM_CM4F" -I"C:/Users/splat/Documents/GitHub/Spud_code_collection/STM32/stm32_workspace/small_led_driver/sdk/CMSIS/Device/ST/STM32L4xx/Include" -I"C:/Users/splat/Documents/GitHub/Spud_code_collection/STM32/stm32_workspace/small_led_driver/sdk/CMSIS/Include" -I"C:/Users/splat/Documents/GitHub/Spud_code_collection/STM32/stm32_workspace/fw_common/lib/ws2812b_driver" -I"C:/Users/splat/Documents/GitHub/Spud_code_collection/STM32/stm32_workspace/small_led_driver/startup" -I"C:/Users/splat/Documents/GitHub/Spud_code_collection/STM32/stm32_workspace/small_led_driver/src" -I"C:/Users/splat/Documents/GitHub/Spud_code_collection/STM32/stm32_workspace/small_led_driver/src/stm32_bloat" -I"C:/Users/splat/Documents/GitHub/Spud_code_collection/STM32/stm32_workspace/fw_common/lib/animate_led" -I"C:/Users/splat/Documents/GitHub/Spud_code_collection/STM32/stm32_workspace/fw_common/lib/color_led" -I../Drivers/CMSIS/Include -I../Core/Inc -I../Drivers/CMSIS/Device/ST/STM32L4xx/Include -I../Drivers/STM32L4xx_HAL_Driver/Inc -I../Drivers/STM32L4xx_HAL_Driver/Inc/Legacy -I"C:/Users/splat/Documents/GitHub/Spud_code_collection/STM32/stm32_workspace/small_led_driver/src/bsp" -O0 -ffunction-sections -fdata-sections -Wall -fstack-usage -MMD -MP -MF"src/bsp/board_init.d" -MT"src/bsp/board_init.o" --specs=nano.specs -mfpu=fpv4-sp-d16 -mfloat-abi=hard -mthumb -o "src/bsp/board_init.o"
arm-none-eabi-gcc "../src/main.c" -mcpu=cortex-m4 -std=gnu11 -g3 -DDEBUG -DUSE_HAL_DRIVER -DSTM32L431xx -c -I"C:/Users/splat/Documents/GitHub/Spud_code_collection/STM32/stm32_workspace/small_led_driver/sdk/STM32l4xx_HAL_Driver/Inc" -I"C:/Users/splat/Documents/GitHub/Spud_code_collection/STM32/stm32_workspace/small_led_driver/sdk/STM32l4xx_HAL_Driver/Inc/Legacy" -I"C:/Users/splat/Documents/GitHub/Spud_code_collection/STM32/stm32_workspace/small_led_driver/sdk/FreeRTOS/Source/include" -I"C:/Users/splat/Documents/GitHub/Spud_code_collection/STM32/stm32_workspace/small_led_driver/sdk/FreeRTOS/Source/CMSIS_RTOS_V2" -I"C:/Users/splat/Documents/GitHub/Spud_code_collection/STM32/stm32_workspace/small_led_driver/sdk/FreeRTOS/Source/portable/GCC/ARM_CM4F" -I"C:/Users/splat/Documents/GitHub/Spud_code_collection/STM32/stm32_workspace/small_led_driver/sdk/CMSIS/Device/ST/STM32L4xx/Include" -I"C:/Users/splat/Documents/GitHub/Spud_code_collection/STM32/stm32_workspace/small_led_driver/sdk/CMSIS/Include" -I"C:/Users/splat/Documents/GitHub/Spud_code_collection/STM32/stm32_workspace/fw_common/lib/ws2812b_driver" -I"C:/Users/splat/Documents/GitHub/Spud_code_collection/STM32/stm32_workspace/small_led_driver/startup" -I"C:/Users/splat/Documents/GitHub/Spud_code_collection/STM32/stm32_workspace/small_led_driver/src" -I"C:/Users/splat/Documents/GitHub/Spud_code_collection/STM32/stm32_workspace/small_led_driver/src/stm32_bloat" -I"C:/Users/splat/Documents/GitHub/Spud_code_collection/STM32/stm32_workspace/fw_common/lib/animate_led" -I"C:/Users/splat/Documents/GitHub/Spud_code_collection/STM32/stm32_workspace/fw_common/lib/color_led" -I../Drivers/CMSIS/Include -I../Core/Inc -I../Drivers/CMSIS/Device/ST/STM32L4xx/Include -I../Drivers/STM32L4xx_HAL_Driver/Inc -I../Drivers/STM32L4xx_HAL_Driver/Inc/Legacy -I"C:/Users/splat/Documents/GitHub/Spud_code_collection/STM32/stm32_workspace/small_led_driver/src/bsp" -O0 -ffunction-sections -fdata-sections -Wall -fstack-usage -MMD -MP -MF"src/main.d" -MT"src/main.o" --specs=nano.specs -mfpu=fpv4-sp-d16 -mfloat-abi=hard -mthumb -o "src/main.o"
arm-none-eabi-gcc "../src/task_create.c" -mcpu=cortex-m4 -std=gnu11 -g3 -DDEBUG -DUSE_HAL_DRIVER -DSTM32L431xx -c -I"C:/Users/splat/Documents/GitHub/Spud_code_collection/STM32/stm32_workspace/small_led_driver/sdk/STM32l4xx_HAL_Driver/Inc" -I"C:/Users/splat/Documents/GitHub/Spud_code_collection/STM32/stm32_workspace/small_led_driver/sdk/STM32l4xx_HAL_Driver/Inc/Legacy" -I"C:/Users/splat/Documents/GitHub/Spud_code_collection/STM32/stm32_workspace/small_led_driver/sdk/FreeRTOS/Source/include" -I"C:/Users/splat/Documents/GitHub/Spud_code_collection/STM32/stm32_workspace/small_led_driver/sdk/FreeRTOS/Source/CMSIS_RTOS_V2" -I"C:/Users/splat/Documents/GitHub/Spud_code_collection/STM32/stm32_workspace/small_led_driver/sdk/FreeRTOS/Source/portable/GCC/ARM_CM4F" -I"C:/Users/splat/Documents/GitHub/Spud_code_collection/STM32/stm32_workspace/small_led_driver/sdk/CMSIS/Device/ST/STM32L4xx/Include" -I"C:/Users/splat/Documents/GitHub/Spud_code_collection/STM32/stm32_workspace/small_led_driver/sdk/CMSIS/Include" -I"C:/Users/splat/Documents/GitHub/Spud_code_collection/STM32/stm32_workspace/fw_common/lib/ws2812b_driver" -I"C:/Users/splat/Documents/GitHub/Spud_code_collection/STM32/stm32_workspace/small_led_driver/startup" -I"C:/Users/splat/Documents/GitHub/Spud_code_collection/STM32/stm32_workspace/small_led_driver/src" -I"C:/Users/splat/Documents/GitHub/Spud_code_collection/STM32/stm32_workspace/small_led_driver/src/stm32_bloat" -I"C:/Users/splat/Documents/GitHub/Spud_code_collection/STM32/stm32_workspace/fw_common/lib/animate_led" -I"C:/Users/splat/Documents/GitHub/Spud_code_collection/STM32/stm32_workspace/fw_common/lib/color_led" -I../Drivers/CMSIS/Include -I../Core/Inc -I../Drivers/CMSIS/Device/ST/STM32L4xx/Include -I../Drivers/STM32L4xx_HAL_Driver/Inc -I../Drivers/STM32L4xx_HAL_Driver/Inc/Legacy -I"C:/Users/splat/Documents/GitHub/Spud_code_collection/STM32/stm32_workspace/small_led_driver/src/bsp" -O0 -ffunction-sections -fdata-sections -Wall -fstack-usage -MMD -MP -MF"src/task_create.d" -MT"src/task_create.o" --specs=nano.specs -mfpu=fpv4-sp-d16 -mfloat-abi=hard -mthumb -o "src/task_create.o"
arm-none-eabi-gcc "C:/Users/splat/Documents/GitHub/Spud_code_collection/STM32/stm32_workspace/fw_common/lib/ws2812b_driver/ws2812b.c" -mcpu=cortex-m4 -std=gnu11 -g3 -DDEBUG -DUSE_HAL_DRIVER -DSTM32L431xx -c -I"C:/Users/splat/Documents/GitHub/Spud_code_collection/STM32/stm32_workspace/small_led_driver/sdk/STM32l4xx_HAL_Driver/Inc" -I"C:/Users/splat/Documents/GitHub/Spud_code_collection/STM32/stm32_workspace/small_led_driver/sdk/STM32l4xx_HAL_Driver/Inc/Legacy" -I"C:/Users/splat/Documents/GitHub/Spud_code_collection/STM32/stm32_workspace/small_led_driver/sdk/FreeRTOS/Source/include" -I"C:/Users/splat/Documents/GitHub/Spud_code_collection/STM32/stm32_workspace/small_led_driver/sdk/FreeRTOS/Source/CMSIS_RTOS_V2" -I"C:/Users/splat/Documents/GitHub/Spud_code_collection/STM32/stm32_workspace/small_led_driver/sdk/FreeRTOS/Source/portable/GCC/ARM_CM4F" -I"C:/Users/splat/Documents/GitHub/Spud_code_collection/STM32/stm32_workspace/small_led_driver/sdk/CMSIS/Device/ST/STM32L4xx/Include" -I"C:/Users/splat/Documents/GitHub/Spud_code_collection/STM32/stm32_workspace/small_led_driver/sdk/CMSIS/Include" -I"C:/Users/splat/Documents/GitHub/Spud_code_collection/STM32/stm32_workspace/fw_common/lib/ws2812b_driver" -I"C:/Users/splat/Documents/GitHub/Spud_code_collection/STM32/stm32_workspace/small_led_driver/startup" -I"C:/Users/splat/Documents/GitHub/Spud_code_collection/STM32/stm32_workspace/small_led_driver/src" -I"C:/Users/splat/Documents/GitHub/Spud_code_collection/STM32/stm32_workspace/small_led_driver/src/stm32_bloat" -I"C:/Users/splat/Documents/GitHub/Spud_code_collection/STM32/stm32_workspace/fw_common/lib/animate_led" -I"C:/Users/splat/Documents/GitHub/Spud_code_collection/STM32/stm32_workspace/fw_common/lib/color_led" -I../Drivers/CMSIS/Include -I../Core/Inc -I../Drivers/CMSIS/Device/ST/STM32L4xx/Include -I../Drivers/STM32L4xx_HAL_Driver/Inc -I../Drivers/STM32L4xx_HAL_Driver/Inc/Legacy -I"C:/Users/splat/Documents/GitHub/Spud_code_collection/STM32/stm32_workspace/small_led_driver/src/bsp" -O0 -ffunction-sections -fdata-sections -Wall -fstack-usage -MMD -MP -MF"fw_common/ws2812b_driver/ws2812b.d" -MT"fw_common/ws2812b_driver/ws2812b.o" --specs=nano.specs -mfpu=fpv4-sp-d16 -mfloat-abi=hard -mthumb -o "fw_common/ws2812b_driver/ws2812b.o"
arm-none-eabi-gcc "C:/Users/splat/Documents/GitHub/Spud_code_collection/STM32/stm32_workspace/fw_common/lib/animate_led/animate_led.c" -mcpu=cortex-m4 -std=gnu11 -g3 -DDEBUG -DUSE_HAL_DRIVER -DSTM32L431xx -c -I"C:/Users/splat/Documents/GitHub/Spud_code_collection/STM32/stm32_workspace/small_led_driver/sdk/STM32l4xx_HAL_Driver/Inc" -I"C:/Users/splat/Documents/GitHub/Spud_code_collection/STM32/stm32_workspace/small_led_driver/sdk/STM32l4xx_HAL_Driver/Inc/Legacy" -I"C:/Users/splat/Documents/GitHub/Spud_code_collection/STM32/stm32_workspace/small_led_driver/sdk/FreeRTOS/Source/include" -I"C:/Users/splat/Documents/GitHub/Spud_code_collection/STM32/stm32_workspace/small_led_driver/sdk/FreeRTOS/Source/CMSIS_RTOS_V2" -I"C:/Users/splat/Documents/GitHub/Spud_code_collection/STM32/stm32_workspace/small_led_driver/sdk/FreeRTOS/Source/portable/GCC/ARM_CM4F" -I"C:/Users/splat/Documents/GitHub/Spud_code_collection/STM32/stm32_workspace/small_led_driver/sdk/CMSIS/Device/ST/STM32L4xx/Include" -I"C:/Users/splat/Documents/GitHub/Spud_code_collection/STM32/stm32_workspace/small_led_driver/sdk/CMSIS/Include" -I"C:/Users/splat/Documents/GitHub/Spud_code_collection/STM32/stm32_workspace/fw_common/lib/ws2812b_driver" -I"C:/Users/splat/Documents/GitHub/Spud_code_collection/STM32/stm32_workspace/small_led_driver/startup" -I"C:/Users/splat/Documents/GitHub/Spud_code_collection/STM32/stm32_workspace/small_led_driver/src" -I"C:/Users/splat/Documents/GitHub/Spud_code_collection/STM32/stm32_workspace/small_led_driver/src/stm32_bloat" -I"C:/Users/splat/Documents/GitHub/Spud_code_collection/STM32/stm32_workspace/fw_common/lib/animate_led" -I"C:/Users/splat/Documents/GitHub/Spud_code_collection/STM32/stm32_workspace/fw_common/lib/color_led" -I../Drivers/CMSIS/Include -I../Core/Inc -I../Drivers/CMSIS/Device/ST/STM32L4xx/Include -I../Drivers/STM32L4xx_HAL_Driver/Inc -I../Drivers/STM32L4xx_HAL_Driver/Inc/Legacy -I"C:/Users/splat/Documents/GitHub/Spud_code_collection/STM32/stm32_workspace/small_led_driver/src/bsp" -O0 -ffunction-sections -fdata-sections -Wall -fstack-usage -MMD -MP -MF"fw_common/animate_led/animate_led.d" -MT"fw_common/animate_led/animate_led.o" --specs=nano.specs -mfpu=fpv4-sp-d16 -mfloat-abi=hard -mthumb -o "fw_common/animate_led/animate_led.o"
C:/Users/splat/Documents/GitHub/Spud_code_collection/STM32/stm32_workspace/fw_common/lib/animate_led/animate_led.c: In function 'task_animate_led':
C:/Users/splat/Documents/GitHub/Spud_code_collection/STM32/stm32_workspace/fw_common/lib/animate_led/animate_led.c:1306:19: warning: unused variable 'color' [-Wunused-variable]
 1306 |  color_hex_code_e color = COLOR_HEX_MAROON;
      |                   ^~~~~
arm-none-eabi-gcc -o "small_led_driver.elf" @"objects.list"   -mcpu=cortex-m4 -T"C:\Users\splat\Documents\GitHub\Spud_code_collection\STM32\stm32_workspace\small_led_driver\STM32L431RCTX_FLASH.ld" --specs=nosys.specs -Wl,-Map="small_led_driver.map" -Wl,--gc-sections -static --specs=nano.specs -mfpu=fpv4-sp-d16 -mfloat-abi=hard -mthumb -Wl,--start-group -lc -lm -Wl,--end-group
Finished building target: small_led_driver.elf
 
arm-none-eabi-objdump -h -S  small_led_driver.elf  > "small_led_driver.list"
arm-none-eabi-objcopy  -O binary  small_led_driver.elf  "small_led_driver.bin"
arm-none-eabi-size   small_led_driver.elf 
   text	   data	    bss	    dec	    hex	filename
  41396	    136	  13032	  54564	   d524	small_led_driver.elf
Finished building: default.size.stdout
 
Finished building: small_led_driver.bin
 
Finished building: small_led_driver.list
 

15:09:02 Build Finished. 0 errors, 1 warnings. (took 2s.110ms)

