23:20:27 **** Incremental Build of configuration Debug for project spudglo ****
make -j7 all 
arm-none-eabi-gcc "../src/task/task_create.c" -mcpu=cortex-m4 -std=gnu11 -g3 -DDEBUG -DUSE_HAL_DRIVER -DSTM32L431xx -c -I"/Users/spud/Documents/GitHub/Spud_code_collection/STM32/stm32_workspace/common/lib/led/animate_led" -I"/Users/spud/Documents/GitHub/Spud_code_collection/STM32/stm32_workspace/common/lib/task" -I../sdk/FreeRTOS/Source/CMSIS_RTOS_V2 -I../src/stm32_bloat -I../sdk/CMSIS/Device/ST/STM32L4xx/Include -I../src/bsp -I../startup -I../src -I../sdk/STM32l4xx_HAL_Driver/Inc -I../sdk/STM32l4xx_HAL_Driver/Inc/Legacy -I../sdk/FreeRTOS/Source -I../sdk/FreeRTOS/Source/include -I../sdk/FreeRTOS/Source/portable/GCC/ARM_CM4F -I../src/bsp/board_specific -I../src/bsp/board_specific/board_init_spud_glo_v3 -I../src/bsp/board_specific/board_init_spud_glo_v4 -I../sdk/CMSIS/Include -I../src/bsp/stm32_bloat -I../src/flash -I../src/task -I../src/util -I"/Users/spud/Documents/GitHub/Spud_code_collection/STM32/stm32_workspace/common/lib/semaphore" -I"/Users/spud/Documents/GitHub/Spud_code_collection/STM32/stm32_workspace/common/lib/current_monitor" -I"/Users/spud/Documents/GitHub/Spud_code_collection/STM32/stm32_workspace/common/lib/queue" -I"/Users/spud/Documents/GitHub/Spud_code_collection/STM32/stm32_workspace/common/lib/led/ws2812b_driver" -I"/Users/spud/Documents/GitHub/Spud_code_collection/STM32/stm32_workspace/common/lib/led/color_led" -I"/Users/spud/Documents/GitHub/Spud_code_collection/STM32/stm32_workspace/common/lib/pkt" -O0 -ffunction-sections -fdata-sections -Wall -fstack-usage -MMD -MP -MF"src/task/task_create.d" -MT"src/task/task_create.o" --specs=nano.specs -mfpu=fpv4-sp-d16 -mfloat-abi=hard -mthumb -o "src/task/task_create.o"
arm-none-eabi-gcc "../src/task/task_dma_transfer.c" -mcpu=cortex-m4 -std=gnu11 -g3 -DDEBUG -DUSE_HAL_DRIVER -DSTM32L431xx -c -I"/Users/spud/Documents/GitHub/Spud_code_collection/STM32/stm32_workspace/common/lib/led/animate_led" -I"/Users/spud/Documents/GitHub/Spud_code_collection/STM32/stm32_workspace/common/lib/task" -I../sdk/FreeRTOS/Source/CMSIS_RTOS_V2 -I../src/stm32_bloat -I../sdk/CMSIS/Device/ST/STM32L4xx/Include -I../src/bsp -I../startup -I../src -I../sdk/STM32l4xx_HAL_Driver/Inc -I../sdk/STM32l4xx_HAL_Driver/Inc/Legacy -I../sdk/FreeRTOS/Source -I../sdk/FreeRTOS/Source/include -I../sdk/FreeRTOS/Source/portable/GCC/ARM_CM4F -I../src/bsp/board_specific -I../src/bsp/board_specific/board_init_spud_glo_v3 -I../src/bsp/board_specific/board_init_spud_glo_v4 -I../sdk/CMSIS/Include -I../src/bsp/stm32_bloat -I../src/flash -I../src/task -I../src/util -I"/Users/spud/Documents/GitHub/Spud_code_collection/STM32/stm32_workspace/common/lib/semaphore" -I"/Users/spud/Documents/GitHub/Spud_code_collection/STM32/stm32_workspace/common/lib/current_monitor" -I"/Users/spud/Documents/GitHub/Spud_code_collection/STM32/stm32_workspace/common/lib/queue" -I"/Users/spud/Documents/GitHub/Spud_code_collection/STM32/stm32_workspace/common/lib/led/ws2812b_driver" -I"/Users/spud/Documents/GitHub/Spud_code_collection/STM32/stm32_workspace/common/lib/led/color_led" -I"/Users/spud/Documents/GitHub/Spud_code_collection/STM32/stm32_workspace/common/lib/pkt" -O0 -ffunction-sections -fdata-sections -Wall -fstack-usage -MMD -MP -MF"src/task/task_dma_transfer.d" -MT"src/task/task_dma_transfer.o" --specs=nano.specs -mfpu=fpv4-sp-d16 -mfloat-abi=hard -mthumb -o "src/task/task_dma_transfer.o"
arm-none-eabi-gcc "../src/flash/flash_access.c" -mcpu=cortex-m4 -std=gnu11 -g3 -DDEBUG -DUSE_HAL_DRIVER -DSTM32L431xx -c -I"/Users/spud/Documents/GitHub/Spud_code_collection/STM32/stm32_workspace/common/lib/led/animate_led" -I"/Users/spud/Documents/GitHub/Spud_code_collection/STM32/stm32_workspace/common/lib/task" -I../sdk/FreeRTOS/Source/CMSIS_RTOS_V2 -I../src/stm32_bloat -I../sdk/CMSIS/Device/ST/STM32L4xx/Include -I../src/bsp -I../startup -I../src -I../sdk/STM32l4xx_HAL_Driver/Inc -I../sdk/STM32l4xx_HAL_Driver/Inc/Legacy -I../sdk/FreeRTOS/Source -I../sdk/FreeRTOS/Source/include -I../sdk/FreeRTOS/Source/portable/GCC/ARM_CM4F -I../src/bsp/board_specific -I../src/bsp/board_specific/board_init_spud_glo_v3 -I../src/bsp/board_specific/board_init_spud_glo_v4 -I../sdk/CMSIS/Include -I../src/bsp/stm32_bloat -I../src/flash -I../src/task -I../src/util -I"/Users/spud/Documents/GitHub/Spud_code_collection/STM32/stm32_workspace/common/lib/semaphore" -I"/Users/spud/Documents/GitHub/Spud_code_collection/STM32/stm32_workspace/common/lib/current_monitor" -I"/Users/spud/Documents/GitHub/Spud_code_collection/STM32/stm32_workspace/common/lib/queue" -I"/Users/spud/Documents/GitHub/Spud_code_collection/STM32/stm32_workspace/common/lib/led/ws2812b_driver" -I"/Users/spud/Documents/GitHub/Spud_code_collection/STM32/stm32_workspace/common/lib/led/color_led" -I"/Users/spud/Documents/GitHub/Spud_code_collection/STM32/stm32_workspace/common/lib/pkt" -O0 -ffunction-sections -fdata-sections -Wall -fstack-usage -MMD -MP -MF"src/flash/flash_access.d" -MT"src/flash/flash_access.o" --specs=nano.specs -mfpu=fpv4-sp-d16 -mfloat-abi=hard -mthumb -o "src/flash/flash_access.o"
arm-none-eabi-gcc "../src/flash/flash_info.c" -mcpu=cortex-m4 -std=gnu11 -g3 -DDEBUG -DUSE_HAL_DRIVER -DSTM32L431xx -c -I"/Users/spud/Documents/GitHub/Spud_code_collection/STM32/stm32_workspace/common/lib/led/animate_led" -I"/Users/spud/Documents/GitHub/Spud_code_collection/STM32/stm32_workspace/common/lib/task" -I../sdk/FreeRTOS/Source/CMSIS_RTOS_V2 -I../src/stm32_bloat -I../sdk/CMSIS/Device/ST/STM32L4xx/Include -I../src/bsp -I../startup -I../src -I../sdk/STM32l4xx_HAL_Driver/Inc -I../sdk/STM32l4xx_HAL_Driver/Inc/Legacy -I../sdk/FreeRTOS/Source -I../sdk/FreeRTOS/Source/include -I../sdk/FreeRTOS/Source/portable/GCC/ARM_CM4F -I../src/bsp/board_specific -I../src/bsp/board_specific/board_init_spud_glo_v3 -I../src/bsp/board_specific/board_init_spud_glo_v4 -I../sdk/CMSIS/Include -I../src/bsp/stm32_bloat -I../src/flash -I../src/task -I../src/util -I"/Users/spud/Documents/GitHub/Spud_code_collection/STM32/stm32_workspace/common/lib/semaphore" -I"/Users/spud/Documents/GitHub/Spud_code_collection/STM32/stm32_workspace/common/lib/current_monitor" -I"/Users/spud/Documents/GitHub/Spud_code_collection/STM32/stm32_workspace/common/lib/queue" -I"/Users/spud/Documents/GitHub/Spud_code_collection/STM32/stm32_workspace/common/lib/led/ws2812b_driver" -I"/Users/spud/Documents/GitHub/Spud_code_collection/STM32/stm32_workspace/common/lib/led/color_led" -I"/Users/spud/Documents/GitHub/Spud_code_collection/STM32/stm32_workspace/common/lib/pkt" -O0 -ffunction-sections -fdata-sections -Wall -fstack-usage -MMD -MP -MF"src/flash/flash_info.d" -MT"src/flash/flash_info.o" --specs=nano.specs -mfpu=fpv4-sp-d16 -mfloat-abi=hard -mthumb -o "src/flash/flash_info.o"
arm-none-eabi-gcc "../src/bsp/stm32_bloat/stm32l4xx_it.c" -mcpu=cortex-m4 -std=gnu11 -g3 -DDEBUG -DUSE_HAL_DRIVER -DSTM32L431xx -c -I"/Users/spud/Documents/GitHub/Spud_code_collection/STM32/stm32_workspace/common/lib/led/animate_led" -I"/Users/spud/Documents/GitHub/Spud_code_collection/STM32/stm32_workspace/common/lib/task" -I../sdk/FreeRTOS/Source/CMSIS_RTOS_V2 -I../src/stm32_bloat -I../sdk/CMSIS/Device/ST/STM32L4xx/Include -I../src/bsp -I../startup -I../src -I../sdk/STM32l4xx_HAL_Driver/Inc -I../sdk/STM32l4xx_HAL_Driver/Inc/Legacy -I../sdk/FreeRTOS/Source -I../sdk/FreeRTOS/Source/include -I../sdk/FreeRTOS/Source/portable/GCC/ARM_CM4F -I../src/bsp/board_specific -I../src/bsp/board_specific/board_init_spud_glo_v3 -I../src/bsp/board_specific/board_init_spud_glo_v4 -I../sdk/CMSIS/Include -I../src/bsp/stm32_bloat -I../src/flash -I../src/task -I../src/util -I"/Users/spud/Documents/GitHub/Spud_code_collection/STM32/stm32_workspace/common/lib/semaphore" -I"/Users/spud/Documents/GitHub/Spud_code_collection/STM32/stm32_workspace/common/lib/current_monitor" -I"/Users/spud/Documents/GitHub/Spud_code_collection/STM32/stm32_workspace/common/lib/queue" -I"/Users/spud/Documents/GitHub/Spud_code_collection/STM32/stm32_workspace/common/lib/led/ws2812b_driver" -I"/Users/spud/Documents/GitHub/Spud_code_collection/STM32/stm32_workspace/common/lib/led/color_led" -I"/Users/spud/Documents/GitHub/Spud_code_collection/STM32/stm32_workspace/common/lib/pkt" -O0 -ffunction-sections -fdata-sections -Wall -fstack-usage -MMD -MP -MF"src/bsp/stm32_bloat/stm32l4xx_it.d" -MT"src/bsp/stm32_bloat/stm32l4xx_it.o" --specs=nano.specs -mfpu=fpv4-sp-d16 -mfloat-abi=hard -mthumb -o "src/bsp/stm32_bloat/stm32l4xx_it.o"
arm-none-eabi-gcc "../src/bsp/board_specific/board_init_spud_glo_v4/board_init_spud_glo_v4.c" -mcpu=cortex-m4 -std=gnu11 -g3 -DDEBUG -DUSE_HAL_DRIVER -DSTM32L431xx -c -I"/Users/spud/Documents/GitHub/Spud_code_collection/STM32/stm32_workspace/common/lib/led/animate_led" -I"/Users/spud/Documents/GitHub/Spud_code_collection/STM32/stm32_workspace/common/lib/task" -I../sdk/FreeRTOS/Source/CMSIS_RTOS_V2 -I../src/stm32_bloat -I../sdk/CMSIS/Device/ST/STM32L4xx/Include -I../src/bsp -I../startup -I../src -I../sdk/STM32l4xx_HAL_Driver/Inc -I../sdk/STM32l4xx_HAL_Driver/Inc/Legacy -I../sdk/FreeRTOS/Source -I../sdk/FreeRTOS/Source/include -I../sdk/FreeRTOS/Source/portable/GCC/ARM_CM4F -I../src/bsp/board_specific -I../src/bsp/board_specific/board_init_spud_glo_v3 -I../src/bsp/board_specific/board_init_spud_glo_v4 -I../sdk/CMSIS/Include -I../src/bsp/stm32_bloat -I../src/flash -I../src/task -I../src/util -I"/Users/spud/Documents/GitHub/Spud_code_collection/STM32/stm32_workspace/common/lib/semaphore" -I"/Users/spud/Documents/GitHub/Spud_code_collection/STM32/stm32_workspace/common/lib/current_monitor" -I"/Users/spud/Documents/GitHub/Spud_code_collection/STM32/stm32_workspace/common/lib/queue" -I"/Users/spud/Documents/GitHub/Spud_code_collection/STM32/stm32_workspace/common/lib/led/ws2812b_driver" -I"/Users/spud/Documents/GitHub/Spud_code_collection/STM32/stm32_workspace/common/lib/led/color_led" -I"/Users/spud/Documents/GitHub/Spud_code_collection/STM32/stm32_workspace/common/lib/pkt" -O0 -ffunction-sections -fdata-sections -Wall -fstack-usage -MMD -MP -MF"src/bsp/board_specific/board_init_spud_glo_v4/board_init_spud_glo_v4.d" -MT"src/bsp/board_specific/board_init_spud_glo_v4/board_init_spud_glo_v4.o" --specs=nano.specs -mfpu=fpv4-sp-d16 -mfloat-abi=hard -mthumb -o "src/bsp/board_specific/board_init_spud_glo_v4/board_init_spud_glo_v4.o"
arm-none-eabi-gcc "../src/bsp/board_specific/board_init_spud_glo_v3/board_init_spud_glo_v3.c" -mcpu=cortex-m4 -std=gnu11 -g3 -DDEBUG -DUSE_HAL_DRIVER -DSTM32L431xx -c -I"/Users/spud/Documents/GitHub/Spud_code_collection/STM32/stm32_workspace/common/lib/led/animate_led" -I"/Users/spud/Documents/GitHub/Spud_code_collection/STM32/stm32_workspace/common/lib/task" -I../sdk/FreeRTOS/Source/CMSIS_RTOS_V2 -I../src/stm32_bloat -I../sdk/CMSIS/Device/ST/STM32L4xx/Include -I../src/bsp -I../startup -I../src -I../sdk/STM32l4xx_HAL_Driver/Inc -I../sdk/STM32l4xx_HAL_Driver/Inc/Legacy -I../sdk/FreeRTOS/Source -I../sdk/FreeRTOS/Source/include -I../sdk/FreeRTOS/Source/portable/GCC/ARM_CM4F -I../src/bsp/board_specific -I../src/bsp/board_specific/board_init_spud_glo_v3 -I../src/bsp/board_specific/board_init_spud_glo_v4 -I../sdk/CMSIS/Include -I../src/bsp/stm32_bloat -I../src/flash -I../src/task -I../src/util -I"/Users/spud/Documents/GitHub/Spud_code_collection/STM32/stm32_workspace/common/lib/semaphore" -I"/Users/spud/Documents/GitHub/Spud_code_collection/STM32/stm32_workspace/common/lib/current_monitor" -I"/Users/spud/Documents/GitHub/Spud_code_collection/STM32/stm32_workspace/common/lib/queue" -I"/Users/spud/Documents/GitHub/Spud_code_collection/STM32/stm32_workspace/common/lib/led/ws2812b_driver" -I"/Users/spud/Documents/GitHub/Spud_code_collection/STM32/stm32_workspace/common/lib/led/color_led" -I"/Users/spud/Documents/GitHub/Spud_code_collection/STM32/stm32_workspace/common/lib/pkt" -O0 -ffunction-sections -fdata-sections -Wall -fstack-usage -MMD -MP -MF"src/bsp/board_specific/board_init_spud_glo_v3/board_init_spud_glo_v3.d" -MT"src/bsp/board_specific/board_init_spud_glo_v3/board_init_spud_glo_v3.o" --specs=nano.specs -mfpu=fpv4-sp-d16 -mfloat-abi=hard -mthumb -o "src/bsp/board_specific/board_init_spud_glo_v3/board_init_spud_glo_v3.o"
In file included from ../src/bsp/stm32_bloat/stm32l4xx_it.c:31:
/Users/spud/Documents/GitHub/Spud_code_collection/STM32/stm32_workspace/common/lib/task/task_button_press.h:35:1: warning: data definition has no type or storage class
   35 | task_button_press_major_state_change_clear(void);
      | ^~~~~~~~~~~~~~~~~~~~~~~~~~~~~~~~~~~~~~~~~~
/Users/spud/Documents/GitHub/Spud_code_collection/STM32/stm32_workspace/common/lib/task/task_button_press.h:35:1: warning: type defaults to 'int' in declaration of 'task_button_press_major_state_change_clear' [-Wimplicit-int]
../src/task/task_dma_transfer.c: In function 'task_dma_transfer':
../src/task/task_dma_transfer.c:40:14: warning: variable 'offset' set but not used [-Wunused-but-set-variable]
   40 |     uint16_t offset = 0;
      |              ^~~~~~
../src/bsp/board_specific/board_init_spud_glo_v4/board_init_spud_glo_v4.c: In function 'board_init_specific_power_cycle_level_shifter':
../src/bsp/board_specific/board_init_spud_glo_v4/board_init_spud_glo_v4.c:86:5: warning: implicit declaration of function 'osDelay' [-Wimplicit-function-declaration]
   86 |     osDelay(1000);
      |     ^~~~~~~
In file included from ../src/task/task_create.c:8:
/Users/spud/Documents/GitHub/Spud_code_collection/STM32/stm32_workspace/common/lib/task/task_button_press.h:35:1: warning: data definition has no type or storage class
   35 | task_button_press_major_state_change_clear(void);
      | ^~~~~~~~~~~~~~~~~~~~~~~~~~~~~~~~~~~~~~~~~~
/Users/spud/Documents/GitHub/Spud_code_collection/STM32/stm32_workspace/common/lib/task/task_button_press.h:35:1: warning: type defaults to 'int' in declaration of 'task_button_press_major_state_change_clear' [-Wimplicit-int]
../src/flash/flash_access.c: In function 'flash_access_write_user_flash':
../src/flash/flash_access.c:58:5: warning: implicit declaration of function 'HAL_FLASH_Program'; did you mean 'HAL_FLASH_Program_IT'? [-Wimplicit-function-declaration]
   58 |     HAL_FLASH_Program(FLASH_TYPEPROGRAM_DOUBLEWORD, FLASH_START_ADDRESS + FLASH_USER_SPACE_START_ADDRESS, &g_count);
      |     ^~~~~~~~~~~~~~~~~
      |     HAL_FLASH_Program_IT
../src/flash/flash_info.c: In function 'flash_info_firmware_version':
../src/flash/flash_info.c:242:29: warning: unused variable 'version_date_time' [-Wunused-variable]
  242 |     version_date_and_time_t version_date_time = \
      |                             ^~~~~~~~~~~~~~~~~
arm-none-eabi-gcc "../src/bsp/board_init_common.c" -mcpu=cortex-m4 -std=gnu11 -g3 -DDEBUG -DUSE_HAL_DRIVER -DSTM32L431xx -c -I"/Users/spud/Documents/GitHub/Spud_code_collection/STM32/stm32_workspace/common/lib/led/animate_led" -I"/Users/spud/Documents/GitHub/Spud_code_collection/STM32/stm32_workspace/common/lib/task" -I../sdk/FreeRTOS/Source/CMSIS_RTOS_V2 -I../src/stm32_bloat -I../sdk/CMSIS/Device/ST/STM32L4xx/Include -I../src/bsp -I../startup -I../src -I../sdk/STM32l4xx_HAL_Driver/Inc -I../sdk/STM32l4xx_HAL_Driver/Inc/Legacy -I../sdk/FreeRTOS/Source -I../sdk/FreeRTOS/Source/include -I../sdk/FreeRTOS/Source/portable/GCC/ARM_CM4F -I../src/bsp/board_specific -I../src/bsp/board_specific/board_init_spud_glo_v3 -I../src/bsp/board_specific/board_init_spud_glo_v4 -I../sdk/CMSIS/Include -I../src/bsp/stm32_bloat -I../src/flash -I../src/task -I../src/util -I"/Users/spud/Documents/GitHub/Spud_code_collection/STM32/stm32_workspace/common/lib/semaphore" -I"/Users/spud/Documents/GitHub/Spud_code_collection/STM32/stm32_workspace/common/lib/current_monitor" -I"/Users/spud/Documents/GitHub/Spud_code_collection/STM32/stm32_workspace/common/lib/queue" -I"/Users/spud/Documents/GitHub/Spud_code_collection/STM32/stm32_workspace/common/lib/led/ws2812b_driver" -I"/Users/spud/Documents/GitHub/Spud_code_collection/STM32/stm32_workspace/common/lib/led/color_led" -I"/Users/spud/Documents/GitHub/Spud_code_collection/STM32/stm32_workspace/common/lib/pkt" -O0 -ffunction-sections -fdata-sections -Wall -fstack-usage -MMD -MP -MF"src/bsp/board_init_common.d" -MT"src/bsp/board_init_common.o" --specs=nano.specs -mfpu=fpv4-sp-d16 -mfloat-abi=hard -mthumb -o "src/bsp/board_init_common.o"
arm-none-eabi-gcc "../src/bsp/spi_access.c" -mcpu=cortex-m4 -std=gnu11 -g3 -DDEBUG -DUSE_HAL_DRIVER -DSTM32L431xx -c -I"/Users/spud/Documents/GitHub/Spud_code_collection/STM32/stm32_workspace/common/lib/led/animate_led" -I"/Users/spud/Documents/GitHub/Spud_code_collection/STM32/stm32_workspace/common/lib/task" -I../sdk/FreeRTOS/Source/CMSIS_RTOS_V2 -I../src/stm32_bloat -I../sdk/CMSIS/Device/ST/STM32L4xx/Include -I../src/bsp -I../startup -I../src -I../sdk/STM32l4xx_HAL_Driver/Inc -I../sdk/STM32l4xx_HAL_Driver/Inc/Legacy -I../sdk/FreeRTOS/Source -I../sdk/FreeRTOS/Source/include -I../sdk/FreeRTOS/Source/portable/GCC/ARM_CM4F -I../src/bsp/board_specific -I../src/bsp/board_specific/board_init_spud_glo_v3 -I../src/bsp/board_specific/board_init_spud_glo_v4 -I../sdk/CMSIS/Include -I../src/bsp/stm32_bloat -I../src/flash -I../src/task -I../src/util -I"/Users/spud/Documents/GitHub/Spud_code_collection/STM32/stm32_workspace/common/lib/semaphore" -I"/Users/spud/Documents/GitHub/Spud_code_collection/STM32/stm32_workspace/common/lib/current_monitor" -I"/Users/spud/Documents/GitHub/Spud_code_collection/STM32/stm32_workspace/common/lib/queue" -I"/Users/spud/Documents/GitHub/Spud_code_collection/STM32/stm32_workspace/common/lib/led/ws2812b_driver" -I"/Users/spud/Documents/GitHub/Spud_code_collection/STM32/stm32_workspace/common/lib/led/color_led" -I"/Users/spud/Documents/GitHub/Spud_code_collection/STM32/stm32_workspace/common/lib/pkt" -O0 -ffunction-sections -fdata-sections -Wall -fstack-usage -MMD -MP -MF"src/bsp/spi_access.d" -MT"src/bsp/spi_access.o" --specs=nano.specs -mfpu=fpv4-sp-d16 -mfloat-abi=hard -mthumb -o "src/bsp/spi_access.o"
arm-none-eabi-gcc "../src/bsp/uart_access.c" -mcpu=cortex-m4 -std=gnu11 -g3 -DDEBUG -DUSE_HAL_DRIVER -DSTM32L431xx -c -I"/Users/spud/Documents/GitHub/Spud_code_collection/STM32/stm32_workspace/common/lib/led/animate_led" -I"/Users/spud/Documents/GitHub/Spud_code_collection/STM32/stm32_workspace/common/lib/task" -I../sdk/FreeRTOS/Source/CMSIS_RTOS_V2 -I../src/stm32_bloat -I../sdk/CMSIS/Device/ST/STM32L4xx/Include -I../src/bsp -I../startup -I../src -I../sdk/STM32l4xx_HAL_Driver/Inc -I../sdk/STM32l4xx_HAL_Driver/Inc/Legacy -I../sdk/FreeRTOS/Source -I../sdk/FreeRTOS/Source/include -I../sdk/FreeRTOS/Source/portable/GCC/ARM_CM4F -I../src/bsp/board_specific -I../src/bsp/board_specific/board_init_spud_glo_v3 -I../src/bsp/board_specific/board_init_spud_glo_v4 -I../sdk/CMSIS/Include -I../src/bsp/stm32_bloat -I../src/flash -I../src/task -I../src/util -I"/Users/spud/Documents/GitHub/Spud_code_collection/STM32/stm32_workspace/common/lib/semaphore" -I"/Users/spud/Documents/GitHub/Spud_code_collection/STM32/stm32_workspace/common/lib/current_monitor" -I"/Users/spud/Documents/GitHub/Spud_code_collection/STM32/stm32_workspace/common/lib/queue" -I"/Users/spud/Documents/GitHub/Spud_code_collection/STM32/stm32_workspace/common/lib/led/ws2812b_driver" -I"/Users/spud/Documents/GitHub/Spud_code_collection/STM32/stm32_workspace/common/lib/led/color_led" -I"/Users/spud/Documents/GitHub/Spud_code_collection/STM32/stm32_workspace/common/lib/pkt" -O0 -ffunction-sections -fdata-sections -Wall -fstack-usage -MMD -MP -MF"src/bsp/uart_access.d" -MT"src/bsp/uart_access.o" --specs=nano.specs -mfpu=fpv4-sp-d16 -mfloat-abi=hard -mthumb -o "src/bsp/uart_access.o"
arm-none-eabi-gcc "../src/main.c" -mcpu=cortex-m4 -std=gnu11 -g3 -DDEBUG -DUSE_HAL_DRIVER -DSTM32L431xx -c -I"/Users/spud/Documents/GitHub/Spud_code_collection/STM32/stm32_workspace/common/lib/led/animate_led" -I"/Users/spud/Documents/GitHub/Spud_code_collection/STM32/stm32_workspace/common/lib/task" -I../sdk/FreeRTOS/Source/CMSIS_RTOS_V2 -I../src/stm32_bloat -I../sdk/CMSIS/Device/ST/STM32L4xx/Include -I../src/bsp -I../startup -I../src -I../sdk/STM32l4xx_HAL_Driver/Inc -I../sdk/STM32l4xx_HAL_Driver/Inc/Legacy -I../sdk/FreeRTOS/Source -I../sdk/FreeRTOS/Source/include -I../sdk/FreeRTOS/Source/portable/GCC/ARM_CM4F -I../src/bsp/board_specific -I../src/bsp/board_specific/board_init_spud_glo_v3 -I../src/bsp/board_specific/board_init_spud_glo_v4 -I../sdk/CMSIS/Include -I../src/bsp/stm32_bloat -I../src/flash -I../src/task -I../src/util -I"/Users/spud/Documents/GitHub/Spud_code_collection/STM32/stm32_workspace/common/lib/semaphore" -I"/Users/spud/Documents/GitHub/Spud_code_collection/STM32/stm32_workspace/common/lib/current_monitor" -I"/Users/spud/Documents/GitHub/Spud_code_collection/STM32/stm32_workspace/common/lib/queue" -I"/Users/spud/Documents/GitHub/Spud_code_collection/STM32/stm32_workspace/common/lib/led/ws2812b_driver" -I"/Users/spud/Documents/GitHub/Spud_code_collection/STM32/stm32_workspace/common/lib/led/color_led" -I"/Users/spud/Documents/GitHub/Spud_code_collection/STM32/stm32_workspace/common/lib/pkt" -O0 -ffunction-sections -fdata-sections -Wall -fstack-usage -MMD -MP -MF"src/main.d" -MT"src/main.o" --specs=nano.specs -mfpu=fpv4-sp-d16 -mfloat-abi=hard -mthumb -o "src/main.o"
arm-none-eabi-gcc "/Users/spud/Documents/GitHub/Spud_code_collection/STM32/stm32_workspace/common/lib/task/task_button_press.c" -mcpu=cortex-m4 -std=gnu11 -g3 -DDEBUG -DUSE_HAL_DRIVER -DSTM32L431xx -c -I"/Users/spud/Documents/GitHub/Spud_code_collection/STM32/stm32_workspace/common/lib/led/animate_led" -I"/Users/spud/Documents/GitHub/Spud_code_collection/STM32/stm32_workspace/common/lib/task" -I../sdk/FreeRTOS/Source/CMSIS_RTOS_V2 -I../src/stm32_bloat -I../sdk/CMSIS/Device/ST/STM32L4xx/Include -I../src/bsp -I../startup -I../src -I../sdk/STM32l4xx_HAL_Driver/Inc -I../sdk/STM32l4xx_HAL_Driver/Inc/Legacy -I../sdk/FreeRTOS/Source -I../sdk/FreeRTOS/Source/include -I../sdk/FreeRTOS/Source/portable/GCC/ARM_CM4F -I../src/bsp/board_specific -I../src/bsp/board_specific/board_init_spud_glo_v3 -I../src/bsp/board_specific/board_init_spud_glo_v4 -I../sdk/CMSIS/Include -I../src/bsp/stm32_bloat -I../src/flash -I../src/task -I../src/util -I"/Users/spud/Documents/GitHub/Spud_code_collection/STM32/stm32_workspace/common/lib/semaphore" -I"/Users/spud/Documents/GitHub/Spud_code_collection/STM32/stm32_workspace/common/lib/current_monitor" -I"/Users/spud/Documents/GitHub/Spud_code_collection/STM32/stm32_workspace/common/lib/queue" -I"/Users/spud/Documents/GitHub/Spud_code_collection/STM32/stm32_workspace/common/lib/led/ws2812b_driver" -I"/Users/spud/Documents/GitHub/Spud_code_collection/STM32/stm32_workspace/common/lib/led/color_led" -I"/Users/spud/Documents/GitHub/Spud_code_collection/STM32/stm32_workspace/common/lib/pkt" -O0 -ffunction-sections -fdata-sections -Wall -fstack-usage -MMD -MP -MF"common/lib/task/task_button_press.d" -MT"common/lib/task/task_button_press.o" --specs=nano.specs -mfpu=fpv4-sp-d16 -mfloat-abi=hard -mthumb -o "common/lib/task/task_button_press.o"
arm-none-eabi-gcc "/Users/spud/Documents/GitHub/Spud_code_collection/STM32/stm32_workspace/common/lib/task/task_led_ctrl.c" -mcpu=cortex-m4 -std=gnu11 -g3 -DDEBUG -DUSE_HAL_DRIVER -DSTM32L431xx -c -I"/Users/spud/Documents/GitHub/Spud_code_collection/STM32/stm32_workspace/common/lib/led/animate_led" -I"/Users/spud/Documents/GitHub/Spud_code_collection/STM32/stm32_workspace/common/lib/task" -I../sdk/FreeRTOS/Source/CMSIS_RTOS_V2 -I../src/stm32_bloat -I../sdk/CMSIS/Device/ST/STM32L4xx/Include -I../src/bsp -I../startup -I../src -I../sdk/STM32l4xx_HAL_Driver/Inc -I../sdk/STM32l4xx_HAL_Driver/Inc/Legacy -I../sdk/FreeRTOS/Source -I../sdk/FreeRTOS/Source/include -I../sdk/FreeRTOS/Source/portable/GCC/ARM_CM4F -I../src/bsp/board_specific -I../src/bsp/board_specific/board_init_spud_glo_v3 -I../src/bsp/board_specific/board_init_spud_glo_v4 -I../sdk/CMSIS/Include -I../src/bsp/stm32_bloat -I../src/flash -I../src/task -I../src/util -I"/Users/spud/Documents/GitHub/Spud_code_collection/STM32/stm32_workspace/common/lib/semaphore" -I"/Users/spud/Documents/GitHub/Spud_code_collection/STM32/stm32_workspace/common/lib/current_monitor" -I"/Users/spud/Documents/GitHub/Spud_code_collection/STM32/stm32_workspace/common/lib/queue" -I"/Users/spud/Documents/GitHub/Spud_code_collection/STM32/stm32_workspace/common/lib/led/ws2812b_driver" -I"/Users/spud/Documents/GitHub/Spud_code_collection/STM32/stm32_workspace/common/lib/led/color_led" -I"/Users/spud/Documents/GitHub/Spud_code_collection/STM32/stm32_workspace/common/lib/pkt" -O0 -ffunction-sections -fdata-sections -Wall -fstack-usage -MMD -MP -MF"common/lib/task/task_led_ctrl.d" -MT"common/lib/task/task_led_ctrl.o" --specs=nano.specs -mfpu=fpv4-sp-d16 -mfloat-abi=hard -mthumb -o "common/lib/task/task_led_ctrl.o"
arm-none-eabi-gcc "/Users/spud/Documents/GitHub/Spud_code_collection/STM32/stm32_workspace/common/lib/task/task_pkt_process.c" -mcpu=cortex-m4 -std=gnu11 -g3 -DDEBUG -DUSE_HAL_DRIVER -DSTM32L431xx -c -I"/Users/spud/Documents/GitHub/Spud_code_collection/STM32/stm32_workspace/common/lib/led/animate_led" -I"/Users/spud/Documents/GitHub/Spud_code_collection/STM32/stm32_workspace/common/lib/task" -I../sdk/FreeRTOS/Source/CMSIS_RTOS_V2 -I../src/stm32_bloat -I../sdk/CMSIS/Device/ST/STM32L4xx/Include -I../src/bsp -I../startup -I../src -I../sdk/STM32l4xx_HAL_Driver/Inc -I../sdk/STM32l4xx_HAL_Driver/Inc/Legacy -I../sdk/FreeRTOS/Source -I../sdk/FreeRTOS/Source/include -I../sdk/FreeRTOS/Source/portable/GCC/ARM_CM4F -I../src/bsp/board_specific -I../src/bsp/board_specific/board_init_spud_glo_v3 -I../src/bsp/board_specific/board_init_spud_glo_v4 -I../sdk/CMSIS/Include -I../src/bsp/stm32_bloat -I../src/flash -I../src/task -I../src/util -I"/Users/spud/Documents/GitHub/Spud_code_collection/STM32/stm32_workspace/common/lib/semaphore" -I"/Users/spud/Documents/GitHub/Spud_code_collection/STM32/stm32_workspace/common/lib/current_monitor" -I"/Users/spud/Documents/GitHub/Spud_code_collection/STM32/stm32_workspace/common/lib/queue" -I"/Users/spud/Documents/GitHub/Spud_code_collection/STM32/stm32_workspace/common/lib/led/ws2812b_driver" -I"/Users/spud/Documents/GitHub/Spud_code_collection/STM32/stm32_workspace/common/lib/led/color_led" -I"/Users/spud/Documents/GitHub/Spud_code_collection/STM32/stm32_workspace/common/lib/pkt" -O0 -ffunction-sections -fdata-sections -Wall -fstack-usage -MMD -MP -MF"common/lib/task/task_pkt_process.d" -MT"common/lib/task/task_pkt_process.o" --specs=nano.specs -mfpu=fpv4-sp-d16 -mfloat-abi=hard -mthumb -o "common/lib/task/task_pkt_process.o"
../src/bsp/spi_access.c: In function 'spi_access_setup':
../src/bsp/spi_access.c:29:30: warning: unused variable 'PeriphClkInit' [-Wunused-variable]
   29 |     RCC_PeriphCLKInitTypeDef PeriphClkInit = {0};
      |                              ^~~~~~~~~~~~~
In file included from /Users/spud/Documents/GitHub/Spud_code_collection/STM32/stm32_workspace/common/lib/task/task_led_ctrl.c:8:
/Users/spud/Documents/GitHub/Spud_code_collection/STM32/stm32_workspace/common/lib/task/task_button_press.h:35:1: warning: data definition has no type or storage class
   35 | task_button_press_major_state_change_clear(void);
      | ^~~~~~~~~~~~~~~~~~~~~~~~~~~~~~~~~~~~~~~~~~
/Users/spud/Documents/GitHub/Spud_code_collection/STM32/stm32_workspace/common/lib/task/task_button_press.h:35:1: warning: type defaults to 'int' in declaration of 'task_button_press_major_state_change_clear' [-Wimplicit-int]
In file included from /Users/spud/Documents/GitHub/Spud_code_collection/STM32/stm32_workspace/common/lib/task/task_button_press.c:15:
/Users/spud/Documents/GitHub/Spud_code_collection/STM32/stm32_workspace/common/lib/task/task_button_press.h:35:1: warning: data definition has no type or storage class
   35 | task_button_press_major_state_change_clear(void);
      | ^~~~~~~~~~~~~~~~~~~~~~~~~~~~~~~~~~~~~~~~~~
/Users/spud/Documents/GitHub/Spud_code_collection/STM32/stm32_workspace/common/lib/task/task_button_press.h:35:1: warning: type defaults to 'int' in declaration of 'task_button_press_major_state_change_clear' [-Wimplicit-int]
/Users/spud/Documents/GitHub/Spud_code_collection/STM32/stm32_workspace/common/lib/task/task_button_press.c:128:1: warning: return type defaults to 'int' [-Wimplicit-int]
  128 | task_button_press_major_state_change_clear(void)
      | ^~~~~~~~~~~~~~~~~~~~~~~~~~~~~~~~~~~~~~~~~~
/Users/spud/Documents/GitHub/Spud_code_collection/STM32/stm32_workspace/common/lib/task/task_button_press.c: In function 'task_button_press':
/Users/spud/Documents/GitHub/Spud_code_collection/STM32/stm32_workspace/common/lib/task/task_button_press.c:180:21: warning: implicit declaration of function 'task_led_ctrl_brightness_adjust'; did you mean 'task_led_ctrl_speed_adjust'? [-Wimplicit-function-declaration]
  180 |                     task_led_ctrl_brightness_adjust();
      |                     ^~~~~~~~~~~~~~~~~~~~~~~~~~~~~~~
      |                     task_led_ctrl_speed_adjust
/Users/spud/Documents/GitHub/Spud_code_collection/STM32/stm32_workspace/common/lib/task/task_button_press.c: In function 'task_button_press_major_state_change_clear':
/Users/spud/Documents/GitHub/Spud_code_collection/STM32/stm32_workspace/common/lib/task/task_button_press.c:131:1: warning: control reaches end of non-void function [-Wreturn-type]
  131 | }
      | ^
/Users/spud/Documents/GitHub/Spud_code_collection/STM32/stm32_workspace/common/lib/task/task_led_ctrl.c: In function 'task_led_ctrl_strip_one':
/Users/spud/Documents/GitHub/Spud_code_collection/STM32/stm32_workspace/common/lib/task/task_led_ctrl.c:90:13: warning: implicit declaration of function 'flash_info_animation_enabled' [-Wimplicit-function-declaration]
   90 |         if (flash_info_animation_enabled(g_led_state))
      |             ^~~~~~~~~~~~~~~~~~~~~~~~~~~~
arm-none-eabi-gcc "/Users/spud/Documents/GitHub/Spud_code_collection/STM32/stm32_workspace/common/lib/task/task_uart.c" -mcpu=cortex-m4 -std=gnu11 -g3 -DDEBUG -DUSE_HAL_DRIVER -DSTM32L431xx -c -I"/Users/spud/Documents/GitHub/Spud_code_collection/STM32/stm32_workspace/common/lib/led/animate_led" -I"/Users/spud/Documents/GitHub/Spud_code_collection/STM32/stm32_workspace/common/lib/task" -I../sdk/FreeRTOS/Source/CMSIS_RTOS_V2 -I../src/stm32_bloat -I../sdk/CMSIS/Device/ST/STM32L4xx/Include -I../src/bsp -I../startup -I../src -I../sdk/STM32l4xx_HAL_Driver/Inc -I../sdk/STM32l4xx_HAL_Driver/Inc/Legacy -I../sdk/FreeRTOS/Source -I../sdk/FreeRTOS/Source/include -I../sdk/FreeRTOS/Source/portable/GCC/ARM_CM4F -I../src/bsp/board_specific -I../src/bsp/board_specific/board_init_spud_glo_v3 -I../src/bsp/board_specific/board_init_spud_glo_v4 -I../sdk/CMSIS/Include -I../src/bsp/stm32_bloat -I../src/flash -I../src/task -I../src/util -I"/Users/spud/Documents/GitHub/Spud_code_collection/STM32/stm32_workspace/common/lib/semaphore" -I"/Users/spud/Documents/GitHub/Spud_code_collection/STM32/stm32_workspace/common/lib/current_monitor" -I"/Users/spud/Documents/GitHub/Spud_code_collection/STM32/stm32_workspace/common/lib/queue" -I"/Users/spud/Documents/GitHub/Spud_code_collection/STM32/stm32_workspace/common/lib/led/ws2812b_driver" -I"/Users/spud/Documents/GitHub/Spud_code_collection/STM32/stm32_workspace/common/lib/led/color_led" -I"/Users/spud/Documents/GitHub/Spud_code_collection/STM32/stm32_workspace/common/lib/pkt" -O0 -ffunction-sections -fdata-sections -Wall -fstack-usage -MMD -MP -MF"common/lib/task/task_uart.d" -MT"common/lib/task/task_uart.o" --specs=nano.specs -mfpu=fpv4-sp-d16 -mfloat-abi=hard -mthumb -o "common/lib/task/task_uart.o"
arm-none-eabi-gcc "/Users/spud/Documents/GitHub/Spud_code_collection/STM32/stm32_workspace/common/lib/led/ws2812b_driver/ws2812b.c" -mcpu=cortex-m4 -std=gnu11 -g3 -DDEBUG -DUSE_HAL_DRIVER -DSTM32L431xx -c -I"/Users/spud/Documents/GitHub/Spud_code_collection/STM32/stm32_workspace/common/lib/led/animate_led" -I"/Users/spud/Documents/GitHub/Spud_code_collection/STM32/stm32_workspace/common/lib/task" -I../sdk/FreeRTOS/Source/CMSIS_RTOS_V2 -I../src/stm32_bloat -I../sdk/CMSIS/Device/ST/STM32L4xx/Include -I../src/bsp -I../startup -I../src -I../sdk/STM32l4xx_HAL_Driver/Inc -I../sdk/STM32l4xx_HAL_Driver/Inc/Legacy -I../sdk/FreeRTOS/Source -I../sdk/FreeRTOS/Source/include -I../sdk/FreeRTOS/Source/portable/GCC/ARM_CM4F -I../src/bsp/board_specific -I../src/bsp/board_specific/board_init_spud_glo_v3 -I../src/bsp/board_specific/board_init_spud_glo_v4 -I../sdk/CMSIS/Include -I../src/bsp/stm32_bloat -I../src/flash -I../src/task -I../src/util -I"/Users/spud/Documents/GitHub/Spud_code_collection/STM32/stm32_workspace/common/lib/semaphore" -I"/Users/spud/Documents/GitHub/Spud_code_collection/STM32/stm32_workspace/common/lib/current_monitor" -I"/Users/spud/Documents/GitHub/Spud_code_collection/STM32/stm32_workspace/common/lib/queue" -I"/Users/spud/Documents/GitHub/Spud_code_collection/STM32/stm32_workspace/common/lib/led/ws2812b_driver" -I"/Users/spud/Documents/GitHub/Spud_code_collection/STM32/stm32_workspace/common/lib/led/color_led" -I"/Users/spud/Documents/GitHub/Spud_code_collection/STM32/stm32_workspace/common/lib/pkt" -O0 -ffunction-sections -fdata-sections -Wall -fstack-usage -MMD -MP -MF"common/lib/led/ws2812b_driver/ws2812b.d" -MT"common/lib/led/ws2812b_driver/ws2812b.o" --specs=nano.specs -mfpu=fpv4-sp-d16 -mfloat-abi=hard -mthumb -o "common/lib/led/ws2812b_driver/ws2812b.o"
arm-none-eabi-gcc "/Users/spud/Documents/GitHub/Spud_code_collection/STM32/stm32_workspace/common/lib/led/color_led/color_led.c" -mcpu=cortex-m4 -std=gnu11 -g3 -DDEBUG -DUSE_HAL_DRIVER -DSTM32L431xx -c -I"/Users/spud/Documents/GitHub/Spud_code_collection/STM32/stm32_workspace/common/lib/led/animate_led" -I"/Users/spud/Documents/GitHub/Spud_code_collection/STM32/stm32_workspace/common/lib/task" -I../sdk/FreeRTOS/Source/CMSIS_RTOS_V2 -I../src/stm32_bloat -I../sdk/CMSIS/Device/ST/STM32L4xx/Include -I../src/bsp -I../startup -I../src -I../sdk/STM32l4xx_HAL_Driver/Inc -I../sdk/STM32l4xx_HAL_Driver/Inc/Legacy -I../sdk/FreeRTOS/Source -I../sdk/FreeRTOS/Source/include -I../sdk/FreeRTOS/Source/portable/GCC/ARM_CM4F -I../src/bsp/board_specific -I../src/bsp/board_specific/board_init_spud_glo_v3 -I../src/bsp/board_specific/board_init_spud_glo_v4 -I../sdk/CMSIS/Include -I../src/bsp/stm32_bloat -I../src/flash -I../src/task -I../src/util -I"/Users/spud/Documents/GitHub/Spud_code_collection/STM32/stm32_workspace/common/lib/semaphore" -I"/Users/spud/Documents/GitHub/Spud_code_collection/STM32/stm32_workspace/common/lib/current_monitor" -I"/Users/spud/Documents/GitHub/Spud_code_collection/STM32/stm32_workspace/common/lib/queue" -I"/Users/spud/Documents/GitHub/Spud_code_collection/STM32/stm32_workspace/common/lib/led/ws2812b_driver" -I"/Users/spud/Documents/GitHub/Spud_code_collection/STM32/stm32_workspace/common/lib/led/color_led" -I"/Users/spud/Documents/GitHub/Spud_code_collection/STM32/stm32_workspace/common/lib/pkt" -O0 -ffunction-sections -fdata-sections -Wall -fstack-usage -MMD -MP -MF"common/lib/led/color_led/color_led.d" -MT"common/lib/led/color_led/color_led.o" --specs=nano.specs -mfpu=fpv4-sp-d16 -mfloat-abi=hard -mthumb -o "common/lib/led/color_led/color_led.o"
arm-none-eabi-gcc "/Users/spud/Documents/GitHub/Spud_code_collection/STM32/stm32_workspace/common/lib/led/animate_led/animate_led.c" -mcpu=cortex-m4 -std=gnu11 -g3 -DDEBUG -DUSE_HAL_DRIVER -DSTM32L431xx -c -I"/Users/spud/Documents/GitHub/Spud_code_collection/STM32/stm32_workspace/common/lib/led/animate_led" -I"/Users/spud/Documents/GitHub/Spud_code_collection/STM32/stm32_workspace/common/lib/task" -I../sdk/FreeRTOS/Source/CMSIS_RTOS_V2 -I../src/stm32_bloat -I../sdk/CMSIS/Device/ST/STM32L4xx/Include -I../src/bsp -I../startup -I../src -I../sdk/STM32l4xx_HAL_Driver/Inc -I../sdk/STM32l4xx_HAL_Driver/Inc/Legacy -I../sdk/FreeRTOS/Source -I../sdk/FreeRTOS/Source/include -I../sdk/FreeRTOS/Source/portable/GCC/ARM_CM4F -I../src/bsp/board_specific -I../src/bsp/board_specific/board_init_spud_glo_v3 -I../src/bsp/board_specific/board_init_spud_glo_v4 -I../sdk/CMSIS/Include -I../src/bsp/stm32_bloat -I../src/flash -I../src/task -I../src/util -I"/Users/spud/Documents/GitHub/Spud_code_collection/STM32/stm32_workspace/common/lib/semaphore" -I"/Users/spud/Documents/GitHub/Spud_code_collection/STM32/stm32_workspace/common/lib/current_monitor" -I"/Users/spud/Documents/GitHub/Spud_code_collection/STM32/stm32_workspace/common/lib/queue" -I"/Users/spud/Documents/GitHub/Spud_code_collection/STM32/stm32_workspace/common/lib/led/ws2812b_driver" -I"/Users/spud/Documents/GitHub/Spud_code_collection/STM32/stm32_workspace/common/lib/led/color_led" -I"/Users/spud/Documents/GitHub/Spud_code_collection/STM32/stm32_workspace/common/lib/pkt" -O0 -ffunction-sections -fdata-sections -Wall -fstack-usage -MMD -MP -MF"common/lib/led/animate_led/animate_led.d" -MT"common/lib/led/animate_led/animate_led.o" --specs=nano.specs -mfpu=fpv4-sp-d16 -mfloat-abi=hard -mthumb -o "common/lib/led/animate_led/animate_led.o"
arm-none-eabi-gcc "/Users/spud/Documents/GitHub/Spud_code_collection/STM32/stm32_workspace/common/lib/current_monitor/current_monitor.c" -mcpu=cortex-m4 -std=gnu11 -g3 -DDEBUG -DUSE_HAL_DRIVER -DSTM32L431xx -c -I"/Users/spud/Documents/GitHub/Spud_code_collection/STM32/stm32_workspace/common/lib/led/animate_led" -I"/Users/spud/Documents/GitHub/Spud_code_collection/STM32/stm32_workspace/common/lib/task" -I../sdk/FreeRTOS/Source/CMSIS_RTOS_V2 -I../src/stm32_bloat -I../sdk/CMSIS/Device/ST/STM32L4xx/Include -I../src/bsp -I../startup -I../src -I../sdk/STM32l4xx_HAL_Driver/Inc -I../sdk/STM32l4xx_HAL_Driver/Inc/Legacy -I../sdk/FreeRTOS/Source -I../sdk/FreeRTOS/Source/include -I../sdk/FreeRTOS/Source/portable/GCC/ARM_CM4F -I../src/bsp/board_specific -I../src/bsp/board_specific/board_init_spud_glo_v3 -I../src/bsp/board_specific/board_init_spud_glo_v4 -I../sdk/CMSIS/Include -I../src/bsp/stm32_bloat -I../src/flash -I../src/task -I../src/util -I"/Users/spud/Documents/GitHub/Spud_code_collection/STM32/stm32_workspace/common/lib/semaphore" -I"/Users/spud/Documents/GitHub/Spud_code_collection/STM32/stm32_workspace/common/lib/current_monitor" -I"/Users/spud/Documents/GitHub/Spud_code_collection/STM32/stm32_workspace/common/lib/queue" -I"/Users/spud/Documents/GitHub/Spud_code_collection/STM32/stm32_workspace/common/lib/led/ws2812b_driver" -I"/Users/spud/Documents/GitHub/Spud_code_collection/STM32/stm32_workspace/common/lib/led/color_led" -I"/Users/spud/Documents/GitHub/Spud_code_collection/STM32/stm32_workspace/common/lib/pkt" -O0 -ffunction-sections -fdata-sections -Wall -fstack-usage -MMD -MP -MF"common/lib/current_monitor/current_monitor.d" -MT"common/lib/current_monitor/current_monitor.o" --specs=nano.specs -mfpu=fpv4-sp-d16 -mfloat-abi=hard -mthumb -o "common/lib/current_monitor/current_monitor.o"
arm-none-eabi-gcc "/Users/spud/Documents/GitHub/Spud_code_collection/STM32/stm32_workspace/common/lib/adafruit_soundboard/adafruit_soundboard.c" -mcpu=cortex-m4 -std=gnu11 -g3 -DDEBUG -DUSE_HAL_DRIVER -DSTM32L431xx -c -I"/Users/spud/Documents/GitHub/Spud_code_collection/STM32/stm32_workspace/common/lib/led/animate_led" -I"/Users/spud/Documents/GitHub/Spud_code_collection/STM32/stm32_workspace/common/lib/task" -I../sdk/FreeRTOS/Source/CMSIS_RTOS_V2 -I../src/stm32_bloat -I../sdk/CMSIS/Device/ST/STM32L4xx/Include -I../src/bsp -I../startup -I../src -I../sdk/STM32l4xx_HAL_Driver/Inc -I../sdk/STM32l4xx_HAL_Driver/Inc/Legacy -I../sdk/FreeRTOS/Source -I../sdk/FreeRTOS/Source/include -I../sdk/FreeRTOS/Source/portable/GCC/ARM_CM4F -I../src/bsp/board_specific -I../src/bsp/board_specific/board_init_spud_glo_v3 -I../src/bsp/board_specific/board_init_spud_glo_v4 -I../sdk/CMSIS/Include -I../src/bsp/stm32_bloat -I../src/flash -I../src/task -I../src/util -I"/Users/spud/Documents/GitHub/Spud_code_collection/STM32/stm32_workspace/common/lib/semaphore" -I"/Users/spud/Documents/GitHub/Spud_code_collection/STM32/stm32_workspace/common/lib/current_monitor" -I"/Users/spud/Documents/GitHub/Spud_code_collection/STM32/stm32_workspace/common/lib/queue" -I"/Users/spud/Documents/GitHub/Spud_code_collection/STM32/stm32_workspace/common/lib/led/ws2812b_driver" -I"/Users/spud/Documents/GitHub/Spud_code_collection/STM32/stm32_workspace/common/lib/led/color_led" -I"/Users/spud/Documents/GitHub/Spud_code_collection/STM32/stm32_workspace/common/lib/pkt" -O0 -ffunction-sections -fdata-sections -Wall -fstack-usage -MMD -MP -MF"common/lib/adafruit_soundboard/adafruit_soundboard.d" -MT"common/lib/adafruit_soundboard/adafruit_soundboard.o" --specs=nano.specs -mfpu=fpv4-sp-d16 -mfloat-abi=hard -mthumb -o "common/lib/adafruit_soundboard/adafruit_soundboard.o"
/Users/spud/Documents/GitHub/Spud_code_collection/STM32/stm32_workspace/common/lib/task/task_uart.c: In function 'task_uart_rx':
/Users/spud/Documents/GitHub/Spud_code_collection/STM32/stm32_workspace/common/lib/task/task_uart.c:12:13: warning: unused variable 'p_pkt' [-Wunused-variable]
   12 |     p_pkt_t p_pkt;
      |             ^~~~~
/Users/spud/Documents/GitHub/Spud_code_collection/STM32/stm32_workspace/common/lib/task/task_uart.c: In function 'task_uart_tx':
/Users/spud/Documents/GitHub/Spud_code_collection/STM32/stm32_workspace/common/lib/task/task_uart.c:24:13: warning: variable 'p_pkt' set but not used [-Wunused-but-set-variable]
   24 |     p_pkt_t p_pkt;
      |             ^~~~~
In file included from /Users/spud/Documents/GitHub/Spud_code_collection/STM32/stm32_workspace/common/lib/led/animate_led/animate_led.c:10:
/Users/spud/Documents/GitHub/Spud_code_collection/STM32/stm32_workspace/common/lib/task/task_button_press.h:35:1: warning: data definition has no type or storage class
   35 | task_button_press_major_state_change_clear(void);
      | ^~~~~~~~~~~~~~~~~~~~~~~~~~~~~~~~~~~~~~~~~~
/Users/spud/Documents/GitHub/Spud_code_collection/STM32/stm32_workspace/common/lib/task/task_button_press.h:35:1: warning: type defaults to 'int' in declaration of 'task_button_press_major_state_change_clear' [-Wimplicit-int]
/Users/spud/Documents/GitHub/Spud_code_collection/STM32/stm32_workspace/common/lib/led/ws2812b_driver/ws2812b.c: In function 'ws2812b_show_strip_two':
/Users/spud/Documents/GitHub/Spud_code_collection/STM32/stm32_workspace/common/lib/led/ws2812b_driver/ws2812b.c:584:5: warning: implicit declaration of function 'ws2812b_fill_pwm_buffer_strip_two'; did you mean 'ws2812b_fill_pwm_buffer_strip_one'? [-Wimplicit-function-declaration]
  584 |     ws2812b_fill_pwm_buffer_strip_two();
      |     ^~~~~~~~~~~~~~~~~~~~~~~~~~~~~~~~~
      |     ws2812b_fill_pwm_buffer_strip_one
/Users/spud/Documents/GitHub/Spud_code_collection/STM32/stm32_workspace/common/lib/led/ws2812b_driver/ws2812b.c: In function 'ws2812b_show_strip_three':
/Users/spud/Documents/GitHub/Spud_code_collection/STM32/stm32_workspace/common/lib/led/ws2812b_driver/ws2812b.c:590:5: warning: implicit declaration of function 'ws2812b_fill_pwm_buffer_strip_three'; did you mean 'ws2812b_fill_pwm_buffer_strip_one'? [-Wimplicit-function-declaration]
  590 |     ws2812b_fill_pwm_buffer_strip_three();
      |     ^~~~~~~~~~~~~~~~~~~~~~~~~~~~~~~~~~~
      |     ws2812b_fill_pwm_buffer_strip_one
arm-none-eabi-gcc -o "spudglo.elf" @"objects.list"   -mcpu=cortex-m4 -T"/Users/spud/Documents/GitHub/Spud_code_collection/STM32/stm32_workspace/spudglo/STM32L431RCTX_FLASH.ld" --specs=nosys.specs -Wl,-Map="spudglo.map" -Wl,--gc-sections -static --specs=nano.specs -mfpu=fpv4-sp-d16 -mfloat-abi=hard -mthumb -Wl,--start-group -lc -lm -Wl,--end-group
Finished building target: spudglo.elf
 
arm-none-eabi-size   spudglo.elf 
arm-none-eabi-objdump -h -S  spudglo.elf  > "spudglo.list"
   text	   data	    bss	    dec	    hex	filename
  45788	    220	  16916	  62924	   f5cc	spudglo.elf
Finished building: default.size.stdout
 
Finished building: spudglo.list
 

23:20:29 Build Finished. 0 errors, 23 warnings. (took 1s.977ms)

