/Users/spud/Documents/GitHub/Spud_code_collection/STM32/stm32_workspace/common/lib/peripheral/i2c/sensors/rv8803.c:51:6:rv8803_write_register	16	static
/Users/spud/Documents/GitHub/Spud_code_collection/STM32/stm32_workspace/common/lib/peripheral/i2c/sensors/rv8803.c:57:6:rv8803_read_register	16	static
/Users/spud/Documents/GitHub/Spud_code_collection/STM32/stm32_workspace/common/lib/peripheral/i2c/sensors/rv8803.c:64:6:rv8803_write_register_burst	16	static
/Users/spud/Documents/GitHub/Spud_code_collection/STM32/stm32_workspace/common/lib/peripheral/i2c/sensors/rv8803.c:70:6:rv8803_read_register_burst	16	static
/Users/spud/Documents/GitHub/Spud_code_collection/STM32/stm32_workspace/common/lib/peripheral/i2c/sensors/rv8803.c:76:6:rv8803_init	4	static
/Users/spud/Documents/GitHub/Spud_code_collection/STM32/stm32_workspace/common/lib/peripheral/i2c/sensors/rv8803.c:83:6:rv8803_read_tod	16	static
/Users/spud/Documents/GitHub/Spud_code_collection/STM32/stm32_workspace/common/lib/peripheral/i2c/sensors/rv8803.c:89:9:rv8803_read_current_register	24	static
/Users/spud/Documents/GitHub/Spud_code_collection/STM32/stm32_workspace/common/lib/peripheral/i2c/sensors/rv8803.c:97:9:rv8803_read_register_current_tens_of_milliseconds	8	static
/Users/spud/Documents/GitHub/Spud_code_collection/STM32/stm32_workspace/common/lib/peripheral/i2c/sensors/rv8803.c:103:9:rv8803_read_register_current_seconds	8	static
/Users/spud/Documents/GitHub/Spud_code_collection/STM32/stm32_workspace/common/lib/peripheral/i2c/sensors/rv8803.c:109:9:rv8803_read_register_current_minutes	8	static
/Users/spud/Documents/GitHub/Spud_code_collection/STM32/stm32_workspace/common/lib/peripheral/i2c/sensors/rv8803.c:115:9:rv8803_read_register_current_hours	8	static
/Users/spud/Documents/GitHub/Spud_code_collection/STM32/stm32_workspace/common/lib/peripheral/i2c/sensors/rv8803.c:121:9:rv8803_read_register_current_weekday	8	static
/Users/spud/Documents/GitHub/Spud_code_collection/STM32/stm32_workspace/common/lib/peripheral/i2c/sensors/rv8803.c:127:9:rv8803_read_register_current_date	8	static
/Users/spud/Documents/GitHub/Spud_code_collection/STM32/stm32_workspace/common/lib/peripheral/i2c/sensors/rv8803.c:133:9:rv8803_read_register_current_month	8	static
/Users/spud/Documents/GitHub/Spud_code_collection/STM32/stm32_workspace/common/lib/peripheral/i2c/sensors/rv8803.c:139:9:rv8803_read_register_current_year	8	static
/Users/spud/Documents/GitHub/Spud_code_collection/STM32/stm32_workspace/common/lib/peripheral/i2c/sensors/rv8803.c:145:9:rv8803_read_minutes_alarm	8	static
/Users/spud/Documents/GitHub/Spud_code_collection/STM32/stm32_workspace/common/lib/peripheral/i2c/sensors/rv8803.c:151:9:rv8803_read_register_hours_alarm	8	static
/Users/spud/Documents/GitHub/Spud_code_collection/STM32/stm32_workspace/common/lib/peripheral/i2c/sensors/rv8803.c:157:9:rv8803_read_register_weekday_or_date_alarm	8	static
/Users/spud/Documents/GitHub/Spud_code_collection/STM32/stm32_workspace/common/lib/peripheral/i2c/sensors/rv8803.c:163:9:rv8803_read_register_timer_counter_0	8	static
/Users/spud/Documents/GitHub/Spud_code_collection/STM32/stm32_workspace/common/lib/peripheral/i2c/sensors/rv8803.c:169:9:rv8803_read_register_timer_counter_1	8	static
/Users/spud/Documents/GitHub/Spud_code_collection/STM32/stm32_workspace/common/lib/peripheral/i2c/sensors/rv8803.c:175:9:rv8803_read_register_extension	8	static
/Users/spud/Documents/GitHub/Spud_code_collection/STM32/stm32_workspace/common/lib/peripheral/i2c/sensors/rv8803.c:181:9:rv8803_read_register_flag	8	static
/Users/spud/Documents/GitHub/Spud_code_collection/STM32/stm32_workspace/common/lib/peripheral/i2c/sensors/rv8803.c:187:9:rv8803_read_register_control	8	static
/Users/spud/Documents/GitHub/Spud_code_collection/STM32/stm32_workspace/common/lib/peripheral/i2c/sensors/rv8803.c:193:9:rv8803_read_current_seconds	16	static
/Users/spud/Documents/GitHub/Spud_code_collection/STM32/stm32_workspace/common/lib/peripheral/i2c/sensors/rv8803.c:201:9:numbers_hex_to_bcd	16	static
/Users/spud/Documents/GitHub/Spud_code_collection/STM32/stm32_workspace/common/lib/peripheral/i2c/sensors/rv8803.c:207:9:numbers_bcd_to_hex	16	static
/Users/spud/Documents/GitHub/Spud_code_collection/STM32/stm32_workspace/common/lib/peripheral/i2c/sensors/rv8803.c:230:6:rv8803_write_current_tod	16	static
