../src/bsp/board_specific/board_init_spud_glo_v4/board_init_spud_glo_v4.c:12:13:board_init_peripheral_setup	8	static
../src/bsp/board_specific/board_init_spud_glo_v4/board_init_spud_glo_v4.c:20:6:board_init_specific	32	static
../src/bsp/board_specific/board_init_spud_glo_v4/board_init_spud_glo_v4.c:67:6:board_init_specific_green_led_on	8	static
../src/bsp/board_specific/board_init_spud_glo_v4/board_init_spud_glo_v4.c:73:6:board_init_specific_green_led_off	8	static
../src/bsp/board_specific/board_init_spud_glo_v4/board_init_spud_glo_v4.c:79:6:board_init_specific_red_led_on	8	static
../src/bsp/board_specific/board_init_spud_glo_v4/board_init_spud_glo_v4.c:85:6:board_init_specific_red_led_off	8	static
../src/bsp/board_specific/board_init_spud_glo_v4/board_init_spud_glo_v4.c:91:6:board_init_specific_blue_led_on	8	static
../src/bsp/board_specific/board_init_spud_glo_v4/board_init_spud_glo_v4.c:97:6:board_init_specific_blue_led_off	8	static
../src/bsp/board_specific/board_init_spud_glo_v4/board_init_spud_glo_v4.c:103:6:board_init_specific_orange_led_on	8	static
../src/bsp/board_specific/board_init_spud_glo_v4/board_init_spud_glo_v4.c:109:6:board_init_specific_orange_led_off	8	static
../src/bsp/board_specific/board_init_spud_glo_v4/board_init_spud_glo_v4.c:115:6:board_init_specific_power_cycle_level_shifter	8	static
