/Users/spud/Documents/GitHub/Spud_code_collection/STM32/stm32_workspace/common/lib/wifi/esp8266.c:34:6:esp8266_write_and_read_block	24	static
/Users/spud/Documents/GitHub/Spud_code_collection/STM32/stm32_workspace/common/lib/wifi/esp8266.c:40:6:esp8266_write_block	16	static
/Users/spud/Documents/GitHub/Spud_code_collection/STM32/stm32_workspace/common/lib/wifi/esp8266.c:46:6:esp8266_read_block	16	static
/Users/spud/Documents/GitHub/Spud_code_collection/STM32/stm32_workspace/common/lib/wifi/esp8266.c:55:6:esp8266_write_command	24	static
/Users/spud/Documents/GitHub/Spud_code_collection/STM32/stm32_workspace/common/lib/wifi/esp8266.c:63:6:esp8266_read_response	16	static
/Users/spud/Documents/GitHub/Spud_code_collection/STM32/stm32_workspace/common/lib/wifi/esp8266.c:69:6:esp8266_write_data	32	static
/Users/spud/Documents/GitHub/Spud_code_collection/STM32/stm32_workspace/common/lib/wifi/esp8266.c:86:6:esp8266_write_command_and_read_response	40	static
/Users/spud/Documents/GitHub/Spud_code_collection/STM32/stm32_workspace/common/lib/wifi/esp8266.c:116:6:esp8266_response_ok_received	32	static
/Users/spud/Documents/GitHub/Spud_code_collection/STM32/stm32_workspace/common/lib/wifi/esp8266.c:131:6:esp8266_response_contains	32	static
/Users/spud/Documents/GitHub/Spud_code_collection/STM32/stm32_workspace/common/lib/wifi/esp8266.c:158:6:esp8266_startup	8	static
