/Users/spud/Documents/GitHub/Spud_code_collection/STM32/stm32_workspace/common/lib/wifi/esp8266.c:33:6:esp8266_write_and_read_block	24	static
/Users/spud/Documents/GitHub/Spud_code_collection/STM32/stm32_workspace/common/lib/wifi/esp8266.c:39:6:esp8266_write_block	16	static
/Users/spud/Documents/GitHub/Spud_code_collection/STM32/stm32_workspace/common/lib/wifi/esp8266.c:45:6:esp8266_read_block	16	static
/Users/spud/Documents/GitHub/Spud_code_collection/STM32/stm32_workspace/common/lib/wifi/esp8266.c:54:6:esp8266_write_command	24	static
/Users/spud/Documents/GitHub/Spud_code_collection/STM32/stm32_workspace/common/lib/wifi/esp8266.c:62:6:esp8266_read_response	16	static
/Users/spud/Documents/GitHub/Spud_code_collection/STM32/stm32_workspace/common/lib/wifi/esp8266.c:68:6:esp8266_write_data	32	static
/Users/spud/Documents/GitHub/Spud_code_collection/STM32/stm32_workspace/common/lib/wifi/esp8266.c:87:6:esp8266_write_command_and_read_response	40	static
/Users/spud/Documents/GitHub/Spud_code_collection/STM32/stm32_workspace/common/lib/wifi/esp8266.c:121:6:esp8266_response_ok_received	32	static
/Users/spud/Documents/GitHub/Spud_code_collection/STM32/stm32_workspace/common/lib/wifi/esp8266.c:136:6:esp8266_response_contains	32	static
