/Users/spud/Documents/GitHub/Spud_code_collection/STM32/stm32_workspace/common/lib/led/led_ctrl/led_ctrl_color/led_ctrl_color.c:11:26:led_color_ctrl_master_state	16	static
/Users/spud/Documents/GitHub/Spud_code_collection/STM32/stm32_workspace/common/lib/led/led_ctrl/led_ctrl_color/led_ctrl_color.c:17:6:led_color_ctrl_master_state_demo	16	static
/Users/spud/Documents/GitHub/Spud_code_collection/STM32/stm32_workspace/common/lib/led/led_ctrl/led_ctrl_color/led_ctrl_color.c:23:6:led_color_ctrl_master_state_force_fixed	16	static
/Users/spud/Documents/GitHub/Spud_code_collection/STM32/stm32_workspace/common/lib/led/led_ctrl/led_ctrl_color/led_ctrl_color.c:29:6:led_color_ctrl_master_state_fixed	16	static
/Users/spud/Documents/GitHub/Spud_code_collection/STM32/stm32_workspace/common/lib/led/led_ctrl/led_ctrl_color/led_ctrl_color.c:36:6:led_color_ctrl_reset	16	static
/Users/spud/Documents/GitHub/Spud_code_collection/STM32/stm32_workspace/common/lib/led/led_ctrl/led_ctrl_color/led_ctrl_color.c:42:6:led_color_ctrl_adjust	24	static
/Users/spud/Documents/GitHub/Spud_code_collection/STM32/stm32_workspace/common/lib/led/led_ctrl/led_ctrl_color/led_ctrl_color.c:59:13:led_color_ctrl	16	static
/Users/spud/Documents/GitHub/Spud_code_collection/STM32/stm32_workspace/common/lib/led/led_ctrl/led_ctrl_color/led_ctrl_color.c:65:22:led_color_ctrl_hex	16	static
/Users/spud/Documents/GitHub/Spud_code_collection/STM32/stm32_workspace/common/lib/led/led_ctrl/led_ctrl_color/led_ctrl_color.c:71:9:led_color_ctrl_red_hex	16	static
/Users/spud/Documents/GitHub/Spud_code_collection/STM32/stm32_workspace/common/lib/led/led_ctrl/led_ctrl_color/led_ctrl_color.c:77:9:led_color_ctrl_green_hex	16	static
/Users/spud/Documents/GitHub/Spud_code_collection/STM32/stm32_workspace/common/lib/led/led_ctrl/led_ctrl_color/led_ctrl_color.c:83:9:led_color_ctrl_blue_hex	16	static
/Users/spud/Documents/GitHub/Spud_code_collection/STM32/stm32_workspace/common/lib/led/led_ctrl/led_ctrl_color/led_ctrl_color.c:89:22:led_color_ctrl_to_hex	16	static
/Users/spud/Documents/GitHub/Spud_code_collection/STM32/stm32_workspace/common/lib/led/led_ctrl/led_ctrl_color/led_ctrl_color.c:95:6:led_color_ctrl_random_input	24	static
/Users/spud/Documents/GitHub/Spud_code_collection/STM32/stm32_workspace/common/lib/led/led_ctrl/led_ctrl_color/led_ctrl_color.c:110:6:led_color_ctrl_random	24	static
