/Users/spud/Documents/GitHub/Spud_code_collection/STM32/stm32_workspace/common/lib/led/led_ctrl/led_ctrl_color/led_ctrl_color.c:15:26:led_ctrl_color_master_state	16	static
/Users/spud/Documents/GitHub/Spud_code_collection/STM32/stm32_workspace/common/lib/led/led_ctrl/led_ctrl_color/led_ctrl_color.c:26:6:led_ctrl_color_master_state_force_demo	16	static
/Users/spud/Documents/GitHub/Spud_code_collection/STM32/stm32_workspace/common/lib/led/led_ctrl/led_ctrl_color/led_ctrl_color.c:37:6:led_ctrl_color_master_state_force_fixed	16	static
/Users/spud/Documents/GitHub/Spud_code_collection/STM32/stm32_workspace/common/lib/led/led_ctrl/led_ctrl_color/led_ctrl_color.c:50:6:led_ctrl_color_reset	16	static
/Users/spud/Documents/GitHub/Spud_code_collection/STM32/stm32_workspace/common/lib/led/led_ctrl/led_ctrl_color/led_ctrl_color.c:61:6:led_ctrl_color_adjust	32	static
/Users/spud/Documents/GitHub/Spud_code_collection/STM32/stm32_workspace/common/lib/led/led_ctrl/led_ctrl_color/led_ctrl_color.c:83:13:led_ctrl_color_read_active_color	16	static
/Users/spud/Documents/GitHub/Spud_code_collection/STM32/stm32_workspace/common/lib/led/led_ctrl/led_ctrl_color/led_ctrl_color.c:89:6:led_ctrl_color_write_active_color	16	static
/Users/spud/Documents/GitHub/Spud_code_collection/STM32/stm32_workspace/common/lib/led/led_ctrl/led_ctrl_color/led_ctrl_color.c:95:6:led_ctrl_color_active_color_is_black	16	static
/Users/spud/Documents/GitHub/Spud_code_collection/STM32/stm32_workspace/common/lib/led/led_ctrl/led_ctrl_color/led_ctrl_color.c:107:22:led_ctrl_color_read_active_color_hex	16	static
/Users/spud/Documents/GitHub/Spud_code_collection/STM32/stm32_workspace/common/lib/led/led_ctrl/led_ctrl_color/led_ctrl_color.c:119:9:led_ctrl_color_read_active_red_hex	16	static
/Users/spud/Documents/GitHub/Spud_code_collection/STM32/stm32_workspace/common/lib/led/led_ctrl/led_ctrl_color/led_ctrl_color.c:131:9:led_ctrl_color_read_active_green_hex	16	static
/Users/spud/Documents/GitHub/Spud_code_collection/STM32/stm32_workspace/common/lib/led/led_ctrl/led_ctrl_color/led_ctrl_color.c:143:9:led_ctrl_color_read_active_blue_hex	16	static
/Users/spud/Documents/GitHub/Spud_code_collection/STM32/stm32_workspace/common/lib/led/led_ctrl/led_ctrl_color/led_ctrl_color.c:155:22:led_ctrl_color_enum_to_hex	16	static
/Users/spud/Documents/GitHub/Spud_code_collection/STM32/stm32_workspace/common/lib/led/led_ctrl/led_ctrl_color/led_ctrl_color.c:161:13:led_ctrl_color_hex_to_enum	16	static
/Users/spud/Documents/GitHub/Spud_code_collection/STM32/stm32_workspace/common/lib/led/led_ctrl/led_ctrl_color/led_ctrl_color.c:167:13:led_ctrl_color_randomize_active_color	24	static
/Users/spud/Documents/GitHub/Spud_code_collection/STM32/stm32_workspace/common/lib/led/led_ctrl/led_ctrl_color/led_ctrl_color.c:181:22:led_ctrl_color_major_state_change_color	16	static
