../Core/Src/board_init.c:27:6:board_wakeup	8	static
../Core/Src/board_init.c:34:6:port_wakeup	8	static
../Core/Src/board_init.c:43:6:board_init	8	static
../Core/Src/board_init.c:57:6:SystemClock_Config	192	static
../Core/Src/board_init.c:90:6:MX_SPI2_Init	8	static
../Core/Src/board_init.c:114:6:MX_USART1_UART_Init	8	static
../Core/Src/board_init.c:135:6:MX_DMA_Init	16	static
../Core/Src/board_init.c:151:6:MX_GPIO_Init	40	static
../Core/Src/board_init.c:202:6:board_init_set_wkup_src	8	static
../Core/Src/board_init.c:212:6:board_init_activate_garage_door	8	static
../Core/Src/board_init.c:218:6:board_init_deactivate_garage_door	8	static
../Core/Src/board_init.c:228:6:Error_Handler	4	static
