../Core/Src/gt_521fx_driver.c:42:6:gt521fx_nack_flag_set	16	static
../Core/Src/gt_521fx_driver.c:48:6:gt521fx_nack_state_set	16	static
../Core/Src/gt_521fx_driver.c:54:6:gt521fx_nack_flag	4	static
../Core/Src/gt_521fx_driver.c:60:10:gt521fx_enrolled_fingerprint_count	4	static
../Core/Src/gt_521fx_driver.c:66:6:gt521fx_enrolled_fingerprint_count_set	16	static
../Core/Src/gt_521fx_driver.c:72:6:gt521fx_initialized	4	static
../Core/Src/gt_521fx_driver.c:78:6:gt521fx_finger_is_pressed_clear	4	static
../Core/Src/gt_521fx_driver.c:85:6:gt521fx_finger_is_pressed_set	16	static
../Core/Src/gt_521fx_driver.c:101:6:gt521fx_finger_is_pressed_flag	4	static
../Core/Src/gt_521fx_driver.c:107:6:gt521fx_security_lvl_set	16	static
../Core/Src/gt_521fx_driver.c:113:6:gt521fx_identified_id_set	16	static
../Core/Src/gt_521fx_driver.c:119:10:gt521fx_identified_id	4	static
../Core/Src/gt_521fx_driver.c:125:6:gt521fx_led_on	8	static
../Core/Src/gt_521fx_driver.c:131:6:gt521fx_led_off	8	static
../Core/Src/gt_521fx_driver.c:137:6:gt521fx_open	8	static
../Core/Src/gt_521fx_driver.c:143:6:gt521fx_change_baud_rate	16	static
../Core/Src/gt_521fx_driver.c:149:6:gt521fx_start_enrollment	16	static
../Core/Src/gt_521fx_driver.c:155:6:gt521fx_finger_is_pressed	8	static
../Core/Src/gt_521fx_driver.c:161:6:gt521fx_delete_all_fingerprints	8	static
../Core/Src/gt_521fx_driver.c:167:6:gt521fx_delete_fingerprint	16	static
../Core/Src/gt_521fx_driver.c:173:6:gt521fx_set_security_level	16	static
../Core/Src/gt_521fx_driver.c:179:6:gt521fx_fingerprint_verified	16	static
../Core/Src/gt_521fx_driver.c:189:6:gt521fx_fingerprint_identify	8	static
../Core/Src/gt_521fx_driver.c:199:6:gt521fx_capture_finger	24	static
../Core/Src/gt_521fx_driver.c:208:6:gt521fx_check_enrollment_status	16	static
../Core/Src/gt_521fx_driver.c:218:6:gt521fx_enrollment	24	static
