/Users/spud/Documents/GitHub/Spud_code_collection/STM32/stm32_workspace/common/lib/led/led_animate/led_animate.c:35:6:led_animate_interrupt_occurred	16	static
/Users/spud/Documents/GitHub/Spud_code_collection/STM32/stm32_workspace/common/lib/led/led_animate/led_animate.c:45:6:led_animate_check_interrupts	16	static
/Users/spud/Documents/GitHub/Spud_code_collection/STM32/stm32_workspace/common/lib/led/led_animate/led_animate.c:55:6:led_animate_need_to_adjust_speed	4	static
/Users/spud/Documents/GitHub/Spud_code_collection/STM32/stm32_workspace/common/lib/led/led_animate/led_animate.c:61:6:led_animate_set_adjust_speed	16	static
/Users/spud/Documents/GitHub/Spud_code_collection/STM32/stm32_workspace/common/lib/led/led_animate/led_animate.c:67:6:led_animate_clear_adjust_speed	4	static
/Users/spud/Documents/GitHub/Spud_code_collection/STM32/stm32_workspace/common/lib/led/led_animate/led_animate.c:78:6:led_animate_show_strip	16	static
/Users/spud/Documents/GitHub/Spud_code_collection/STM32/stm32_workspace/common/lib/led/led_animate/led_animate.c:95:6:led_animate_set_pixel	24	static
/Users/spud/Documents/GitHub/Spud_code_collection/STM32/stm32_workspace/common/lib/led/led_animate/led_animate.c:121:6:led_animate_set_all_pixels	32	static
/Users/spud/Documents/GitHub/Spud_code_collection/STM32/stm32_workspace/common/lib/led/led_animate/led_animate.c:144:6:led_animate_set_all_pixels_hex_color	24	static
/Users/spud/Documents/GitHub/Spud_code_collection/STM32/stm32_workspace/common/lib/led/led_animate/led_animate.c:152:6:led_animate_set_pixels_in_range_and_show	24	static
/Users/spud/Documents/GitHub/Spud_code_collection/STM32/stm32_workspace/common/lib/led/led_animate/led_animate.c:159:6:led_animate_set_pixels_in_range	48	static
/Users/spud/Documents/GitHub/Spud_code_collection/STM32/stm32_workspace/common/lib/led/led_animate/led_animate.c:169:6:led_animate_set_pixels_in_range_skip_interrupt_check	48	static
/Users/spud/Documents/GitHub/Spud_code_collection/STM32/stm32_workspace/common/lib/led/led_animate/led_animate.c:178:6:led_animate_set_pixels_in_range_uint32	48	static
/Users/spud/Documents/GitHub/Spud_code_collection/STM32/stm32_workspace/common/lib/led/led_animate/led_animate.c:187:6:led_animate_set_pixels_in_range_and_show_uint32	48	static
/Users/spud/Documents/GitHub/Spud_code_collection/STM32/stm32_workspace/common/lib/led/led_animate/led_animate.c:203:6:led_animate_turn_all_pixels_off	16	static
/Users/spud/Documents/GitHub/Spud_code_collection/STM32/stm32_workspace/common/lib/led/led_animate/led_animate.c:211:6:led_animate_turn_all_pixels_off_in_strip	24	static
/Users/spud/Documents/GitHub/Spud_code_collection/STM32/stm32_workspace/common/lib/led/led_animate/led_animate.c:219:6:led_animate_force_exit_stimulus	8	static
/Users/spud/Documents/GitHub/Spud_code_collection/STM32/stm32_workspace/common/lib/led/led_animate/led_animate.c:228:6:led_animate_clear_exit_stimulus	4	static
/Users/spud/Documents/GitHub/Spud_code_collection/STM32/stm32_workspace/common/lib/led/led_animate/led_animate.c:234:6:led_animate_exit_stimulus_flag	4	static
/Users/spud/Documents/GitHub/Spud_code_collection/STM32/stm32_workspace/common/lib/led/led_animate/led_animate.c:240:6:led_animate_check_for_animation_exit_stimulus	32	static
/Users/spud/Documents/GitHub/Spud_code_collection/STM32/stm32_workspace/common/lib/led/led_animate/led_animate.c:278:13:led_animate_wheel	16	static
/Users/spud/Documents/GitHub/Spud_code_collection/STM32/stm32_workspace/common/lib/led/led_animate/led_animate.c:309:6:led_animate_fixed_assorted_color	24	static
/Users/spud/Documents/GitHub/Spud_code_collection/STM32/stm32_workspace/common/lib/led/led_animate/led_animate.c:336:6:led_animate_random_assorted_color	24	static
/Users/spud/Documents/GitHub/Spud_code_collection/STM32/stm32_workspace/common/lib/led/led_animate/led_animate.c:400:6:led_animate_srw_debug	16	static
/Users/spud/Documents/GitHub/Spud_code_collection/STM32/stm32_workspace/common/lib/led/led_animate/led_animate.c:504:6:led_animate_static_harley_color	24	static
/Users/spud/Documents/GitHub/Spud_code_collection/STM32/stm32_workspace/common/lib/led/led_animate/led_animate.c:544:6:led_animate_solid_custom_color	24	static
/Users/spud/Documents/GitHub/Spud_code_collection/STM32/stm32_workspace/common/lib/led/led_animate/led_animate.c:555:6:led_animate_only_spell_word	40	static
/Users/spud/Documents/GitHub/Spud_code_collection/STM32/stm32_workspace/common/lib/led/led_animate/led_animate.c:574:6:led_animate_fade_in_fade_out	48	static
/Users/spud/Documents/GitHub/Spud_code_collection/STM32/stm32_workspace/common/lib/led/led_animate/led_animate.c:607:6:led_animate_strobe	32	static
/Users/spud/Documents/GitHub/Spud_code_collection/STM32/stm32_workspace/common/lib/led/led_animate/led_animate.c:629:6:led_animate_twinkle	48	static
/Users/spud/Documents/GitHub/Spud_code_collection/STM32/stm32_workspace/common/lib/led/led_animate/led_animate.c:656:6:led_animate_twinkle_random	40	static
/Users/spud/Documents/GitHub/Spud_code_collection/STM32/stm32_workspace/common/lib/led/led_animate/led_animate.c:683:6:led_animate_sparkle_only_random_color	40	static
/Users/spud/Documents/GitHub/Spud_code_collection/STM32/stm32_workspace/common/lib/led/led_animate/led_animate.c:712:6:led_animate_sparkle_random_color	32	static
/Users/spud/Documents/GitHub/Spud_code_collection/STM32/stm32_workspace/common/lib/led/led_animate/led_animate.c:733:6:led_animate_sparkle	40	static
/Users/spud/Documents/GitHub/Spud_code_collection/STM32/stm32_workspace/common/lib/led/led_animate/led_animate.c:751:6:led_animate_running_lights	56	static
/Users/spud/Documents/GitHub/Spud_code_collection/STM32/stm32_workspace/common/lib/led/led_animate/led_animate.c:778:6:led_animate_rainbow_cycle	32	static
/Users/spud/Documents/GitHub/Spud_code_collection/STM32/stm32_workspace/common/lib/led/led_animate/led_animate.c:807:6:led_animate_theater_chase	48	static
/Users/spud/Documents/GitHub/Spud_code_collection/STM32/stm32_workspace/common/lib/led/led_animate/led_animate.c:841:6:led_animate_theater_chase_rainbow	48	static
/Users/spud/Documents/GitHub/Spud_code_collection/STM32/stm32_workspace/common/lib/led/led_animate/led_animate.c:880:6:led_animate_heart_beat	56	static
/Users/spud/Documents/GitHub/Spud_code_collection/STM32/stm32_workspace/common/lib/led/led_animate/led_animate.c:1002:6:led_animate_starburst_zabinski	56	static
/Users/spud/Documents/GitHub/Spud_code_collection/STM32/stm32_workspace/common/lib/led/led_animate/led_animate.c:1176:6:led_animate_starburst	56	static
/Users/spud/Documents/GitHub/Spud_code_collection/STM32/stm32_workspace/common/lib/led/led_animate/led_animate.c:1352:6:led_animate_determine_number_pixels_in_strip	16	static
