/Users/spud/Documents/GitHub/Spud_code_collection/STM32/stm32_workspace/common/lib/led/led_animate/led_animate.c:28:6:led_animate_need_to_adjust_speed	4	static
/Users/spud/Documents/GitHub/Spud_code_collection/STM32/stm32_workspace/common/lib/led/led_animate/led_animate.c:34:6:led_animate_set_adjust_speed	16	static
/Users/spud/Documents/GitHub/Spud_code_collection/STM32/stm32_workspace/common/lib/led/led_animate/led_animate.c:40:6:led_animate_clear_adjust_speed	4	static
/Users/spud/Documents/GitHub/Spud_code_collection/STM32/stm32_workspace/common/lib/led/led_animate/led_animate.c:51:6:led_animate_show_strip	16	static
/Users/spud/Documents/GitHub/Spud_code_collection/STM32/stm32_workspace/common/lib/led/led_animate/led_animate.c:69:6:led_animate_set_pixel	24	static
/Users/spud/Documents/GitHub/Spud_code_collection/STM32/stm32_workspace/common/lib/led/led_animate/led_animate.c:95:6:led_animate_set_all_pixels	32	static
/Users/spud/Documents/GitHub/Spud_code_collection/STM32/stm32_workspace/common/lib/led/led_animate/led_animate.c:118:6:led_animate_set_all_pixels_hex_color	24	static
/Users/spud/Documents/GitHub/Spud_code_collection/STM32/stm32_workspace/common/lib/led/led_animate/led_animate.c:127:6:led_animate_set_pixels_in_range	48	static
/Users/spud/Documents/GitHub/Spud_code_collection/STM32/stm32_workspace/common/lib/led/led_animate/led_animate.c:143:6:led_animate_turn_all_pixels_off	16	static
/Users/spud/Documents/GitHub/Spud_code_collection/STM32/stm32_workspace/common/lib/led/led_animate/led_animate.c:151:6:led_animate_turn_all_pixels_off_in_strip	24	static
/Users/spud/Documents/GitHub/Spud_code_collection/STM32/stm32_workspace/common/lib/led/led_animate/led_animate.c:159:13:led_animate_wheel	16	static
/Users/spud/Documents/GitHub/Spud_code_collection/STM32/stm32_workspace/common/lib/led/led_animate/led_animate.c:197:6:led_animate_heart_beat	56	static
/Users/spud/Documents/GitHub/Spud_code_collection/STM32/stm32_workspace/common/lib/led/led_animate/led_animate.c:318:6:led_animate_starburst_zabinski	72	static
/Users/spud/Documents/GitHub/Spud_code_collection/STM32/stm32_workspace/common/lib/led/led_animate/led_animate.c:495:6:led_animate_starburst	56	static
/Users/spud/Documents/GitHub/Spud_code_collection/STM32/stm32_workspace/common/lib/led/led_animate/led_animate.c:665:6:led_animate_solid_custom_color	24	static
/Users/spud/Documents/GitHub/Spud_code_collection/STM32/stm32_workspace/common/lib/led/led_animate/led_animate.c:685:6:led_animate_only_spell_word	48	static
/Users/spud/Documents/GitHub/Spud_code_collection/STM32/stm32_workspace/common/lib/led/led_animate/led_animate.c:719:6:led_animate_fade_in_fade_out	56	static
/Users/spud/Documents/GitHub/Spud_code_collection/STM32/stm32_workspace/common/lib/led/led_animate/led_animate.c:785:6:led_animate_strobe	32	static
/Users/spud/Documents/GitHub/Spud_code_collection/STM32/stm32_workspace/common/lib/led/led_animate/led_animate.c:817:6:led_animate_twinkle	48	static
/Users/spud/Documents/GitHub/Spud_code_collection/STM32/stm32_workspace/common/lib/led/led_animate/led_animate.c:859:6:led_animate_twinkle_random	40	static
/Users/spud/Documents/GitHub/Spud_code_collection/STM32/stm32_workspace/common/lib/led/led_animate/led_animate.c:896:6:led_animate_sparkle_only_random_color	40	static
/Users/spud/Documents/GitHub/Spud_code_collection/STM32/stm32_workspace/common/lib/led/led_animate/led_animate.c:936:6:led_animate_sparkle_random_color	32	static
/Users/spud/Documents/GitHub/Spud_code_collection/STM32/stm32_workspace/common/lib/led/led_animate/led_animate.c:967:6:led_animate_sparkle	40	static
/Users/spud/Documents/GitHub/Spud_code_collection/STM32/stm32_workspace/common/lib/led/led_animate/led_animate.c:995:6:led_animate_running_lights	56	static
/Users/spud/Documents/GitHub/Spud_code_collection/STM32/stm32_workspace/common/lib/led/led_animate/led_animate.c:1033:6:led_animate_rainbow_cycle	32	static
/Users/spud/Documents/GitHub/Spud_code_collection/STM32/stm32_workspace/common/lib/led/led_animate/led_animate.c:1086:6:led_animate_theater_chase	56	static
/Users/spud/Documents/GitHub/Spud_code_collection/STM32/stm32_workspace/common/lib/led/led_animate/led_animate.c:1135:6:led_animate_theater_chase_rainbow	48	static
/Users/spud/Documents/GitHub/Spud_code_collection/STM32/stm32_workspace/common/lib/led/led_animate/led_animate.c:1208:6:led_animate_determine_number_pixels_in_strip	16	static
