/Users/spud/Documents/GitHub/Spud_code_collection/STM32/stm32_workspace/common/lib/led/led_animate/led_animate.c:35:6:led_animate_interrupt_occurred	16	static
/Users/spud/Documents/GitHub/Spud_code_collection/STM32/stm32_workspace/common/lib/led/led_animate/led_animate.c:45:6:led_animate_check_interrupts	16	static
/Users/spud/Documents/GitHub/Spud_code_collection/STM32/stm32_workspace/common/lib/led/led_animate/led_animate.c:55:6:led_animate_need_to_adjust_speed	4	static
/Users/spud/Documents/GitHub/Spud_code_collection/STM32/stm32_workspace/common/lib/led/led_animate/led_animate.c:61:6:led_animate_set_adjust_speed	16	static
/Users/spud/Documents/GitHub/Spud_code_collection/STM32/stm32_workspace/common/lib/led/led_animate/led_animate.c:67:6:led_animate_clear_adjust_speed	4	static
/Users/spud/Documents/GitHub/Spud_code_collection/STM32/stm32_workspace/common/lib/led/led_animate/led_animate.c:78:6:led_animate_show_strip	16	static
/Users/spud/Documents/GitHub/Spud_code_collection/STM32/stm32_workspace/common/lib/led/led_animate/led_animate.c:96:6:led_animate_set_pixel	40	static
/Users/spud/Documents/GitHub/Spud_code_collection/STM32/stm32_workspace/common/lib/led/led_animate/led_animate.c:123:6:led_animate_set_all_pixels	40	static
/Users/spud/Documents/GitHub/Spud_code_collection/STM32/stm32_workspace/common/lib/led/led_animate/led_animate.c:150:6:led_animate_set_all_pixels_and_show	16	static
/Users/spud/Documents/GitHub/Spud_code_collection/STM32/stm32_workspace/common/lib/led/led_animate/led_animate.c:158:6:led_animate_set_all_pixels_hex_color	24	static
/Users/spud/Documents/GitHub/Spud_code_collection/STM32/stm32_workspace/common/lib/led/led_animate/led_animate.c:167:6:led_animate_set_pixels_in_range_and_show	24	static
/Users/spud/Documents/GitHub/Spud_code_collection/STM32/stm32_workspace/common/lib/led/led_animate/led_animate.c:176:6:led_animate_set_pixels_in_range	48	static
/Users/spud/Documents/GitHub/Spud_code_collection/STM32/stm32_workspace/common/lib/led/led_animate/led_animate.c:194:6:led_animate_set_pixels_in_range_skip_interrupt_check	48	static
/Users/spud/Documents/GitHub/Spud_code_collection/STM32/stm32_workspace/common/lib/led/led_animate/led_animate.c:210:6:led_animate_set_pixels_in_range_uint32	48	static
/Users/spud/Documents/GitHub/Spud_code_collection/STM32/stm32_workspace/common/lib/led/led_animate/led_animate.c:228:6:led_animate_set_pixels_in_range_and_show_uint32	48	static
/Users/spud/Documents/GitHub/Spud_code_collection/STM32/stm32_workspace/common/lib/led/led_animate/led_animate.c:254:6:led_animate_turn_all_pixels_off	16	static
/Users/spud/Documents/GitHub/Spud_code_collection/STM32/stm32_workspace/common/lib/led/led_animate/led_animate.c:263:6:led_animate_turn_all_pixels_off_in_strip	24	static
/Users/spud/Documents/GitHub/Spud_code_collection/STM32/stm32_workspace/common/lib/led/led_animate/led_animate.c:271:6:led_animate_force_exit_stimulus	8	static
/Users/spud/Documents/GitHub/Spud_code_collection/STM32/stm32_workspace/common/lib/led/led_animate/led_animate.c:282:6:led_animate_clear_exit_stimulus	4	static
/Users/spud/Documents/GitHub/Spud_code_collection/STM32/stm32_workspace/common/lib/led/led_animate/led_animate.c:288:6:led_animate_exit_stimulus_flag	4	static
/Users/spud/Documents/GitHub/Spud_code_collection/STM32/stm32_workspace/common/lib/led/led_animate/led_animate.c:294:6:led_animate_check_for_animation_exit_stimulus	32	static
/Users/spud/Documents/GitHub/Spud_code_collection/STM32/stm32_workspace/common/lib/led/led_animate/led_animate.c:333:13:led_animate_wheel	16	static
/Users/spud/Documents/GitHub/Spud_code_collection/STM32/stm32_workspace/common/lib/led/led_animate/led_animate.c:364:6:led_animate_solid_custom_color	24	static
/Users/spud/Documents/GitHub/Spud_code_collection/STM32/stm32_workspace/common/lib/led/led_animate/led_animate.c:381:6:led_animate_only_spell_word	40	static
/Users/spud/Documents/GitHub/Spud_code_collection/STM32/stm32_workspace/common/lib/led/led_animate/led_animate.c:404:6:led_animate_fade_in_fade_out	48	static
/Users/spud/Documents/GitHub/Spud_code_collection/STM32/stm32_workspace/common/lib/led/led_animate/led_animate.c:445:6:led_animate_strobe	32	static
/Users/spud/Documents/GitHub/Spud_code_collection/STM32/stm32_workspace/common/lib/led/led_animate/led_animate.c:471:6:led_animate_twinkle	24	static
/Users/spud/Documents/GitHub/Spud_code_collection/STM32/stm32_workspace/common/lib/led/led_animate/led_animate.c:500:6:led_animate_twinkle_random	40	static
/Users/spud/Documents/GitHub/Spud_code_collection/STM32/stm32_workspace/common/lib/led/led_animate/led_animate.c:531:6:led_animate_sparkle_only_random_color	40	static
/Users/spud/Documents/GitHub/Spud_code_collection/STM32/stm32_workspace/common/lib/led/led_animate/led_animate.c:564:6:led_animate_sparkle_random_color	32	static
/Users/spud/Documents/GitHub/Spud_code_collection/STM32/stm32_workspace/common/lib/led/led_animate/led_animate.c:589:6:led_animate_sparkle	40	static
/Users/spud/Documents/GitHub/Spud_code_collection/STM32/stm32_workspace/common/lib/led/led_animate/led_animate.c:611:6:led_animate_running_lights	56	static
/Users/spud/Documents/GitHub/Spud_code_collection/STM32/stm32_workspace/common/lib/led/led_animate/led_animate.c:643:6:led_animate_rainbow_cycle	32	static
/Users/spud/Documents/GitHub/Spud_code_collection/STM32/stm32_workspace/common/lib/led/led_animate/led_animate.c:673:6:led_animate_theater_chase	48	static
/Users/spud/Documents/GitHub/Spud_code_collection/STM32/stm32_workspace/common/lib/led/led_animate/led_animate.c:717:6:led_animate_theater_chase_rainbow	48	static
/Users/spud/Documents/GitHub/Spud_code_collection/STM32/stm32_workspace/common/lib/led/led_animate/led_animate.c:767:6:led_animate_heart_beat	56	static
