/Users/spud/Documents/GitHub/Spud_code_collection/STM32/stm32_workspace/common/lib/led/led_animate/led_animate.c:36:6:led_animate_interrupt_occurred	16	static
/Users/spud/Documents/GitHub/Spud_code_collection/STM32/stm32_workspace/common/lib/led/led_animate/led_animate.c:46:6:led_animate_check_interrupts	16	static
/Users/spud/Documents/GitHub/Spud_code_collection/STM32/stm32_workspace/common/lib/led/led_animate/led_animate.c:56:6:led_animate_need_to_adjust_speed	4	static
/Users/spud/Documents/GitHub/Spud_code_collection/STM32/stm32_workspace/common/lib/led/led_animate/led_animate.c:62:6:led_animate_set_adjust_speed	16	static
/Users/spud/Documents/GitHub/Spud_code_collection/STM32/stm32_workspace/common/lib/led/led_animate/led_animate.c:68:6:led_animate_clear_adjust_speed	4	static
/Users/spud/Documents/GitHub/Spud_code_collection/STM32/stm32_workspace/common/lib/led/led_animate/led_animate.c:79:6:led_animate_show_strip	16	static
/Users/spud/Documents/GitHub/Spud_code_collection/STM32/stm32_workspace/common/lib/led/led_animate/led_animate.c:97:6:led_animate_set_pixel	40	static
/Users/spud/Documents/GitHub/Spud_code_collection/STM32/stm32_workspace/common/lib/led/led_animate/led_animate.c:124:6:led_animate_set_all_pixels	40	static
/Users/spud/Documents/GitHub/Spud_code_collection/STM32/stm32_workspace/common/lib/led/led_animate/led_animate.c:148:6:led_animate_set_all_pixels_and_show	16	static
/Users/spud/Documents/GitHub/Spud_code_collection/STM32/stm32_workspace/common/lib/led/led_animate/led_animate.c:156:6:led_animate_set_all_pixels_hex_color	24	static
/Users/spud/Documents/GitHub/Spud_code_collection/STM32/stm32_workspace/common/lib/led/led_animate/led_animate.c:165:6:led_animate_set_pixels_in_range_and_show	24	static
/Users/spud/Documents/GitHub/Spud_code_collection/STM32/stm32_workspace/common/lib/led/led_animate/led_animate.c:174:6:led_animate_set_pixels_in_range	56	static
/Users/spud/Documents/GitHub/Spud_code_collection/STM32/stm32_workspace/common/lib/led/led_animate/led_animate.c:192:6:led_animate_set_pixels_in_range_skip_interrupt_check	56	static
/Users/spud/Documents/GitHub/Spud_code_collection/STM32/stm32_workspace/common/lib/led/led_animate/led_animate.c:208:6:led_animate_set_pixels_in_range_uint32	56	static
/Users/spud/Documents/GitHub/Spud_code_collection/STM32/stm32_workspace/common/lib/led/led_animate/led_animate.c:226:6:led_animate_set_pixels_in_range_and_show_uint32	56	static
/Users/spud/Documents/GitHub/Spud_code_collection/STM32/stm32_workspace/common/lib/led/led_animate/led_animate.c:252:6:led_animate_turn_all_pixels_off	16	static
/Users/spud/Documents/GitHub/Spud_code_collection/STM32/stm32_workspace/common/lib/led/led_animate/led_animate.c:261:6:led_animate_turn_all_pixels_off_in_strip	24	static
/Users/spud/Documents/GitHub/Spud_code_collection/STM32/stm32_workspace/common/lib/led/led_animate/led_animate.c:269:6:led_animate_force_exit_stimulus	8	static
/Users/spud/Documents/GitHub/Spud_code_collection/STM32/stm32_workspace/common/lib/led/led_animate/led_animate.c:280:6:led_animate_clear_exit_stimulus	4	static
/Users/spud/Documents/GitHub/Spud_code_collection/STM32/stm32_workspace/common/lib/led/led_animate/led_animate.c:286:6:led_animate_exit_stimulus_flag	4	static
/Users/spud/Documents/GitHub/Spud_code_collection/STM32/stm32_workspace/common/lib/led/led_animate/led_animate.c:292:6:led_animate_check_for_animation_exit_stimulus	32	static
/Users/spud/Documents/GitHub/Spud_code_collection/STM32/stm32_workspace/common/lib/led/led_animate/led_animate.c:331:13:led_animate_wheel	16	static
/Users/spud/Documents/GitHub/Spud_code_collection/STM32/stm32_workspace/common/lib/led/led_animate/led_animate.c:362:6:led_animate_solid_custom_color	32	static
/Users/spud/Documents/GitHub/Spud_code_collection/STM32/stm32_workspace/common/lib/led/led_animate/led_animate.c:379:6:led_animate_only_spell_word	40	static
/Users/spud/Documents/GitHub/Spud_code_collection/STM32/stm32_workspace/common/lib/led/led_animate/led_animate.c:402:6:led_animate_fade_in_fade_out	56	static
/Users/spud/Documents/GitHub/Spud_code_collection/STM32/stm32_workspace/common/lib/led/led_animate/led_animate.c:443:6:led_animate_strobe	40	static
/Users/spud/Documents/GitHub/Spud_code_collection/STM32/stm32_workspace/common/lib/led/led_animate/led_animate.c:469:6:led_animate_twinkle	24	static
/Users/spud/Documents/GitHub/Spud_code_collection/STM32/stm32_workspace/common/lib/led/led_animate/led_animate.c:498:6:led_animate_twinkle_random	40	static
/Users/spud/Documents/GitHub/Spud_code_collection/STM32/stm32_workspace/common/lib/led/led_animate/led_animate.c:529:6:led_animate_sparkle_only_random_color	48	static
/Users/spud/Documents/GitHub/Spud_code_collection/STM32/stm32_workspace/common/lib/led/led_animate/led_animate.c:562:6:led_animate_sparkle_random_color	40	static
/Users/spud/Documents/GitHub/Spud_code_collection/STM32/stm32_workspace/common/lib/led/led_animate/led_animate.c:587:6:led_animate_sparkle	48	static
/Users/spud/Documents/GitHub/Spud_code_collection/STM32/stm32_workspace/common/lib/led/led_animate/led_animate.c:609:6:led_animate_running_lights	56	static
/Users/spud/Documents/GitHub/Spud_code_collection/STM32/stm32_workspace/common/lib/led/led_animate/led_animate.c:641:6:led_animate_rainbow_cycle	40	static
/Users/spud/Documents/GitHub/Spud_code_collection/STM32/stm32_workspace/common/lib/led/led_animate/led_animate.c:671:6:led_animate_theater_chase	56	static
/Users/spud/Documents/GitHub/Spud_code_collection/STM32/stm32_workspace/common/lib/led/led_animate/led_animate.c:715:6:led_animate_theater_chase_rainbow	48	static
/Users/spud/Documents/GitHub/Spud_code_collection/STM32/stm32_workspace/common/lib/led/led_animate/led_animate.c:765:6:led_animate_heart_beat	64	static
