/Users/spud/Documents/GitHub/Spud_code_collection/STM32/stm32_workspace/fw_common/lib/queue/packet_queue.c:72:6:packet_queue_init	8	static
/Users/spud/Documents/GitHub/Spud_code_collection/STM32/stm32_workspace/fw_common/lib/queue/packet_queue.c:80:6:packet_enqueue	16	static
/Users/spud/Documents/GitHub/Spud_code_collection/STM32/stm32_workspace/fw_common/lib/queue/packet_queue.c:103:6:packet_enqueue_to_cmd	16	static
/Users/spud/Documents/GitHub/Spud_code_collection/STM32/stm32_workspace/fw_common/lib/queue/packet_queue.c:112:6:packet_dequeue	16	static
/Users/spud/Documents/GitHub/Spud_code_collection/STM32/stm32_workspace/fw_common/lib/queue/packet_queue.c:134:6:packet_enqueue_to_host_tx	16	static
/Users/spud/Documents/GitHub/Spud_code_collection/STM32/stm32_workspace/fw_common/lib/queue/packet_queue.c:140:6:packet_dequeue_from_host_tx	16	static
/Users/spud/Documents/GitHub/Spud_code_collection/STM32/stm32_workspace/fw_common/lib/queue/packet_queue.c:146:6:packet_enqueue_to_host_rx	16	static
/Users/spud/Documents/GitHub/Spud_code_collection/STM32/stm32_workspace/fw_common/lib/queue/packet_queue.c:152:6:packet_dequeue_from_host_rx	16	static
/Users/spud/Documents/GitHub/Spud_code_collection/STM32/stm32_workspace/fw_common/lib/queue/packet_queue.c:158:6:packet_parse_rsp	16	static
/Users/spud/Documents/GitHub/Spud_code_collection/STM32/stm32_workspace/fw_common/lib/queue/packet_queue.c:166:6:packet_rsp_clear	4	static
/Users/spud/Documents/GitHub/Spud_code_collection/STM32/stm32_workspace/fw_common/lib/queue/packet_queue.c:172:6:packet_rsp_set	4	static
/Users/spud/Documents/GitHub/Spud_code_collection/STM32/stm32_workspace/fw_common/lib/queue/packet_queue.c:178:6:packet_rsp_was_received	4	static
/Users/spud/Documents/GitHub/Spud_code_collection/STM32/stm32_workspace/fw_common/lib/queue/packet_queue.c:192:6:packet_parse	24	static
