../src/bsp/stmicro/stm32l4/bloat/stm32l4xx_it.c:57:6:NMI_Handler	16	static
../src/bsp/stmicro/stm32l4/bloat/stm32l4xx_it.c:74:6:HardFault_Handler	16	static
../src/bsp/stmicro/stm32l4/bloat/stm32l4xx_it.c:91:6:MemManage_Handler	16	static
../src/bsp/stmicro/stm32l4/bloat/stm32l4xx_it.c:107:6:BusFault_Handler	16	static
../src/bsp/stmicro/stm32l4/bloat/stm32l4xx_it.c:124:6:UsageFault_Handler	16	static
../src/bsp/stmicro/stm32l4/bloat/stm32l4xx_it.c:148:6:DebugMon_Handler	4	static
../src/bsp/stmicro/stm32l4/bloat/stm32l4xx_it.c:168:6:USARTx_IRQHandler	8	static
../src/bsp/stmicro/stm32l4/bloat/stm32l4xx_it.c:184:6:EXTI0_IRQHandler	32	static
../src/bsp/stmicro/stm32l4/bloat/stm32l4xx_it.c:204:6:EXTI2_IRQHandler	32	static
../src/bsp/stmicro/stm32l4/bloat/stm32l4xx_it.c:224:6:EXTI15_10_IRQHandler	32	static
../src/bsp/stmicro/stm32l4/bloat/stm32l4xx_it.c:243:6:EXTI9_5_IRQHandler	32	static
../src/bsp/stmicro/stm32l4/bloat/stm32l4xx_it.c:260:6:HAL_GPIO_EXTI_Callback	16	static
../src/bsp/stmicro/stm32l4/bloat/stm32l4xx_it.c:266:6:HAL_DMA_CMPLT_CALLBACK	16	static
../src/bsp/stmicro/stm32l4/bloat/stm32l4xx_it.c:277:6:HAL_TIM_PWM_PulseFinishedCallback	16	static
../src/bsp/stmicro/stm32l4/bloat/stm32l4xx_it.c:302:6:DMA1_Channel2_IRQHandler	8	static
../src/bsp/stmicro/stm32l4/bloat/stm32l4xx_it.c:310:6:DMA1_Channel3_IRQHandler	8	static
../src/bsp/stmicro/stm32l4/bloat/stm32l4xx_it.c:318:6:DMA1_Channel5_IRQHandler	8	static
../src/bsp/stmicro/stm32l4/bloat/stm32l4xx_it.c:326:6:DMA1_Channel6_IRQHandler	8	static
../src/bsp/stmicro/stm32l4/bloat/stm32l4xx_it.c:334:6:DMA1_Channel7_IRQHandler	8	static
