../src/bsp/stmicro/stm32l4/bloat/stm32l4xx_it.c:59:6:NMI_Handler	16	static
../src/bsp/stmicro/stm32l4/bloat/stm32l4xx_it.c:76:6:HardFault_Handler	16	static
../src/bsp/stmicro/stm32l4/bloat/stm32l4xx_it.c:93:6:MemManage_Handler	16	static
../src/bsp/stmicro/stm32l4/bloat/stm32l4xx_it.c:109:6:BusFault_Handler	16	static
../src/bsp/stmicro/stm32l4/bloat/stm32l4xx_it.c:126:6:UsageFault_Handler	16	static
../src/bsp/stmicro/stm32l4/bloat/stm32l4xx_it.c:150:6:DebugMon_Handler	4	static
../src/bsp/stmicro/stm32l4/bloat/stm32l4xx_it.c:170:6:USARTx_IRQHandler	8	static
../src/bsp/stmicro/stm32l4/bloat/stm32l4xx_it.c:186:6:EXTI0_IRQHandler	32	static
../src/bsp/stmicro/stm32l4/bloat/stm32l4xx_it.c:206:6:EXTI2_IRQHandler	32	static
../src/bsp/stmicro/stm32l4/bloat/stm32l4xx_it.c:226:6:EXTI15_10_IRQHandler	32	static
../src/bsp/stmicro/stm32l4/bloat/stm32l4xx_it.c:245:6:EXTI9_5_IRQHandler	32	static
../src/bsp/stmicro/stm32l4/bloat/stm32l4xx_it.c:262:6:HAL_GPIO_EXTI_Callback	16	static
../src/bsp/stmicro/stm32l4/bloat/stm32l4xx_it.c:268:6:HAL_DMA_CMPLT_CALLBACK	16	static
../src/bsp/stmicro/stm32l4/bloat/stm32l4xx_it.c:279:6:HAL_TIM_PWM_PulseFinishedCallback	16	static
../src/bsp/stmicro/stm32l4/bloat/stm32l4xx_it.c:304:6:DMA1_Channel2_IRQHandler	8	static
../src/bsp/stmicro/stm32l4/bloat/stm32l4xx_it.c:312:6:DMA1_Channel3_IRQHandler	8	static
../src/bsp/stmicro/stm32l4/bloat/stm32l4xx_it.c:320:6:DMA1_Channel5_IRQHandler	8	static
../src/bsp/stmicro/stm32l4/bloat/stm32l4xx_it.c:328:6:DMA1_Channel6_IRQHandler	8	static
../src/bsp/stmicro/stm32l4/bloat/stm32l4xx_it.c:336:6:DMA1_Channel7_IRQHandler	8	static
