../src/bsp/stmicro/stm32l4/bloat/stm32l4xx_it.c:90:8:SysTick_Handler	8	static
../src/bsp/stmicro/stm32l4/bloat/stm32l4xx_it.c:109:6:NMI_Handler	4	static
../src/bsp/stmicro/stm32l4/bloat/stm32l4xx_it.c:118:6:HardFault_Handler	4	static
../src/bsp/stmicro/stm32l4/bloat/stm32l4xx_it.c:127:6:MemManage_Handler	4	static
../src/bsp/stmicro/stm32l4/bloat/stm32l4xx_it.c:136:6:BusFault_Handler	4	static
../src/bsp/stmicro/stm32l4/bloat/stm32l4xx_it.c:145:6:UsageFault_Handler	4	static
../src/bsp/stmicro/stm32l4/bloat/stm32l4xx_it.c:154:6:DebugMon_Handler	4	static
../src/bsp/stmicro/stm32l4/bloat/stm32l4xx_it.c:160:6:USARTx_IRQHandler	8	static
../src/bsp/stmicro/stm32l4/bloat/stm32l4xx_it.c:166:6:micro_in_isr	4	static
../src/bsp/stmicro/stm32l4/bloat/stm32l4xx_it.c:175:6:EXTI0_IRQHandler	24	static
../src/bsp/stmicro/stm32l4/bloat/stm32l4xx_it.c:197:6:EXTI2_IRQHandler	24	static
../src/bsp/stmicro/stm32l4/bloat/stm32l4xx_it.c:220:6:EXTI15_10_IRQHandler	24	static
../src/bsp/stmicro/stm32l4/bloat/stm32l4xx_it.c:243:6:EXTI9_5_IRQHandler	24	static
../src/bsp/stmicro/stm32l4/bloat/stm32l4xx_it.c:263:6:HAL_GPIO_EXTI_Callback	16	static
../src/bsp/stmicro/stm32l4/bloat/stm32l4xx_it.c:269:6:HAL_DMA_CMPLT_CALLBACK	16	static
../src/bsp/stmicro/stm32l4/bloat/stm32l4xx_it.c:281:6:TransferComplete_1	16	static
../src/bsp/stmicro/stm32l4/bloat/stm32l4xx_it.c:294:6:TransferComplete_2	16	static
../src/bsp/stmicro/stm32l4/bloat/stm32l4xx_it.c:307:6:TransferComplete_3	16	static
../src/bsp/stmicro/stm32l4/bloat/stm32l4xx_it.c:315:6:HAL_TIM_PWM_PulseFinishedCallback	40	static
../src/bsp/stmicro/stm32l4/bloat/stm32l4xx_it.c:388:6:DMA1_Channel2_IRQHandler	8	static
../src/bsp/stmicro/stm32l4/bloat/stm32l4xx_it.c:397:6:DMA1_Channel3_IRQHandler	8	static
../src/bsp/stmicro/stm32l4/bloat/stm32l4xx_it.c:406:6:DMA1_Channel7_IRQHandler	8	static
../src/bsp/stmicro/stm32l4/bloat/stm32l4xx_it.c:415:6:LPUART1_IRQHandler	8	static
../src/bsp/stmicro/stm32l4/bloat/stm32l4xx_it.c:421:6:vApplicationMallocFailedHook	4	static
../src/bsp/stmicro/stm32l4/bloat/stm32l4xx_it.c:427:6:DMA2_Channel6_IRQHandler	8	static
../src/bsp/stmicro/stm32l4/bloat/stm32l4xx_it.c:436:6:DMA2_Channel7_IRQHandler	8	static
