../src/bsp/stmicro/stm32l4/bloat/stm32l4xx_it.c:93:8:SysTick_Handler	8	static
../src/bsp/stmicro/stm32l4/bloat/stm32l4xx_it.c:112:6:NMI_Handler	4	static
../src/bsp/stmicro/stm32l4/bloat/stm32l4xx_it.c:121:6:HardFault_Handler	4	static
../src/bsp/stmicro/stm32l4/bloat/stm32l4xx_it.c:130:6:MemManage_Handler	4	static
../src/bsp/stmicro/stm32l4/bloat/stm32l4xx_it.c:139:6:BusFault_Handler	4	static
../src/bsp/stmicro/stm32l4/bloat/stm32l4xx_it.c:148:6:UsageFault_Handler	4	static
../src/bsp/stmicro/stm32l4/bloat/stm32l4xx_it.c:157:6:DebugMon_Handler	4	static
../src/bsp/stmicro/stm32l4/bloat/stm32l4xx_it.c:163:6:USARTx_IRQHandler	8	static
../src/bsp/stmicro/stm32l4/bloat/stm32l4xx_it.c:169:6:micro_in_isr	4	static
../src/bsp/stmicro/stm32l4/bloat/stm32l4xx_it.c:178:6:EXTI0_IRQHandler	4	static
../src/bsp/stmicro/stm32l4/bloat/stm32l4xx_it.c:200:6:EXTI2_IRQHandler	4	static
../src/bsp/stmicro/stm32l4/bloat/stm32l4xx_it.c:223:6:EXTI15_10_IRQHandler	4	static
../src/bsp/stmicro/stm32l4/bloat/stm32l4xx_it.c:246:6:EXTI9_5_IRQHandler	4	static
../src/bsp/stmicro/stm32l4/bloat/stm32l4xx_it.c:266:6:HAL_GPIO_EXTI_Callback	16	static
../src/bsp/stmicro/stm32l4/bloat/stm32l4xx_it.c:272:6:HAL_DMA_CMPLT_CALLBACK	16	static
../src/bsp/stmicro/stm32l4/bloat/stm32l4xx_it.c:284:6:TransferComplete_1	16	static
../src/bsp/stmicro/stm32l4/bloat/stm32l4xx_it.c:297:6:TransferComplete_2	16	static
../src/bsp/stmicro/stm32l4/bloat/stm32l4xx_it.c:310:6:TransferComplete_3	16	static
../src/bsp/stmicro/stm32l4/bloat/stm32l4xx_it.c:318:6:HAL_TIM_PWM_PulseFinishedCallback	40	static
../src/bsp/stmicro/stm32l4/bloat/stm32l4xx_it.c:392:6:DMA1_Channel2_IRQHandler	8	static
../src/bsp/stmicro/stm32l4/bloat/stm32l4xx_it.c:401:6:DMA1_Channel3_IRQHandler	8	static
../src/bsp/stmicro/stm32l4/bloat/stm32l4xx_it.c:410:6:DMA1_Channel7_IRQHandler	8	static
../src/bsp/stmicro/stm32l4/bloat/stm32l4xx_it.c:419:6:LPUART1_IRQHandler	8	static
../src/bsp/stmicro/stm32l4/bloat/stm32l4xx_it.c:425:6:vApplicationMallocFailedHook	4	static
../src/bsp/stmicro/stm32l4/bloat/stm32l4xx_it.c:431:6:DMA2_Channel6_IRQHandler	8	static
../src/bsp/stmicro/stm32l4/bloat/stm32l4xx_it.c:440:6:DMA2_Channel7_IRQHandler	8	static
