../src/bsp/stmicro/stm32l4/bloat/stm32l4xx_hal_msp.c:43:13:HAL_Set_DMA_Callbacks	8	static
../src/bsp/stmicro/stm32l4/bloat/stm32l4xx_hal_msp.c:55:6:HAL_MspInit	24	static
../src/bsp/stmicro/stm32l4/bloat/stm32l4xx_hal_msp.c:78:6:HAL_RTC_MspInit	16	static
../src/bsp/stmicro/stm32l4/bloat/stm32l4xx_hal_msp.c:94:6:HAL_RTC_MspDeInit	16	static
../src/bsp/stmicro/stm32l4/bloat/stm32l4xx_hal_msp.c:110:6:HAL_TIM_Base_MspInit	24	static
../src/bsp/stmicro/stm32l4/bloat/stm32l4xx_hal_msp.c:204:6:HAL_TIM_PWM_MspInit	24	static
../src/bsp/stmicro/stm32l4/bloat/stm32l4xx_hal_msp.c:243:6:HAL_TIM_Base_MspDeInit	16	static
../src/bsp/stmicro/stm32l4/bloat/stm32l4xx_hal_msp.c:273:6:HAL_TIM_PWM_MspDeInit	16	static
