../src/bsp/stmicro/stm32l4/bloat/stm32l4xx_it.c:58:6:NMI_Handler	16	static
../src/bsp/stmicro/stm32l4/bloat/stm32l4xx_it.c:75:6:HardFault_Handler	16	static
../src/bsp/stmicro/stm32l4/bloat/stm32l4xx_it.c:92:6:MemManage_Handler	16	static
../src/bsp/stmicro/stm32l4/bloat/stm32l4xx_it.c:108:6:BusFault_Handler	16	static
../src/bsp/stmicro/stm32l4/bloat/stm32l4xx_it.c:125:6:UsageFault_Handler	16	static
../src/bsp/stmicro/stm32l4/bloat/stm32l4xx_it.c:149:6:DebugMon_Handler	4	static
../src/bsp/stmicro/stm32l4/bloat/stm32l4xx_it.c:169:6:USARTx_IRQHandler	8	static
../src/bsp/stmicro/stm32l4/bloat/stm32l4xx_it.c:194:6:EXTI0_IRQHandler	32	static
../src/bsp/stmicro/stm32l4/bloat/stm32l4xx_it.c:221:6:EXTI2_IRQHandler	32	static
../src/bsp/stmicro/stm32l4/bloat/stm32l4xx_it.c:248:6:EXTI15_10_IRQHandler	32	static
../src/bsp/stmicro/stm32l4/bloat/stm32l4xx_it.c:267:6:EXTI9_5_IRQHandler	32	static
../src/bsp/stmicro/stm32l4/bloat/stm32l4xx_it.c:292:6:HAL_GPIO_EXTI_Callback	16	static
../src/bsp/stmicro/stm32l4/bloat/stm32l4xx_it.c:298:6:HAL_DMA_CMPLT_CALLBACK	16	static
../src/bsp/stmicro/stm32l4/bloat/stm32l4xx_it.c:310:6:TransferComplete_1	16	static
../src/bsp/stmicro/stm32l4/bloat/stm32l4xx_it.c:323:6:TransferComplete_2	16	static
../src/bsp/stmicro/stm32l4/bloat/stm32l4xx_it.c:335:6:TransferComplete_3	16	static
../src/bsp/stmicro/stm32l4/bloat/stm32l4xx_it.c:353:6:HAL_TIM_PWM_PulseFinishedCallback	16	static
../src/bsp/stmicro/stm32l4/bloat/stm32l4xx_it.c:382:6:DMA1_Channel2_IRQHandler	8	static
../src/bsp/stmicro/stm32l4/bloat/stm32l4xx_it.c:390:6:DMA1_Channel3_IRQHandler	8	static
../src/bsp/stmicro/stm32l4/bloat/stm32l4xx_it.c:398:6:DMA1_Channel5_IRQHandler	4	static
../src/bsp/stmicro/stm32l4/bloat/stm32l4xx_it.c:406:6:DMA1_Channel6_IRQHandler	4	static
../src/bsp/stmicro/stm32l4/bloat/stm32l4xx_it.c:414:6:DMA1_Channel7_IRQHandler	8	static
