../src/bsp/stmicro/stm32l4/bloat/stm32l4xx_it.c:93:8:SysTick_Handler	8	static
../src/bsp/stmicro/stm32l4/bloat/stm32l4xx_it.c:112:6:NMI_Handler	4	static
../src/bsp/stmicro/stm32l4/bloat/stm32l4xx_it.c:121:6:HardFault_Handler	4	static
../src/bsp/stmicro/stm32l4/bloat/stm32l4xx_it.c:130:6:MemManage_Handler	4	static
../src/bsp/stmicro/stm32l4/bloat/stm32l4xx_it.c:139:6:BusFault_Handler	4	static
../src/bsp/stmicro/stm32l4/bloat/stm32l4xx_it.c:148:6:UsageFault_Handler	4	static
../src/bsp/stmicro/stm32l4/bloat/stm32l4xx_it.c:157:6:DebugMon_Handler	4	static
../src/bsp/stmicro/stm32l4/bloat/stm32l4xx_it.c:163:6:USARTx_IRQHandler	8	static
../src/bsp/stmicro/stm32l4/bloat/stm32l4xx_it.c:172:6:EXTI0_IRQHandler	4	static
../src/bsp/stmicro/stm32l4/bloat/stm32l4xx_it.c:194:6:EXTI2_IRQHandler	4	static
../src/bsp/stmicro/stm32l4/bloat/stm32l4xx_it.c:217:6:EXTI15_10_IRQHandler	4	static
../src/bsp/stmicro/stm32l4/bloat/stm32l4xx_it.c:240:6:EXTI9_5_IRQHandler	4	static
../src/bsp/stmicro/stm32l4/bloat/stm32l4xx_it.c:260:6:HAL_GPIO_EXTI_Callback	16	static
../src/bsp/stmicro/stm32l4/bloat/stm32l4xx_it.c:266:6:HAL_DMA_CMPLT_CALLBACK	16	static
../src/bsp/stmicro/stm32l4/bloat/stm32l4xx_it.c:278:6:TransferComplete_1	16	static
../src/bsp/stmicro/stm32l4/bloat/stm32l4xx_it.c:291:6:TransferComplete_2	16	static
../src/bsp/stmicro/stm32l4/bloat/stm32l4xx_it.c:304:6:TransferComplete_3	16	static
../src/bsp/stmicro/stm32l4/bloat/stm32l4xx_it.c:312:6:HAL_TIM_PWM_PulseFinishedCallback	40	static
../src/bsp/stmicro/stm32l4/bloat/stm32l4xx_it.c:386:6:DMA1_Channel2_IRQHandler	8	static
../src/bsp/stmicro/stm32l4/bloat/stm32l4xx_it.c:395:6:DMA1_Channel3_IRQHandler	8	static
../src/bsp/stmicro/stm32l4/bloat/stm32l4xx_it.c:404:6:DMA1_Channel7_IRQHandler	8	static
../src/bsp/stmicro/stm32l4/bloat/stm32l4xx_it.c:413:6:LPUART1_IRQHandler	8	static
../src/bsp/stmicro/stm32l4/bloat/stm32l4xx_it.c:419:6:vApplicationMallocFailedHook	4	static
../src/bsp/stmicro/stm32l4/bloat/stm32l4xx_it.c:425:6:DMA2_Channel6_IRQHandler	8	static
../src/bsp/stmicro/stm32l4/bloat/stm32l4xx_it.c:434:6:DMA2_Channel7_IRQHandler	8	static
