../src/bsp/stmicro/stm32l4/bloat/stm32l4xx_it.c:61:6:NMI_Handler	16	static
../src/bsp/stmicro/stm32l4/bloat/stm32l4xx_it.c:79:6:HardFault_Handler	16	static
../src/bsp/stmicro/stm32l4/bloat/stm32l4xx_it.c:97:6:MemManage_Handler	16	static
../src/bsp/stmicro/stm32l4/bloat/stm32l4xx_it.c:115:6:BusFault_Handler	16	static
../src/bsp/stmicro/stm32l4/bloat/stm32l4xx_it.c:133:6:UsageFault_Handler	16	static
../src/bsp/stmicro/stm32l4/bloat/stm32l4xx_it.c:151:6:DebugMon_Handler	4	static
../src/bsp/stmicro/stm32l4/bloat/stm32l4xx_it.c:157:6:USARTx_IRQHandler	8	static
../src/bsp/stmicro/stm32l4/bloat/stm32l4xx_it.c:190:6:EXTI0_IRQHandler	24	static
../src/bsp/stmicro/stm32l4/bloat/stm32l4xx_it.c:204:6:EXTI2_IRQHandler	24	static
../src/bsp/stmicro/stm32l4/bloat/stm32l4xx_it.c:219:6:EXTI15_10_IRQHandler	24	static
../src/bsp/stmicro/stm32l4/bloat/stm32l4xx_it.c:234:6:EXTI9_5_IRQHandler	24	static
../src/bsp/stmicro/stm32l4/bloat/stm32l4xx_it.c:246:6:HAL_GPIO_EXTI_Callback	16	static
../src/bsp/stmicro/stm32l4/bloat/stm32l4xx_it.c:252:6:HAL_DMA_CMPLT_CALLBACK	16	static
../src/bsp/stmicro/stm32l4/bloat/stm32l4xx_it.c:264:6:TransferComplete_1	16	static
../src/bsp/stmicro/stm32l4/bloat/stm32l4xx_it.c:277:6:TransferComplete_2	16	static
../src/bsp/stmicro/stm32l4/bloat/stm32l4xx_it.c:289:6:TransferComplete_3	16	static
../src/bsp/stmicro/stm32l4/bloat/stm32l4xx_it.c:301:6:HAL_TIM_PWM_PulseFinishedCallback	16	static
../src/bsp/stmicro/stm32l4/bloat/stm32l4xx_it.c:330:6:DMA1_Channel2_IRQHandler	8	static
../src/bsp/stmicro/stm32l4/bloat/stm32l4xx_it.c:338:6:DMA1_Channel3_IRQHandler	8	static
../src/bsp/stmicro/stm32l4/bloat/stm32l4xx_it.c:362:6:DMA1_Channel7_IRQHandler	8	static
