../src/bsp/stmicro/stm32l4/bloat/stm32l4xx_it.c:57:6:NMI_Handler	16	static
../src/bsp/stmicro/stm32l4/bloat/stm32l4xx_it.c:74:6:HardFault_Handler	16	static
../src/bsp/stmicro/stm32l4/bloat/stm32l4xx_it.c:91:6:MemManage_Handler	16	static
../src/bsp/stmicro/stm32l4/bloat/stm32l4xx_it.c:107:6:BusFault_Handler	16	static
../src/bsp/stmicro/stm32l4/bloat/stm32l4xx_it.c:124:6:UsageFault_Handler	16	static
../src/bsp/stmicro/stm32l4/bloat/stm32l4xx_it.c:148:6:DebugMon_Handler	4	static
../src/bsp/stmicro/stm32l4/bloat/stm32l4xx_it.c:168:6:USARTx_IRQHandler	8	static
../src/bsp/stmicro/stm32l4/bloat/stm32l4xx_it.c:193:6:EXTI0_IRQHandler	32	static
../src/bsp/stmicro/stm32l4/bloat/stm32l4xx_it.c:220:6:EXTI2_IRQHandler	32	static
../src/bsp/stmicro/stm32l4/bloat/stm32l4xx_it.c:247:6:EXTI15_10_IRQHandler	32	static
../src/bsp/stmicro/stm32l4/bloat/stm32l4xx_it.c:266:6:EXTI9_5_IRQHandler	32	static
../src/bsp/stmicro/stm32l4/bloat/stm32l4xx_it.c:291:6:HAL_GPIO_EXTI_Callback	16	static
../src/bsp/stmicro/stm32l4/bloat/stm32l4xx_it.c:297:6:HAL_DMA_CMPLT_CALLBACK	16	static
../src/bsp/stmicro/stm32l4/bloat/stm32l4xx_it.c:308:6:HAL_TIM_PWM_PulseFinishedCallback	16	static
../src/bsp/stmicro/stm32l4/bloat/stm32l4xx_it.c:333:6:DMA1_Channel2_IRQHandler	8	static
../src/bsp/stmicro/stm32l4/bloat/stm32l4xx_it.c:341:6:DMA1_Channel3_IRQHandler	8	static
../src/bsp/stmicro/stm32l4/bloat/stm32l4xx_it.c:349:6:DMA1_Channel5_IRQHandler	4	static
../src/bsp/stmicro/stm32l4/bloat/stm32l4xx_it.c:357:6:DMA1_Channel6_IRQHandler	4	static
../src/bsp/stmicro/stm32l4/bloat/stm32l4xx_it.c:365:6:DMA1_Channel7_IRQHandler	8	static
