../src/bsp/stmicro/stm32l4/bloat/stm32l4xx_it.c:80:8:SysTick_Handler	8	static
../src/bsp/stmicro/stm32l4/bloat/stm32l4xx_it.c:99:6:NMI_Handler	4	static
../src/bsp/stmicro/stm32l4/bloat/stm32l4xx_it.c:108:6:HardFault_Handler	4	static
../src/bsp/stmicro/stm32l4/bloat/stm32l4xx_it.c:117:6:MemManage_Handler	4	static
../src/bsp/stmicro/stm32l4/bloat/stm32l4xx_it.c:126:6:BusFault_Handler	4	static
../src/bsp/stmicro/stm32l4/bloat/stm32l4xx_it.c:135:6:UsageFault_Handler	4	static
../src/bsp/stmicro/stm32l4/bloat/stm32l4xx_it.c:144:6:DebugMon_Handler	4	static
../src/bsp/stmicro/stm32l4/bloat/stm32l4xx_it.c:150:6:USARTx_IRQHandler	8	static
../src/bsp/stmicro/stm32l4/bloat/stm32l4xx_it.c:159:6:EXTI0_IRQHandler	4	static
../src/bsp/stmicro/stm32l4/bloat/stm32l4xx_it.c:181:6:EXTI2_IRQHandler	4	static
../src/bsp/stmicro/stm32l4/bloat/stm32l4xx_it.c:204:6:EXTI15_10_IRQHandler	4	static
../src/bsp/stmicro/stm32l4/bloat/stm32l4xx_it.c:227:6:EXTI9_5_IRQHandler	4	static
../src/bsp/stmicro/stm32l4/bloat/stm32l4xx_it.c:247:6:HAL_GPIO_EXTI_Callback	16	static
../src/bsp/stmicro/stm32l4/bloat/stm32l4xx_it.c:253:6:HAL_DMA_CMPLT_CALLBACK	16	static
../src/bsp/stmicro/stm32l4/bloat/stm32l4xx_it.c:265:6:TransferComplete_1	16	static
../src/bsp/stmicro/stm32l4/bloat/stm32l4xx_it.c:278:6:TransferComplete_2	16	static
../src/bsp/stmicro/stm32l4/bloat/stm32l4xx_it.c:291:6:TransferComplete_3	16	static
../src/bsp/stmicro/stm32l4/bloat/stm32l4xx_it.c:299:6:HAL_TIM_PWM_PulseFinishedCallback	40	static
../src/bsp/stmicro/stm32l4/bloat/stm32l4xx_it.c:367:6:DMA1_Channel2_IRQHandler	8	static
../src/bsp/stmicro/stm32l4/bloat/stm32l4xx_it.c:376:6:DMA1_Channel3_IRQHandler	8	static
../src/bsp/stmicro/stm32l4/bloat/stm32l4xx_it.c:385:6:DMA1_Channel7_IRQHandler	8	static
../src/bsp/stmicro/stm32l4/bloat/stm32l4xx_it.c:394:6:LPUART1_IRQHandler	8	static
../src/bsp/stmicro/stm32l4/bloat/stm32l4xx_it.c:400:6:vApplicationMallocFailedHook	4	static
../src/bsp/stmicro/stm32l4/bloat/stm32l4xx_it.c:406:6:DMA2_Channel6_IRQHandler	8	static
../src/bsp/stmicro/stm32l4/bloat/stm32l4xx_it.c:415:6:DMA2_Channel7_IRQHandler	8	static
