../src/bsp/stmicro/stm32l4/bloat/stm32l4xx_it.c:68:6:SysTick_Handler	8	static
../src/bsp/stmicro/stm32l4/bloat/stm32l4xx_it.c:87:6:NMI_Handler	16	static
../src/bsp/stmicro/stm32l4/bloat/stm32l4xx_it.c:105:6:HardFault_Handler	16	static
../src/bsp/stmicro/stm32l4/bloat/stm32l4xx_it.c:123:6:MemManage_Handler	16	static
../src/bsp/stmicro/stm32l4/bloat/stm32l4xx_it.c:141:6:BusFault_Handler	16	static
../src/bsp/stmicro/stm32l4/bloat/stm32l4xx_it.c:159:6:UsageFault_Handler	16	static
../src/bsp/stmicro/stm32l4/bloat/stm32l4xx_it.c:177:6:DebugMon_Handler	4	static
../src/bsp/stmicro/stm32l4/bloat/stm32l4xx_it.c:183:6:USARTx_IRQHandler	8	static
../src/bsp/stmicro/stm32l4/bloat/stm32l4xx_it.c:216:6:EXTI0_IRQHandler	4	static
../src/bsp/stmicro/stm32l4/bloat/stm32l4xx_it.c:232:6:EXTI2_IRQHandler	4	static
../src/bsp/stmicro/stm32l4/bloat/stm32l4xx_it.c:249:6:EXTI15_10_IRQHandler	4	static
../src/bsp/stmicro/stm32l4/bloat/stm32l4xx_it.c:266:6:EXTI9_5_IRQHandler	4	static
../src/bsp/stmicro/stm32l4/bloat/stm32l4xx_it.c:280:6:HAL_GPIO_EXTI_Callback	16	static
../src/bsp/stmicro/stm32l4/bloat/stm32l4xx_it.c:286:6:HAL_DMA_CMPLT_CALLBACK	16	static
../src/bsp/stmicro/stm32l4/bloat/stm32l4xx_it.c:298:6:TransferComplete_1	16	static
../src/bsp/stmicro/stm32l4/bloat/stm32l4xx_it.c:311:6:TransferComplete_2	16	static
../src/bsp/stmicro/stm32l4/bloat/stm32l4xx_it.c:323:6:TransferComplete_3	16	static
../src/bsp/stmicro/stm32l4/bloat/stm32l4xx_it.c:335:6:HAL_TIM_PWM_PulseFinishedCallback	16	static
../src/bsp/stmicro/stm32l4/bloat/stm32l4xx_it.c:364:6:DMA1_Channel2_IRQHandler	8	static
../src/bsp/stmicro/stm32l4/bloat/stm32l4xx_it.c:372:6:DMA1_Channel3_IRQHandler	8	static
../src/bsp/stmicro/stm32l4/bloat/stm32l4xx_it.c:396:6:DMA1_Channel7_IRQHandler	8	static
../src/bsp/stmicro/stm32l4/bloat/stm32l4xx_it.c:402:6:vApplicationMallocFailedHook	4	static
