numbers.h:4:10:random_num	16	static
animate_led.c:45:17:millis	4	static
animate_led.c:51:13:delay	16	static
animate_led.c:63:6:animate_led_reset_state	4	static
animate_led.c:69:6:animate_led_set_interrupt_flag	16	static
animate_led.c:75:6:animate_led_interrupt_flag	24	static
animate_led.c:83:6:animate_led_interrupt_flag_speed	8	static
animate_led.c:89:6:animate_led_interrupt_flag_state	8	static
animate_led.c:95:6:animate_led_interrupt_flag_color	8	static
animate_led.c:102:7:animate_led_speed_factor	16	static
animate_led.c:137:10:animate_led_delay_between_animations	16	static
animate_led.c:143:7:animate_led_delay_in_animations	16	static
animate_led.c:149:6:animate_led_adjust_speed	4	static
animate_led.c:156:6:animate_led_adjust_state	16	static
animate_led.c:169:6:animate_led_init	4	static
animate_led.c:183:13:animate_led_check_interrupts	32	static
animate_led.c:204:6:animate_led_reset_iterations	4	static
animate_led.c:210:6:animate_led_increment_iterations	4	static
animate_led.c:216:10:animate_led_iterations	4	static
animate_led.c:222:13:animate_led_state	4	static
animate_led.c:228:6:animate_led_show_strip	16	static
animate_led.c:234:13:animate_led_state_randomize	24	static
animate_led.c:263:6:animate_led_multiple_solid_custom_colors	40	static
animate_led.c:288:6:animate_led_solid_custom_color	24	static
animate_led.c:298:6:animate_led_turn_all_pixels_off	8	static
animate_led.c:304:6:animate_led_spell_and_sparkle	56	static
animate_led.c:330:6:animate_led_spell_and_solid_color	56	static
animate_led.c:354:6:animate_led_spell_word_multiple_colors	56	static
animate_led.c:385:6:animate_led_only_spell_word	48	static
animate_led.c:408:6:animate_led_fade_in_fade_out_multiple_colors	72	static
animate_led.c:454:6:animate_led_fade_in_fade_out	64	static
animate_led.c:489:6:animate_led_strobe	40	static
animate_led.c:514:6:animate_led_cyclone_bounce	64	static
animate_led.c:562:6:animate_led_center_to_outside	64	static
animate_led.c:591:6:animate_led_outside_to_center	64	static
animate_led.c:620:6:animate_led_left_to_right	56	static
animate_led.c:640:6:animate_led_right_to_left	56	static
animate_led.c:659:6:animate_led_new_kitt	24	static
animate_led.c:672:6:animate_led_twinkle_multiple_colors	64	static
animate_led.c:708:6:animate_led_twinkle	56	static
animate_led.c:732:6:animate_led_twinkle_random	48	static
animate_led.c:752:6:animate_led_sparkle_only_random_color	56	static
animate_led.c:768:6:animate_led_sparkle_random_color	48	static
animate_led.c:782:6:animate_led_sparkle	48	static
animate_led.c:797:6:animate_led_running_lights	72	static
animate_led.c:824:6:animate_led_color_wipe	48	static
animate_led.c:846:6:animate_led_rainbow_cycle	48	static
animate_led.c:871:10:animate_led_wheel	16	static
animate_led.c:898:6:animate_led_theater_chase_multiple_colors	72	static
animate_led.c:952:6:animate_led_theater_chase	56	static
animate_led.c:982:6:animate_led_theater_chase_rainbow	64	static
animate_led.c:1009:6:animate_led_bouncing_balls	128	dynamic
animate_led.c:1060:6:animate_led_meteor_rain	56	static
animate_led.c:1132:6:animate_led_fade_to_black	24	static
animate_led.c:1156:6:animate_led_set_pixel	40	static
animate_led.c:1184:6:animate_led_set_all_pixels	48	static
animate_led.c:1214:6:task_animate_led	24	static
