animate_led.c:100:17:millis	4	static
animate_led.c:106:13:delay	16	static
animate_led.c:118:6:animate_led_reset_state	4	static
animate_led.c:124:6:animate_led_set_interrupt_flag	16	static
animate_led.c:130:6:animate_led_interrupt_flag	24	static
animate_led.c:138:6:animate_led_interrupt_flag_speed	8	static
animate_led.c:144:6:animate_led_interrupt_flag_state	8	static
animate_led.c:150:6:animate_led_interrupt_flag_color	8	static
animate_led.c:157:7:animate_led_speed_factor	16	static
animate_led.c:192:10:animate_led_delay_between_animations	16	static
animate_led.c:198:7:animate_led_delay_in_animations	16	static
animate_led.c:204:6:animate_led_adjust_speed	4	static
animate_led.c:211:6:animate_led_adjust_state	16	static
animate_led.c:224:6:animate_led_init	4	static
animate_led.c:238:13:animate_led_check_interrupts	32	static
animate_led.c:259:6:animate_led_reset_iterations	4	static
animate_led.c:265:6:animate_led_increment_iterations	4	static
animate_led.c:271:10:animate_led_iterations	4	static
animate_led.c:277:13:animate_led_state	4	static
animate_led.c:283:6:animate_led_show_strip	16	static
animate_led.c:289:13:animate_led_state_randomize	24	static
animate_led.c:318:6:animate_led_multiple_solid_custom_colors	40	static
animate_led.c:343:6:animate_led_solid_custom_color	24	static
animate_led.c:353:6:animate_led_turn_all_pixels_off	8	static
animate_led.c:359:6:animate_led_spell_and_sparkle	56	static
animate_led.c:385:6:animate_led_spell_and_solid_color	56	static
animate_led.c:409:6:animate_led_spell_word_multiple_colors	56	static
animate_led.c:440:6:animate_led_only_spell_word	48	static
animate_led.c:463:6:animate_led_fade_in_fade_out_multiple_colors	72	static
animate_led.c:509:6:animate_led_fade_in_fade_out	64	static
animate_led.c:544:6:animate_led_strobe	40	static
animate_led.c:569:6:animate_led_cyclone_bounce	64	static
animate_led.c:617:6:animate_led_center_to_outside	64	static
animate_led.c:646:6:animate_led_outside_to_center	64	static
animate_led.c:675:6:animate_led_left_to_right	56	static
animate_led.c:695:6:animate_led_right_to_left	56	static
animate_led.c:714:6:animate_led_new_kitt	24	static
animate_led.c:727:6:animate_led_twinkle_multiple_colors	64	static
animate_led.c:763:6:animate_led_twinkle	56	static
animate_led.c:787:6:animate_led_twinkle_random	48	static
animate_led.c:807:6:animate_led_sparkle_only_random_color	56	static
animate_led.c:823:6:animate_led_sparkle_random_color	48	static
animate_led.c:837:6:animate_led_sparkle	48	static
animate_led.c:852:6:animate_led_running_lights	72	static
animate_led.c:879:6:animate_led_color_wipe	48	static
animate_led.c:901:6:animate_led_rainbow_cycle	48	static
animate_led.c:926:10:animate_led_wheel	16	static
animate_led.c:953:6:animate_led_theater_chase_multiple_colors	72	static
animate_led.c:1007:6:animate_led_theater_chase	56	static
animate_led.c:1037:6:animate_led_theater_chase_rainbow	64	static
animate_led.c:1064:6:animate_led_bouncing_balls	128	dynamic
animate_led.c:1115:6:animate_led_meteor_rain	56	static
animate_led.c:1187:6:animate_led_fade_to_black	24	static
animate_led.c:1211:6:animate_led_set_pixel	40	static
animate_led.c:1239:6:animate_led_set_all_pixels	48	static
animate_led.c:1283:13:handle_count_color_delay	16	static
animate_led.c:1304:6:task_animate_led	40	static
