animate_led.c:102:6:animate_led_interrupt	4	static
animate_led.c:108:6:animate_led_reset_animate_iteration_count	4	static
animate_led.c:114:6:animate_led_pause	4	static
animate_led.c:123:6:animate_led_enter_demo_state	4	static
animate_led.c:131:6:animate_led_exit_demo_state	4	static
animate_led.c:140:20:animate_led_master_state	4	static
animate_led.c:146:17:millis	4	static
animate_led.c:152:13:delay	24	static
animate_led.c:169:6:animate_led_reset_state	4	static
animate_led.c:177:6:animate_led_set_interrupt_flag	16	static
animate_led.c:184:6:animate_led_interrupt_occurred	4	static
animate_led.c:197:6:animate_led_interrupt_flag	24	static
animate_led.c:205:6:animate_led_interrupt_flag_speed	8	static
animate_led.c:211:6:animate_led_interrupt_flag_state	8	static
animate_led.c:217:6:animate_led_interrupt_flag_color	8	static
animate_led.c:224:7:animate_led_speed_factor	16	static
animate_led.c:259:10:animate_led_delay_between_animations	16	static
animate_led.c:265:7:animate_led_delay_in_animations	16	static
animate_led.c:271:6:animate_led_adjust_speed	4	static
animate_led.c:278:6:animate_led_adjust_state	16	static
animate_led.c:291:6:animate_led_init	4	static
animate_led.c:310:13:animate_led_check_interrupts	32	static
animate_led.c:338:6:animate_led_reset_iterations	4	static
animate_led.c:344:6:animate_led_increment_iterations	4	static
animate_led.c:350:10:animate_led_iterations	4	static
animate_led.c:356:13:animate_led_state	4	static
animate_led.c:362:6:animate_led_show_strip	16	static
animate_led.c:368:13:animate_led_state_randomize	24	static
animate_led.c:397:6:animate_led_multiple_solid_custom_colors	40	static
animate_led.c:424:6:animate_led_solid_custom_color	24	static
animate_led.c:435:6:animate_led_turn_all_pixels_off	8	static
animate_led.c:441:6:animate_led_spell_and_sparkle	64	static
animate_led.c:461:6:animate_led_spell_and_solid_color	64	static
animate_led.c:479:6:animate_led_spell_word_multiple_colors	64	static
animate_led.c:511:6:animate_led_only_spell_word	56	static
animate_led.c:528:6:animate_led_fade_in_fade_out_multiple_colors	72	static
animate_led.c:566:6:animate_led_fade_in_fade_out	56	static
animate_led.c:592:6:animate_led_strobe	32	static
animate_led.c:613:6:animate_led_cyclone_bounce	64	static
animate_led.c:652:6:animate_led_center_to_outside	72	static
animate_led.c:682:6:animate_led_outside_to_center	72	static
animate_led.c:712:6:animate_led_left_to_right	64	static
animate_led.c:733:6:animate_led_right_to_left	64	static
animate_led.c:753:6:animate_led_new_kitt	24	static
animate_led.c:767:6:animate_led_twinkle_multiple_colors	72	static
animate_led.c:799:6:animate_led_twinkle	64	static
animate_led.c:819:6:animate_led_twinkle_random	56	static
animate_led.c:835:6:animate_led_sparkle_only_random_color	64	static
animate_led.c:853:6:animate_led_sparkle_random_color	48	static
animate_led.c:867:6:animate_led_sparkle	56	static
animate_led.c:882:6:animate_led_running_lights	72	static
animate_led.c:904:6:animate_led_color_wipe	56	static
animate_led.c:926:6:animate_led_rainbow_cycle	56	static
animate_led.c:948:10:animate_led_wheel	16	static
animate_led.c:975:6:animate_led_theater_chase_multiple_colors	80	static
animate_led.c:1021:6:animate_led_theater_chase	64	static
animate_led.c:1043:6:animate_led_theater_chase_rainbow	72	static
animate_led.c:1067:6:animate_led_bouncing_balls	128	dynamic
animate_led.c:1118:6:animate_led_meteor_rain	64	static
animate_led.c:1191:6:animate_led_fade_to_black	24	static
animate_led.c:1216:6:animate_led_set_pixel	40	static
animate_led.c:1244:6:animate_led_set_all_pixels	48	static
animate_led.c:1276:13:handle_count_color_delay	16	static
animate_led.c:1300:6:task_animate_led	40	static
