/Users/spud/Documents/GitHub/Spud_code_collection/STM32/stm32_workspace/fw_common/lib/animate_led/animate_led.c:101:17:millis	4	static
/Users/spud/Documents/GitHub/Spud_code_collection/STM32/stm32_workspace/fw_common/lib/animate_led/animate_led.c:107:13:delay	16	static
/Users/spud/Documents/GitHub/Spud_code_collection/STM32/stm32_workspace/fw_common/lib/animate_led/animate_led.c:119:6:animate_led_reset_state	4	static
/Users/spud/Documents/GitHub/Spud_code_collection/STM32/stm32_workspace/fw_common/lib/animate_led/animate_led.c:125:6:animate_led_set_interrupt_flag	16	static
/Users/spud/Documents/GitHub/Spud_code_collection/STM32/stm32_workspace/fw_common/lib/animate_led/animate_led.c:131:6:animate_led_interrupt_flag	24	static
/Users/spud/Documents/GitHub/Spud_code_collection/STM32/stm32_workspace/fw_common/lib/animate_led/animate_led.c:139:6:animate_led_interrupt_flag_speed	8	static
/Users/spud/Documents/GitHub/Spud_code_collection/STM32/stm32_workspace/fw_common/lib/animate_led/animate_led.c:145:6:animate_led_interrupt_flag_state	8	static
/Users/spud/Documents/GitHub/Spud_code_collection/STM32/stm32_workspace/fw_common/lib/animate_led/animate_led.c:151:6:animate_led_interrupt_flag_color	8	static
/Users/spud/Documents/GitHub/Spud_code_collection/STM32/stm32_workspace/fw_common/lib/animate_led/animate_led.c:158:7:animate_led_speed_factor	16	static
/Users/spud/Documents/GitHub/Spud_code_collection/STM32/stm32_workspace/fw_common/lib/animate_led/animate_led.c:193:10:animate_led_delay_between_animations	16	static
/Users/spud/Documents/GitHub/Spud_code_collection/STM32/stm32_workspace/fw_common/lib/animate_led/animate_led.c:199:7:animate_led_delay_in_animations	16	static
/Users/spud/Documents/GitHub/Spud_code_collection/STM32/stm32_workspace/fw_common/lib/animate_led/animate_led.c:205:6:animate_led_adjust_speed	4	static
/Users/spud/Documents/GitHub/Spud_code_collection/STM32/stm32_workspace/fw_common/lib/animate_led/animate_led.c:212:6:animate_led_adjust_state	16	static
/Users/spud/Documents/GitHub/Spud_code_collection/STM32/stm32_workspace/fw_common/lib/animate_led/animate_led.c:225:6:animate_led_init	4	static
/Users/spud/Documents/GitHub/Spud_code_collection/STM32/stm32_workspace/fw_common/lib/animate_led/animate_led.c:239:13:animate_led_check_interrupts	32	static
/Users/spud/Documents/GitHub/Spud_code_collection/STM32/stm32_workspace/fw_common/lib/animate_led/animate_led.c:260:6:animate_led_reset_iterations	4	static
/Users/spud/Documents/GitHub/Spud_code_collection/STM32/stm32_workspace/fw_common/lib/animate_led/animate_led.c:266:6:animate_led_increment_iterations	4	static
/Users/spud/Documents/GitHub/Spud_code_collection/STM32/stm32_workspace/fw_common/lib/animate_led/animate_led.c:272:10:animate_led_iterations	4	static
/Users/spud/Documents/GitHub/Spud_code_collection/STM32/stm32_workspace/fw_common/lib/animate_led/animate_led.c:278:13:animate_led_state	4	static
/Users/spud/Documents/GitHub/Spud_code_collection/STM32/stm32_workspace/fw_common/lib/animate_led/animate_led.c:284:6:animate_led_show_strip	16	static
/Users/spud/Documents/GitHub/Spud_code_collection/STM32/stm32_workspace/fw_common/lib/animate_led/animate_led.c:290:13:animate_led_state_randomize	24	static
/Users/spud/Documents/GitHub/Spud_code_collection/STM32/stm32_workspace/fw_common/lib/animate_led/animate_led.c:319:6:animate_led_multiple_solid_custom_colors	40	static
/Users/spud/Documents/GitHub/Spud_code_collection/STM32/stm32_workspace/fw_common/lib/animate_led/animate_led.c:344:6:animate_led_solid_custom_color	24	static
/Users/spud/Documents/GitHub/Spud_code_collection/STM32/stm32_workspace/fw_common/lib/animate_led/animate_led.c:354:6:animate_led_turn_all_pixels_off	8	static
/Users/spud/Documents/GitHub/Spud_code_collection/STM32/stm32_workspace/fw_common/lib/animate_led/animate_led.c:360:6:animate_led_spell_and_sparkle	56	static
/Users/spud/Documents/GitHub/Spud_code_collection/STM32/stm32_workspace/fw_common/lib/animate_led/animate_led.c:386:6:animate_led_spell_and_solid_color	56	static
/Users/spud/Documents/GitHub/Spud_code_collection/STM32/stm32_workspace/fw_common/lib/animate_led/animate_led.c:410:6:animate_led_spell_word_multiple_colors	56	static
/Users/spud/Documents/GitHub/Spud_code_collection/STM32/stm32_workspace/fw_common/lib/animate_led/animate_led.c:441:6:animate_led_only_spell_word	48	static
/Users/spud/Documents/GitHub/Spud_code_collection/STM32/stm32_workspace/fw_common/lib/animate_led/animate_led.c:464:6:animate_led_fade_in_fade_out_multiple_colors	72	static
/Users/spud/Documents/GitHub/Spud_code_collection/STM32/stm32_workspace/fw_common/lib/animate_led/animate_led.c:510:6:animate_led_fade_in_fade_out	64	static
/Users/spud/Documents/GitHub/Spud_code_collection/STM32/stm32_workspace/fw_common/lib/animate_led/animate_led.c:545:6:animate_led_strobe	40	static
/Users/spud/Documents/GitHub/Spud_code_collection/STM32/stm32_workspace/fw_common/lib/animate_led/animate_led.c:570:6:animate_led_cyclone_bounce	64	static
/Users/spud/Documents/GitHub/Spud_code_collection/STM32/stm32_workspace/fw_common/lib/animate_led/animate_led.c:618:6:animate_led_center_to_outside	64	static
/Users/spud/Documents/GitHub/Spud_code_collection/STM32/stm32_workspace/fw_common/lib/animate_led/animate_led.c:647:6:animate_led_outside_to_center	64	static
/Users/spud/Documents/GitHub/Spud_code_collection/STM32/stm32_workspace/fw_common/lib/animate_led/animate_led.c:676:6:animate_led_left_to_right	56	static
/Users/spud/Documents/GitHub/Spud_code_collection/STM32/stm32_workspace/fw_common/lib/animate_led/animate_led.c:696:6:animate_led_right_to_left	56	static
/Users/spud/Documents/GitHub/Spud_code_collection/STM32/stm32_workspace/fw_common/lib/animate_led/animate_led.c:715:6:animate_led_new_kitt	24	static
/Users/spud/Documents/GitHub/Spud_code_collection/STM32/stm32_workspace/fw_common/lib/animate_led/animate_led.c:728:6:animate_led_twinkle_multiple_colors	64	static
/Users/spud/Documents/GitHub/Spud_code_collection/STM32/stm32_workspace/fw_common/lib/animate_led/animate_led.c:764:6:animate_led_twinkle	56	static
/Users/spud/Documents/GitHub/Spud_code_collection/STM32/stm32_workspace/fw_common/lib/animate_led/animate_led.c:788:6:animate_led_twinkle_random	48	static
/Users/spud/Documents/GitHub/Spud_code_collection/STM32/stm32_workspace/fw_common/lib/animate_led/animate_led.c:808:6:animate_led_sparkle_only_random_color	56	static
/Users/spud/Documents/GitHub/Spud_code_collection/STM32/stm32_workspace/fw_common/lib/animate_led/animate_led.c:824:6:animate_led_sparkle_random_color	48	static
/Users/spud/Documents/GitHub/Spud_code_collection/STM32/stm32_workspace/fw_common/lib/animate_led/animate_led.c:838:6:animate_led_sparkle	48	static
/Users/spud/Documents/GitHub/Spud_code_collection/STM32/stm32_workspace/fw_common/lib/animate_led/animate_led.c:853:6:animate_led_running_lights	72	static
/Users/spud/Documents/GitHub/Spud_code_collection/STM32/stm32_workspace/fw_common/lib/animate_led/animate_led.c:880:6:animate_led_color_wipe	48	static
/Users/spud/Documents/GitHub/Spud_code_collection/STM32/stm32_workspace/fw_common/lib/animate_led/animate_led.c:902:6:animate_led_rainbow_cycle	48	static
/Users/spud/Documents/GitHub/Spud_code_collection/STM32/stm32_workspace/fw_common/lib/animate_led/animate_led.c:927:10:animate_led_wheel	16	static
/Users/spud/Documents/GitHub/Spud_code_collection/STM32/stm32_workspace/fw_common/lib/animate_led/animate_led.c:954:6:animate_led_theater_chase_multiple_colors	72	static
/Users/spud/Documents/GitHub/Spud_code_collection/STM32/stm32_workspace/fw_common/lib/animate_led/animate_led.c:1008:6:animate_led_theater_chase	56	static
/Users/spud/Documents/GitHub/Spud_code_collection/STM32/stm32_workspace/fw_common/lib/animate_led/animate_led.c:1038:6:animate_led_theater_chase_rainbow	64	static
/Users/spud/Documents/GitHub/Spud_code_collection/STM32/stm32_workspace/fw_common/lib/animate_led/animate_led.c:1065:6:animate_led_bouncing_balls	216	dynamic
/Users/spud/Documents/GitHub/Spud_code_collection/STM32/stm32_workspace/fw_common/lib/animate_led/animate_led.c:1116:6:animate_led_meteor_rain	56	static
/Users/spud/Documents/GitHub/Spud_code_collection/STM32/stm32_workspace/fw_common/lib/animate_led/animate_led.c:1188:6:animate_led_fade_to_black	24	static
/Users/spud/Documents/GitHub/Spud_code_collection/STM32/stm32_workspace/fw_common/lib/animate_led/animate_led.c:1212:6:animate_led_set_pixel	40	static
/Users/spud/Documents/GitHub/Spud_code_collection/STM32/stm32_workspace/fw_common/lib/animate_led/animate_led.c:1240:6:animate_led_set_all_pixels	48	static
/Users/spud/Documents/GitHub/Spud_code_collection/STM32/stm32_workspace/fw_common/lib/animate_led/animate_led.c:1285:13:handle_count_color_delay	16	static
/Users/spud/Documents/GitHub/Spud_code_collection/STM32/stm32_workspace/fw_common/lib/animate_led/animate_led.c:1306:6:task_animate_led	40	static
