Archive member included to satisfy reference by file (symbol)

/Applications/STM32CubeIDE.app/Contents/Eclipse/plugins/com.st.stm32cube.ide.mcu.externaltools.gnu-tools-for-stm32.10.3-2021.10.macos64_1.0.0.202111181127/tools/bin/../lib/gcc/arm-none-eabi/10.3.1/../../../../arm-none-eabi/lib/thumb/v7e-m+fp/hard/libc_nano.a(lib_a-errno.o)
                              ./src/stm32_bloat/syscalls.o (__errno)
/Applications/STM32CubeIDE.app/Contents/Eclipse/plugins/com.st.stm32cube.ide.mcu.externaltools.gnu-tools-for-stm32.10.3-2021.10.macos64_1.0.0.202111181127/tools/bin/../lib/gcc/arm-none-eabi/10.3.1/../../../../arm-none-eabi/lib/thumb/v7e-m+fp/hard/libc_nano.a(lib_a-exit.o)
                              /Applications/STM32CubeIDE.app/Contents/Eclipse/plugins/com.st.stm32cube.ide.mcu.externaltools.gnu-tools-for-stm32.10.3-2021.10.macos64_1.0.0.202111181127/tools/bin/../lib/gcc/arm-none-eabi/10.3.1/../../../../arm-none-eabi/lib/thumb/v7e-m+fp/hard/crt0.o (exit)
/Applications/STM32CubeIDE.app/Contents/Eclipse/plugins/com.st.stm32cube.ide.mcu.externaltools.gnu-tools-for-stm32.10.3-2021.10.macos64_1.0.0.202111181127/tools/bin/../lib/gcc/arm-none-eabi/10.3.1/../../../../arm-none-eabi/lib/thumb/v7e-m+fp/hard/libc_nano.a(lib_a-impure.o)
                              /Applications/STM32CubeIDE.app/Contents/Eclipse/plugins/com.st.stm32cube.ide.mcu.externaltools.gnu-tools-for-stm32.10.3-2021.10.macos64_1.0.0.202111181127/tools/bin/../lib/gcc/arm-none-eabi/10.3.1/../../../../arm-none-eabi/lib/thumb/v7e-m+fp/hard/libc_nano.a(lib_a-exit.o) (_global_impure_ptr)
/Applications/STM32CubeIDE.app/Contents/Eclipse/plugins/com.st.stm32cube.ide.mcu.externaltools.gnu-tools-for-stm32.10.3-2021.10.macos64_1.0.0.202111181127/tools/bin/../lib/gcc/arm-none-eabi/10.3.1/../../../../arm-none-eabi/lib/thumb/v7e-m+fp/hard/libc_nano.a(lib_a-init.o)
                              /Applications/STM32CubeIDE.app/Contents/Eclipse/plugins/com.st.stm32cube.ide.mcu.externaltools.gnu-tools-for-stm32.10.3-2021.10.macos64_1.0.0.202111181127/tools/bin/../lib/gcc/arm-none-eabi/10.3.1/../../../../arm-none-eabi/lib/thumb/v7e-m+fp/hard/crt0.o (__libc_init_array)
/Applications/STM32CubeIDE.app/Contents/Eclipse/plugins/com.st.stm32cube.ide.mcu.externaltools.gnu-tools-for-stm32.10.3-2021.10.macos64_1.0.0.202111181127/tools/bin/../lib/gcc/arm-none-eabi/10.3.1/../../../../arm-none-eabi/lib/thumb/v7e-m+fp/hard/libc_nano.a(lib_a-malloc.o)
                              ./fw_common/lib/ws2812b_driver/ws2812b.o (malloc)
/Applications/STM32CubeIDE.app/Contents/Eclipse/plugins/com.st.stm32cube.ide.mcu.externaltools.gnu-tools-for-stm32.10.3-2021.10.macos64_1.0.0.202111181127/tools/bin/../lib/gcc/arm-none-eabi/10.3.1/../../../../arm-none-eabi/lib/thumb/v7e-m+fp/hard/libc_nano.a(lib_a-memcpy-stub.o)
                              ./sdk/FreeRTOS/Source/CMSIS_RTOS_V2/cmsis_os2.o (memcpy)
/Applications/STM32CubeIDE.app/Contents/Eclipse/plugins/com.st.stm32cube.ide.mcu.externaltools.gnu-tools-for-stm32.10.3-2021.10.macos64_1.0.0.202111181127/tools/bin/../lib/gcc/arm-none-eabi/10.3.1/../../../../arm-none-eabi/lib/thumb/v7e-m+fp/hard/libc_nano.a(lib_a-memset.o)
                              /Applications/STM32CubeIDE.app/Contents/Eclipse/plugins/com.st.stm32cube.ide.mcu.externaltools.gnu-tools-for-stm32.10.3-2021.10.macos64_1.0.0.202111181127/tools/bin/../lib/gcc/arm-none-eabi/10.3.1/../../../../arm-none-eabi/lib/thumb/v7e-m+fp/hard/crt0.o (memset)
/Applications/STM32CubeIDE.app/Contents/Eclipse/plugins/com.st.stm32cube.ide.mcu.externaltools.gnu-tools-for-stm32.10.3-2021.10.macos64_1.0.0.202111181127/tools/bin/../lib/gcc/arm-none-eabi/10.3.1/../../../../arm-none-eabi/lib/thumb/v7e-m+fp/hard/libc_nano.a(lib_a-nano-freer.o)
                              /Applications/STM32CubeIDE.app/Contents/Eclipse/plugins/com.st.stm32cube.ide.mcu.externaltools.gnu-tools-for-stm32.10.3-2021.10.macos64_1.0.0.202111181127/tools/bin/../lib/gcc/arm-none-eabi/10.3.1/../../../../arm-none-eabi/lib/thumb/v7e-m+fp/hard/libc_nano.a(lib_a-malloc.o) (_free_r)
/Applications/STM32CubeIDE.app/Contents/Eclipse/plugins/com.st.stm32cube.ide.mcu.externaltools.gnu-tools-for-stm32.10.3-2021.10.macos64_1.0.0.202111181127/tools/bin/../lib/gcc/arm-none-eabi/10.3.1/../../../../arm-none-eabi/lib/thumb/v7e-m+fp/hard/libc_nano.a(lib_a-nano-mallocr.o)
                              /Applications/STM32CubeIDE.app/Contents/Eclipse/plugins/com.st.stm32cube.ide.mcu.externaltools.gnu-tools-for-stm32.10.3-2021.10.macos64_1.0.0.202111181127/tools/bin/../lib/gcc/arm-none-eabi/10.3.1/../../../../arm-none-eabi/lib/thumb/v7e-m+fp/hard/libc_nano.a(lib_a-malloc.o) (_malloc_r)
/Applications/STM32CubeIDE.app/Contents/Eclipse/plugins/com.st.stm32cube.ide.mcu.externaltools.gnu-tools-for-stm32.10.3-2021.10.macos64_1.0.0.202111181127/tools/bin/../lib/gcc/arm-none-eabi/10.3.1/../../../../arm-none-eabi/lib/thumb/v7e-m+fp/hard/libc_nano.a(lib_a-rand.o)
                              ./src/bsp/board_init_common.o (srand)
[...]
Memory Configuration

Name             Origin             Length             Attributes
RAM              0x0000000020000000 0x0000000000010000 xrw
FLASH            0x0000000008000000 0x0000000000040000 xr
*default*        0x0000000000000000 0xffffffffffffffff

Linker script and memory map

LOAD /Applications/STM32CubeIDE.app/Contents/Eclipse/plugins/com.st.stm32cube.ide.mcu.externaltools.gnu-tools-for-stm32.10.3-2021.10.macos64_1.0.0.202111181127/tools/bin/../lib/gcc/arm-none-eabi/10.3.1/thumb/v7e-m+fp/hard/crti.o
LOAD /Applications/STM32CubeIDE.app/Contents/Eclipse/plugins/com.st.stm32cube.ide.mcu.externaltools.gnu-tools-for-stm32.10.3-2021.10.macos64_1.0.0.202111181127/tools/bin/../lib/gcc/arm-none-eabi/10.3.1/thumb/v7e-m+fp/hard/crtbegin.o
LOAD /Applications/STM32CubeIDE.app/Contents/Eclipse/plugins/com.st.stm32cube.ide.mcu.externaltools.gnu-tools-for-stm32.10.3-2021.10.macos64_1.0.0.202111181127/tools/bin/../lib/gcc/arm-none-eabi/10.3.1/../../../../arm-none-eabi/lib/thumb/v7e-m+fp/hard/crt0.o
LOAD ./fw_common/lib/adafruit_soundboard/adafruit_soundboard.o
LOAD ./fw_common/lib/animate_led/animate_led.o
LOAD ./fw_common/lib/color_led/color_led.o
LOAD ./fw_common/lib/current_monitor/current_monitor.o
LOAD ./fw_common/lib/semaphore/semaphore_create.o
LOAD ./fw_common/lib/task/task_button_press.o
LOAD ./fw_common/lib/task/task_led_ctrl.o
LOAD ./fw_common/lib/task/task_mn_wild.o
LOAD ./fw_common/lib/ws2812b_driver/ws2812b.o
LOAD ./sdk/FreeRTOS/Source/CMSIS_RTOS_V2/cmsis_os2.o
LOAD ./sdk/FreeRTOS/Source/croutine.o
LOAD ./sdk/FreeRTOS/Source/event_groups.o
LOAD ./sdk/FreeRTOS/Source/list.o
LOAD ./sdk/FreeRTOS/Source/queue.o
LOAD ./sdk/FreeRTOS/Source/stream_buffer.o
LOAD ./sdk/FreeRTOS/Source/tasks.o
LOAD ./sdk/FreeRTOS/Source/timers.o
LOAD ./sdk/FreeRTOS/Source/portable/GCC/ARM_CM4F/port.o
LOAD ./sdk/FreeRTOS/Source/portable/MemMang/heap_4.o
LOAD ./sdk/STM32L4xx_HAL_Driver/Src/stm32l4xx_hal.o
LOAD ./sdk/STM32L4xx_HAL_Driver/Src/stm32l4xx_hal_cortex.o
LOAD ./sdk/STM32L4xx_HAL_Driver/Src/stm32l4xx_hal_dma.o
LOAD ./sdk/STM32L4xx_HAL_Driver/Src/stm32l4xx_hal_dma_ex.o
LOAD ./sdk/STM32L4xx_HAL_Driver/Src/stm32l4xx_hal_exti.o
LOAD ./sdk/STM32L4xx_HAL_Driver/Src/stm32l4xx_hal_flash.o
LOAD ./sdk/STM32L4xx_HAL_Driver/Src/stm32l4xx_hal_flash_ex.o
LOAD ./sdk/STM32L4xx_HAL_Driver/Src/stm32l4xx_hal_flash_ramfunc.o
LOAD ./sdk/STM32L4xx_HAL_Driver/Src/stm32l4xx_hal_gpio.o
LOAD ./sdk/STM32L4xx_HAL_Driver/Src/stm32l4xx_hal_i2c.o
LOAD ./sdk/STM32L4xx_HAL_Driver/Src/stm32l4xx_hal_i2c_ex.o
LOAD ./sdk/STM32L4xx_HAL_Driver/Src/stm32l4xx_hal_pwr.o
LOAD ./sdk/STM32L4xx_HAL_Driver/Src/stm32l4xx_hal_pwr_ex.o
LOAD ./sdk/STM32L4xx_HAL_Driver/Src/stm32l4xx_hal_rcc.o
LOAD ./sdk/STM32L4xx_HAL_Driver/Src/stm32l4xx_hal_rcc_ex.o
LOAD ./sdk/STM32L4xx_HAL_Driver/Src/stm32l4xx_hal_rtc.o
LOAD ./sdk/STM32L4xx_HAL_Driver/Src/stm32l4xx_hal_rtc_ex.o
LOAD ./sdk/STM32L4xx_HAL_Driver/Src/stm32l4xx_hal_tim.o
LOAD ./sdk/STM32L4xx_HAL_Driver/Src/stm32l4xx_hal_tim_ex.o
LOAD ./src/bsp/board_init_common.o
LOAD ./src/bsp/board_specific/board_init_mn_wild/board_init_mn_wild.o
LOAD ./src/main.o
LOAD ./src/numbers.o
LOAD ./src/task_create.o
LOAD ./src/task_dma_transfer.o
LOAD ./src/stm32_bloat/stm32l4xx_hal_msp.o
LOAD ./src/stm32_bloat/stm32l4xx_it.o
LOAD ./src/stm32_bloat/syscalls.o
LOAD ./src/stm32_bloat/sysmem.o
LOAD ./src/stm32_bloat/system_stm32l4xx.o
LOAD ./startup/startup_stm32l431rctx.o
START GROUP
LOAD /Applications/STM32CubeIDE.app/Contents/Eclipse/plugins/com.st.stm32cube.ide.mcu.externaltools.gnu-tools-for-stm32.10.3-2021.10.macos64_1.0.0.202111181127/tools/bin/../lib/gcc/arm-none-eabi/10.3.1/../../../../arm-none-eabi/lib/thumb/v7e-m+fp/hard/libc_nano.a
LOAD /Applications/STM32CubeIDE.app/Contents/Eclipse/plugins/com.st.stm32cube.ide.mcu.externaltools.gnu-tools-for-stm32.10.3-2021.10.macos64_1.0.0.202111181127/tools/bin/../lib/gcc/arm-none-eabi/10.3.1/../../../../arm-none-eabi/lib/thumb/v7e-m+fp/hard/libm.a
END GROUP
START GROUP
LOAD /Applications/STM32CubeIDE.app/Contents/Eclipse/plugins/com.st.stm32cube.ide.mcu.externaltools.gnu-tools-for-stm32.10.3-2021.10.macos64_1.0.0.202111181127/tools/bin/../lib/gcc/arm-none-eabi/10.3.1/thumb/v7e-m+fp/hard/libgcc.a
LOAD /Applications/STM32CubeIDE.app/Contents/Eclipse/plugins/com.st.stm32cube.ide.mcu.externaltools.gnu-tools-for-stm32.10.3-2021.10.macos64_1.0.0.202111181127/tools/bin/../lib/gcc/arm-none-eabi/10.3.1/../../../../arm-none-eabi/lib/thumb/v7e-m+fp/hard/libc_nano.a
END GROUP
START GROUP
LOAD /Applications/STM32CubeIDE.app/Contents/Eclipse/plugins/com.st.stm32cube.ide.mcu.externaltools.gnu-tools-for-stm32.10.3-2021.10.macos64_1.0.0.202111181127/tools/bin/../lib/gcc/arm-none-eabi/10.3.1/thumb/v7e-m+fp/hard/libgcc.a
LOAD /Applications/STM32CubeIDE.app/Contents/Eclipse/plugins/com.st.stm32cube.ide.mcu.externaltools.gnu-tools-for-stm32.10.3-2021.10.macos64_1.0.0.202111181127/tools/bin/../lib/gcc/arm-none-eabi/10.3.1/../../../../arm-none-eabi/lib/thumb/v7e-m+fp/hard/libc_nano.a
LOAD /Applications/STM32CubeIDE.app/Contents/Eclipse/plugins/com.st.stm32cube.ide.mcu.externaltools.gnu-tools-for-stm32.10.3-2021.10.macos64_1.0.0.202111181127/tools/bin/../lib/gcc/arm-none-eabi/10.3.1/../../../../arm-none-eabi/lib/thumb/v7e-m+fp/hard/libnosys.a
END GROUP
START GROUP
LOAD /Applications/STM32CubeIDE.app/Contents/Eclipse/plugins/com.st.stm32cube.ide.mcu.externaltools.gnu-tools-for-stm32.10.3-2021.10.macos64_1.0.0.202111181127/tools/bin/../lib/gcc/arm-none-eabi/10.3.1/thumb/v7e-m+fp/hard/libgcc.a
LOAD /Applications/STM32CubeIDE.app/Contents/Eclipse/plugins/com.st.stm32cube.ide.mcu.externaltools.gnu-tools-for-stm32.10.3-2021.10.macos64_1.0.0.202111181127/tools/bin/../lib/gcc/arm-none-eabi/10.3.1/../../../../arm-none-eabi/lib/thumb/v7e-m+fp/hard/libc_nano.a
LOAD /Applications/STM32CubeIDE.app/Contents/Eclipse/plugins/com.st.stm32cube.ide.mcu.externaltools.gnu-tools-for-stm32.10.3-2021.10.macos64_1.0.0.202111181127/tools/bin/../lib/gcc/arm-none-eabi/10.3.1/../../../../arm-none-eabi/lib/thumb/v7e-m+fp/hard/libnosys.a
END GROUP
LOAD /Applications/STM32CubeIDE.app/Contents/Eclipse/plugins/com.st.stm32cube.ide.mcu.externaltools.gnu-tools-for-stm32.10.3-2021.10.macos64_1.0.0.202111181127/tools/bin/../lib/gcc/arm-none-eabi/10.3.1/thumb/v7e-m+fp/hard/crtend.o
LOAD /Applications/STM32CubeIDE.app/Contents/Eclipse/plugins/com.st.stm32cube.ide.mcu.externaltools.gnu-tools-for-stm32.10.3-2021.10.macos64_1.0.0.202111181127/tools/bin/../lib/gcc/arm-none-eabi/10.3.1/thumb/v7e-m+fp/hard/crtn.o
                0x0000000020010000                _estack = (ORIGIN (RAM) + LENGTH (RAM))
                0x0000000000000200                _Min_Heap_Size = 0x200
                0x0000000000000400                _Min_Stack_Size = 0x400

.isr_vector     0x0000000008000000      0x18c
                0x0000000008000000                . = ALIGN (0x4)
 *(.isr_vector)
 .isr_vector    0x0000000008000000      0x18c ./startup/startup_stm32l431rctx.o
                0x0000000008000000                g_pfnVectors
                0x000000000800018c                . = ALIGN (0x4)

.text           0x0000000008000190     0x6eec
                0x0000000008000190                . = ALIGN (0x4)
 *(.text)
 .text          0x0000000008000190       0x40 /Applications/STM32CubeIDE.app/Contents/Eclipse/plugins/com.st.stm32cube.ide.mcu.externaltools.gnu-tools-for-stm32.10.3-2021.10.macos64_1.0.0.202111181127/tools/bin/../lib/gcc/arm-none-eabi/10.3.1/thumb/v7e-m+fp/hard/crtbegin.o
 .text          0x00000000080001d0       0xa0 /Applications/STM32CubeIDE.app/Contents/Eclipse/plugins/com.st.stm32cube.ide.mcu.externaltools.gnu-tools-for-stm32.10.3-2021.10.macos64_1.0.0.202111181127/tools/bin/../lib/gcc/arm-none-eabi/10.3.1/../../../../arm-none-eabi/lib/thumb/v7e-m+fp/hard/libc_nano.a(lib_a-memchr.o)
                0x00000000080001d0                memchr
 *(.text*)
 .text.adafruit_soundboard_power_enable_disable
                0x0000000008000270       0x1a ./fw_common/lib/adafruit_soundboard/adafruit_soundboard.o
 .text.adafruit_soundboard_trigger_enable_disable
                0x000000000800028a       0x24 ./fw_common/lib/adafruit_soundboard/adafruit_soundboard.o
 .text.adafruit_soundboard_reset_enable_disable
                0x00000000080002ae       0x1a ./fw_common/lib/adafruit_soundboard/adafruit_soundboard.o
 .text.adafruit_soundboard_mode
                0x00000000080002c8       0x2a ./fw_common/lib/adafruit_soundboard/adafruit_soundboard.o
 .text.adafruit_soundboard_adjust_volume
                0x00000000080002f2       0x2c ./fw_common/lib/adafruit_soundboard/adafruit_soundboard.o
 .text.adafruit_soundboard_enable_disable_relay
                0x000000000800031e       0x30 ./fw_common/lib/adafruit_soundboard/adafruit_soundboard.o
 .text.adafruit_soundboard_init
                0x000000000800034e       0x46 ./fw_common/lib/adafruit_soundboard/adafruit_soundboard.o
                0x000000000800034e                adafruit_soundboard_init
 .text.adafruit_soundboard_power_enable
                0x0000000008000394        0xe ./fw_common/lib/adafruit_soundboard/adafruit_soundboard.o
                0x0000000008000394                adafruit_soundboard_power_enable
 .text.adafruit_soundboard_trigger_enable
                0x00000000080003a2       0x1c ./fw_common/lib/adafruit_soundboard/adafruit_soundboard.o
                0x00000000080003a2                adafruit_soundboard_trigger_enable
 .text.adafruit_soundboard_trigger_disable
                0x00000000080003be       0x1c ./fw_common/lib/adafruit_soundboard/adafruit_soundboard.o
                0x00000000080003be                adafruit_soundboard_trigger_disable
 .text.adafruit_soundboard_reset_enable
                0x00000000080003da        0xe ./fw_common/lib/adafruit_soundboard/adafruit_soundboard.o
                0x00000000080003da                adafruit_soundboard_reset_enable
 .text.adafruit_soundboard_reset_disable
                0x00000000080003e8        0xe ./fw_common/lib/adafruit_soundboard/adafruit_soundboard.o
                0x00000000080003e8                adafruit_soundboard_reset_disable
 .text.adafruit_soundboard_is_playing_audio
                0x00000000080003f6        0xe ./fw_common/lib/adafruit_soundboard/adafruit_soundboard.o
                0x00000000080003f6                adafruit_soundboard_is_playing_audio
 .text.adafruit_soundboard_enable_gpio_mode
                0x0000000008000404        0xe ./fw_common/lib/adafruit_soundboard/adafruit_soundboard.o
                0x0000000008000404                adafruit_soundboard_enable_gpio_mode
 .text.adafruit_soundboard_enable_relay
                0x0000000008000412       0x1c ./fw_common/lib/adafruit_soundboard/adafruit_soundboard.o
                0x0000000008000412                adafruit_soundboard_enable_relay
 .text.adafruit_soundboard_disable_relay
                0x000000000800042e       0x1c ./fw_common/lib/adafruit_soundboard/adafruit_soundboard.o
                0x000000000800042e                adafruit_soundboard_disable_relay
 .text.task_mn_wild_init
                0x000000000800044a       0x3a ./fw_common/lib/task/task_mn_wild.o
 .text.task_mn_wild_state
                0x0000000008000484       0x18 ./fw_common/lib/task/task_mn_wild.o
                0x0000000008000484                task_mn_wild_state
 .text.task_mn_wild_enter_idle
                0x000000000800049c       0x18 ./fw_common/lib/task/task_mn_wild.o
                0x000000000800049c                task_mn_wild_enter_idle
 .text.task_mn_wild_play_sound
                0x00000000080004b4       0x20 ./fw_common/lib/task/task_mn_wild.o
 .text.task_mn_wild
                0x00000000080004d4       0x84 ./fw_common/lib/task/task_mn_wild.o
                0x00000000080004d4                task_mn_wild
 .text.__NVIC_SetPriority
                0x0000000008000558       0x54 ./sdk/FreeRTOS/Source/CMSIS_RTOS_V2/cmsis_os2.o
 .text.SysTick_Handler
                0x00000000080005ac       0x20 ./sdk/FreeRTOS/Source/CMSIS_RTOS_V2/cmsis_os2.o
                0x00000000080005ac                SysTick_Handler
 .text.SVC_Setup
                0x00000000080005cc       0x12 ./sdk/FreeRTOS/Source/CMSIS_RTOS_V2/cmsis_os2.o
 *fill*         0x00000000080005de        0x2 
 .text.osKernelInitialize
                0x00000000080005e0       0x48 ./sdk/FreeRTOS/Source/CMSIS_RTOS_V2/cmsis_os2.o
                0x00000000080005e0                osKernelInitialize
 .text.osKernelStart
                0x0000000008000628       0x4c ./sdk/FreeRTOS/Source/CMSIS_RTOS_V2/cmsis_os2.o
                0x0000000008000628                osKernelStart
 .text.osThreadNew
                0x0000000008000674      0x124 ./sdk/FreeRTOS/Source/CMSIS_RTOS_V2/cmsis_os2.o
                0x0000000008000674                osThreadNew
 .text.osDelay  0x0000000008000798       0x36 ./sdk/FreeRTOS/Source/CMSIS_RTOS_V2/cmsis_os2.o
                0x0000000008000798                osDelay
 *fill*         0x00000000080007ce        0x2 
 .text.vApplicationGetIdleTaskMemory
                0x00000000080007d0       0x34 ./sdk/FreeRTOS/Source/CMSIS_RTOS_V2/cmsis_os2.o
                0x00000000080007d0                vApplicationGetIdleTaskMemory
 .text.vApplicationGetTimerTaskMemory
                0x0000000008000804       0x34 ./sdk/FreeRTOS/Source/CMSIS_RTOS_V2/cmsis_os2.o
                0x0000000008000804                vApplicationGetTimerTaskMemory
 .text.vListInitialise
                0x0000000008000838       0x40 ./sdk/FreeRTOS/Source/list.o
                0x0000000008000838                vListInitialise
 .text.vListInitialiseItem
                0x0000000008000878       0x1a ./sdk/FreeRTOS/Source/list.o
                0x0000000008000878                vListInitialiseItem
 .text.vListInsertEnd
                0x0000000008000892       0x48 ./sdk/FreeRTOS/Source/list.o
                0x0000000008000892                vListInsertEnd
 .text.vListInsert
                0x00000000080008da       0x72 ./sdk/FreeRTOS/Source/list.o
                0x00000000080008da                vListInsert
 .text.uxListRemove
                0x000000000800094c       0x54 ./sdk/FreeRTOS/Source/list.o
                0x000000000800094c                uxListRemove
 .text.xQueueGenericReset
                0x00000000080009a0       0xd0 ./sdk/FreeRTOS/Source/queue.o
                0x00000000080009a0                xQueueGenericReset
 .text.xQueueGenericCreateStatic
                0x0000000008000a70       0xf0 ./sdk/FreeRTOS/Source/queue.o
                0x0000000008000a70                xQueueGenericCreateStatic
 .text.prvInitialiseNewQueue
                0x0000000008000b60       0x46 ./sdk/FreeRTOS/Source/queue.o
 *fill*         0x0000000008000ba6        0x2 
 .text.xQueueGenericSend
                0x0000000008000ba8      0x1fc ./sdk/FreeRTOS/Source/queue.o
                0x0000000008000ba8                xQueueGenericSend
 .text.xQueueGenericSendFromISR
                0x0000000008000da4      0x136 ./sdk/FreeRTOS/Source/queue.o
                0x0000000008000da4                xQueueGenericSendFromISR
 *fill*         0x0000000008000eda        0x2 
 .text.xQueueReceive
                0x0000000008000edc      0x1c0 ./sdk/FreeRTOS/Source/queue.o
                0x0000000008000edc                xQueueReceive
 .text.prvCopyDataToQueue
                0x000000000800109c       0xd4 ./sdk/FreeRTOS/Source/queue.o
 .text.prvCopyDataFromQueue
                0x0000000008001170       0x4c ./sdk/FreeRTOS/Source/queue.o
 .text.prvUnlockQueue
                0x00000000080011bc       0xa4 ./sdk/FreeRTOS/Source/queue.o
 .text.prvIsQueueEmpty
                0x0000000008001260       0x2c ./sdk/FreeRTOS/Source/queue.o
 .text.prvIsQueueFull
                0x000000000800128c       0x30 ./sdk/FreeRTOS/Source/queue.o
 .text.vQueueAddToRegistry
                0x00000000080012bc       0x54 ./sdk/FreeRTOS/Source/queue.o
                0x00000000080012bc                vQueueAddToRegistry
 .text.vQueueWaitForMessageRestricted
                0x0000000008001310       0x68 ./sdk/FreeRTOS/Source/queue.o
                0x0000000008001310                vQueueWaitForMessageRestricted
 .text.xTaskCreateStatic
                0x0000000008001378       0xba ./sdk/FreeRTOS/Source/tasks.o
                0x0000000008001378                xTaskCreateStatic
 .text.xTaskCreate
                0x0000000008001432       0x8a ./sdk/FreeRTOS/Source/tasks.o
                0x0000000008001432                xTaskCreate
 .text.prvInitialiseNewTask
                0x00000000080014bc      0x11e ./sdk/FreeRTOS/Source/tasks.o
 *fill*         0x00000000080015da        0x2 
 .text.prvAddNewTaskToReadyList
                0x00000000080015dc       0xe0 ./sdk/FreeRTOS/Source/tasks.o
 .text.vTaskDelay
                0x00000000080016bc       0x68 ./sdk/FreeRTOS/Source/tasks.o
                0x00000000080016bc                vTaskDelay
 .text.vTaskStartScheduler
                0x0000000008001724       0xcc ./sdk/FreeRTOS/Source/tasks.o
                0x0000000008001724                vTaskStartScheduler
 .text.vTaskSuspendAll
                0x00000000080017f0       0x1c ./sdk/FreeRTOS/Source/tasks.o
                0x00000000080017f0                vTaskSuspendAll
 .text.xTaskResumeAll
                0x000000000800180c      0x13c ./sdk/FreeRTOS/Source/tasks.o
                0x000000000800180c                xTaskResumeAll
 .text.xTaskGetTickCount
                0x0000000008001948       0x20 ./sdk/FreeRTOS/Source/tasks.o
                0x0000000008001948                xTaskGetTickCount
 .text.xTaskIncrementTick
                0x0000000008001968      0x174 ./sdk/FreeRTOS/Source/tasks.o
                0x0000000008001968                xTaskIncrementTick
 .text.vTaskSwitchContext
                0x0000000008001adc       0xbc ./sdk/FreeRTOS/Source/tasks.o
                0x0000000008001adc                vTaskSwitchContext
 .text.vTaskPlaceOnEventList
                0x0000000008001b98       0x48 ./sdk/FreeRTOS/Source/tasks.o
                0x0000000008001b98                vTaskPlaceOnEventList
 .text.vTaskPlaceOnEventListRestricted
                0x0000000008001be0       0x58 ./sdk/FreeRTOS/Source/tasks.o
                0x0000000008001be0                vTaskPlaceOnEventListRestricted
 .text.xTaskRemoveFromEventList
                0x0000000008001c38       0xc8 ./sdk/FreeRTOS/Source/tasks.o
                0x0000000008001c38                xTaskRemoveFromEventList
 .text.vTaskInternalSetTimeOutState
                0x0000000008001d00       0x2c ./sdk/FreeRTOS/Source/tasks.o
                0x0000000008001d00                vTaskInternalSetTimeOutState
 .text.xTaskCheckForTimeOut
                0x0000000008001d2c       0xc4 ./sdk/FreeRTOS/Source/tasks.o
                0x0000000008001d2c                xTaskCheckForTimeOut
 .text.vTaskMissedYield
                0x0000000008001df0       0x18 ./sdk/FreeRTOS/Source/tasks.o
                0x0000000008001df0                vTaskMissedYield
 .text.prvIdleTask
                0x0000000008001e08       0x30 ./sdk/FreeRTOS/Source/tasks.o
 .text.prvInitialiseTaskLists
                0x0000000008001e38       0x80 ./sdk/FreeRTOS/Source/tasks.o
 .text.prvCheckTasksWaitingTermination
                0x0000000008001eb8       0x5c ./sdk/FreeRTOS/Source/tasks.o
 .text.prvDeleteTCB
                0x0000000008001f14       0x5e ./sdk/FreeRTOS/Source/tasks.o
 *fill*         0x0000000008001f72        0x2 
 .text.prvResetNextTaskUnblockTime
                0x0000000008001f74       0x40 ./sdk/FreeRTOS/Source/tasks.o
 .text.xTaskGetSchedulerState
                0x0000000008001fb4       0x3c ./sdk/FreeRTOS/Source/tasks.o
                0x0000000008001fb4                xTaskGetSchedulerState
 .text.xTaskPriorityDisinherit
                0x0000000008001ff0       0xdc ./sdk/FreeRTOS/Source/tasks.o
                0x0000000008001ff0                xTaskPriorityDisinherit
 .text.xTaskNotifyWait
                0x00000000080020cc       0xb4 ./sdk/FreeRTOS/Source/tasks.o
                0x00000000080020cc                xTaskNotifyWait
 .text.xTaskGenericNotifyFromISR
                0x0000000008002180      0x1b8 ./sdk/FreeRTOS/Source/tasks.o
                0x0000000008002180                xTaskGenericNotifyFromISR
 .text.prvAddCurrentTaskToDelayedList
                0x0000000008002338       0xa8 ./sdk/FreeRTOS/Source/tasks.o
 .text.xTimerCreateTimerTask
                0x00000000080023e0       0x90 ./sdk/FreeRTOS/Source/timers.o
                0x00000000080023e0                xTimerCreateTimerTask
 .text.xTimerGenericCommand
                0x0000000008002470       0x9c ./sdk/FreeRTOS/Source/timers.o
                0x0000000008002470                xTimerGenericCommand
 .text.prvProcessExpiredTimer
                0x000000000800250c       0x98 ./sdk/FreeRTOS/Source/timers.o
 .text.prvTimerTask
                0x00000000080025a4       0x24 ./sdk/FreeRTOS/Source/timers.o
 .text.prvProcessTimerOrBlockTask
                0x00000000080025c8       0x9c ./sdk/FreeRTOS/Source/timers.o
 .text.prvGetNextExpireTime
                0x0000000008002664       0x48 ./sdk/FreeRTOS/Source/timers.o
 .text.prvSampleTimeNow
                0x00000000080026ac       0x40 ./sdk/FreeRTOS/Source/timers.o
 .text.prvInsertTimerInActiveList
                0x00000000080026ec       0x84 ./sdk/FreeRTOS/Source/timers.o
 .text.prvProcessReceivedCommands
                0x0000000008002770      0x1c4 ./sdk/FreeRTOS/Source/timers.o
 .text.prvSwitchTimerLists
                0x0000000008002934       0xc8 ./sdk/FreeRTOS/Source/timers.o
 .text.prvCheckForValidListAndQueue
                0x00000000080029fc       0x80 ./sdk/FreeRTOS/Source/timers.o
 .text.pxPortInitialiseStack
                0x0000000008002a7c       0x68 ./sdk/FreeRTOS/Source/portable/GCC/ARM_CM4F/port.o
                0x0000000008002a7c                pxPortInitialiseStack
 .text.prvTaskExitError
                0x0000000008002ae4       0x58 ./sdk/FreeRTOS/Source/portable/GCC/ARM_CM4F/port.o
 *fill*         0x0000000008002b3c        0x4 
 .text.SVC_Handler
                0x0000000008002b40       0x28 ./sdk/FreeRTOS/Source/portable/GCC/ARM_CM4F/port.o
                0x0000000008002b40                SVC_Handler
 .text.prvPortStartFirstTask
                0x0000000008002b68       0x28 ./sdk/FreeRTOS/Source/portable/GCC/ARM_CM4F/port.o
 .text.xPortStartScheduler
                0x0000000008002b90      0x144 ./sdk/FreeRTOS/Source/portable/GCC/ARM_CM4F/port.o
                0x0000000008002b90                xPortStartScheduler
 .text.vPortEnterCritical
                0x0000000008002cd4       0x60 ./sdk/FreeRTOS/Source/portable/GCC/ARM_CM4F/port.o
                0x0000000008002cd4                vPortEnterCritical
 .text.vPortExitCritical
                0x0000000008002d34       0x54 ./sdk/FreeRTOS/Source/portable/GCC/ARM_CM4F/port.o
                0x0000000008002d34                vPortExitCritical
 *fill*         0x0000000008002d88        0x8 
 .text.PendSV_Handler
                0x0000000008002d90       0x68 ./sdk/FreeRTOS/Source/portable/GCC/ARM_CM4F/port.o
                0x0000000008002d90                PendSV_Handler
 .text.xPortSysTickHandler
                0x0000000008002df8       0x44 ./sdk/FreeRTOS/Source/portable/GCC/ARM_CM4F/port.o
                0x0000000008002df8                xPortSysTickHandler
 .text.vPortSetupTimerInterrupt
                0x0000000008002e3c       0x48 ./sdk/FreeRTOS/Source/portable/GCC/ARM_CM4F/port.o
                0x0000000008002e3c                vPortSetupTimerInterrupt
 .text.vPortEnableVFP
                0x0000000008002e84       0x14 ./sdk/FreeRTOS/Source/portable/GCC/ARM_CM4F/port.o
 .text.vPortValidateInterruptPriority
                0x0000000008002e98       0x80 ./sdk/FreeRTOS/Source/portable/GCC/ARM_CM4F/port.o
                0x0000000008002e98                vPortValidateInterruptPriority
 .text.pvPortMalloc
                0x0000000008002f18      0x198 ./sdk/FreeRTOS/Source/portable/MemMang/heap_4.o
                0x0000000008002f18                pvPortMalloc
 .text.vPortFree
                0x00000000080030b0       0xc4 ./sdk/FreeRTOS/Source/portable/MemMang/heap_4.o
                0x00000000080030b0                vPortFree
 .text.prvHeapInit
                0x0000000008003174       0xc4 ./sdk/FreeRTOS/Source/portable/MemMang/heap_4.o
 .text.prvInsertBlockIntoFreeList
                0x0000000008003238       0xb4 ./sdk/FreeRTOS/Source/portable/MemMang/heap_4.o
 .text.HAL_Init
                0x00000000080032ec       0x30 ./sdk/STM32L4xx_HAL_Driver/Src/stm32l4xx_hal.o
                0x00000000080032ec                HAL_Init
 .text.HAL_InitTick
                0x000000000800331c       0x78 ./sdk/STM32L4xx_HAL_Driver/Src/stm32l4xx_hal.o
                0x000000000800331c                HAL_InitTick
 .text.HAL_GetTick
                0x0000000008003394       0x18 ./sdk/STM32L4xx_HAL_Driver/Src/stm32l4xx_hal.o
                0x0000000008003394                HAL_GetTick
 .text.HAL_Delay
                0x00000000080033ac       0x48 ./sdk/STM32L4xx_HAL_Driver/Src/stm32l4xx_hal.o
                0x00000000080033ac                HAL_Delay
 .text.__NVIC_SetPriorityGrouping
                0x00000000080033f4       0x48 ./sdk/STM32L4xx_HAL_Driver/Src/stm32l4xx_hal_cortex.o
 .text.__NVIC_GetPriorityGrouping
                0x000000000800343c       0x1c ./sdk/STM32L4xx_HAL_Driver/Src/stm32l4xx_hal_cortex.o
 .text.__NVIC_EnableIRQ
                0x0000000008003458       0x3c ./sdk/STM32L4xx_HAL_Driver/Src/stm32l4xx_hal_cortex.o
 .text.__NVIC_SetPriority
                0x0000000008003494       0x54 ./sdk/STM32L4xx_HAL_Driver/Src/stm32l4xx_hal_cortex.o
 .text.NVIC_EncodePriority
                0x00000000080034e8       0x66 ./sdk/STM32L4xx_HAL_Driver/Src/stm32l4xx_hal_cortex.o
 *fill*         0x000000000800354e        0x2 
 .text.SysTick_Config
                0x0000000008003550       0x44 ./sdk/STM32L4xx_HAL_Driver/Src/stm32l4xx_hal_cortex.o
 .text.HAL_NVIC_SetPriorityGrouping
                0x0000000008003594       0x16 ./sdk/STM32L4xx_HAL_Driver/Src/stm32l4xx_hal_cortex.o
                0x0000000008003594                HAL_NVIC_SetPriorityGrouping
 .text.HAL_NVIC_SetPriority
                0x00000000080035aa       0x38 ./sdk/STM32L4xx_HAL_Driver/Src/stm32l4xx_hal_cortex.o
                0x00000000080035aa                HAL_NVIC_SetPriority
 .text.HAL_NVIC_EnableIRQ
                0x00000000080035e2       0x1c ./sdk/STM32L4xx_HAL_Driver/Src/stm32l4xx_hal_cortex.o
                0x00000000080035e2                HAL_NVIC_EnableIRQ
 .text.HAL_SYSTICK_Config
                0x00000000080035fe       0x18 ./sdk/STM32L4xx_HAL_Driver/Src/stm32l4xx_hal_cortex.o
                0x00000000080035fe                HAL_SYSTICK_Config
 .text.HAL_DMA_IRQHandler
                0x0000000008003616      0x15e ./sdk/STM32L4xx_HAL_Driver/Src/stm32l4xx_hal_dma.o
                0x0000000008003616                HAL_DMA_IRQHandler
 .text.HAL_GPIO_Init
                0x0000000008003774      0x2f4 ./sdk/STM32L4xx_HAL_Driver/Src/stm32l4xx_hal_gpio.o
                0x0000000008003774                HAL_GPIO_Init
 .text.HAL_GPIO_ReadPin
                0x0000000008003a68       0x30 ./sdk/STM32L4xx_HAL_Driver/Src/stm32l4xx_hal_gpio.o
                0x0000000008003a68                HAL_GPIO_ReadPin
 .text.HAL_GPIO_WritePin
                0x0000000008003a98       0x30 ./sdk/STM32L4xx_HAL_Driver/Src/stm32l4xx_hal_gpio.o
                0x0000000008003a98                HAL_GPIO_WritePin
 .text.HAL_GPIO_EXTI_IRQHandler
                0x0000000008003ac8       0x30 ./sdk/STM32L4xx_HAL_Driver/Src/stm32l4xx_hal_gpio.o
                0x0000000008003ac8                HAL_GPIO_EXTI_IRQHandler
 .text.HAL_GPIO_EXTI_Callback
                0x0000000008003af8       0x16 ./sdk/STM32L4xx_HAL_Driver/Src/stm32l4xx_hal_gpio.o
                0x0000000008003af8                HAL_GPIO_EXTI_Callback
 *fill*         0x0000000008003b0e        0x2 
 .text.HAL_PWR_EnableBkUpAccess
                0x0000000008003b10       0x20 ./sdk/STM32L4xx_HAL_Driver/Src/stm32l4xx_hal_pwr.o
                0x0000000008003b10                HAL_PWR_EnableBkUpAccess
 .text.HAL_PWR_ConfigPVD
                0x0000000008003b30       0xc0 ./sdk/STM32L4xx_HAL_Driver/Src/stm32l4xx_hal_pwr.o
                0x0000000008003b30                HAL_PWR_ConfigPVD
 .text.HAL_PWR_EnablePVD
                0x0000000008003bf0       0x20 ./sdk/STM32L4xx_HAL_Driver/Src/stm32l4xx_hal_pwr.o
                0x0000000008003bf0                HAL_PWR_EnablePVD
 .text.HAL_PWREx_GetVoltageRange
                0x0000000008003c10       0x1c ./sdk/STM32L4xx_HAL_Driver/Src/stm32l4xx_hal_pwr_ex.o
                0x0000000008003c10                HAL_PWREx_GetVoltageRange
 .text.HAL_PWREx_ControlVoltageScaling
                0x0000000008003c2c       0xac ./sdk/STM32L4xx_HAL_Driver/Src/stm32l4xx_hal_pwr_ex.o
                0x0000000008003c2c                HAL_PWREx_ControlVoltageScaling
 .text.HAL_RCC_OscConfig
                0x0000000008003cd8      0x828 ./sdk/STM32L4xx_HAL_Driver/Src/stm32l4xx_hal_rcc.o
                0x0000000008003cd8                HAL_RCC_OscConfig
 .text.HAL_RCC_ClockConfig
                0x0000000008004500      0x200 ./sdk/STM32L4xx_HAL_Driver/Src/stm32l4xx_hal_rcc.o
                0x0000000008004500                HAL_RCC_ClockConfig
 .text.HAL_RCC_GetSysClockFreq
                0x0000000008004700      0x118 ./sdk/STM32L4xx_HAL_Driver/Src/stm32l4xx_hal_rcc.o
                0x0000000008004700                HAL_RCC_GetSysClockFreq
 .text.RCC_SetFlashLatencyFromMSIRange
                0x0000000008004818       0xc0 ./sdk/STM32L4xx_HAL_Driver/Src/stm32l4xx_hal_rcc.o
 .text.HAL_RCCEx_PeriphCLKConfig
                0x00000000080048d8      0x430 ./sdk/STM32L4xx_HAL_Driver/Src/stm32l4xx_hal_rcc_ex.o
                0x00000000080048d8                HAL_RCCEx_PeriphCLKConfig
 .text.RCCEx_PLLSAI1_Config
                0x0000000008004d08      0x1e4 ./sdk/STM32L4xx_HAL_Driver/Src/stm32l4xx_hal_rcc_ex.o
 .text.HAL_RTC_Init
                0x0000000008004eec       0xf6 ./sdk/STM32L4xx_HAL_Driver/Src/stm32l4xx_hal_rtc.o
                0x0000000008004eec                HAL_RTC_Init
 .text.HAL_RTC_WaitForSynchro
                0x0000000008004fe2       0x4c ./sdk/STM32L4xx_HAL_Driver/Src/stm32l4xx_hal_rtc.o
                0x0000000008004fe2                HAL_RTC_WaitForSynchro
 .text.RTC_EnterInitMode
                0x000000000800502e       0x66 ./sdk/STM32L4xx_HAL_Driver/Src/stm32l4xx_hal_rtc.o
                0x000000000800502e                RTC_EnterInitMode
 .text.RTC_ExitInitMode
                0x0000000008005094       0x7c ./sdk/STM32L4xx_HAL_Driver/Src/stm32l4xx_hal_rtc.o
                0x0000000008005094                RTC_ExitInitMode
 .text.board_init_common_rtc_init
                0x0000000008005110       0x50 ./src/bsp/board_init_common.o
 .text.SystemClock_Config
                0x0000000008005160       0xd4 ./src/bsp/board_init_common.o
 .text.board_init_common_nvic_setup_interrupts
                0x0000000008005234       0x64 ./src/bsp/board_init_common.o
 .text.board_init_setup_gpio_input_no_pull
                0x0000000008005298       0x3c ./src/bsp/board_init_common.o
                0x0000000008005298                board_init_setup_gpio_input_no_pull
 .text.board_init_setup_gpio_input_pulldown
                0x00000000080052d4       0x3c ./src/bsp/board_init_common.o
 .text.board_init_setup_gpio_output_no_pull
                0x0000000008005310       0x3c ./src/bsp/board_init_common.o
 .text.board_init_setup_gpio_output_low
                0x000000000800534c       0x48 ./src/bsp/board_init_common.o
 .text.board_init_adafruit_reset
                0x0000000008005394       0x5c ./src/bsp/board_init_common.o
                0x0000000008005394                board_init_adafruit_reset
 .text.board_init_adafruit_soundboard_is_playing_audio
                0x00000000080053f0       0x50 ./src/bsp/board_init_common.o
                0x00000000080053f0                board_init_adafruit_soundboard_is_playing_audio
 .text.board_init_adafruit_soundboard_adjust_volume
                0x0000000008005440       0xac ./src/bsp/board_init_common.o
                0x0000000008005440                board_init_adafruit_soundboard_adjust_volume
 .text.board_init_adafruit_soundboard_power_enable_disable
                0x00000000080054ec       0x60 ./src/bsp/board_init_common.o
                0x00000000080054ec                board_init_adafruit_soundboard_power_enable_disable
 .text.board_init_adafruit_soundboard_enable_mode
                0x000000000800554c       0x60 ./src/bsp/board_init_common.o
                0x000000000800554c                board_init_adafruit_soundboard_enable_mode
 .text.board_init_adafruit_soundboard_trigger
                0x00000000080055ac      0x124 ./src/bsp/board_init_common.o
                0x00000000080055ac                board_init_adafruit_soundboard_trigger
 .text.board_init_adafruit_soundboard_enable_relay
                0x00000000080056d0       0x5c ./src/bsp/board_init_common.o
                0x00000000080056d0                board_init_adafruit_soundboard_enable_relay
 .text.board_init_adafruit_soundboard_disable_relay
                0x000000000800572c       0x5c ./src/bsp/board_init_common.o
                0x000000000800572c                board_init_adafruit_soundboard_disable_relay
 .text.board_init_common_board_init
                0x0000000008005788      0x1c0 ./src/bsp/board_init_common.o
                0x0000000008005788                board_init_common_board_init
 .text.board_init_red_led_on
                0x0000000008005948       0x40 ./src/bsp/board_init_common.o
                0x0000000008005948                board_init_red_led_on
 .text.board_init_red_led_off
                0x0000000008005988       0x40 ./src/bsp/board_init_common.o
                0x0000000008005988                board_init_red_led_off
 .text.board_init_green_led_on
                0x00000000080059c8       0x40 ./src/bsp/board_init_common.o
                0x00000000080059c8                board_init_green_led_on
 .text.board_init_green_led_off
                0x0000000008005a08       0x40 ./src/bsp/board_init_common.o
                0x0000000008005a08                board_init_green_led_off
 .text.Error_Handler
                0x0000000008005a48        0xa ./src/bsp/board_init_common.o
                0x0000000008005a48                Error_Handler
 .text.main     0x0000000008005a52       0x16 ./src/main.o
                0x0000000008005a52                main
 .text.task_create
                0x0000000008005a68       0x28 ./src/task_create.o
                0x0000000008005a68                task_create
 .text.HAL_MspInit
                0x0000000008005a90       0x64 ./src/stm32_bloat/stm32l4xx_hal_msp.o
                0x0000000008005a90                HAL_MspInit
 .text.HAL_RTC_MspInit
                0x0000000008005af4       0x38 ./src/stm32_bloat/stm32l4xx_hal_msp.o
                0x0000000008005af4                HAL_RTC_MspInit
 .text.NMI_Handler
                0x0000000008005b2c       0x30 ./src/stm32_bloat/stm32l4xx_it.o
                0x0000000008005b2c                NMI_Handler
 .text.HardFault_Handler
                0x0000000008005b5c       0x30 ./src/stm32_bloat/stm32l4xx_it.o
                0x0000000008005b5c                HardFault_Handler
 .text.MemManage_Handler
                0x0000000008005b8c       0x30 ./src/stm32_bloat/stm32l4xx_it.o
                0x0000000008005b8c                MemManage_Handler
 .text.BusFault_Handler
                0x0000000008005bbc       0x30 ./src/stm32_bloat/stm32l4xx_it.o
                0x0000000008005bbc                BusFault_Handler
 .text.UsageFault_Handler
                0x0000000008005bec       0x30 ./src/stm32_bloat/stm32l4xx_it.o
                0x0000000008005bec                UsageFault_Handler
 .text.DebugMon_Handler
                0x0000000008005c1c        0xe ./src/stm32_bloat/stm32l4xx_it.o
                0x0000000008005c1c                DebugMon_Handler
 *fill*         0x0000000008005c2a        0x2 
 .text.EXTI0_IRQHandler
                0x0000000008005c2c       0x3c ./src/stm32_bloat/stm32l4xx_it.o
                0x0000000008005c2c                EXTI0_IRQHandler
 .text.EXTI2_IRQHandler
                0x0000000008005c68        0xe ./src/stm32_bloat/stm32l4xx_it.o
                0x0000000008005c68                EXTI2_IRQHandler
 *fill*         0x0000000008005c76        0x2 
 .text.EXTI15_10_IRQHandler
                0x0000000008005c78       0x3c ./src/stm32_bloat/stm32l4xx_it.o
                0x0000000008005c78                EXTI15_10_IRQHandler
 .text.EXTI9_5_IRQHandler
                0x0000000008005cb4        0xe ./src/stm32_bloat/stm32l4xx_it.o
                0x0000000008005cb4                EXTI9_5_IRQHandler
 *fill*         0x0000000008005cc2        0x2 
 .text.DMA1_Channel2_IRQHandler
                0x0000000008005cc4       0x14 ./src/stm32_bloat/stm32l4xx_it.o
                0x0000000008005cc4                DMA1_Channel2_IRQHandler
 .text.DMA1_Channel3_IRQHandler
                0x0000000008005cd8       0x14 ./src/stm32_bloat/stm32l4xx_it.o
                0x0000000008005cd8                DMA1_Channel3_IRQHandler
 .text.DMA1_Channel5_IRQHandler
                0x0000000008005cec       0x14 ./src/stm32_bloat/stm32l4xx_it.o
                0x0000000008005cec                DMA1_Channel5_IRQHandler
 .text.DMA1_Channel6_IRQHandler
                0x0000000008005d00       0x14 ./src/stm32_bloat/stm32l4xx_it.o
                0x0000000008005d00                DMA1_Channel6_IRQHandler
 .text.DMA1_Channel7_IRQHandler
                0x0000000008005d14       0x14 ./src/stm32_bloat/stm32l4xx_it.o
                0x0000000008005d14                DMA1_Channel7_IRQHandler
 .text._getpid  0x0000000008005d28       0x10 ./src/stm32_bloat/syscalls.o
                0x0000000008005d28                _getpid
 .text._kill    0x0000000008005d38       0x20 ./src/stm32_bloat/syscalls.o
                0x0000000008005d38                _kill
 .text._exit    0x0000000008005d58       0x14 ./src/stm32_bloat/syscalls.o
                0x0000000008005d58                _exit
 .text._read    0x0000000008005d6c       0x3a ./src/stm32_bloat/syscalls.o
                0x0000000008005d6c                _read
 .text._write   0x0000000008005da6       0x38 ./src/stm32_bloat/syscalls.o
                0x0000000008005da6                _write
 .text._close   0x0000000008005dde       0x18 ./src/stm32_bloat/syscalls.o
                0x0000000008005dde                _close
 .text._fstat   0x0000000008005df6       0x20 ./src/stm32_bloat/syscalls.o
                0x0000000008005df6                _fstat
 .text._isatty  0x0000000008005e16       0x16 ./src/stm32_bloat/syscalls.o
                0x0000000008005e16                _isatty
 .text._lseek   0x0000000008005e2c       0x1a ./src/stm32_bloat/syscalls.o
                0x0000000008005e2c                _lseek
 *fill*         0x0000000008005e46        0x2 
 .text._sbrk    0x0000000008005e48       0x6c ./src/stm32_bloat/sysmem.o
                0x0000000008005e48                _sbrk
 .text.SystemInit
                0x0000000008005eb4       0x24 ./src/stm32_bloat/system_stm32l4xx.o
                0x0000000008005eb4                SystemInit
 .text.Reset_Handler
                0x0000000008005ed8       0x50 ./startup/startup_stm32l431rctx.o
                0x0000000008005ed8                Reset_Handler
 .text.Default_Handler
                0x0000000008005f28        0x2 ./startup/startup_stm32l431rctx.o
                0x0000000008005f28                TIM1_BRK_TIM15_IRQHandler
                0x0000000008005f28                TIM1_CC_IRQHandler
                0x0000000008005f28                TSC_IRQHandler
                0x0000000008005f28                TAMP_STAMP_IRQHandler
                0x0000000008005f28                EXTI3_IRQHandler
                0x0000000008005f28                LPTIM2_IRQHandler
                0x0000000008005f28                I2C3_ER_IRQHandler
                0x0000000008005f28                I2C2_EV_IRQHandler
                0x0000000008005f28                CAN1_RX0_IRQHandler
                0x0000000008005f28                FPU_IRQHandler
                0x0000000008005f28                TIM1_UP_TIM16_IRQHandler
                0x0000000008005f28                SPI1_IRQHandler
                0x0000000008005f28                TIM6_DAC_IRQHandler
                0x0000000008005f28                DMA2_Channel2_IRQHandler
                0x0000000008005f28                DMA1_Channel4_IRQHandler
                0x0000000008005f28                ADC1_IRQHandler
                0x0000000008005f28                USART3_IRQHandler
                0x0000000008005f28                CAN1_RX1_IRQHandler
                0x0000000008005f28                DMA2_Channel1_IRQHandler
                0x0000000008005f28                QUADSPI_IRQHandler
                0x0000000008005f28                I2C1_EV_IRQHandler
                0x0000000008005f28                DMA2_Channel4_IRQHandler
                0x0000000008005f28                RCC_IRQHandler
                0x0000000008005f28                TIM1_TRG_COM_IRQHandler
                0x0000000008005f28                DMA1_Channel1_IRQHandler
                0x0000000008005f28                Default_Handler
                0x0000000008005f28                DMA2_Channel7_IRQHandler
                0x0000000008005f28                TIM7_IRQHandler
                0x0000000008005f28                SDMMC1_IRQHandler
                0x0000000008005f28                I2C3_EV_IRQHandler
                0x0000000008005f28                RTC_WKUP_IRQHandler
                0x0000000008005f28                PVD_PVM_IRQHandler
                0x0000000008005f28                SPI2_IRQHandler
                0x0000000008005f28                CAN1_TX_IRQHandler
                0x0000000008005f28                DMA2_Channel5_IRQHandler
                0x0000000008005f28                CRS_IRQHandler
                0x0000000008005f28                EXTI4_IRQHandler
                0x0000000008005f28                RNG_IRQHandler
                0x0000000008005f28                COMP_IRQHandler
                0x0000000008005f28                WWDG_IRQHandler
                0x0000000008005f28                LPUART1_IRQHandler
                0x0000000008005f28                DMA2_Channel6_IRQHandler
                0x0000000008005f28                TIM2_IRQHandler
                0x0000000008005f28                EXTI1_IRQHandler
                0x0000000008005f28                USART2_IRQHandler
                0x0000000008005f28                I2C2_ER_IRQHandler
                0x0000000008005f28                CAN1_SCE_IRQHandler
                0x0000000008005f28                FLASH_IRQHandler
                0x0000000008005f28                USART1_IRQHandler
                0x0000000008005f28                SPI3_IRQHandler
                0x0000000008005f28                I2C1_ER_IRQHandler
                0x0000000008005f28                SWPMI1_IRQHandler
                0x0000000008005f28                LPTIM1_IRQHandler
                0x0000000008005f28                SAI1_IRQHandler
                0x0000000008005f28                DMA2_Channel3_IRQHandler
                0x0000000008005f28                RTC_Alarm_IRQHandler
 *fill*         0x0000000008005f2a        0x2 
 .text.__errno  0x0000000008005f2c        0xc /Applications/STM32CubeIDE.app/Contents/Eclipse/plugins/com.st.stm32cube.ide.mcu.externaltools.gnu-tools-for-stm32.10.3-2021.10.macos64_1.0.0.202111181127/tools/bin/../lib/gcc/arm-none-eabi/10.3.1/../../../../arm-none-eabi/lib/thumb/v7e-m+fp/hard/libc_nano.a(lib_a-errno.o)
                0x0000000008005f2c                __errno
 .text.__libc_init_array
                0x0000000008005f38       0x48 /Applications/STM32CubeIDE.app/Contents/Eclipse/plugins/com.st.stm32cube.ide.mcu.externaltools.gnu-tools-for-stm32.10.3-2021.10.macos64_1.0.0.202111181127/tools/bin/../lib/gcc/arm-none-eabi/10.3.1/../../../../arm-none-eabi/lib/thumb/v7e-m+fp/hard/libc_nano.a(lib_a-init.o)
                0x0000000008005f38                __libc_init_array
 .text.malloc   0x0000000008005f80       0x10 /Applications/STM32CubeIDE.app/Contents/Eclipse/plugins/com.st.stm32cube.ide.mcu.externaltools.gnu-tools-for-stm32.10.3-2021.10.macos64_1.0.0.202111181127/tools/bin/../lib/gcc/arm-none-eabi/10.3.1/../../../../arm-none-eabi/lib/thumb/v7e-m+fp/hard/libc_nano.a(lib_a-malloc.o)
                0x0000000008005f80                malloc
 .text.memcpy   0x0000000008005f90       0x1c /Applications/STM32CubeIDE.app/Contents/Eclipse/plugins/com.st.stm32cube.ide.mcu.externaltools.gnu-tools-for-stm32.10.3-2021.10.macos64_1.0.0.202111181127/tools/bin/../lib/gcc/arm-none-eabi/10.3.1/../../../../arm-none-eabi/lib/thumb/v7e-m+fp/hard/libc_nano.a(lib_a-memcpy-stub.o)
                0x0000000008005f90                memcpy
 .text.memset   0x0000000008005fac       0x10 /Applications/STM32CubeIDE.app/Contents/Eclipse/plugins/com.st.stm32cube.ide.mcu.externaltools.gnu-tools-for-stm32.10.3-2021.10.macos64_1.0.0.202111181127/tools/bin/../lib/gcc/arm-none-eabi/10.3.1/../../../../arm-none-eabi/lib/thumb/v7e-m+fp/hard/libc_nano.a(lib_a-memset.o)
                0x0000000008005fac                memset
 .text._free_r  0x0000000008005fbc       0x98 /Applications/STM32CubeIDE.app/Contents/Eclipse/plugins/com.st.stm32cube.ide.mcu.externaltools.gnu-tools-for-stm32.10.3-2021.10.macos64_1.0.0.202111181127/tools/bin/../lib/gcc/arm-none-eabi/10.3.1/../../../../arm-none-eabi/lib/thumb/v7e-m+fp/hard/libc_nano.a(lib_a-nano-freer.o)
                0x0000000008005fbc                _free_r
 .text.sbrk_aligned
                0x0000000008006054       0x40 /Applications/STM32CubeIDE.app/Contents/Eclipse/plugins/com.st.stm32cube.ide.mcu.externaltools.gnu-tools-for-stm32.10.3-2021.10.macos64_1.0.0.202111181127/tools/bin/../lib/gcc/arm-none-eabi/10.3.1/../../../../arm-none-eabi/lib/thumb/v7e-m+fp/hard/libc_nano.a(lib_a-nano-mallocr.o)
 .text._malloc_r
                0x0000000008006094       0xe8 /Applications/STM32CubeIDE.app/Contents/Eclipse/plugins/com.st.stm32cube.ide.mcu.externaltools.gnu-tools-for-stm32.10.3-2021.10.macos64_1.0.0.202111181127/tools/bin/../lib/gcc/arm-none-eabi/10.3.1/../../../../arm-none-eabi/lib/thumb/v7e-m+fp/hard/libc_nano.a(lib_a-nano-mallocr.o)
                0x0000000008006094                _malloc_r
 .text.srand    0x000000000800617c       0x5c /Applications/STM32CubeIDE.app/Contents/Eclipse/plugins/com.st.stm32cube.ide.mcu.externaltools.gnu-tools-for-stm32.10.3-2021.10.macos64_1.0.0.202111181127/tools/bin/../lib/gcc/arm-none-eabi/10.3.1/../../../../arm-none-eabi/lib/thumb/v7e-m+fp/hard/libc_nano.a(lib_a-rand.o)
                0x000000000800617c                srand
 .text._sbrk_r  0x00000000080061d8       0x20 /Applications/STM32CubeIDE.app/Contents/Eclipse/plugins/com.st.stm32cube.ide.mcu.externaltools.gnu-tools-for-stm32.10.3-2021.10.macos64_1.0.0.202111181127/tools/bin/../lib/gcc/arm-none-eabi/10.3.1/../../../../arm-none-eabi/lib/thumb/v7e-m+fp/hard/libc_nano.a(lib_a-sbrkr.o)
                0x00000000080061d8                _sbrk_r
 .text.time     0x00000000080061f8       0x34 /Applications/STM32CubeIDE.app/Contents/Eclipse/plugins/com.st.stm32cube.ide.mcu.externaltools.gnu-tools-for-stm32.10.3-2021.10.macos64_1.0.0.202111181127/tools/bin/../lib/gcc/arm-none-eabi/10.3.1/../../../../arm-none-eabi/lib/thumb/v7e-m+fp/hard/libc_nano.a(lib_a-time.o)
                0x00000000080061f8                time
 .text.__assert_func
                0x000000000800622c       0x3c /Applications/STM32CubeIDE.app/Contents/Eclipse/plugins/com.st.stm32cube.ide.mcu.externaltools.gnu-tools-for-stm32.10.3-2021.10.macos64_1.0.0.202111181127/tools/bin/../lib/gcc/arm-none-eabi/10.3.1/../../../../arm-none-eabi/lib/thumb/v7e-m+fp/hard/libc_nano.a(lib_a-assert.o)
                0x000000000800622c                __assert_func
 .text.fprintf  0x0000000008006268       0x24 /Applications/STM32CubeIDE.app/Contents/Eclipse/plugins/com.st.stm32cube.ide.mcu.externaltools.gnu-tools-for-stm32.10.3-2021.10.macos64_1.0.0.202111181127/tools/bin/../lib/gcc/arm-none-eabi/10.3.1/../../../../arm-none-eabi/lib/thumb/v7e-m+fp/hard/libc_nano.a(lib_a-fprintf.o)
                0x0000000008006268                fprintf
                0x0000000008006268                fiprintf
 .text._gettimeofday_r
                0x000000000800628c       0x24 /Applications/STM32CubeIDE.app/Contents/Eclipse/plugins/com.st.stm32cube.ide.mcu.externaltools.gnu-tools-for-stm32.10.3-2021.10.macos64_1.0.0.202111181127/tools/bin/../lib/gcc/arm-none-eabi/10.3.1/../../../../arm-none-eabi/lib/thumb/v7e-m+fp/hard/libc_nano.a(lib_a-gettimeofdayr.o)
                0x000000000800628c                _gettimeofday_r
 .text.__malloc_lock
                0x00000000080062b0        0xc /Applications/STM32CubeIDE.app/Contents/Eclipse/plugins/com.st.stm32cube.ide.mcu.externaltools.gnu-tools-for-stm32.10.3-2021.10.macos64_1.0.0.202111181127/tools/bin/../lib/gcc/arm-none-eabi/10.3.1/../../../../arm-none-eabi/lib/thumb/v7e-m+fp/hard/libc_nano.a(lib_a-mlock.o)
                0x00000000080062b0                __malloc_lock
 .text.__malloc_unlock
                0x00000000080062bc        0xc /Applications/STM32CubeIDE.app/Contents/Eclipse/plugins/com.st.stm32cube.ide.mcu.externaltools.gnu-tools-for-stm32.10.3-2021.10.macos64_1.0.0.202111181127/tools/bin/../lib/gcc/arm-none-eabi/10.3.1/../../../../arm-none-eabi/lib/thumb/v7e-m+fp/hard/libc_nano.a(lib_a-mlock.o)
                0x00000000080062bc                __malloc_unlock
 .text.__sfputc_r
                0x00000000080062c8       0x2e /Applications/STM32CubeIDE.app/Contents/Eclipse/plugins/com.st.stm32cube.ide.mcu.externaltools.gnu-tools-for-stm32.10.3-2021.10.macos64_1.0.0.202111181127/tools/bin/../lib/gcc/arm-none-eabi/10.3.1/../../../../arm-none-eabi/lib/thumb/v7e-m+fp/hard/libc_nano.a(lib_a-nano-vfprintf.o)
 .text.__sfputs_r
                0x00000000080062f6       0x24 /Applications/STM32CubeIDE.app/Contents/Eclipse/plugins/com.st.stm32cube.ide.mcu.externaltools.gnu-tools-for-stm32.10.3-2021.10.macos64_1.0.0.202111181127/tools/bin/../lib/gcc/arm-none-eabi/10.3.1/../../../../arm-none-eabi/lib/thumb/v7e-m+fp/hard/libc_nano.a(lib_a-nano-vfprintf.o)
                0x00000000080062f6                __sfputs_r
 *fill*         0x000000000800631a        0x2 
 .text._vfprintf_r
                0x000000000800631c      0x260 /Applications/STM32CubeIDE.app/Contents/Eclipse/plugins/com.st.stm32cube.ide.mcu.externaltools.gnu-tools-for-stm32.10.3-2021.10.macos64_1.0.0.202111181127/tools/bin/../lib/gcc/arm-none-eabi/10.3.1/../../../../arm-none-eabi/lib/thumb/v7e-m+fp/hard/libc_nano.a(lib_a-nano-vfprintf.o)
                0x000000000800631c                _vfiprintf_r
                0x000000000800631c                _vfprintf_r
 .text._printf_common
                0x000000000800657c       0xda /Applications/STM32CubeIDE.app/Contents/Eclipse/plugins/com.st.stm32cube.ide.mcu.externaltools.gnu-tools-for-stm32.10.3-2021.10.macos64_1.0.0.202111181127/tools/bin/../lib/gcc/arm-none-eabi/10.3.1/../../../../arm-none-eabi/lib/thumb/v7e-m+fp/hard/libc_nano.a(lib_a-nano-vfprintf_i.o)
                0x000000000800657c                _printf_common
 *fill*         0x0000000008006656        0x2 
 .text._printf_i
                0x0000000008006658      0x24c /Applications/STM32CubeIDE.app/Contents/Eclipse/plugins/com.st.stm32cube.ide.mcu.externaltools.gnu-tools-for-stm32.10.3-2021.10.macos64_1.0.0.202111181127/tools/bin/../lib/gcc/arm-none-eabi/10.3.1/../../../../arm-none-eabi/lib/thumb/v7e-m+fp/hard/libc_nano.a(lib_a-nano-vfprintf_i.o)
                0x0000000008006658                _printf_i
 .text.__swbuf_r
                0x00000000080068a4       0xa4 /Applications/STM32CubeIDE.app/Contents/Eclipse/plugins/com.st.stm32cube.ide.mcu.externaltools.gnu-tools-for-stm32.10.3-2021.10.macos64_1.0.0.202111181127/tools/bin/../lib/gcc/arm-none-eabi/10.3.1/../../../../arm-none-eabi/lib/thumb/v7e-m+fp/hard/libc_nano.a(lib_a-wbuf.o)
                0x00000000080068a4                __swbuf_r
 .text.__swsetup_r
                0x0000000008006948       0xdc /Applications/STM32CubeIDE.app/Contents/Eclipse/plugins/com.st.stm32cube.ide.mcu.externaltools.gnu-tools-for-stm32.10.3-2021.10.macos64_1.0.0.202111181127/tools/bin/../lib/gcc/arm-none-eabi/10.3.1/../../../../arm-none-eabi/lib/thumb/v7e-m+fp/hard/libc_nano.a(lib_a-wsetup.o)
                0x0000000008006948                __swsetup_r
 .text.abort    0x0000000008006a24        0xe /Applications/STM32CubeIDE.app/Contents/Eclipse/plugins/com.st.stm32cube.ide.mcu.externaltools.gnu-tools-for-stm32.10.3-2021.10.macos64_1.0.0.202111181127/tools/bin/../lib/gcc/arm-none-eabi/10.3.1/../../../../arm-none-eabi/lib/thumb/v7e-m+fp/hard/libc_nano.a(lib_a-abort.o)
                0x0000000008006a24                abort
 *fill*         0x0000000008006a32        0x2 
 .text.__sflush_r
                0x0000000008006a34      0x10c /Applications/STM32CubeIDE.app/Contents/Eclipse/plugins/com.st.stm32cube.ide.mcu.externaltools.gnu-tools-for-stm32.10.3-2021.10.macos64_1.0.0.202111181127/tools/bin/../lib/gcc/arm-none-eabi/10.3.1/../../../../arm-none-eabi/lib/thumb/v7e-m+fp/hard/libc_nano.a(lib_a-fflush.o)
                0x0000000008006a34                __sflush_r
 .text._fflush_r
                0x0000000008006b40       0x78 /Applications/STM32CubeIDE.app/Contents/Eclipse/plugins/com.st.stm32cube.ide.mcu.externaltools.gnu-tools-for-stm32.10.3-2021.10.macos64_1.0.0.202111181127/tools/bin/../lib/gcc/arm-none-eabi/10.3.1/../../../../arm-none-eabi/lib/thumb/v7e-m+fp/hard/libc_nano.a(lib_a-fflush.o)
                0x0000000008006b40                _fflush_r
 .text.std      0x0000000008006bb8       0x48 /Applications/STM32CubeIDE.app/Contents/Eclipse/plugins/com.st.stm32cube.ide.mcu.externaltools.gnu-tools-for-stm32.10.3-2021.10.macos64_1.0.0.202111181127/tools/bin/../lib/gcc/arm-none-eabi/10.3.1/../../../../arm-none-eabi/lib/thumb/v7e-m+fp/hard/libc_nano.a(lib_a-findfp.o)
 .text._cleanup_r
                0x0000000008006c00        0xc /Applications/STM32CubeIDE.app/Contents/Eclipse/plugins/com.st.stm32cube.ide.mcu.externaltools.gnu-tools-for-stm32.10.3-2021.10.macos64_1.0.0.202111181127/tools/bin/../lib/gcc/arm-none-eabi/10.3.1/../../../../arm-none-eabi/lib/thumb/v7e-m+fp/hard/libc_nano.a(lib_a-findfp.o)
                0x0000000008006c00                _cleanup_r
 .text.__sfmoreglue
                0x0000000008006c0c       0x2c /Applications/STM32CubeIDE.app/Contents/Eclipse/plugins/com.st.stm32cube.ide.mcu.externaltools.gnu-tools-for-stm32.10.3-2021.10.macos64_1.0.0.202111181127/tools/bin/../lib/gcc/arm-none-eabi/10.3.1/../../../../arm-none-eabi/lib/thumb/v7e-m+fp/hard/libc_nano.a(lib_a-findfp.o)
                0x0000000008006c0c                __sfmoreglue
 .text.__sfp_lock_acquire
                0x0000000008006c38        0xc /Applications/STM32CubeIDE.app/Contents/Eclipse/plugins/com.st.stm32cube.ide.mcu.externaltools.gnu-tools-for-stm32.10.3-2021.10.macos64_1.0.0.202111181127/tools/bin/../lib/gcc/arm-none-eabi/10.3.1/../../../../arm-none-eabi/lib/thumb/v7e-m+fp/hard/libc_nano.a(lib_a-findfp.o)
                0x0000000008006c38                __sfp_lock_acquire
 .text.__sfp_lock_release
                0x0000000008006c44        0xc /Applications/STM32CubeIDE.app/Contents/Eclipse/plugins/com.st.stm32cube.ide.mcu.externaltools.gnu-tools-for-stm32.10.3-2021.10.macos64_1.0.0.202111181127/tools/bin/../lib/gcc/arm-none-eabi/10.3.1/../../../../arm-none-eabi/lib/thumb/v7e-m+fp/hard/libc_nano.a(lib_a-findfp.o)
                0x0000000008006c44                __sfp_lock_release
 .text.__sinit_lock_acquire
                0x0000000008006c50        0xc /Applications/STM32CubeIDE.app/Contents/Eclipse/plugins/com.st.stm32cube.ide.mcu.externaltools.gnu-tools-for-stm32.10.3-2021.10.macos64_1.0.0.202111181127/tools/bin/../lib/gcc/arm-none-eabi/10.3.1/../../../../arm-none-eabi/lib/thumb/v7e-m+fp/hard/libc_nano.a(lib_a-findfp.o)
                0x0000000008006c50                __sinit_lock_acquire
 .text.__sinit_lock_release
                0x0000000008006c5c        0xc /Applications/STM32CubeIDE.app/Contents/Eclipse/plugins/com.st.stm32cube.ide.mcu.externaltools.gnu-tools-for-stm32.10.3-2021.10.macos64_1.0.0.202111181127/tools/bin/../lib/gcc/arm-none-eabi/10.3.1/../../../../arm-none-eabi/lib/thumb/v7e-m+fp/hard/libc_nano.a(lib_a-findfp.o)
                0x0000000008006c5c                __sinit_lock_release
 .text.__sinit  0x0000000008006c68       0x70 /Applications/STM32CubeIDE.app/Contents/Eclipse/plugins/com.st.stm32cube.ide.mcu.externaltools.gnu-tools-for-stm32.10.3-2021.10.macos64_1.0.0.202111181127/tools/bin/../lib/gcc/arm-none-eabi/10.3.1/../../../../arm-none-eabi/lib/thumb/v7e-m+fp/hard/libc_nano.a(lib_a-findfp.o)
                0x0000000008006c68                __sinit
 .text.__sfp    0x0000000008006cd8       0x8c /Applications/STM32CubeIDE.app/Contents/Eclipse/plugins/com.st.stm32cube.ide.mcu.externaltools.gnu-tools-for-stm32.10.3-2021.10.macos64_1.0.0.202111181127/tools/bin/../lib/gcc/arm-none-eabi/10.3.1/../../../../arm-none-eabi/lib/thumb/v7e-m+fp/hard/libc_nano.a(lib_a-findfp.o)
                0x0000000008006cd8                __sfp
 .text._fwalk_reent
                0x0000000008006d64       0x3e /Applications/STM32CubeIDE.app/Contents/Eclipse/plugins/com.st.stm32cube.ide.mcu.externaltools.gnu-tools-for-stm32.10.3-2021.10.macos64_1.0.0.202111181127/tools/bin/../lib/gcc/arm-none-eabi/10.3.1/../../../../arm-none-eabi/lib/thumb/v7e-m+fp/hard/libc_nano.a(lib_a-fwalk.o)
                0x0000000008006d64                _fwalk_reent
 .text.__retarget_lock_init_recursive
                0x0000000008006da2        0x2 /Applications/STM32CubeIDE.app/Contents/Eclipse/plugins/com.st.stm32cube.ide.mcu.externaltools.gnu-tools-for-stm32.10.3-2021.10.macos64_1.0.0.202111181127/tools/bin/../lib/gcc/arm-none-eabi/10.3.1/../../../../arm-none-eabi/lib/thumb/v7e-m+fp/hard/libc_nano.a(lib_a-lock.o)
                0x0000000008006da2                __retarget_lock_init_recursive
 .text.__retarget_lock_acquire_recursive
                0x0000000008006da4        0x2 /Applications/STM32CubeIDE.app/Contents/Eclipse/plugins/com.st.stm32cube.ide.mcu.externaltools.gnu-tools-for-stm32.10.3-2021.10.macos64_1.0.0.202111181127/tools/bin/../lib/gcc/arm-none-eabi/10.3.1/../../../../arm-none-eabi/lib/thumb/v7e-m+fp/hard/libc_nano.a(lib_a-lock.o)
                0x0000000008006da4                __retarget_lock_acquire_recursive
 .text.__retarget_lock_release_recursive
                0x0000000008006da6        0x2 /Applications/STM32CubeIDE.app/Contents/Eclipse/plugins/com.st.stm32cube.ide.mcu.externaltools.gnu-tools-for-stm32.10.3-2021.10.macos64_1.0.0.202111181127/tools/bin/../lib/gcc/arm-none-eabi/10.3.1/../../../../arm-none-eabi/lib/thumb/v7e-m+fp/hard/libc_nano.a(lib_a-lock.o)
                0x0000000008006da6                __retarget_lock_release_recursive
 .text.__swhatbuf_r
                0x0000000008006da8       0x4a /Applications/STM32CubeIDE.app/Contents/Eclipse/plugins/com.st.stm32cube.ide.mcu.externaltools.gnu-tools-for-stm32.10.3-2021.10.macos64_1.0.0.202111181127/tools/bin/../lib/gcc/arm-none-eabi/10.3.1/../../../../arm-none-eabi/lib/thumb/v7e-m+fp/hard/libc_nano.a(lib_a-makebuf.o)
                0x0000000008006da8                __swhatbuf_r
 *fill*         0x0000000008006df2        0x2 
 .text.__smakebuf_r
                0x0000000008006df4       0x80 /Applications/STM32CubeIDE.app/Contents/Eclipse/plugins/com.st.stm32cube.ide.mcu.externaltools.gnu-tools-for-stm32.10.3-2021.10.macos64_1.0.0.202111181127/tools/bin/../lib/gcc/arm-none-eabi/10.3.1/../../../../arm-none-eabi/lib/thumb/v7e-m+fp/hard/libc_nano.a(lib_a-makebuf.o)
                0x0000000008006df4                __smakebuf_r
 .text._raise_r
                0x0000000008006e74       0x50 /Applications/STM32CubeIDE.app/Contents/Eclipse/plugins/com.st.stm32cube.ide.mcu.externaltools.gnu-tools-for-stm32.10.3-2021.10.macos64_1.0.0.202111181127/tools/bin/../lib/gcc/arm-none-eabi/10.3.1/../../../../arm-none-eabi/lib/thumb/v7e-m+fp/hard/libc_nano.a(lib_a-signal.o)
                0x0000000008006e74                _raise_r
 .text.raise    0x0000000008006ec4       0x10 /Applications/STM32CubeIDE.app/Contents/Eclipse/plugins/com.st.stm32cube.ide.mcu.externaltools.gnu-tools-for-stm32.10.3-2021.10.macos64_1.0.0.202111181127/tools/bin/../lib/gcc/arm-none-eabi/10.3.1/../../../../arm-none-eabi/lib/thumb/v7e-m+fp/hard/libc_nano.a(lib_a-signal.o)
                0x0000000008006ec4                raise
 .text._kill_r  0x0000000008006ed4       0x24 /Applications/STM32CubeIDE.app/Contents/Eclipse/plugins/com.st.stm32cube.ide.mcu.externaltools.gnu-tools-for-stm32.10.3-2021.10.macos64_1.0.0.202111181127/tools/bin/../lib/gcc/arm-none-eabi/10.3.1/../../../../arm-none-eabi/lib/thumb/v7e-m+fp/hard/libc_nano.a(lib_a-signalr.o)
                0x0000000008006ed4                _kill_r
 .text._getpid_r
                0x0000000008006ef8        0x4 /Applications/STM32CubeIDE.app/Contents/Eclipse/plugins/com.st.stm32cube.ide.mcu.externaltools.gnu-tools-for-stm32.10.3-2021.10.macos64_1.0.0.202111181127/tools/bin/../lib/gcc/arm-none-eabi/10.3.1/../../../../arm-none-eabi/lib/thumb/v7e-m+fp/hard/libc_nano.a(lib_a-signalr.o)
                0x0000000008006ef8                _getpid_r
 .text.__sread  0x0000000008006efc       0x22 /Applications/STM32CubeIDE.app/Contents/Eclipse/plugins/com.st.stm32cube.ide.mcu.externaltools.gnu-tools-for-stm32.10.3-2021.10.macos64_1.0.0.202111181127/tools/bin/../lib/gcc/arm-none-eabi/10.3.1/../../../../arm-none-eabi/lib/thumb/v7e-m+fp/hard/libc_nano.a(lib_a-stdio.o)
                0x0000000008006efc                __sread
 .text.__swrite
                0x0000000008006f1e       0x38 /Applications/STM32CubeIDE.app/Contents/Eclipse/plugins/com.st.stm32cube.ide.mcu.externaltools.gnu-tools-for-stm32.10.3-2021.10.macos64_1.0.0.202111181127/tools/bin/../lib/gcc/arm-none-eabi/10.3.1/../../../../arm-none-eabi/lib/thumb/v7e-m+fp/hard/libc_nano.a(lib_a-stdio.o)
                0x0000000008006f1e                __swrite
 .text.__sseek  0x0000000008006f56       0x24 /Applications/STM32CubeIDE.app/Contents/Eclipse/plugins/com.st.stm32cube.ide.mcu.externaltools.gnu-tools-for-stm32.10.3-2021.10.macos64_1.0.0.202111181127/tools/bin/../lib/gcc/arm-none-eabi/10.3.1/../../../../arm-none-eabi/lib/thumb/v7e-m+fp/hard/libc_nano.a(lib_a-stdio.o)
                0x0000000008006f56                __sseek
 .text.__sclose
                0x0000000008006f7a        0x8 /Applications/STM32CubeIDE.app/Contents/Eclipse/plugins/com.st.stm32cube.ide.mcu.externaltools.gnu-tools-for-stm32.10.3-2021.10.macos64_1.0.0.202111181127/tools/bin/../lib/gcc/arm-none-eabi/10.3.1/../../../../arm-none-eabi/lib/thumb/v7e-m+fp/hard/libc_nano.a(lib_a-stdio.o)
                0x0000000008006f7a                __sclose
 *fill*         0x0000000008006f82        0x2 
 .text._write_r
                0x0000000008006f84       0x24 /Applications/STM32CubeIDE.app/Contents/Eclipse/plugins/com.st.stm32cube.ide.mcu.externaltools.gnu-tools-for-stm32.10.3-2021.10.macos64_1.0.0.202111181127/tools/bin/../lib/gcc/arm-none-eabi/10.3.1/../../../../arm-none-eabi/lib/thumb/v7e-m+fp/hard/libc_nano.a(lib_a-writer.o)
                0x0000000008006f84                _write_r
 .text._close_r
                0x0000000008006fa8       0x20 /Applications/STM32CubeIDE.app/Contents/Eclipse/plugins/com.st.stm32cube.ide.mcu.externaltools.gnu-tools-for-stm32.10.3-2021.10.macos64_1.0.0.202111181127/tools/bin/../lib/gcc/arm-none-eabi/10.3.1/../../../../arm-none-eabi/lib/thumb/v7e-m+fp/hard/libc_nano.a(lib_a-closer.o)
                0x0000000008006fa8                _close_r
 .text._fstat_r
                0x0000000008006fc8       0x24 /Applications/STM32CubeIDE.app/Contents/Eclipse/plugins/com.st.stm32cube.ide.mcu.externaltools.gnu-tools-for-stm32.10.3-2021.10.macos64_1.0.0.202111181127/tools/bin/../lib/gcc/arm-none-eabi/10.3.1/../../../../arm-none-eabi/lib/thumb/v7e-m+fp/hard/libc_nano.a(lib_a-fstatr.o)
                0x0000000008006fc8                _fstat_r
 .text._isatty_r
                0x0000000008006fec       0x20 /Applications/STM32CubeIDE.app/Contents/Eclipse/plugins/com.st.stm32cube.ide.mcu.externaltools.gnu-tools-for-stm32.10.3-2021.10.macos64_1.0.0.202111181127/tools/bin/../lib/gcc/arm-none-eabi/10.3.1/../../../../arm-none-eabi/lib/thumb/v7e-m+fp/hard/libc_nano.a(lib_a-isattyr.o)
                0x0000000008006fec                _isatty_r
 .text._lseek_r
                0x000000000800700c       0x24 /Applications/STM32CubeIDE.app/Contents/Eclipse/plugins/com.st.stm32cube.ide.mcu.externaltools.gnu-tools-for-stm32.10.3-2021.10.macos64_1.0.0.202111181127/tools/bin/../lib/gcc/arm-none-eabi/10.3.1/../../../../arm-none-eabi/lib/thumb/v7e-m+fp/hard/libc_nano.a(lib_a-lseekr.o)
                0x000000000800700c                _lseek_r
 .text._read_r  0x0000000008007030       0x24 /Applications/STM32CubeIDE.app/Contents/Eclipse/plugins/com.st.stm32cube.ide.mcu.externaltools.gnu-tools-for-stm32.10.3-2021.10.macos64_1.0.0.202111181127/tools/bin/../lib/gcc/arm-none-eabi/10.3.1/../../../../arm-none-eabi/lib/thumb/v7e-m+fp/hard/libc_nano.a(lib_a-readr.o)
                0x0000000008007030                _read_r
 .text._gettimeofday
                0x0000000008007054       0x10 /Applications/STM32CubeIDE.app/Contents/Eclipse/plugins/com.st.stm32cube.ide.mcu.externaltools.gnu-tools-for-stm32.10.3-2021.10.macos64_1.0.0.202111181127/tools/bin/../lib/gcc/arm-none-eabi/10.3.1/../../../../arm-none-eabi/lib/thumb/v7e-m+fp/hard/libnosys.a(gettod.o)
                0x0000000008007054                _gettimeofday
 *(.glue_7)
 .glue_7        0x0000000008007064        0x0 linker stubs
 *(.glue_7t)
 .glue_7t       0x0000000008007064        0x0 linker stubs
 *(.eh_frame)
 .eh_frame      0x0000000008007064        0x0 /Applications/STM32CubeIDE.app/Contents/Eclipse/plugins/com.st.stm32cube.ide.mcu.externaltools.gnu-tools-for-stm32.10.3-2021.10.macos64_1.0.0.202111181127/tools/bin/../lib/gcc/arm-none-eabi/10.3.1/thumb/v7e-m+fp/hard/crtbegin.o
 *(.init)
 .init          0x0000000008007064        0x4 /Applications/STM32CubeIDE.app/Contents/Eclipse/plugins/com.st.stm32cube.ide.mcu.externaltools.gnu-tools-for-stm32.10.3-2021.10.macos64_1.0.0.202111181127/tools/bin/../lib/gcc/arm-none-eabi/10.3.1/thumb/v7e-m+fp/hard/crti.o
                0x0000000008007064                _init
 .init          0x0000000008007068        0x8 /Applications/STM32CubeIDE.app/Contents/Eclipse/plugins/com.st.stm32cube.ide.mcu.externaltools.gnu-tools-for-stm32.10.3-2021.10.macos64_1.0.0.202111181127/tools/bin/../lib/gcc/arm-none-eabi/10.3.1/thumb/v7e-m+fp/hard/crtn.o
 *(.fini)
 .fini          0x0000000008007070        0x4 /Applications/STM32CubeIDE.app/Contents/Eclipse/plugins/com.st.stm32cube.ide.mcu.externaltools.gnu-tools-for-stm32.10.3-2021.10.macos64_1.0.0.202111181127/tools/bin/../lib/gcc/arm-none-eabi/10.3.1/thumb/v7e-m+fp/hard/crti.o
                0x0000000008007070                _fini
 .fini          0x0000000008007074        0x8 /Applications/STM32CubeIDE.app/Contents/Eclipse/plugins/com.st.stm32cube.ide.mcu.externaltools.gnu-tools-for-stm32.10.3-2021.10.macos64_1.0.0.202111181127/tools/bin/../lib/gcc/arm-none-eabi/10.3.1/thumb/v7e-m+fp/hard/crtn.o
                0x000000000800707c                . = ALIGN (0x4)
                0x000000000800707c                _etext = .

.vfp11_veneer   0x000000000800707c        0x0
 .vfp11_veneer  0x000000000800707c        0x0 linker stubs

.v4_bx          0x000000000800707c        0x0
 .v4_bx         0x000000000800707c        0x0 linker stubs

.iplt           0x000000000800707c        0x0
 .iplt          0x000000000800707c        0x0 /Applications/STM32CubeIDE.app/Contents/Eclipse/plugins/com.st.stm32cube.ide.mcu.externaltools.gnu-tools-for-stm32.10.3-2021.10.macos64_1.0.0.202111181127/tools/bin/../lib/gcc/arm-none-eabi/10.3.1/thumb/v7e-m+fp/hard/crtbegin.o

.rodata         0x000000000800707c      0x1d4
                0x000000000800707c                . = ALIGN (0x4)
 *(.rodata)
 .rodata        0x000000000800707c        0x5 ./sdk/FreeRTOS/Source/tasks.o
 *fill*         0x0000000008007081        0x3 
 .rodata        0x0000000008007084        0xd ./sdk/FreeRTOS/Source/timers.o
 *fill*         0x0000000008007091        0x3 
 .rodata        0x0000000008007094        0xd ./src/task_create.o
 *(.rodata*)
 *fill*         0x00000000080070a1        0x3 
 .rodata.g_mn_wild_attributes
                0x00000000080070a4       0x24 ./src/task_create.o
                0x00000000080070a4                g_mn_wild_attributes
 .rodata.AHBPrescTable
                0x00000000080070c8       0x10 ./src/stm32_bloat/system_stm32l4xx.o
                0x00000000080070c8                AHBPrescTable
 .rodata.MSIRangeTable
                0x00000000080070d8       0x30 ./src/stm32_bloat/system_stm32l4xx.o
                0x00000000080070d8                MSIRangeTable
 .rodata._global_impure_ptr
                0x0000000008007108        0x4 /Applications/STM32CubeIDE.app/Contents/Eclipse/plugins/com.st.stm32cube.ide.mcu.externaltools.gnu-tools-for-stm32.10.3-2021.10.macos64_1.0.0.202111181127/tools/bin/../lib/gcc/arm-none-eabi/10.3.1/../../../../arm-none-eabi/lib/thumb/v7e-m+fp/hard/libc_nano.a(lib_a-impure.o)
                0x0000000008007108                _global_impure_ptr
 .rodata.srand.str1.1
                0x000000000800710c       0x72 /Applications/STM32CubeIDE.app/Contents/Eclipse/plugins/com.st.stm32cube.ide.mcu.externaltools.gnu-tools-for-stm32.10.3-2021.10.macos64_1.0.0.202111181127/tools/bin/../lib/gcc/arm-none-eabi/10.3.1/../../../../arm-none-eabi/lib/thumb/v7e-m+fp/hard/libc_nano.a(lib_a-rand.o)
 .rodata.__assert_func.str1.1
                0x000000000800717e       0x3c /Applications/STM32CubeIDE.app/Contents/Eclipse/plugins/com.st.stm32cube.ide.mcu.externaltools.gnu-tools-for-stm32.10.3-2021.10.macos64_1.0.0.202111181127/tools/bin/../lib/gcc/arm-none-eabi/10.3.1/../../../../arm-none-eabi/lib/thumb/v7e-m+fp/hard/libc_nano.a(lib_a-assert.o)
                                         0x3d (size before relaxing)
 .rodata._vfprintf_r.str1.1
                0x00000000080071ba       0x11 /Applications/STM32CubeIDE.app/Contents/Eclipse/plugins/com.st.stm32cube.ide.mcu.externaltools.gnu-tools-for-stm32.10.3-2021.10.macos64_1.0.0.202111181127/tools/bin/../lib/gcc/arm-none-eabi/10.3.1/../../../../arm-none-eabi/lib/thumb/v7e-m+fp/hard/libc_nano.a(lib_a-nano-vfprintf.o)
 .rodata._printf_i.str1.1
                0x00000000080071cb       0x22 /Applications/STM32CubeIDE.app/Contents/Eclipse/plugins/com.st.stm32cube.ide.mcu.externaltools.gnu-tools-for-stm32.10.3-2021.10.macos64_1.0.0.202111181127/tools/bin/../lib/gcc/arm-none-eabi/10.3.1/../../../../arm-none-eabi/lib/thumb/v7e-m+fp/hard/libc_nano.a(lib_a-nano-vfprintf_i.o)
 *fill*         0x00000000080071ed        0x3 
 .rodata.__sf_fake_stderr
                0x00000000080071f0       0x20 /Applications/STM32CubeIDE.app/Contents/Eclipse/plugins/com.st.stm32cube.ide.mcu.externaltools.gnu-tools-for-stm32.10.3-2021.10.macos64_1.0.0.202111181127/tools/bin/../lib/gcc/arm-none-eabi/10.3.1/../../../../arm-none-eabi/lib/thumb/v7e-m+fp/hard/libc_nano.a(lib_a-findfp.o)
                0x00000000080071f0                __sf_fake_stderr
 .rodata.__sf_fake_stdin
                0x0000000008007210       0x20 /Applications/STM32CubeIDE.app/Contents/Eclipse/plugins/com.st.stm32cube.ide.mcu.externaltools.gnu-tools-for-stm32.10.3-2021.10.macos64_1.0.0.202111181127/tools/bin/../lib/gcc/arm-none-eabi/10.3.1/../../../../arm-none-eabi/lib/thumb/v7e-m+fp/hard/libc_nano.a(lib_a-findfp.o)
                0x0000000008007210                __sf_fake_stdin
 .rodata.__sf_fake_stdout
                0x0000000008007230       0x20 /Applications/STM32CubeIDE.app/Contents/Eclipse/plugins/com.st.stm32cube.ide.mcu.externaltools.gnu-tools-for-stm32.10.3-2021.10.macos64_1.0.0.202111181127/tools/bin/../lib/gcc/arm-none-eabi/10.3.1/../../../../arm-none-eabi/lib/thumb/v7e-m+fp/hard/libc_nano.a(lib_a-findfp.o)
                0x0000000008007230                __sf_fake_stdout
                0x0000000008007250                . = ALIGN (0x4)

.rel.dyn        0x0000000008007250        0x0
 .rel.iplt      0x0000000008007250        0x0 /Applications/STM32CubeIDE.app/Contents/Eclipse/plugins/com.st.stm32cube.ide.mcu.externaltools.gnu-tools-for-stm32.10.3-2021.10.macos64_1.0.0.202111181127/tools/bin/../lib/gcc/arm-none-eabi/10.3.1/thumb/v7e-m+fp/hard/crtbegin.o

.ARM.extab      0x0000000008007250        0x0
                0x0000000008007250                . = ALIGN (0x4)
 *(.ARM.extab* .gnu.linkonce.armextab.*)
                0x0000000008007250                . = ALIGN (0x4)

.ARM            0x0000000008007250        0x0
                0x0000000008007250                . = ALIGN (0x4)
                0x0000000008007250                __exidx_start = .
 *(.ARM.exidx*)
                0x0000000008007250                __exidx_end = .
                0x0000000008007250                . = ALIGN (0x4)

.preinit_array  0x0000000008007250        0x0
                0x0000000008007250                . = ALIGN (0x4)
                0x0000000008007250                PROVIDE (__preinit_array_start = .)
 *(.preinit_array*)
                0x0000000008007250                PROVIDE (__preinit_array_end = .)
                0x0000000008007250                . = ALIGN (0x4)

.init_array     0x0000000008007250        0x4
                0x0000000008007250                . = ALIGN (0x4)
                0x0000000008007250                PROVIDE (__init_array_start = .)
 *(SORT_BY_NAME(.init_array.*))
 *(.init_array*)
 .init_array    0x0000000008007250        0x4 /Applications/STM32CubeIDE.app/Contents/Eclipse/plugins/com.st.stm32cube.ide.mcu.externaltools.gnu-tools-for-stm32.10.3-2021.10.macos64_1.0.0.202111181127/tools/bin/../lib/gcc/arm-none-eabi/10.3.1/thumb/v7e-m+fp/hard/crtbegin.o
                0x0000000008007254                PROVIDE (__init_array_end = .)
                0x0000000008007254                . = ALIGN (0x4)

.fini_array     0x0000000008007254        0x4
                0x0000000008007254                . = ALIGN (0x4)
                [!provide]                        PROVIDE (__fini_array_start = .)
 *(SORT_BY_NAME(.fini_array.*))
 *(.fini_array*)
 .fini_array    0x0000000008007254        0x4 /Applications/STM32CubeIDE.app/Contents/Eclipse/plugins/com.st.stm32cube.ide.mcu.externaltools.gnu-tools-for-stm32.10.3-2021.10.macos64_1.0.0.202111181127/tools/bin/../lib/gcc/arm-none-eabi/10.3.1/thumb/v7e-m+fp/hard/crtbegin.o
                [!provide]                        PROVIDE (__fini_array_end = .)
                0x0000000008007258                . = ALIGN (0x4)
                0x0000000008007258                _sidata = LOADADDR (.data)

.data           0x0000000020000000       0x74 load address 0x0000000008007258
                0x0000000020000000                . = ALIGN (0x4)
                0x0000000020000000                _sdata = .
 *(.data)
 *(.data*)
 .data.uxCriticalNesting
                0x0000000020000000        0x4 ./sdk/FreeRTOS/Source/portable/GCC/ARM_CM4F/port.o
 .data.uwTickPrio
                0x0000000020000004        0x4 ./sdk/STM32L4xx_HAL_Driver/Src/stm32l4xx_hal.o
                0x0000000020000004                uwTickPrio
 .data.uwTickFreq
                0x0000000020000008        0x1 ./sdk/STM32L4xx_HAL_Driver/Src/stm32l4xx_hal.o
                0x0000000020000008                uwTickFreq
 *fill*         0x0000000020000009        0x3 
 .data.SystemCoreClock
                0x000000002000000c        0x4 ./src/stm32_bloat/system_stm32l4xx.o
                0x000000002000000c                SystemCoreClock
 .data._impure_ptr
                0x0000000020000010        0x4 /Applications/STM32CubeIDE.app/Contents/Eclipse/plugins/com.st.stm32cube.ide.mcu.externaltools.gnu-tools-for-stm32.10.3-2021.10.macos64_1.0.0.202111181127/tools/bin/../lib/gcc/arm-none-eabi/10.3.1/../../../../arm-none-eabi/lib/thumb/v7e-m+fp/hard/libc_nano.a(lib_a-impure.o)
                0x0000000020000010                _impure_ptr
 .data.impure_data
                0x0000000020000014       0x60 /Applications/STM32CubeIDE.app/Contents/Eclipse/plugins/com.st.stm32cube.ide.mcu.externaltools.gnu-tools-for-stm32.10.3-2021.10.macos64_1.0.0.202111181127/tools/bin/../lib/gcc/arm-none-eabi/10.3.1/../../../../arm-none-eabi/lib/thumb/v7e-m+fp/hard/libc_nano.a(lib_a-impure.o)
 *(.RamFunc)
 *(.RamFunc*)
                0x0000000020000074                . = ALIGN (0x4)
                0x0000000020000074                _edata = .

.igot.plt       0x0000000020000074        0x0 load address 0x00000000080072cc
 .igot.plt      0x0000000020000074        0x0 /Applications/STM32CubeIDE.app/Contents/Eclipse/plugins/com.st.stm32cube.ide.mcu.externaltools.gnu-tools-for-stm32.10.3-2021.10.macos64_1.0.0.202111181127/tools/bin/../lib/gcc/arm-none-eabi/10.3.1/thumb/v7e-m+fp/hard/crtbegin.o
                0x0000000020000074                . = ALIGN (0x4)

.bss            0x0000000020000074     0x232c load address 0x00000000080072cc
                0x0000000020000074                _sbss = .
                0x0000000020000074                __bss_start__ = _sbss
 *(.bss)
 .bss           0x0000000020000074       0x1c /Applications/STM32CubeIDE.app/Contents/Eclipse/plugins/com.st.stm32cube.ide.mcu.externaltools.gnu-tools-for-stm32.10.3-2021.10.macos64_1.0.0.202111181127/tools/bin/../lib/gcc/arm-none-eabi/10.3.1/thumb/v7e-m+fp/hard/crtbegin.o
 *(.bss*)
 .bss.g_task_mn_wild_state
                0x0000000020000090        0x1 ./fw_common/lib/task/task_mn_wild.o
                0x0000000020000090                g_task_mn_wild_state
 *fill*         0x0000000020000091        0x3 
 .bss.KernelState
                0x0000000020000094        0x4 ./sdk/FreeRTOS/Source/CMSIS_RTOS_V2/cmsis_os2.o
 .bss.Idle_TCB.3
                0x0000000020000098       0x5c ./sdk/FreeRTOS/Source/CMSIS_RTOS_V2/cmsis_os2.o
 .bss.Idle_Stack.2
                0x00000000200000f4      0x200 ./sdk/FreeRTOS/Source/CMSIS_RTOS_V2/cmsis_os2.o
 .bss.Timer_TCB.1
                0x00000000200002f4       0x5c ./sdk/FreeRTOS/Source/CMSIS_RTOS_V2/cmsis_os2.o
 .bss.Timer_Stack.0
                0x0000000020000350      0x400 ./sdk/FreeRTOS/Source/CMSIS_RTOS_V2/cmsis_os2.o
 .bss.xQueueRegistry
                0x0000000020000750       0x40 ./sdk/FreeRTOS/Source/queue.o
                0x0000000020000750                xQueueRegistry
 .bss.pxCurrentTCB
                0x0000000020000790        0x4 ./sdk/FreeRTOS/Source/tasks.o
                0x0000000020000790                pxCurrentTCB
 .bss.pxReadyTasksLists
                0x0000000020000794      0x460 ./sdk/FreeRTOS/Source/tasks.o
 .bss.xDelayedTaskList1
                0x0000000020000bf4       0x14 ./sdk/FreeRTOS/Source/tasks.o
 .bss.xDelayedTaskList2
                0x0000000020000c08       0x14 ./sdk/FreeRTOS/Source/tasks.o
 .bss.pxDelayedTaskList
                0x0000000020000c1c        0x4 ./sdk/FreeRTOS/Source/tasks.o
 .bss.pxOverflowDelayedTaskList
                0x0000000020000c20        0x4 ./sdk/FreeRTOS/Source/tasks.o
 .bss.xPendingReadyList
                0x0000000020000c24       0x14 ./sdk/FreeRTOS/Source/tasks.o
 .bss.xTasksWaitingTermination
                0x0000000020000c38       0x14 ./sdk/FreeRTOS/Source/tasks.o
 .bss.uxDeletedTasksWaitingCleanUp
                0x0000000020000c4c        0x4 ./sdk/FreeRTOS/Source/tasks.o
 .bss.xSuspendedTaskList
                0x0000000020000c50       0x14 ./sdk/FreeRTOS/Source/tasks.o
 .bss.uxCurrentNumberOfTasks
                0x0000000020000c64        0x4 ./sdk/FreeRTOS/Source/tasks.o
 .bss.xTickCount
                0x0000000020000c68        0x4 ./sdk/FreeRTOS/Source/tasks.o
 .bss.uxTopReadyPriority
                0x0000000020000c6c        0x4 ./sdk/FreeRTOS/Source/tasks.o
 .bss.xSchedulerRunning
                0x0000000020000c70        0x4 ./sdk/FreeRTOS/Source/tasks.o
 .bss.xPendedTicks
                0x0000000020000c74        0x4 ./sdk/FreeRTOS/Source/tasks.o
 .bss.xYieldPending
                0x0000000020000c78        0x4 ./sdk/FreeRTOS/Source/tasks.o
 .bss.xNumOfOverflows
                0x0000000020000c7c        0x4 ./sdk/FreeRTOS/Source/tasks.o
 .bss.uxTaskNumber
                0x0000000020000c80        0x4 ./sdk/FreeRTOS/Source/tasks.o
 .bss.xNextTaskUnblockTime
                0x0000000020000c84        0x4 ./sdk/FreeRTOS/Source/tasks.o
 .bss.xIdleTaskHandle
                0x0000000020000c88        0x4 ./sdk/FreeRTOS/Source/tasks.o
 .bss.uxSchedulerSuspended
                0x0000000020000c8c        0x4 ./sdk/FreeRTOS/Source/tasks.o
 .bss.xActiveTimerList1
                0x0000000020000c90       0x14 ./sdk/FreeRTOS/Source/timers.o
 .bss.xActiveTimerList2
                0x0000000020000ca4       0x14 ./sdk/FreeRTOS/Source/timers.o
 .bss.pxCurrentTimerList
                0x0000000020000cb8        0x4 ./sdk/FreeRTOS/Source/timers.o
 .bss.pxOverflowTimerList
                0x0000000020000cbc        0x4 ./sdk/FreeRTOS/Source/timers.o
 .bss.xTimerQueue
                0x0000000020000cc0        0x4 ./sdk/FreeRTOS/Source/timers.o
 .bss.xTimerTaskHandle
                0x0000000020000cc4        0x4 ./sdk/FreeRTOS/Source/timers.o
 .bss.xLastTime.2
                0x0000000020000cc8        0x4 ./sdk/FreeRTOS/Source/timers.o
 .bss.ucStaticTimerQueueStorage.1
                0x0000000020000ccc       0xa0 ./sdk/FreeRTOS/Source/timers.o
 .bss.xStaticTimerQueue.0
                0x0000000020000d6c       0x50 ./sdk/FreeRTOS/Source/timers.o
 .bss.ucMaxSysCallPriority
                0x0000000020000dbc        0x1 ./sdk/FreeRTOS/Source/portable/GCC/ARM_CM4F/port.o
 *fill*         0x0000000020000dbd        0x3 
 .bss.ulMaxPRIGROUPValue
                0x0000000020000dc0        0x4 ./sdk/FreeRTOS/Source/portable/GCC/ARM_CM4F/port.o
 .bss.ucHeap    0x0000000020000dc4      0xbb8 ./sdk/FreeRTOS/Source/portable/MemMang/heap_4.o
 .bss.xStart    0x000000002000197c        0x8 ./sdk/FreeRTOS/Source/portable/MemMang/heap_4.o
 .bss.pxEnd     0x0000000020001984        0x4 ./sdk/FreeRTOS/Source/portable/MemMang/heap_4.o
 .bss.xFreeBytesRemaining
                0x0000000020001988        0x4 ./sdk/FreeRTOS/Source/portable/MemMang/heap_4.o
 .bss.xMinimumEverFreeBytesRemaining
                0x000000002000198c        0x4 ./sdk/FreeRTOS/Source/portable/MemMang/heap_4.o
 .bss.xNumberOfSuccessfulAllocations
                0x0000000020001990        0x4 ./sdk/FreeRTOS/Source/portable/MemMang/heap_4.o
 .bss.xNumberOfSuccessfulFrees
                0x0000000020001994        0x4 ./sdk/FreeRTOS/Source/portable/MemMang/heap_4.o
 .bss.xBlockAllocatedBit
                0x0000000020001998        0x4 ./sdk/FreeRTOS/Source/portable/MemMang/heap_4.o
 .bss.uwTick    0x000000002000199c        0x4 ./sdk/STM32L4xx_HAL_Driver/Src/stm32l4xx_hal.o
                0x000000002000199c                uwTick
 .bss.hdma_tim1_ch1
                0x00000000200019a0       0x48 ./src/bsp/board_init_common.o
                0x00000000200019a0                hdma_tim1_ch1
 .bss.hdma_tim1_ch2
                0x00000000200019e8       0x48 ./src/bsp/board_init_common.o
                0x00000000200019e8                hdma_tim1_ch2
 .bss.hdma_tim1_ch3
                0x0000000020001a30       0x48 ./src/bsp/board_init_common.o
                0x0000000020001a30                hdma_tim1_ch3
 .bss.hdma_tim15_ch1_up_trig_com
                0x0000000020001a78       0x48 ./src/bsp/board_init_common.o
                0x0000000020001a78                hdma_tim15_ch1_up_trig_com
 .bss.hdma_tim16_ch1_up
                0x0000000020001ac0       0x48 ./src/bsp/board_init_common.o
                0x0000000020001ac0                hdma_tim16_ch1_up
 .bss.g_rtc_handle
                0x0000000020001b08       0x24 ./src/bsp/board_init_common.o
                0x0000000020001b08                g_rtc_handle
 .bss.g_mn_wild_ctrl_handle
                0x0000000020001b2c        0x4 ./src/task_create.o
                0x0000000020001b2c                g_mn_wild_ctrl_handle
 .bss.g_mn_wild_stack
                0x0000000020001b30      0x800 ./src/task_create.o
                0x0000000020001b30                g_mn_wild_stack
 .bss.g_mn_wild_control_block
                0x0000000020002330       0x5c ./src/task_create.o
                0x0000000020002330                g_mn_wild_control_block
 .bss.__sbrk_heap_end
                0x000000002000238c        0x4 ./src/stm32_bloat/sysmem.o
 .bss.__malloc_free_list
                0x0000000020002390        0x4 /Applications/STM32CubeIDE.app/Contents/Eclipse/plugins/com.st.stm32cube.ide.mcu.externaltools.gnu-tools-for-stm32.10.3-2021.10.macos64_1.0.0.202111181127/tools/bin/../lib/gcc/arm-none-eabi/10.3.1/../../../../arm-none-eabi/lib/thumb/v7e-m+fp/hard/libc_nano.a(lib_a-nano-mallocr.o)
                0x0000000020002390                __malloc_free_list
 .bss.__malloc_sbrk_start
                0x0000000020002394        0x4 /Applications/STM32CubeIDE.app/Contents/Eclipse/plugins/com.st.stm32cube.ide.mcu.externaltools.gnu-tools-for-stm32.10.3-2021.10.macos64_1.0.0.202111181127/tools/bin/../lib/gcc/arm-none-eabi/10.3.1/../../../../arm-none-eabi/lib/thumb/v7e-m+fp/hard/libc_nano.a(lib_a-nano-mallocr.o)
                0x0000000020002394                __malloc_sbrk_start
 .bss.errno     0x0000000020002398        0x4 /Applications/STM32CubeIDE.app/Contents/Eclipse/plugins/com.st.stm32cube.ide.mcu.externaltools.gnu-tools-for-stm32.10.3-2021.10.macos64_1.0.0.202111181127/tools/bin/../lib/gcc/arm-none-eabi/10.3.1/../../../../arm-none-eabi/lib/thumb/v7e-m+fp/hard/libc_nano.a(lib_a-reent.o)
                0x0000000020002398                errno
 .bss.__lock___malloc_recursive_mutex
                0x000000002000239c        0x1 /Applications/STM32CubeIDE.app/Contents/Eclipse/plugins/com.st.stm32cube.ide.mcu.externaltools.gnu-tools-for-stm32.10.3-2021.10.macos64_1.0.0.202111181127/tools/bin/../lib/gcc/arm-none-eabi/10.3.1/../../../../arm-none-eabi/lib/thumb/v7e-m+fp/hard/libc_nano.a(lib_a-lock.o)
                0x000000002000239c                __lock___malloc_recursive_mutex
 .bss.__lock___sfp_recursive_mutex
                0x000000002000239d        0x1 /Applications/STM32CubeIDE.app/Contents/Eclipse/plugins/com.st.stm32cube.ide.mcu.externaltools.gnu-tools-for-stm32.10.3-2021.10.macos64_1.0.0.202111181127/tools/bin/../lib/gcc/arm-none-eabi/10.3.1/../../../../arm-none-eabi/lib/thumb/v7e-m+fp/hard/libc_nano.a(lib_a-lock.o)
                0x000000002000239d                __lock___sfp_recursive_mutex
 .bss.__lock___sinit_recursive_mutex
                0x000000002000239e        0x1 /Applications/STM32CubeIDE.app/Contents/Eclipse/plugins/com.st.stm32cube.ide.mcu.externaltools.gnu-tools-for-stm32.10.3-2021.10.macos64_1.0.0.202111181127/tools/bin/../lib/gcc/arm-none-eabi/10.3.1/../../../../arm-none-eabi/lib/thumb/v7e-m+fp/hard/libc_nano.a(lib_a-lock.o)
                0x000000002000239e                __lock___sinit_recursive_mutex
 *(COMMON)
                0x00000000200023a0                . = ALIGN (0x4)
 *fill*         0x000000002000239f        0x1 
                0x00000000200023a0                _ebss = .
                0x00000000200023a0                __bss_end__ = _ebss

._user_heap_stack
                0x00000000200023a0      0x600 load address 0x00000000080072cc
                0x00000000200023a0                . = ALIGN (0x8)
                [!provide]                        PROVIDE (end = .)
                0x00000000200023a0                PROVIDE (_end = .)
                0x00000000200025a0                . = (. + _Min_Heap_Size)
 *fill*         0x00000000200023a0      0x200 
                0x00000000200029a0                . = (. + _Min_Stack_Size)
 *fill*         0x00000000200025a0      0x400 
                0x00000000200029a0                . = ALIGN (0x8)

/DISCARD/
 libc.a(*)
 libm.a(*)
 libgcc.a(*)

.ARM.attributes
                0x0000000000000000       0x30
 *(.ARM.attributes)
 .ARM.attributes
                0x0000000000000000       0x1e /Applications/STM32CubeIDE.app/Contents/Eclipse/plugins/com.st.stm32cube.ide.mcu.externaltools.gnu-tools-for-stm32.10.3-2021.10.macos64_1.0.0.202111181127/tools/bin/../lib/gcc/arm-none-eabi/10.3.1/thumb/v7e-m+fp/hard/crti.o
 .ARM.attributes
                0x000000000000001e       0x34 /Applications/STM32CubeIDE.app/Contents/Eclipse/plugins/com.st.stm32cube.ide.mcu.externaltools.gnu-tools-for-stm32.10.3-2021.10.macos64_1.0.0.202111181127/tools/bin/../lib/gcc/arm-none-eabi/10.3.1/thumb/v7e-m+fp/hard/crtbegin.o
 .ARM.attributes
                0x0000000000000052       0x34 ./fw_common/lib/adafruit_soundboard/adafruit_soundboard.o
 .ARM.attributes
                0x0000000000000086       0x34 ./fw_common/lib/task/task_mn_wild.o
 .ARM.attributes
                0x00000000000000ba       0x34 ./sdk/FreeRTOS/Source/CMSIS_RTOS_V2/cmsis_os2.o
 .ARM.attributes
                0x00000000000000ee       0x34 ./sdk/FreeRTOS/Source/list.o
 .ARM.attributes
                0x0000000000000122       0x34 ./sdk/FreeRTOS/Source/queue.o
 .ARM.attributes
                0x0000000000000156       0x34 ./sdk/FreeRTOS/Source/tasks.o
 .ARM.attributes
                0x000000000000018a       0x34 ./sdk/FreeRTOS/Source/timers.o
 .ARM.attributes
                0x00000000000001be       0x34 ./sdk/FreeRTOS/Source/portable/GCC/ARM_CM4F/port.o
 .ARM.attributes
                0x00000000000001f2       0x34 ./sdk/FreeRTOS/Source/portable/MemMang/heap_4.o
 .ARM.attributes
                0x0000000000000226       0x34 ./sdk/STM32L4xx_HAL_Driver/Src/stm32l4xx_hal.o
 .ARM.attributes
                0x000000000000025a       0x34 ./sdk/STM32L4xx_HAL_Driver/Src/stm32l4xx_hal_cortex.o
 .ARM.attributes
                0x000000000000028e       0x34 ./sdk/STM32L4xx_HAL_Driver/Src/stm32l4xx_hal_dma.o
 .ARM.attributes
                0x00000000000002c2       0x34 ./sdk/STM32L4xx_HAL_Driver/Src/stm32l4xx_hal_gpio.o
 .ARM.attributes
                0x00000000000002f6       0x34 ./sdk/STM32L4xx_HAL_Driver/Src/stm32l4xx_hal_pwr.o
 .ARM.attributes
                0x000000000000032a       0x34 ./sdk/STM32L4xx_HAL_Driver/Src/stm32l4xx_hal_pwr_ex.o
 .ARM.attributes
                0x000000000000035e       0x34 ./sdk/STM32L4xx_HAL_Driver/Src/stm32l4xx_hal_rcc.o
 .ARM.attributes
                0x0000000000000392       0x34 ./sdk/STM32L4xx_HAL_Driver/Src/stm32l4xx_hal_rcc_ex.o
 .ARM.attributes
                0x00000000000003c6       0x34 ./sdk/STM32L4xx_HAL_Driver/Src/stm32l4xx_hal_rtc.o
 .ARM.attributes
                0x00000000000003fa       0x34 ./src/bsp/board_init_common.o
 .ARM.attributes
                0x000000000000042e       0x34 ./src/main.o
 .ARM.attributes
                0x0000000000000462       0x34 ./src/task_create.o
 .ARM.attributes
                0x0000000000000496       0x34 ./src/stm32_bloat/stm32l4xx_hal_msp.o
 .ARM.attributes
                0x00000000000004ca       0x34 ./src/stm32_bloat/stm32l4xx_it.o
 .ARM.attributes
                0x00000000000004fe       0x34 ./src/stm32_bloat/syscalls.o
 .ARM.attributes
                0x0000000000000532       0x34 ./src/stm32_bloat/sysmem.o
 .ARM.attributes
                0x0000000000000566       0x34 ./src/stm32_bloat/system_stm32l4xx.o
 .ARM.attributes
                0x000000000000059a       0x21 ./startup/startup_stm32l431rctx.o
 .ARM.attributes
                0x00000000000005bb       0x34 /Applications/STM32CubeIDE.app/Contents/Eclipse/plugins/com.st.stm32cube.ide.mcu.externaltools.gnu-tools-for-stm32.10.3-2021.10.macos64_1.0.0.202111181127/tools/bin/../lib/gcc/arm-none-eabi/10.3.1/../../../../arm-none-eabi/lib/thumb/v7e-m+fp/hard/libc_nano.a(lib_a-errno.o)
 .ARM.attributes
                0x00000000000005ef       0x34 /Applications/STM32CubeIDE.app/Contents/Eclipse/plugins/com.st.stm32cube.ide.mcu.externaltools.gnu-tools-for-stm32.10.3-2021.10.macos64_1.0.0.202111181127/tools/bin/../lib/gcc/arm-none-eabi/10.3.1/../../../../arm-none-eabi/lib/thumb/v7e-m+fp/hard/libc_nano.a(lib_a-impure.o)
 .ARM.attributes
                0x0000000000000623       0x34 /Applications/STM32CubeIDE.app/Contents/Eclipse/plugins/com.st.stm32cube.ide.mcu.externaltools.gnu-tools-for-stm32.10.3-2021.10.macos64_1.0.0.202111181127/tools/bin/../lib/gcc/arm-none-eabi/10.3.1/../../../../arm-none-eabi/lib/thumb/v7e-m+fp/hard/libc_nano.a(lib_a-init.o)
 .ARM.attributes
                0x0000000000000657       0x34 /Applications/STM32CubeIDE.app/Contents/Eclipse/plugins/com.st.stm32cube.ide.mcu.externaltools.gnu-tools-for-stm32.10.3-2021.10.macos64_1.0.0.202111181127/tools/bin/../lib/gcc/arm-none-eabi/10.3.1/../../../../arm-none-eabi/lib/thumb/v7e-m+fp/hard/libc_nano.a(lib_a-malloc.o)
 .ARM.attributes
                0x000000000000068b       0x34 /Applications/STM32CubeIDE.app/Contents/Eclipse/plugins/com.st.stm32cube.ide.mcu.externaltools.gnu-tools-for-stm32.10.3-2021.10.macos64_1.0.0.202111181127/tools/bin/../lib/gcc/arm-none-eabi/10.3.1/../../../../arm-none-eabi/lib/thumb/v7e-m+fp/hard/libc_nano.a(lib_a-memcpy-stub.o)
 .ARM.attributes
                0x00000000000006bf       0x34 /Applications/STM32CubeIDE.app/Contents/Eclipse/plugins/com.st.stm32cube.ide.mcu.externaltools.gnu-tools-for-stm32.10.3-2021.10.macos64_1.0.0.202111181127/tools/bin/../lib/gcc/arm-none-eabi/10.3.1/../../../../arm-none-eabi/lib/thumb/v7e-m+fp/hard/libc_nano.a(lib_a-memset.o)
 .ARM.attributes
                0x00000000000006f3       0x34 /Applications/STM32CubeIDE.app/Contents/Eclipse/plugins/com.st.stm32cube.ide.mcu.externaltools.gnu-tools-for-stm32.10.3-2021.10.macos64_1.0.0.202111181127/tools/bin/../lib/gcc/arm-none-eabi/10.3.1/../../../../arm-none-eabi/lib/thumb/v7e-m+fp/hard/libc_nano.a(lib_a-nano-freer.o)
 .ARM.attributes
                0x0000000000000727       0x34 /Applications/STM32CubeIDE.app/Contents/Eclipse/plugins/com.st.stm32cube.ide.mcu.externaltools.gnu-tools-for-stm32.10.3-2021.10.macos64_1.0.0.202111181127/tools/bin/../lib/gcc/arm-none-eabi/10.3.1/../../../../arm-none-eabi/lib/thumb/v7e-m+fp/hard/libc_nano.a(lib_a-nano-mallocr.o)
 .ARM.attributes
                0x000000000000075b       0x34 /Applications/STM32CubeIDE.app/Contents/Eclipse/plugins/com.st.stm32cube.ide.mcu.externaltools.gnu-tools-for-stm32.10.3-2021.10.macos64_1.0.0.202111181127/tools/bin/../lib/gcc/arm-none-eabi/10.3.1/../../../../arm-none-eabi/lib/thumb/v7e-m+fp/hard/libc_nano.a(lib_a-rand.o)
 .ARM.attributes