stm32l4xx_it.c:42:6:NMI_Handler	4	static
stm32l4xx_it.c:50:6:HardFault_Handler	4	static
stm32l4xx_it.c:58:6:MemManage_Handler	4	static
stm32l4xx_it.c:65:6:BusFault_Handler	4	static
stm32l4xx_it.c:73:6:UsageFault_Handler	4	static
stm32l4xx_it.c:88:6:DebugMon_Handler	4	static
stm32l4xx_it.c:118:6:EXTI0_IRQHandler	8	static
stm32l4xx_it.c:131:6:EXTI2_IRQHandler	8	static
stm32l4xx_it.c:156:6:EXTI15_10_IRQHandler	8	static
stm32l4xx_it.c:177:6:EXTI9_5_IRQHandler	8	static
stm32l4xx_it.c:187:6:HAL_TIM_PWM_PulseFinishedCallback	16	static
stm32l4xx_it.c:220:6:DMA1_Channel2_IRQHandler	8	static
stm32l4xx_it.c:228:6:DMA1_Channel3_IRQHandler	8	static
stm32l4xx_it.c:236:6:DMA1_Channel5_IRQHandler	8	static
stm32l4xx_it.c:244:6:DMA1_Channel6_IRQHandler	8	static
stm32l4xx_it.c:252:6:DMA1_Channel7_IRQHandler	8	static
