../src/stm32_bloat/stm32l4xx_it.c:46:6:NMI_Handler	4	static
../src/stm32_bloat/stm32l4xx_it.c:54:6:HardFault_Handler	4	static
../src/stm32_bloat/stm32l4xx_it.c:62:6:MemManage_Handler	4	static
../src/stm32_bloat/stm32l4xx_it.c:69:6:BusFault_Handler	4	static
../src/stm32_bloat/stm32l4xx_it.c:77:6:UsageFault_Handler	4	static
../src/stm32_bloat/stm32l4xx_it.c:92:6:DebugMon_Handler	4	static
../src/stm32_bloat/stm32l4xx_it.c:122:6:EXTI0_IRQHandler	8	static
../src/stm32_bloat/stm32l4xx_it.c:134:6:EXTI2_IRQHandler	8	static
../src/stm32_bloat/stm32l4xx_it.c:145:6:EXTI15_10_IRQHandler	8	static
../src/stm32_bloat/stm32l4xx_it.c:156:6:EXTI9_5_IRQHandler	8	static
../src/stm32_bloat/stm32l4xx_it.c:164:6:HAL_TIM_PWM_PulseFinishedCallback	16	static
../src/stm32_bloat/stm32l4xx_it.c:197:6:DMA1_Channel2_IRQHandler	8	static
../src/stm32_bloat/stm32l4xx_it.c:205:6:DMA1_Channel3_IRQHandler	8	static
../src/stm32_bloat/stm32l4xx_it.c:213:6:DMA1_Channel5_IRQHandler	8	static
../src/stm32_bloat/stm32l4xx_it.c:221:6:DMA1_Channel6_IRQHandler	8	static
../src/stm32_bloat/stm32l4xx_it.c:229:6:DMA1_Channel7_IRQHandler	8	static
