/Users/spud/Documents/GitHub/Spud_code_collection/STM32/stm32_workspace/common/lib/pkt/pkt.c:91:6:packet_queue_init	16	static
/Users/spud/Documents/GitHub/Spud_code_collection/STM32/stm32_workspace/common/lib/pkt/pkt.c:107:9:pkt_dequeue_from_free	16	static
/Users/spud/Documents/GitHub/Spud_code_collection/STM32/stm32_workspace/common/lib/pkt/pkt.c:115:6:pkt_enqueue_to_free	16	static
/Users/spud/Documents/GitHub/Spud_code_collection/STM32/stm32_workspace/common/lib/pkt/pkt.c:121:9:pkt_dequeue_from_rx	16	static
/Users/spud/Documents/GitHub/Spud_code_collection/STM32/stm32_workspace/common/lib/pkt/pkt.c:129:6:pkt_enqueue_to_rx	16	static
/Users/spud/Documents/GitHub/Spud_code_collection/STM32/stm32_workspace/common/lib/pkt/pkt.c:135:9:pkt_dequeue_from_tx	16	static
/Users/spud/Documents/GitHub/Spud_code_collection/STM32/stm32_workspace/common/lib/pkt/pkt.c:143:6:pkt_enqueue_to_tx	16	static
/Users/spud/Documents/GitHub/Spud_code_collection/STM32/stm32_workspace/common/lib/pkt/pkt.c:149:9:pkt_dequeue_from_process	16	static
/Users/spud/Documents/GitHub/Spud_code_collection/STM32/stm32_workspace/common/lib/pkt/pkt.c:157:6:pkt_enqueue_to_process	16	static
/Users/spud/Documents/GitHub/Spud_code_collection/STM32/stm32_workspace/common/lib/pkt/pkt.c:163:6:pkt_parse_rx	24	static
/Users/spud/Documents/GitHub/Spud_code_collection/STM32/stm32_workspace/common/lib/pkt/pkt.c:181:6:pkt_parse_tx	24	static
/Users/spud/Documents/GitHub/Spud_code_collection/STM32/stm32_workspace/common/lib/pkt/pkt.c:202:6:packet_rsp_clear	4	static
/Users/spud/Documents/GitHub/Spud_code_collection/STM32/stm32_workspace/common/lib/pkt/pkt.c:208:6:packet_rsp_set	4	static
/Users/spud/Documents/GitHub/Spud_code_collection/STM32/stm32_workspace/common/lib/pkt/pkt.c:214:6:packet_rsp_was_received	4	static
