../src/bsp/board_init_common.c:37:13:board_init_common_rtc_init	8	static
../src/bsp/board_init_common.c:55:13:SystemClock_Config	192	static
../src/bsp/board_init_common.c:92:13:board_init_common_timer_init	136	static
../src/bsp/board_init_common.c:156:13:board_init_common_nvic_setup_interrupts	8	static
../src/bsp/board_init_common.c:196:6:board_init_setup_gpio_input_no_pull	40	static
../src/bsp/board_init_common.c:206:13:board_init_setup_gpio_input_pullup	40	static
../src/bsp/board_init_common.c:216:13:board_init_setup_gpio_input_pulldown	40	static
../src/bsp/board_init_common.c:226:13:board_init_setup_gpio_output_no_pull	40	static
../src/bsp/board_init_common.c:236:13:board_init_setup_gpio_output_pullup	40	static
../src/bsp/board_init_common.c:246:13:board_init_setup_gpio_output_pulldown	40	static
../src/bsp/board_init_common.c:256:13:board_init_setup_gpio_output_high	40	static
../src/bsp/board_init_common.c:267:13:board_init_setup_gpio_output_low	40	static
../src/bsp/board_init_common.c:278:6:board_init_adafruit_reset	40	static
../src/bsp/board_init_common.c:296:6:board_init_adafruit_soundboard_is_playing_audio	32	static
../src/bsp/board_init_common.c:312:6:board_init_adafruit_soundboard_adjust_volume	40	static
../src/bsp/board_init_common.c:340:6:board_init_adafruit_soundboard_power_enable_disable	40	static
../src/bsp/board_init_common.c:358:6:board_init_adafruit_soundboard_enable_mode	40	static
../src/bsp/board_init_common.c:376:6:board_init_adafruit_soundboard_trigger	40	static
../src/bsp/board_init_common.c:444:6:board_init_adafruit_soundboard_enable_relay	40	static
../src/bsp/board_init_common.c:462:6:board_init_adafruit_soundboard_disable_relay	40	static
../src/bsp/board_init_common.c:480:6:board_init_common_board_init	48	static
../src/bsp/board_init_common.c:539:6:board_init_common_button_pressed	16	static
../src/bsp/board_init_common.c:545:6:board_init_common_stop_timer	8	static
../src/bsp/board_init_common.c:554:6:board_init_red_led_on	32	static
../src/bsp/board_init_common.c:565:6:board_init_red_led_off	32	static
../src/bsp/board_init_common.c:576:6:board_init_green_led_on	32	static
../src/bsp/board_init_common.c:587:6:board_init_green_led_off	32	static
../src/bsp/board_init_common.c:602:6:Error_Handler	4	static,ignoring_inline_asm
