gt_521fx_driver.c:38:6:gt521fx_nack_flag_set	16	static
gt_521fx_driver.c:44:6:gt521fx_nack_state_set	16	static
gt_521fx_driver.c:50:6:gt521fx_nack_flag	4	static
gt_521fx_driver.c:57:10:gt521fx_enrolled_fingerprint_count	4	static
gt_521fx_driver.c:63:6:gt521fx_enrolled_fingerprint_count_set	16	static
gt_521fx_driver.c:70:6:gt521fx_initialized	4	static
gt_521fx_driver.c:76:6:gt521fx_finger_is_pressed_clear	4	static
gt_521fx_driver.c:82:6:gt521fx_finger_is_pressed_set	16	static
gt_521fx_driver.c:88:6:gt521fx_finger_is_pressed_flag	4	static
gt_521fx_driver.c:94:6:gt521fx_security_lvl_set	16	static
gt_521fx_driver.c:100:6:gt521fx_identified_id_set	16	static
gt_521fx_driver.c:107:10:gt521fx_identified_id	4	static
gt_521fx_driver.c:113:6:gt521fx_led_on	8	static
gt_521fx_driver.c:119:6:gt521fx_led_off	8	static
gt_521fx_driver.c:125:6:gt521fx_open	8	static
gt_521fx_driver.c:131:6:gt521fx_change_baud_rate	16	static
gt_521fx_driver.c:137:6:gt521fx_check_enrollment_status	16	static
gt_521fx_driver.c:147:6:gt521fx_start_enrollment	16	static
gt_521fx_driver.c:153:6:gt521fx_enrollment	24	static
gt_521fx_driver.c:199:6:gt521fx_finger_is_pressed	8	static
gt_521fx_driver.c:205:6:gt521fx_delete_all_fingerprints	8	static
gt_521fx_driver.c:211:6:gt521fx_delete_fingerprint	16	static
gt_521fx_driver.c:217:6:gt521fx_fingerprint_verified	16	static
gt_521fx_driver.c:227:6:gt521fx_fingerprint_identify	8	static
gt_521fx_driver.c:237:6:gt521fx_capture_finger	8	static
gt_521fx_driver.c:243:6:gt521fx_set_security_level	16	static
