gt_521fx_driver.c:38:6:gt521fx_nack_flag_set	16	static
gt_521fx_driver.c:44:6:gt521fx_nack_state_set	16	static
gt_521fx_driver.c:50:6:gt521fx_nack_flag	4	static
gt_521fx_driver.c:57:10:gt521fx_enrolled_fingerprint_count	4	static
gt_521fx_driver.c:63:6:gt521fx_enrolled_fingerprint_count_set	16	static
gt_521fx_driver.c:70:6:gt521fx_initialized	4	static
gt_521fx_driver.c:75:6:gt521fx_finger_is_pressed_set	16	static
gt_521fx_driver.c:81:6:gt521fx_finger_is_pressed_flag	4	static
gt_521fx_driver.c:87:6:gt521fx_security_lvl_set	16	static
gt_521fx_driver.c:93:6:gt521fx_identified_id_set	16	static
gt_521fx_driver.c:100:10:gt521fx_identified_id	4	static
gt_521fx_driver.c:106:6:gt521fx_led_on	8	static
gt_521fx_driver.c:112:6:gt521fx_led_off	8	static
gt_521fx_driver.c:118:6:gt521fx_open	8	static
gt_521fx_driver.c:124:6:gt521fx_change_baud_rate	16	static
gt_521fx_driver.c:130:6:gt521fx_check_enrollment_status	16	static
gt_521fx_driver.c:139:6:gt521fx_start_enrollment	16	static
gt_521fx_driver.c:145:6:gt521fx_enrollment	24	static
gt_521fx_driver.c:191:6:gt521fx_finger_is_pressed	8	static
gt_521fx_driver.c:197:6:gt521fx_delete_all_fingerprints	8	static
gt_521fx_driver.c:203:6:gt521fx_delete_fingerprint	16	static
gt_521fx_driver.c:209:6:gt521fx_fingerprint_verified	16	static
gt_521fx_driver.c:217:6:gt521fx_fingerprint_identify	8	static
gt_521fx_driver.c:225:6:gt521fx_capture_finger	8	static
gt_521fx_driver.c:231:6:gt521fx_set_security_level	16	static
