gt_521fx_driver.c:38:6:gt521fx_nack_flag_set	16	static
gt_521fx_driver.c:44:6:gt521fx_nack_state_set	16	static
gt_521fx_driver.c:51:6:gt521fx_nack_flag	4	static
gt_521fx_driver.c:59:10:gt521fx_enrolled_fingerprint_count	4	static
gt_521fx_driver.c:65:6:gt521fx_enrolled_fingerprint_count_set	16	static
gt_521fx_driver.c:71:6:gt521fx_finger_is_pressed_set	16	static
gt_521fx_driver.c:78:6:gt521fx_finger_is_pressed_flag	4	static
gt_521fx_driver.c:84:6:gt521fx_security_lvl_set	16	static
gt_521fx_driver.c:90:6:gt521fx_identified_id_set	16	static
gt_521fx_driver.c:97:10:gt521fx_identified_id	4	static
gt_521fx_driver.c:103:6:gt521fx_fingerprint_init	8	static
gt_521fx_driver.c:112:18:gt521fx_enroll_finger	24	static
gt_521fx_driver.c:153:18:gt521fx_led_on	8	static
gt_521fx_driver.c:160:18:gt521fx_led_off	8	static
gt_521fx_driver.c:167:18:gt521fx_open	8	static
gt_521fx_driver.c:174:18:gt521fx_change_baud_rate	16	static
gt_521fx_driver.c:181:6:gt521fx_check_enrollment_status	16	static
gt_521fx_driver.c:190:6:gt521fx_start_enrollment	16	static
gt_521fx_driver.c:199:6:gt521fx_enrollment	24	static
gt_521fx_driver.c:224:6:gt521fx_first_enrollment	8	static
gt_521fx_driver.c:233:6:gt521fx_second_enrollment	8	static
gt_521fx_driver.c:242:6:gt521fx_third_enrollment	8	static
gt_521fx_driver.c:251:6:gt521fx_finger_is_pressed	8	static
gt_521fx_driver.c:260:6:gt521fx_delete_all_fingerprints	8	static
gt_521fx_driver.c:267:6:gt521fx_fingerprint_verified	16	static
gt_521fx_driver.c:276:6:gt521fx_fingerprint_identify	16	static
gt_521fx_driver.c:285:6:gt521fx_capture_finger	8	static
gt_521fx_driver.c:297:6:gt521fx_set_security_level	16	static
