packet_queue.c:57:6:packet_queue_init	8	static
packet_queue.c:72:6:packet_enqueue	16	static
packet_queue.c:96:6:packet_dequeue	16	static
packet_queue.c:120:6:packet_enqueue_to_sensor_tx	16	static
packet_queue.c:126:6:packet_dequeue_from_sensor_tx	16	static
packet_queue.c:132:6:packet_enqueue_to_sensor_rx	16	static
packet_queue.c:138:6:packet_dequeue_from_sensor_rx	16	static
packet_queue.c:146:6:packet_parse_rsp	16	static
packet_queue.c:186:6:packet_rsp_clear	4	static
packet_queue.c:192:6:packet_rsp_set	4	static
packet_queue.c:198:6:packet_rsp_was_received	4	static
packet_queue.c:214:16:cmd_in_flight	4	static
packet_queue.c:219:6:packet_create_cmd_and_send	24	static
packet_queue.c:233:10:packet_calc_check_sum	24	static
