packet_queue.c:64:6:packet_queue_init	8	static
packet_queue.c:74:10:packet_queue_get_count	16	static
packet_queue.c:86:20:packet_queue_get_queue_handle	16	static
packet_queue.c:97:6:packet_enqueue	16	static
packet_queue.c:125:6:packet_dequeue	16	static
packet_queue.c:148:6:packet_enqueue_to_sensor_tx	16	static
packet_queue.c:156:6:packet_dequeue_from_sensor_tx	16	static
packet_queue.c:164:6:packet_enqueue_to_sensor_rx	16	static
packet_queue.c:170:6:packet_dequeue_from_sensor_rx	16	static
packet_queue.c:179:6:packet_parse_rsp	16	static
packet_queue.c:255:6:packet_rsp_clear	4	static
packet_queue.c:261:6:packet_rsp_set	4	static
packet_queue.c:267:6:packet_rsp_was_received	4	static
packet_queue.c:283:16:cmd_in_flight	4	static
packet_queue.c:288:6:packet_create_cmd_and_send	24	static
packet_queue.c:302:10:packet_calc_check_sum	24	static
