ssd1351_driver.c:59:13:ssd1351_spi_byte_write	24	static
ssd1351_driver.c:66:13:ssd1351_spi_block_write	16	static
ssd1351_driver.c:72:6:ssd1351_byte_write_data	16	static
ssd1351_driver.c:81:6:ssd1351_block_write_data	16	static
ssd1351_driver.c:90:6:ssd1351_write_cmd	16	static
ssd1351_driver.c:99:6:ssd1351_write_buffer_to_display	8	static
ssd1351_driver.c:106:6:ssd1351_delay_ms	16	static
ssd1351_driver.c:112:6:ssd1351_clear_pin	24	static
ssd1351_driver.c:135:6:ssd1351_set_pin	24	static
ssd1351_driver.c:158:6:ssd1351_init	8	static
ssd1351_driver.c:242:6:ssd1351_turn_off_display	8	static
ssd1351_driver.c:248:6:ssd1351_draw_pixel	24	static
ssd1351_driver.c:259:6:ssd1351_draw_line	40	static
ssd1351_driver.c:290:6:ssd1351_draw_rectangle	32	static
ssd1351_driver.c:300:6:swap	24	static
ssd1351_driver.c:330:6:ssd1351_set_pixel_address	16	static
ssd1351_driver.c:344:6:ssd1351_reset_pixel_address	4	static
ssd1351_driver.c:351:6:ssd1351_set_ram_address	16	static
ssd1351_driver.c:362:6:ssd1351_reset_ram_address	8	static
ssd1351_driver.c:369:6:ssd1351_fill_screen	32	static
ssd1351_driver.c:388:6:ssd1351_clear_screen	8	static
ssd1351_driver.c:401:6:ssd1351_write_char	48	static
ssd1351_driver.c:447:6:ssd1351_printf	48	static
ssd1351_driver.c:504:6:ssd1351_write_string	32	static
