C:/work/Spud_code_collection/STM32/stm32_workspace/fw_common/lib/ws2812b_driver/ws2812b.c:110:6:reset_ws2812b	8	static
C:/work/Spud_code_collection/STM32/stm32_workspace/fw_common/lib/ws2812b_driver/ws2812b.c:119:20:ws2812_convert_strip_num_to_strip_bit	16	static
C:/work/Spud_code_collection/STM32/stm32_workspace/fw_common/lib/ws2812b_driver/ws2812b.c:125:20:ws2812_convert_strip_bit_to_strip_num	16	static
C:/work/Spud_code_collection/STM32/stm32_workspace/fw_common/lib/ws2812b_driver/ws2812b.c:130:10:ws2812_get_strip_size	24	static
C:/work/Spud_code_collection/STM32/stm32_workspace/fw_common/lib/ws2812b_driver/ws2812b.c:139:10:ws2812_get_number_of_active_strips	24	static
C:/work/Spud_code_collection/STM32/stm32_workspace/fw_common/lib/ws2812b_driver/ws2812b.c:150:13:ws2812_get_next_active_strip	24	static
C:/work/Spud_code_collection/STM32/stm32_workspace/fw_common/lib/ws2812b_driver/ws2812b.c:162:10:ws2812_get_num_active_animation_leds	24	static
C:/work/Spud_code_collection/STM32/stm32_workspace/fw_common/lib/ws2812b_driver/ws2812b.c:200:10:ws2812_led_get_max_strip_size	24	static
C:/work/Spud_code_collection/STM32/stm32_workspace/fw_common/lib/ws2812b_driver/ws2812b.c:238:6:ws2812_pixel_is_in_strip_range	24	static
C:/work/Spud_code_collection/STM32/stm32_workspace/fw_common/lib/ws2812b_driver/ws2812b.c:272:6:ws2812b_set_led	40	static
C:/work/Spud_code_collection/STM32/stm32_workspace/fw_common/lib/ws2812b_driver/ws2812b.c:281:6:ws2812b_fill_pwm_buffer	32	static
C:/work/Spud_code_collection/STM32/stm32_workspace/fw_common/lib/ws2812b_driver/ws2812b.c:329:6:ws2812b_reset	4	static
C:/work/Spud_code_collection/STM32/stm32_workspace/fw_common/lib/ws2812b_driver/ws2812b.c:335:6:ws2812b_init	16	static
C:/work/Spud_code_collection/STM32/stm32_workspace/fw_common/lib/ws2812b_driver/ws2812b.c:410:6:ws2812b_show	24	static
