C:/work/Spud_code_collection/STM32/stm32_workspace/fw_common/lib/ws2812b_driver/ws2812b.c:107:6:reset_ws2812b	8	static
C:/work/Spud_code_collection/STM32/stm32_workspace/fw_common/lib/ws2812b_driver/ws2812b.c:116:20:ws2812_convert_strip_num_to_strip_bit	16	static
C:/work/Spud_code_collection/STM32/stm32_workspace/fw_common/lib/ws2812b_driver/ws2812b.c:122:20:ws2812_convert_strip_bit_to_strip_num	16	static
C:/work/Spud_code_collection/STM32/stm32_workspace/fw_common/lib/ws2812b_driver/ws2812b.c:127:10:ws2812_get_strip_size	24	static
C:/work/Spud_code_collection/STM32/stm32_workspace/fw_common/lib/ws2812b_driver/ws2812b.c:136:10:ws2812_get_number_of_active_strips	24	static
C:/work/Spud_code_collection/STM32/stm32_workspace/fw_common/lib/ws2812b_driver/ws2812b.c:147:13:ws2812_get_next_active_strip	24	static
C:/work/Spud_code_collection/STM32/stm32_workspace/fw_common/lib/ws2812b_driver/ws2812b.c:159:10:ws2812_get_num_active_animation_leds	24	static
C:/work/Spud_code_collection/STM32/stm32_workspace/fw_common/lib/ws2812b_driver/ws2812b.c:197:10:ws2812_led_get_max_strip_size	24	static
C:/work/Spud_code_collection/STM32/stm32_workspace/fw_common/lib/ws2812b_driver/ws2812b.c:235:6:ws2812_pixel_is_in_strip_range	24	static
C:/work/Spud_code_collection/STM32/stm32_workspace/fw_common/lib/ws2812b_driver/ws2812b.c:269:6:ws2812b_set_led	32	static
C:/work/Spud_code_collection/STM32/stm32_workspace/fw_common/lib/ws2812b_driver/ws2812b.c:278:6:ws2812b_fill_pwm_buffer	32	static
C:/work/Spud_code_collection/STM32/stm32_workspace/fw_common/lib/ws2812b_driver/ws2812b.c:326:6:ws2812b_reset	4	static
C:/work/Spud_code_collection/STM32/stm32_workspace/fw_common/lib/ws2812b_driver/ws2812b.c:332:6:ws2812b_init	16	static
C:/work/Spud_code_collection/STM32/stm32_workspace/fw_common/lib/ws2812b_driver/ws2812b.c:405:6:ws2812b_show	24	static
