/Users/spud/Documents/GitHub/Spud_code_collection/STM32/stm32_workspace/fw_common/lib/ws2812b_driver/ws2812b.c:102:6:reset_ws2812b	8	static
/Users/spud/Documents/GitHub/Spud_code_collection/STM32/stm32_workspace/fw_common/lib/ws2812b_driver/ws2812b.c:114:20:ws2812_convert_strip_num_to_strip_bit	16	static
/Users/spud/Documents/GitHub/Spud_code_collection/STM32/stm32_workspace/fw_common/lib/ws2812b_driver/ws2812b.c:120:20:ws2812_convert_strip_bit_to_strip_num	16	static
/Users/spud/Documents/GitHub/Spud_code_collection/STM32/stm32_workspace/fw_common/lib/ws2812b_driver/ws2812b.c:126:10:ws2812_get_pwm_strip_offset	24	static
/Users/spud/Documents/GitHub/Spud_code_collection/STM32/stm32_workspace/fw_common/lib/ws2812b_driver/ws2812b.c:163:10:ws2812_get_strip_size	24	static
/Users/spud/Documents/GitHub/Spud_code_collection/STM32/stm32_workspace/fw_common/lib/ws2812b_driver/ws2812b.c:172:10:ws2812_get_number_of_active_strips	24	static
/Users/spud/Documents/GitHub/Spud_code_collection/STM32/stm32_workspace/fw_common/lib/ws2812b_driver/ws2812b.c:184:13:ws2812_get_next_active_strip	24	static
/Users/spud/Documents/GitHub/Spud_code_collection/STM32/stm32_workspace/fw_common/lib/ws2812b_driver/ws2812b.c:196:10:ws2812_get_num_active_animation_leds	24	static
/Users/spud/Documents/GitHub/Spud_code_collection/STM32/stm32_workspace/fw_common/lib/ws2812b_driver/ws2812b.c:234:10:ws2812_led_get_max_strip_size	24	static
/Users/spud/Documents/GitHub/Spud_code_collection/STM32/stm32_workspace/fw_common/lib/ws2812b_driver/ws2812b.c:272:6:ws2812_pixel_is_in_strip_range	24	static
/Users/spud/Documents/GitHub/Spud_code_collection/STM32/stm32_workspace/fw_common/lib/ws2812b_driver/ws2812b.c:306:6:ws2812b_set_led	40	static
/Users/spud/Documents/GitHub/Spud_code_collection/STM32/stm32_workspace/fw_common/lib/ws2812b_driver/ws2812b.c:319:6:ws2812b_set_strip_size	16	static
/Users/spud/Documents/GitHub/Spud_code_collection/STM32/stm32_workspace/fw_common/lib/ws2812b_driver/ws2812b.c:325:10:ws2812b_strip_size	4	static
/Users/spud/Documents/GitHub/Spud_code_collection/STM32/stm32_workspace/fw_common/lib/ws2812b_driver/ws2812b.c:331:6:ws2812b_dma_transfer	16	static
/Users/spud/Documents/GitHub/Spud_code_collection/STM32/stm32_workspace/fw_common/lib/ws2812b_driver/ws2812b.c:338:21:ws2812b_ping_or_pong	4	static
/Users/spud/Documents/GitHub/Spud_code_collection/STM32/stm32_workspace/fw_common/lib/ws2812b_driver/ws2812b.c:345:6:ws2812b_fill_pwm_buffer	48	static
/Users/spud/Documents/GitHub/Spud_code_collection/STM32/stm32_workspace/fw_common/lib/ws2812b_driver/ws2812b.c:390:6:ws2812b_reset	4	static
/Users/spud/Documents/GitHub/Spud_code_collection/STM32/stm32_workspace/fw_common/lib/ws2812b_driver/ws2812b.c:396:6:ws2812b_init	16	static
/Users/spud/Documents/GitHub/Spud_code_collection/STM32/stm32_workspace/fw_common/lib/ws2812b_driver/ws2812b.c:469:6:ws2812b_show	24	static,ignoring_inline_asm
