../src/flash/flash_access.c:14:6:flash_access_init	4	static
../src/flash/flash_access.c:20:6:flash_access_increment_count	8	static
../src/flash/flash_access.c:26:6:flash_access_erase_user_flash	40	static
../src/flash/flash_access.c:42:6:flash_access_read_flash	24	static
../src/flash/flash_access.c:48:6:flash_access_write_to_flash	40	static
../src/flash/flash_access.c:62:6:flash_access_read_sector	24	static
../src/flash/flash_access.c:81:6:flash_access_write_sector	32	static
../src/flash/flash_access.c:104:6:flash_access_write_user_flash	8	static
../src/flash/flash_access.c:110:6:flash_access_read_user_flash	4	static
