../src/flash/flash_info.c:85:6:flash_info_color_enabled	24	static
../src/flash/flash_info.c:212:6:flash_info_animation_enabled	24	static
../src/flash/flash_info.c:282:18:flash_info_strip_brightness	24	static
../src/flash/flash_info.c:323:13:flash_info_strip_speed	24	static
../src/flash/flash_info.c:359:6:flash_info_block_init	8	static
../src/flash/flash_info.c:414:6:flash_info_read_data	40	static
../src/flash/flash_info.c:455:6:flash_info_write_data	64	static
../src/flash/flash_info.c:563:6:flash_info_init	24	static
../src/flash/flash_info.c:579:6:flash_info_firmware_version	16	static
