/Users/spud/Documents/GitHub/Spud_code_collection/STM32/stm32_workspace/common/lib/led/led_ctrl/led_ctrl.c:137:25:led_ctrl_read_master_state	24	static
/Users/spud/Documents/GitHub/Spud_code_collection/STM32/stm32_workspace/common/lib/led/led_ctrl/led_ctrl.c:144:6:led_ctrl_write_master_state	24	static
/Users/spud/Documents/GitHub/Spud_code_collection/STM32/stm32_workspace/common/lib/led/led_ctrl/led_ctrl.c:152:13:led_ctrl_read_active_state	24	static
/Users/spud/Documents/GitHub/Spud_code_collection/STM32/stm32_workspace/common/lib/led/led_ctrl/led_ctrl.c:159:6:led_ctrl_write_active_state	24	static
/Users/spud/Documents/GitHub/Spud_code_collection/STM32/stm32_workspace/common/lib/led/led_ctrl/led_ctrl.c:167:10:led_ctrl_read_state_current_iteration	24	static
/Users/spud/Documents/GitHub/Spud_code_collection/STM32/stm32_workspace/common/lib/led/led_ctrl/led_ctrl.c:174:6:led_ctrl_write_state_current_iteration	24	static
/Users/spud/Documents/GitHub/Spud_code_collection/STM32/stm32_workspace/common/lib/led/led_ctrl/led_ctrl.c:182:13:led_ctrl_read_speed	24	static
/Users/spud/Documents/GitHub/Spud_code_collection/STM32/stm32_workspace/common/lib/led/led_ctrl/led_ctrl.c:189:6:led_ctrl_write_speed	24	static
/Users/spud/Documents/GitHub/Spud_code_collection/STM32/stm32_workspace/common/lib/led/led_ctrl/led_ctrl.c:196:24:led_ctrl_read_pause_state	24	static
/Users/spud/Documents/GitHub/Spud_code_collection/STM32/stm32_workspace/common/lib/led/led_ctrl/led_ctrl.c:203:6:led_ctrl_write_pause_state	24	static
/Users/spud/Documents/GitHub/Spud_code_collection/STM32/stm32_workspace/common/lib/led/led_ctrl/led_ctrl.c:210:28:led_ctrl_read_interrupt_info	24	static
/Users/spud/Documents/GitHub/Spud_code_collection/STM32/stm32_workspace/common/lib/led/led_ctrl/led_ctrl.c:217:29:led_ctrl_read_minor_interrupt_status	24	static
/Users/spud/Documents/GitHub/Spud_code_collection/STM32/stm32_workspace/common/lib/led/led_ctrl/led_ctrl.c:224:6:led_ctrl_read_minor_interrupt_flag	24	static
/Users/spud/Documents/GitHub/Spud_code_collection/STM32/stm32_workspace/common/lib/led/led_ctrl/led_ctrl.c:231:29:led_ctrl_read_major_interrupt_status	24	static
/Users/spud/Documents/GitHub/Spud_code_collection/STM32/stm32_workspace/common/lib/led/led_ctrl/led_ctrl.c:238:6:led_ctrl_read_major_interrupt_flag	24	static
/Users/spud/Documents/GitHub/Spud_code_collection/STM32/stm32_workspace/common/lib/led/led_ctrl/led_ctrl.c:245:26:led_ctrl_read_color_master_state	24	static
/Users/spud/Documents/GitHub/Spud_code_collection/STM32/stm32_workspace/common/lib/led/led_ctrl/led_ctrl.c:252:6:led_ctrl_write_color_master_state	24	static
/Users/spud/Documents/GitHub/Spud_code_collection/STM32/stm32_workspace/common/lib/led/led_ctrl/led_ctrl.c:260:13:led_ctrl_read_active_color	24	static
/Users/spud/Documents/GitHub/Spud_code_collection/STM32/stm32_workspace/common/lib/led/led_ctrl/led_ctrl.c:267:6:led_ctrl_write_active_color	24	static
/Users/spud/Documents/GitHub/Spud_code_collection/STM32/stm32_workspace/common/lib/led/led_ctrl/led_ctrl.c:274:22:led_ctrl_read_active_color_hex	24	static
/Users/spud/Documents/GitHub/Spud_code_collection/STM32/stm32_workspace/common/lib/led/led_ctrl/led_ctrl.c:281:6:led_ctrl_write_active_color_hex	24	static
/Users/spud/Documents/GitHub/Spud_code_collection/STM32/stm32_workspace/common/lib/led/led_ctrl/led_ctrl.c:289:9:led_ctrl_read_color_rgb_red_hex	24	static
/Users/spud/Documents/GitHub/Spud_code_collection/STM32/stm32_workspace/common/lib/led/led_ctrl/led_ctrl.c:297:9:led_ctrl_read_color_rgb_green_hex	24	static
/Users/spud/Documents/GitHub/Spud_code_collection/STM32/stm32_workspace/common/lib/led/led_ctrl/led_ctrl.c:305:9:led_ctrl_read_color_rgb_blue_hex	24	static
/Users/spud/Documents/GitHub/Spud_code_collection/STM32/stm32_workspace/common/lib/led/led_ctrl/led_ctrl.c:313:18:led_ctrl_read_strip_brightness	24	static
/Users/spud/Documents/GitHub/Spud_code_collection/STM32/stm32_workspace/common/lib/led/led_ctrl/led_ctrl.c:320:6:led_ctrl_write_strip_brightness	24	static
/Users/spud/Documents/GitHub/Spud_code_collection/STM32/stm32_workspace/common/lib/led/led_ctrl/led_ctrl.c:328:24:led_ctrl_read_state_info	24	static
