/Users/srw/Documents/GitHub/spud-firmware/STM32/stm32_workspace/fw_common/lib/task/task_button_press.c:35:6:task_button_press_interrupt_occurred	4	static
/Users/srw/Documents/GitHub/spud-firmware/STM32/stm32_workspace/fw_common/lib/task/task_button_press.c:41:7:task_led_ctrl_button_to_isr	24	static
/Users/srw/Documents/GitHub/spud-firmware/STM32/stm32_workspace/fw_common/lib/task/task_button_press.c:65:6:task_button_press_ctrl_set_interrupt_flag	16	static
/Users/srw/Documents/GitHub/spud-firmware/STM32/stm32_workspace/fw_common/lib/task/task_button_press.c:72:6:task_button_press_ctrl_interrupt_flag	24	static
/Users/srw/Documents/GitHub/spud-firmware/STM32/stm32_workspace/fw_common/lib/task/task_button_press.c:80:6:task_button_press_check_interrupts	32	static
/Users/srw/Documents/GitHub/spud-firmware/STM32/stm32_workspace/fw_common/lib/task/task_button_press.c:109:6:task_button_press_interrupt_flag_clear	4	static
/Users/srw/Documents/GitHub/spud-firmware/STM32/stm32_workspace/fw_common/lib/task/task_button_press.c:115:6:task_button_press	32	static
