/Users/spud/Documents/GitHub/Spud_code_collection/STM32/stm32_workspace/common/lib/led/ws2812b_driver/ws2812b.c:48:6:reset_ws2812b	64	static
/Users/spud/Documents/GitHub/Spud_code_collection/STM32/stm32_workspace/common/lib/led/ws2812b_driver/ws2812b.c:62:20:ws2812_convert_strip_num_to_strip_bit	16	static
/Users/spud/Documents/GitHub/Spud_code_collection/STM32/stm32_workspace/common/lib/led/ws2812b_driver/ws2812b.c:68:20:ws2812_convert_strip_bit_to_strip_num	16	static
/Users/spud/Documents/GitHub/Spud_code_collection/STM32/stm32_workspace/common/lib/led/ws2812b_driver/ws2812b.c:74:10:ws2812_get_pwm_strip_offset	32	static
/Users/spud/Documents/GitHub/Spud_code_collection/STM32/stm32_workspace/common/lib/led/ws2812b_driver/ws2812b.c:105:10:ws2812_get_strip_size	16	static
/Users/spud/Documents/GitHub/Spud_code_collection/STM32/stm32_workspace/common/lib/led/ws2812b_driver/ws2812b.c:111:10:ws2812_get_number_of_active_strips	24	static
/Users/spud/Documents/GitHub/Spud_code_collection/STM32/stm32_workspace/common/lib/led/ws2812b_driver/ws2812b.c:123:13:ws2812_get_next_active_strip	24	static
/Users/spud/Documents/GitHub/Spud_code_collection/STM32/stm32_workspace/common/lib/led/ws2812b_driver/ws2812b.c:138:10:ws2812_get_num_active_animation_leds	24	static
/Users/spud/Documents/GitHub/Spud_code_collection/STM32/stm32_workspace/common/lib/led/ws2812b_driver/ws2812b.c:153:10:ws2812_led_get_max_strip_size	24	static
/Users/spud/Documents/GitHub/Spud_code_collection/STM32/stm32_workspace/common/lib/led/ws2812b_driver/ws2812b.c:169:6:ws2812_pixel_is_in_strip_range	24	static
/Users/spud/Documents/GitHub/Spud_code_collection/STM32/stm32_workspace/common/lib/led/ws2812b_driver/ws2812b.c:188:6:ws2812b_set_led	40	static
/Users/spud/Documents/GitHub/Spud_code_collection/STM32/stm32_workspace/common/lib/led/ws2812b_driver/ws2812b.c:203:6:ws2812b_fill_pwm_buffer_strip	40	static
/Users/spud/Documents/GitHub/Spud_code_collection/STM32/stm32_workspace/common/lib/led/ws2812b_driver/ws2812b.c:228:6:ws2812b_reset	4	static
/Users/spud/Documents/GitHub/Spud_code_collection/STM32/stm32_workspace/common/lib/led/ws2812b_driver/ws2812b.c:234:6:ws2812b_show_strip_one	8	static
/Users/spud/Documents/GitHub/Spud_code_collection/STM32/stm32_workspace/common/lib/led/ws2812b_driver/ws2812b.c:240:6:ws2812b_show_strip_two	8	static
/Users/spud/Documents/GitHub/Spud_code_collection/STM32/stm32_workspace/common/lib/led/ws2812b_driver/ws2812b.c:246:6:ws2812b_show_strip_three	8	static
/Users/spud/Documents/GitHub/Spud_code_collection/STM32/stm32_workspace/common/lib/led/ws2812b_driver/ws2812b.c:257:6:ws2812b_show	24	static
/Users/spud/Documents/GitHub/Spud_code_collection/STM32/stm32_workspace/common/lib/led/ws2812b_driver/ws2812b.c:277:6:ws2812b_init	16	static
