/Users/spud/Documents/GitHub/Spud_code_collection/STM32/stm32_workspace/common/lib/led/ws2812b_driver/ws2812b.c:76:6:ws2812_pixel_is_in_strip_range	24	static
/Users/spud/Documents/GitHub/Spud_code_collection/STM32/stm32_workspace/common/lib/led/ws2812b_driver/ws2812b.c:93:10:ws2812_get_strip_size	24	static
/Users/spud/Documents/GitHub/Spud_code_collection/STM32/stm32_workspace/common/lib/led/ws2812b_driver/ws2812b.c:106:6:reset_ws2812b	8	static
/Users/spud/Documents/GitHub/Spud_code_collection/STM32/stm32_workspace/common/lib/led/ws2812b_driver/ws2812b.c:128:13:ws2812_strip_mask_to_strip_num	16	static
/Users/spud/Documents/GitHub/Spud_code_collection/STM32/stm32_workspace/common/lib/led/ws2812b_driver/ws2812b.c:152:13:ws2812_strip_bit_to_strip_num	16	static
/Users/spud/Documents/GitHub/Spud_code_collection/STM32/stm32_workspace/common/lib/led/ws2812b_driver/ws2812b.c:163:13:ws2812_strip_num_to_strip_bit	16	static
/Users/spud/Documents/GitHub/Spud_code_collection/STM32/stm32_workspace/common/lib/led/ws2812b_driver/ws2812b.c:187:10:ws2812_get_number_of_active_strips_within_mask	24	static
/Users/spud/Documents/GitHub/Spud_code_collection/STM32/stm32_workspace/common/lib/led/ws2812b_driver/ws2812b.c:206:10:ws2812_get_num_leds_in_mask	24	static
/Users/spud/Documents/GitHub/Spud_code_collection/STM32/stm32_workspace/common/lib/led/ws2812b_driver/ws2812b.c:230:10:ws2812_led_get_max_strip_size_in_mask	24	static
/Users/spud/Documents/GitHub/Spud_code_collection/STM32/stm32_workspace/common/lib/led/ws2812b_driver/ws2812b.c:261:6:ws2812b_set_led	48	static
/Users/spud/Documents/GitHub/Spud_code_collection/STM32/stm32_workspace/common/lib/led/ws2812b_driver/ws2812b.c:376:6:ws2812b_dma_transfer	40	static
/Users/spud/Documents/GitHub/Spud_code_collection/STM32/stm32_workspace/common/lib/led/ws2812b_driver/ws2812b.c:441:6:ws2812b_fill_pwm_buffer_strip	32	static
/Users/spud/Documents/GitHub/Spud_code_collection/STM32/stm32_workspace/common/lib/led/ws2812b_driver/ws2812b.c:473:6:ws2812b_strip_is_set_in_mask	16	static
/Users/spud/Documents/GitHub/Spud_code_collection/STM32/stm32_workspace/common/lib/led/ws2812b_driver/ws2812b.c:485:6:ws2812b_show_strip_one	8	static
/Users/spud/Documents/GitHub/Spud_code_collection/STM32/stm32_workspace/common/lib/led/ws2812b_driver/ws2812b.c:496:6:ws2812b_show_strip_two	8	static
/Users/spud/Documents/GitHub/Spud_code_collection/STM32/stm32_workspace/common/lib/led/ws2812b_driver/ws2812b.c:507:6:ws2812b_show_strip_three	8	static
/Users/spud/Documents/GitHub/Spud_code_collection/STM32/stm32_workspace/common/lib/led/ws2812b_driver/ws2812b.c:522:6:ws2812b_show	16	static
/Users/spud/Documents/GitHub/Spud_code_collection/STM32/stm32_workspace/common/lib/led/ws2812b_driver/ws2812b.c:555:6:ws2812b_init	8	static
