C:/Users/Spud/Documents/GitHub/spud-firmware/STM32/stm32_workspace/common/lib/led/ws2812b_driver/ws2812b.c:76:6:reset_ws2812b	4	static
C:/Users/Spud/Documents/GitHub/spud-firmware/STM32/stm32_workspace/common/lib/led/ws2812b_driver/ws2812b.c:87:13:ws2812_strip_bit_to_strip_num	16	static
C:/Users/Spud/Documents/GitHub/spud-firmware/STM32/stm32_workspace/common/lib/led/ws2812b_driver/ws2812b.c:106:13:ws2812_strip_num_to_strip_bit	16	static
C:/Users/Spud/Documents/GitHub/spud-firmware/STM32/stm32_workspace/common/lib/led/ws2812b_driver/ws2812b.c:130:10:ws2812_get_strip_size	24	static
C:/Users/Spud/Documents/GitHub/spud-firmware/STM32/stm32_workspace/common/lib/led/ws2812b_driver/ws2812b.c:137:10:ws2812_get_number_of_active_strips	24	static
C:/Users/Spud/Documents/GitHub/spud-firmware/STM32/stm32_workspace/common/lib/led/ws2812b_driver/ws2812b.c:153:10:ws2812_get_num_active_animation_leds	24	static
C:/Users/Spud/Documents/GitHub/spud-firmware/STM32/stm32_workspace/common/lib/led/ws2812b_driver/ws2812b.c:168:10:ws2812_led_get_max_strip_size	24	static
C:/Users/Spud/Documents/GitHub/spud-firmware/STM32/stm32_workspace/common/lib/led/ws2812b_driver/ws2812b.c:190:6:ws2812_pixel_is_in_strip_range	24	static
C:/Users/Spud/Documents/GitHub/spud-firmware/STM32/stm32_workspace/common/lib/led/ws2812b_driver/ws2812b.c:209:6:ws2812b_set_led	40	static
C:/Users/Spud/Documents/GitHub/spud-firmware/STM32/stm32_workspace/common/lib/led/ws2812b_driver/ws2812b.c:220:6:ws2812b_dma_transfer	24	static
C:/Users/Spud/Documents/GitHub/spud-firmware/STM32/stm32_workspace/common/lib/led/ws2812b_driver/ws2812b.c:300:6:ws2812b_fill_pwm_buffer_strip	24	static
C:/Users/Spud/Documents/GitHub/spud-firmware/STM32/stm32_workspace/common/lib/led/ws2812b_driver/ws2812b.c:338:6:ws2812b_show_strip_one	8	static
C:/Users/Spud/Documents/GitHub/spud-firmware/STM32/stm32_workspace/common/lib/led/ws2812b_driver/ws2812b.c:344:6:ws2812b_show_strip_two	8	static
C:/Users/Spud/Documents/GitHub/spud-firmware/STM32/stm32_workspace/common/lib/led/ws2812b_driver/ws2812b.c:350:6:ws2812b_show_strip_three	8	static
C:/Users/Spud/Documents/GitHub/spud-firmware/STM32/stm32_workspace/common/lib/led/ws2812b_driver/ws2812b.c:361:6:ws2812b_show	16	static
C:/Users/Spud/Documents/GitHub/spud-firmware/STM32/stm32_workspace/common/lib/led/ws2812b_driver/ws2812b.c:391:6:ws2812b_init	8	static
