/Users/spud/Documents/GitHub/Spud_code_collection/STM32/stm32_workspace/common/lib/led/ws2812b_driver/ws2812b.c:53:6:reset_ws2812b	64	static
/Users/spud/Documents/GitHub/Spud_code_collection/STM32/stm32_workspace/common/lib/led/ws2812b_driver/ws2812b.c:63:13:ws2812_strip_bit_to_strip_num	16	static
/Users/spud/Documents/GitHub/Spud_code_collection/STM32/stm32_workspace/common/lib/led/ws2812b_driver/ws2812b.c:78:13:ws2812_strip_num_to_strip_bit	16	static
/Users/spud/Documents/GitHub/Spud_code_collection/STM32/stm32_workspace/common/lib/led/ws2812b_driver/ws2812b.c:99:10:ws2812_get_strip_size	16	static
/Users/spud/Documents/GitHub/Spud_code_collection/STM32/stm32_workspace/common/lib/led/ws2812b_driver/ws2812b.c:105:10:ws2812_get_number_of_active_strips	24	static
/Users/spud/Documents/GitHub/Spud_code_collection/STM32/stm32_workspace/common/lib/led/ws2812b_driver/ws2812b.c:122:10:ws2812_get_num_active_animation_leds	24	static
/Users/spud/Documents/GitHub/Spud_code_collection/STM32/stm32_workspace/common/lib/led/ws2812b_driver/ws2812b.c:137:10:ws2812_led_get_max_strip_size	24	static
/Users/spud/Documents/GitHub/Spud_code_collection/STM32/stm32_workspace/common/lib/led/ws2812b_driver/ws2812b.c:159:6:ws2812_pixel_is_in_strip_range	24	static
/Users/spud/Documents/GitHub/Spud_code_collection/STM32/stm32_workspace/common/lib/led/ws2812b_driver/ws2812b.c:178:6:ws2812b_set_led	24	static
/Users/spud/Documents/GitHub/Spud_code_collection/STM32/stm32_workspace/common/lib/led/ws2812b_driver/ws2812b.c:192:6:ws2812b_fill_pwm_buffer_strip	40	static
/Users/spud/Documents/GitHub/Spud_code_collection/STM32/stm32_workspace/common/lib/led/ws2812b_driver/ws2812b.c:232:6:ws2812b_reset	4	static
/Users/spud/Documents/GitHub/Spud_code_collection/STM32/stm32_workspace/common/lib/led/ws2812b_driver/ws2812b.c:238:6:ws2812b_show_strip_one	8	static
/Users/spud/Documents/GitHub/Spud_code_collection/STM32/stm32_workspace/common/lib/led/ws2812b_driver/ws2812b.c:244:6:ws2812b_show_strip_two	8	static
/Users/spud/Documents/GitHub/Spud_code_collection/STM32/stm32_workspace/common/lib/led/ws2812b_driver/ws2812b.c:250:6:ws2812b_show_strip_three	8	static
/Users/spud/Documents/GitHub/Spud_code_collection/STM32/stm32_workspace/common/lib/led/ws2812b_driver/ws2812b.c:261:6:ws2812b_show	16	static
/Users/spud/Documents/GitHub/Spud_code_collection/STM32/stm32_workspace/common/lib/led/ws2812b_driver/ws2812b.c:278:6:ws2812b_init	16	static
