/Users/spud/Documents/GitHub/Spud_code_collection/STM32/stm32_workspace/common/lib/led/ws2812b_driver/ws2812b.c:64:6:reset_ws2812b	8	static
/Users/spud/Documents/GitHub/Spud_code_collection/STM32/stm32_workspace/common/lib/led/ws2812b_driver/ws2812b.c:73:13:ws2812_strip_bit_to_strip_num	16	static
/Users/spud/Documents/GitHub/Spud_code_collection/STM32/stm32_workspace/common/lib/led/ws2812b_driver/ws2812b.c:89:13:ws2812_strip_num_to_strip_bit	16	static
/Users/spud/Documents/GitHub/Spud_code_collection/STM32/stm32_workspace/common/lib/led/ws2812b_driver/ws2812b.c:109:10:ws2812_get_strip_size	24	static
/Users/spud/Documents/GitHub/Spud_code_collection/STM32/stm32_workspace/common/lib/led/ws2812b_driver/ws2812b.c:116:10:ws2812_get_number_of_active_strips	24	static
/Users/spud/Documents/GitHub/Spud_code_collection/STM32/stm32_workspace/common/lib/led/ws2812b_driver/ws2812b.c:132:10:ws2812_get_num_active_animation_leds	24	static
/Users/spud/Documents/GitHub/Spud_code_collection/STM32/stm32_workspace/common/lib/led/ws2812b_driver/ws2812b.c:147:10:ws2812_led_get_max_strip_size	24	static
/Users/spud/Documents/GitHub/Spud_code_collection/STM32/stm32_workspace/common/lib/led/ws2812b_driver/ws2812b.c:169:6:ws2812_pixel_is_in_strip_range	24	static
/Users/spud/Documents/GitHub/Spud_code_collection/STM32/stm32_workspace/common/lib/led/ws2812b_driver/ws2812b.c:188:6:ws2812b_set_led	40	static
/Users/spud/Documents/GitHub/Spud_code_collection/STM32/stm32_workspace/common/lib/led/ws2812b_driver/ws2812b.c:203:6:ws2812b_fill_pwm_buffer_strip	40	static
/Users/spud/Documents/GitHub/Spud_code_collection/STM32/stm32_workspace/common/lib/led/ws2812b_driver/ws2812b.c:262:6:ws2812b_reset	4	static
/Users/spud/Documents/GitHub/Spud_code_collection/STM32/stm32_workspace/common/lib/led/ws2812b_driver/ws2812b.c:268:6:ws2812b_show_strip_one	8	static
/Users/spud/Documents/GitHub/Spud_code_collection/STM32/stm32_workspace/common/lib/led/ws2812b_driver/ws2812b.c:274:6:ws2812b_show_strip_two	8	static
/Users/spud/Documents/GitHub/Spud_code_collection/STM32/stm32_workspace/common/lib/led/ws2812b_driver/ws2812b.c:280:6:ws2812b_show_strip_three	8	static
/Users/spud/Documents/GitHub/Spud_code_collection/STM32/stm32_workspace/common/lib/led/ws2812b_driver/ws2812b.c:291:6:ws2812b_show	16	static
/Users/spud/Documents/GitHub/Spud_code_collection/STM32/stm32_workspace/common/lib/led/ws2812b_driver/ws2812b.c:308:6:ws2812b_init	16	static
