/Users/spud/Documents/GitHub/Spud_code_collection/STM32/stm32_workspace/fw_common/lib/adafruit_soundboard/adafruit_soundboard.c:17:13:adafruit_soundboard_power_enable_disable	16	static
/Users/spud/Documents/GitHub/Spud_code_collection/STM32/stm32_workspace/fw_common/lib/adafruit_soundboard/adafruit_soundboard.c:23:13:adafruit_soundboard_trigger_enable_disable	16	static
/Users/spud/Documents/GitHub/Spud_code_collection/STM32/stm32_workspace/fw_common/lib/adafruit_soundboard/adafruit_soundboard.c:30:13:adafruit_soundboard_reset_enable_disable	16	static
/Users/spud/Documents/GitHub/Spud_code_collection/STM32/stm32_workspace/fw_common/lib/adafruit_soundboard/adafruit_soundboard.c:36:13:adafruit_soundboard_mode	16	static
/Users/spud/Documents/GitHub/Spud_code_collection/STM32/stm32_workspace/fw_common/lib/adafruit_soundboard/adafruit_soundboard.c:45:13:adafruit_soundboard_adjust_volume	16	static
/Users/spud/Documents/GitHub/Spud_code_collection/STM32/stm32_workspace/fw_common/lib/adafruit_soundboard/adafruit_soundboard.c:55:13:adafruit_soundboard_enable_disable_relay	16	static
/Users/spud/Documents/GitHub/Spud_code_collection/STM32/stm32_workspace/fw_common/lib/adafruit_soundboard/adafruit_soundboard.c:69:6:adafruit_soundboard_init	16	static
/Users/spud/Documents/GitHub/Spud_code_collection/STM32/stm32_workspace/fw_common/lib/adafruit_soundboard/adafruit_soundboard.c:94:6:adafruit_soundboard_power_enable	8	static
/Users/spud/Documents/GitHub/Spud_code_collection/STM32/stm32_workspace/fw_common/lib/adafruit_soundboard/adafruit_soundboard.c:100:6:adafruit_soundboard_power_disable	8	static
/Users/spud/Documents/GitHub/Spud_code_collection/STM32/stm32_workspace/fw_common/lib/adafruit_soundboard/adafruit_soundboard.c:106:6:adafruit_soundboard_trigger_enable	16	static
/Users/spud/Documents/GitHub/Spud_code_collection/STM32/stm32_workspace/fw_common/lib/adafruit_soundboard/adafruit_soundboard.c:112:6:adafruit_soundboard_trigger_disable	16	static
/Users/spud/Documents/GitHub/Spud_code_collection/STM32/stm32_workspace/fw_common/lib/adafruit_soundboard/adafruit_soundboard.c:118:6:adafruit_soundboard_reset_enable	8	static
/Users/spud/Documents/GitHub/Spud_code_collection/STM32/stm32_workspace/fw_common/lib/adafruit_soundboard/adafruit_soundboard.c:124:6:adafruit_soundboard_reset_disable	8	static
/Users/spud/Documents/GitHub/Spud_code_collection/STM32/stm32_workspace/fw_common/lib/adafruit_soundboard/adafruit_soundboard.c:130:6:adafruit_soundboard_is_playing_audio	8	static
/Users/spud/Documents/GitHub/Spud_code_collection/STM32/stm32_workspace/fw_common/lib/adafruit_soundboard/adafruit_soundboard.c:136:6:adafruit_soundboard_enable_uart_mode	8	static
/Users/spud/Documents/GitHub/Spud_code_collection/STM32/stm32_workspace/fw_common/lib/adafruit_soundboard/adafruit_soundboard.c:142:6:adafruit_soundboard_enable_gpio_mode	8	static
/Users/spud/Documents/GitHub/Spud_code_collection/STM32/stm32_workspace/fw_common/lib/adafruit_soundboard/adafruit_soundboard.c:148:6:adafruit_soundboard_adjust_volume_down	8	static
/Users/spud/Documents/GitHub/Spud_code_collection/STM32/stm32_workspace/fw_common/lib/adafruit_soundboard/adafruit_soundboard.c:154:6:adafruit_soundboard_adjust_volume_up	8	static
/Users/spud/Documents/GitHub/Spud_code_collection/STM32/stm32_workspace/fw_common/lib/adafruit_soundboard/adafruit_soundboard.c:160:6:adafruit_soundboard_set_volume_max	16	static
/Users/spud/Documents/GitHub/Spud_code_collection/STM32/stm32_workspace/fw_common/lib/adafruit_soundboard/adafruit_soundboard.c:169:6:adafruit_soundboard_set_volume_min	16	static
/Users/spud/Documents/GitHub/Spud_code_collection/STM32/stm32_workspace/fw_common/lib/adafruit_soundboard/adafruit_soundboard.c:178:6:adafruit_soundboard_enable_relay	16	static
/Users/spud/Documents/GitHub/Spud_code_collection/STM32/stm32_workspace/fw_common/lib/adafruit_soundboard/adafruit_soundboard.c:184:6:adafruit_soundboard_disable_relay	16	static
