../src/bsp/board_init_common.c:38:13:board_init_common_rtc_init	8	static
../src/bsp/board_init_common.c:51:13:SystemClock_Config	192	static
../src/bsp/board_init_common.c:81:13:board_init_common_timer_init	128	static
../src/bsp/board_init_common.c:137:13:board_init_common_nvic_setup_interrupts	8	static
../src/bsp/board_init_common.c:170:13:board_init_common_setup_wakeups	32	static
../src/bsp/board_init_common.c:188:13:board_init_port_wakeup	32	static
../src/bsp/board_init_common.c:199:6:board_init_common_board_init	8	static
../src/bsp/board_init_common.c:220:6:board_init_common_button_pressed	16	static
../src/bsp/board_init_common.c:226:6:board_init_common_stop_timer	8	static
../src/bsp/board_init_common.c:238:6:Error_Handler	4	static,ignoring_inline_asm
