../src/bsp/flash_info.c:94:6:flash_info_color_enabled	24	static
../src/bsp/flash_info.c:224:6:flash_info_animation_enabled	24	static
../src/bsp/flash_info.c:297:18:flash_info_strip_brightness	24	static
../src/bsp/flash_info.c:354:13:flash_info_strip_speed	24	static
../src/bsp/flash_info.c:404:6:flash_info_block_init	8	static
../src/bsp/flash_info.c:461:6:flash_info_read_data	40	static
../src/bsp/flash_info.c:502:6:flash_info_write_data	56	static
../src/bsp/flash_info.c:617:13:flash_info_rand_seed_increment	8	static
../src/bsp/flash_info.c:624:6:flash_info_init	32	static
../src/bsp/flash_info.c:649:6:flash_info_write_led_color_current	16	static
../src/bsp/flash_info.c:655:13:flash_info_read_led_color_current	4	static
../src/bsp/flash_info.c:661:6:flash_info_write_led_animation_current	16	static
../src/bsp/flash_info.c:667:13:flash_info_read_led_animation_current	4	static
../src/bsp/flash_info.c:673:6:flash_info_firmware_version	16	static
