../src/bsp/flash_info.c:94:6:flash_info_color_enabled	24	static
../src/bsp/flash_info.c:221:6:flash_info_animation_enabled	24	static
../src/bsp/flash_info.c:291:18:flash_info_strip_brightness	24	static
../src/bsp/flash_info.c:332:13:flash_info_strip_speed	24	static
../src/bsp/flash_info.c:368:6:flash_info_block_init	8	static
../src/bsp/flash_info.c:425:6:flash_info_read_data	40	static
../src/bsp/flash_info.c:466:6:flash_info_write_data	64	static
../src/bsp/flash_info.c:581:13:flash_info_rand_seed_increment	8	static
../src/bsp/flash_info.c:588:6:flash_info_init	32	static
../src/bsp/flash_info.c:613:6:flash_info_write_led_color_current	16	static
../src/bsp/flash_info.c:619:13:flash_info_read_led_color_current	4	static
../src/bsp/flash_info.c:625:6:flash_info_write_led_animation_current	16	static
../src/bsp/flash_info.c:631:13:flash_info_read_led_animation_current	4	static
../src/bsp/flash_info.c:637:6:flash_info_firmware_version	16	static
