/Users/spud/Documents/GitHub/Spud_code_collection/STM32/stm32_workspace/common/lib/task/task_led_ctrl.c:66:13:task_led_ctrl_adjust_parameters	16	static
/Users/spud/Documents/GitHub/Spud_code_collection/STM32/stm32_workspace/common/lib/task/task_led_ctrl.c:85:6:task_led_ctrl_strip_one	16	static
/Users/spud/Documents/GitHub/Spud_code_collection/STM32/stm32_workspace/common/lib/task/task_led_ctrl.c:176:6:task_led_ctrl_delay	24	static
/Users/spud/Documents/GitHub/Spud_code_collection/STM32/stm32_workspace/common/lib/task/task_led_ctrl.c:186:6:task_led_ctrl_brightness_adjust	8	static
/Users/spud/Documents/GitHub/Spud_code_collection/STM32/stm32_workspace/common/lib/task/task_led_ctrl.c:208:6:task_led_ctrl_clear_pause	4	static
/Users/spud/Documents/GitHub/Spud_code_collection/STM32/stm32_workspace/common/lib/task/task_led_ctrl.c:214:6:task_led_ctrl_pause	4	static
/Users/spud/Documents/GitHub/Spud_code_collection/STM32/stm32_workspace/common/lib/task/task_led_ctrl.c:223:22:task_led_ctrl_color_state	4	static
/Users/spud/Documents/GitHub/Spud_code_collection/STM32/stm32_workspace/common/lib/task/task_led_ctrl.c:229:6:task_led_ctrl_color_state_demo	4	static
/Users/spud/Documents/GitHub/Spud_code_collection/STM32/stm32_workspace/common/lib/task/task_led_ctrl.c:235:6:task_led_ctrl_color_state_fixed	8	static
/Users/spud/Documents/GitHub/Spud_code_collection/STM32/stm32_workspace/common/lib/task/task_led_ctrl.c:242:6:task_led_ctrl_color_reset	8	static
/Users/spud/Documents/GitHub/Spud_code_collection/STM32/stm32_workspace/common/lib/task/task_led_ctrl.c:248:6:task_led_ctrl_color_adjust	16	static
/Users/spud/Documents/GitHub/Spud_code_collection/STM32/stm32_workspace/common/lib/task/task_led_ctrl.c:261:14:task_led_ctrl_color	8	static
/Users/spud/Documents/GitHub/Spud_code_collection/STM32/stm32_workspace/common/lib/task/task_led_ctrl.c:267:18:task_led_ctrl_color_hex	8	static
/Users/spud/Documents/GitHub/Spud_code_collection/STM32/stm32_workspace/common/lib/task/task_led_ctrl.c:273:9:task_led_ctrl_color_red_hex	24	static
/Users/spud/Documents/GitHub/Spud_code_collection/STM32/stm32_workspace/common/lib/task/task_led_ctrl.c:279:9:task_led_ctrl_color_green_hex	24	static
/Users/spud/Documents/GitHub/Spud_code_collection/STM32/stm32_workspace/common/lib/task/task_led_ctrl.c:285:9:task_led_ctrl_color_blue_hex	24	static
/Users/spud/Documents/GitHub/Spud_code_collection/STM32/stm32_workspace/common/lib/task/task_led_ctrl.c:291:18:task_led_ctrl_color_to_hex	16	static
/Users/spud/Documents/GitHub/Spud_code_collection/STM32/stm32_workspace/common/lib/task/task_led_ctrl.c:297:6:task_led_ctrl_color_random	16	static
/Users/spud/Documents/GitHub/Spud_code_collection/STM32/stm32_workspace/common/lib/task/task_led_ctrl.c:312:13:task_led_ctrl_animate_random	24	static
/Users/spud/Documents/GitHub/Spud_code_collection/STM32/stm32_workspace/common/lib/task/task_led_ctrl.c:324:13:task_led_ctrl_animate	4	static
/Users/spud/Documents/GitHub/Spud_code_collection/STM32/stm32_workspace/common/lib/task/task_led_ctrl.c:330:6:task_led_ctrl_animate_reset	4	static
/Users/spud/Documents/GitHub/Spud_code_collection/STM32/stm32_workspace/common/lib/task/task_led_ctrl.c:336:7:task_led_ctrl_speed	16	static
/Users/spud/Documents/GitHub/Spud_code_collection/STM32/stm32_workspace/common/lib/task/task_led_ctrl.c:371:6:task_led_ctrl_speed_adjust	4	static
/Users/spud/Documents/GitHub/Spud_code_collection/STM32/stm32_workspace/common/lib/task/task_led_ctrl.c:378:6:task_led_ctrl_speed_reset	4	static
/Users/spud/Documents/GitHub/Spud_code_collection/STM32/stm32_workspace/common/lib/task/task_led_ctrl.c:384:7:task_led_ctrl_delay_time	16	static
/Users/spud/Documents/GitHub/Spud_code_collection/STM32/stm32_workspace/common/lib/task/task_led_ctrl.c:390:6:task_led_ctrl_animate_iteration_reset	4	static
/Users/spud/Documents/GitHub/Spud_code_collection/STM32/stm32_workspace/common/lib/task/task_led_ctrl.c:396:6:task_led_ctrl_animate_adjust_state	16	static
/Users/spud/Documents/GitHub/Spud_code_collection/STM32/stm32_workspace/common/lib/task/task_led_ctrl.c:409:6:task_led_ctrl_animate_state_demo	4	static
/Users/spud/Documents/GitHub/Spud_code_collection/STM32/stm32_workspace/common/lib/task/task_led_ctrl.c:416:6:task_led_ctrl_animate_state_fixed	4	static
/Users/spud/Documents/GitHub/Spud_code_collection/STM32/stm32_workspace/common/lib/task/task_led_ctrl.c:424:20:task_led_ctrl_animate_state	4	static
