/Users/spud/Documents/GitHub/Spud_code_collection/STM32/stm32_workspace/common/lib/task/task_led_ctrl.c:70:13:task_led_ctrl_adjust_parameters	16	static
/Users/spud/Documents/GitHub/Spud_code_collection/STM32/stm32_workspace/common/lib/task/task_led_ctrl.c:102:6:task_led_ctrl_strip_one	24	static
/Users/spud/Documents/GitHub/Spud_code_collection/STM32/stm32_workspace/common/lib/task/task_led_ctrl.c:256:6:task_led_ctrl_delay	24	static
/Users/spud/Documents/GitHub/Spud_code_collection/STM32/stm32_workspace/common/lib/task/task_led_ctrl.c:266:6:task_led_ctrl_brightness_adjust	8	static
/Users/spud/Documents/GitHub/Spud_code_collection/STM32/stm32_workspace/common/lib/task/task_led_ctrl.c:288:6:task_led_ctrl_clear_pause	4	static
/Users/spud/Documents/GitHub/Spud_code_collection/STM32/stm32_workspace/common/lib/task/task_led_ctrl.c:294:6:task_led_ctrl_pause	4	static
/Users/spud/Documents/GitHub/Spud_code_collection/STM32/stm32_workspace/common/lib/task/task_led_ctrl.c:303:22:task_led_ctrl_color_state	4	static
/Users/spud/Documents/GitHub/Spud_code_collection/STM32/stm32_workspace/common/lib/task/task_led_ctrl.c:309:6:task_led_ctrl_color_state_demo	4	static
/Users/spud/Documents/GitHub/Spud_code_collection/STM32/stm32_workspace/common/lib/task/task_led_ctrl.c:315:6:task_led_ctrl_color_state_fixed	4	static
/Users/spud/Documents/GitHub/Spud_code_collection/STM32/stm32_workspace/common/lib/task/task_led_ctrl.c:322:6:task_led_ctrl_color_reset	4	static
/Users/spud/Documents/GitHub/Spud_code_collection/STM32/stm32_workspace/common/lib/task/task_led_ctrl.c:328:6:task_led_ctrl_color_adjust	16	static
/Users/spud/Documents/GitHub/Spud_code_collection/STM32/stm32_workspace/common/lib/task/task_led_ctrl.c:341:14:task_led_ctrl_color	4	static
/Users/spud/Documents/GitHub/Spud_code_collection/STM32/stm32_workspace/common/lib/task/task_led_ctrl.c:347:18:task_led_ctrl_color_hex	4	static
/Users/spud/Documents/GitHub/Spud_code_collection/STM32/stm32_workspace/common/lib/task/task_led_ctrl.c:353:9:task_led_ctrl_color_red_hex	24	static
/Users/spud/Documents/GitHub/Spud_code_collection/STM32/stm32_workspace/common/lib/task/task_led_ctrl.c:359:9:task_led_ctrl_color_green_hex	24	static
/Users/spud/Documents/GitHub/Spud_code_collection/STM32/stm32_workspace/common/lib/task/task_led_ctrl.c:365:9:task_led_ctrl_color_blue_hex	24	static
/Users/spud/Documents/GitHub/Spud_code_collection/STM32/stm32_workspace/common/lib/task/task_led_ctrl.c:371:18:task_led_ctrl_color_to_hex	16	static
/Users/spud/Documents/GitHub/Spud_code_collection/STM32/stm32_workspace/common/lib/task/task_led_ctrl.c:377:6:task_led_ctrl_color_random	16	static
/Users/spud/Documents/GitHub/Spud_code_collection/STM32/stm32_workspace/common/lib/task/task_led_ctrl.c:392:13:task_led_ctrl_animate_random	24	static
/Users/spud/Documents/GitHub/Spud_code_collection/STM32/stm32_workspace/common/lib/task/task_led_ctrl.c:404:13:task_led_ctrl_animate	4	static
/Users/spud/Documents/GitHub/Spud_code_collection/STM32/stm32_workspace/common/lib/task/task_led_ctrl.c:410:6:task_led_ctrl_animate_reset	4	static
/Users/spud/Documents/GitHub/Spud_code_collection/STM32/stm32_workspace/common/lib/task/task_led_ctrl.c:416:7:task_led_ctrl_speed	16	static
/Users/spud/Documents/GitHub/Spud_code_collection/STM32/stm32_workspace/common/lib/task/task_led_ctrl.c:451:6:task_led_ctrl_speed_adjust	4	static
/Users/spud/Documents/GitHub/Spud_code_collection/STM32/stm32_workspace/common/lib/task/task_led_ctrl.c:458:6:task_led_ctrl_speed_reset	4	static
/Users/spud/Documents/GitHub/Spud_code_collection/STM32/stm32_workspace/common/lib/task/task_led_ctrl.c:464:7:task_led_ctrl_delay_time	16	static
/Users/spud/Documents/GitHub/Spud_code_collection/STM32/stm32_workspace/common/lib/task/task_led_ctrl.c:470:6:task_led_ctrl_animate_iteration_reset	4	static
/Users/spud/Documents/GitHub/Spud_code_collection/STM32/stm32_workspace/common/lib/task/task_led_ctrl.c:476:6:task_led_ctrl_animate_adjust_state	16	static
/Users/spud/Documents/GitHub/Spud_code_collection/STM32/stm32_workspace/common/lib/task/task_led_ctrl.c:489:6:task_led_ctrl_animate_state_demo	4	static
/Users/spud/Documents/GitHub/Spud_code_collection/STM32/stm32_workspace/common/lib/task/task_led_ctrl.c:496:6:task_led_ctrl_animate_state_fixed	4	static
/Users/spud/Documents/GitHub/Spud_code_collection/STM32/stm32_workspace/common/lib/task/task_led_ctrl.c:504:20:task_led_ctrl_animate_state	4	static
