/Users/spud/Documents/GitHub/Spud_code_collection/STM32/stm32_workspace/common/lib/task/task_led_ctrl.c:67:6:task_led_ctrl_draw_all_toggle	8	static
/Users/spud/Documents/GitHub/Spud_code_collection/STM32/stm32_workspace/common/lib/task/task_led_ctrl.c:75:13:task_led_ctrl_adjust_parameters	16	static
/Users/spud/Documents/GitHub/Spud_code_collection/STM32/stm32_workspace/common/lib/task/task_led_ctrl.c:93:6:task_led_ctrl_strip_one	32	static
/Users/spud/Documents/GitHub/Spud_code_collection/STM32/stm32_workspace/common/lib/task/task_led_ctrl.c:258:6:task_led_ctrl_delay	24	static
/Users/spud/Documents/GitHub/Spud_code_collection/STM32/stm32_workspace/common/lib/task/task_led_ctrl.c:268:6:task_led_ctrl_brightness_adjust	8	static
/Users/spud/Documents/GitHub/Spud_code_collection/STM32/stm32_workspace/common/lib/task/task_led_ctrl.c:290:6:task_led_ctrl_clear_pause	4	static
/Users/spud/Documents/GitHub/Spud_code_collection/STM32/stm32_workspace/common/lib/task/task_led_ctrl.c:296:6:task_led_ctrl_pause	4	static
/Users/spud/Documents/GitHub/Spud_code_collection/STM32/stm32_workspace/common/lib/task/task_led_ctrl.c:305:22:task_led_ctrl_color_state	4	static
/Users/spud/Documents/GitHub/Spud_code_collection/STM32/stm32_workspace/common/lib/task/task_led_ctrl.c:311:6:task_led_ctrl_color_state_demo	4	static
/Users/spud/Documents/GitHub/Spud_code_collection/STM32/stm32_workspace/common/lib/task/task_led_ctrl.c:317:6:task_led_ctrl_color_state_fixed	4	static
/Users/spud/Documents/GitHub/Spud_code_collection/STM32/stm32_workspace/common/lib/task/task_led_ctrl.c:324:6:task_led_ctrl_color_reset	4	static
/Users/spud/Documents/GitHub/Spud_code_collection/STM32/stm32_workspace/common/lib/task/task_led_ctrl.c:330:6:task_led_ctrl_color_adjust	16	static
/Users/spud/Documents/GitHub/Spud_code_collection/STM32/stm32_workspace/common/lib/task/task_led_ctrl.c:343:14:task_led_ctrl_color	4	static
/Users/spud/Documents/GitHub/Spud_code_collection/STM32/stm32_workspace/common/lib/task/task_led_ctrl.c:349:18:task_led_ctrl_color_hex	4	static
/Users/spud/Documents/GitHub/Spud_code_collection/STM32/stm32_workspace/common/lib/task/task_led_ctrl.c:355:9:task_led_ctrl_color_red_hex	24	static
/Users/spud/Documents/GitHub/Spud_code_collection/STM32/stm32_workspace/common/lib/task/task_led_ctrl.c:361:9:task_led_ctrl_color_green_hex	24	static
/Users/spud/Documents/GitHub/Spud_code_collection/STM32/stm32_workspace/common/lib/task/task_led_ctrl.c:367:9:task_led_ctrl_color_blue_hex	24	static
/Users/spud/Documents/GitHub/Spud_code_collection/STM32/stm32_workspace/common/lib/task/task_led_ctrl.c:373:18:task_led_ctrl_color_to_hex	16	static
/Users/spud/Documents/GitHub/Spud_code_collection/STM32/stm32_workspace/common/lib/task/task_led_ctrl.c:379:6:task_led_ctrl_color_random	16	static
/Users/spud/Documents/GitHub/Spud_code_collection/STM32/stm32_workspace/common/lib/task/task_led_ctrl.c:394:13:task_led_ctrl_animate_random	24	static
/Users/spud/Documents/GitHub/Spud_code_collection/STM32/stm32_workspace/common/lib/task/task_led_ctrl.c:406:13:task_led_ctrl_animate	4	static
/Users/spud/Documents/GitHub/Spud_code_collection/STM32/stm32_workspace/common/lib/task/task_led_ctrl.c:412:6:task_led_ctrl_animate_reset	4	static
/Users/spud/Documents/GitHub/Spud_code_collection/STM32/stm32_workspace/common/lib/task/task_led_ctrl.c:418:7:task_led_ctrl_speed	16	static
/Users/spud/Documents/GitHub/Spud_code_collection/STM32/stm32_workspace/common/lib/task/task_led_ctrl.c:453:6:task_led_ctrl_speed_adjust	4	static
/Users/spud/Documents/GitHub/Spud_code_collection/STM32/stm32_workspace/common/lib/task/task_led_ctrl.c:460:6:task_led_ctrl_speed_reset	4	static
/Users/spud/Documents/GitHub/Spud_code_collection/STM32/stm32_workspace/common/lib/task/task_led_ctrl.c:466:7:task_led_ctrl_delay_time	16	static
/Users/spud/Documents/GitHub/Spud_code_collection/STM32/stm32_workspace/common/lib/task/task_led_ctrl.c:472:6:task_led_ctrl_animate_iteration_reset	4	static
/Users/spud/Documents/GitHub/Spud_code_collection/STM32/stm32_workspace/common/lib/task/task_led_ctrl.c:478:6:task_led_ctrl_animate_adjust_state	16	static
/Users/spud/Documents/GitHub/Spud_code_collection/STM32/stm32_workspace/common/lib/task/task_led_ctrl.c:491:6:task_led_ctrl_animate_state_demo	4	static
/Users/spud/Documents/GitHub/Spud_code_collection/STM32/stm32_workspace/common/lib/task/task_led_ctrl.c:498:6:task_led_ctrl_animate_state_fixed	4	static
/Users/spud/Documents/GitHub/Spud_code_collection/STM32/stm32_workspace/common/lib/task/task_led_ctrl.c:506:20:task_led_ctrl_animate_state	4	static
