/Users/spud/Documents/GitHub/Spud_code_collection/STM32/stm32_workspace/common/lib/task/task_button_press.c:32:6:task_button_press_interrupt_occurred	4	static
/Users/spud/Documents/GitHub/Spud_code_collection/STM32/stm32_workspace/common/lib/task/task_button_press.c:38:7:task_led_ctrl_button_to_isr	24	static
/Users/spud/Documents/GitHub/Spud_code_collection/STM32/stm32_workspace/common/lib/task/task_button_press.c:62:6:task_button_press_ctrl_set_interrupt_flag	16	static
/Users/spud/Documents/GitHub/Spud_code_collection/STM32/stm32_workspace/common/lib/task/task_button_press.c:69:6:task_button_press_ctrl_interrupt_flag	24	static
/Users/spud/Documents/GitHub/Spud_code_collection/STM32/stm32_workspace/common/lib/task/task_button_press.c:77:6:task_button_press_check_interrupts	32	static
/Users/spud/Documents/GitHub/Spud_code_collection/STM32/stm32_workspace/common/lib/task/task_button_press.c:112:6:task_button_press_interrupt_flag_clear	4	static
/Users/spud/Documents/GitHub/Spud_code_collection/STM32/stm32_workspace/common/lib/task/task_button_press.c:122:6:task_button_press_major_state_change	4	static
/Users/spud/Documents/GitHub/Spud_code_collection/STM32/stm32_workspace/common/lib/task/task_button_press.c:128:6:task_button_press_major_state_change_clear	4	static
/Users/spud/Documents/GitHub/Spud_code_collection/STM32/stm32_workspace/common/lib/task/task_button_press.c:134:6:task_button_press	32	static
