/Users/spud/Documents/GitHub/Spud_code_collection/STM32/stm32_workspace/common/lib/task/task_led_ctrl.c:77:13:task_led_ctrl_adjust_parameters	16	static
/Users/spud/Documents/GitHub/Spud_code_collection/STM32/stm32_workspace/common/lib/task/task_led_ctrl.c:109:13:task_led_ctrl_strip	32	static
/Users/spud/Documents/GitHub/Spud_code_collection/STM32/stm32_workspace/common/lib/task/task_led_ctrl.c:171:6:task_led_ctrl_strip_one	16	static
/Users/spud/Documents/GitHub/Spud_code_collection/STM32/stm32_workspace/common/lib/task/task_led_ctrl.c:178:6:task_led_ctrl	24	static
/Users/spud/Documents/GitHub/Spud_code_collection/STM32/stm32_workspace/common/lib/task/task_led_ctrl.c:207:6:task_led_ctrl_delay	24	static
/Users/spud/Documents/GitHub/Spud_code_collection/STM32/stm32_workspace/common/lib/task/task_led_ctrl.c:217:6:task_led_ctrl_brightness_adjust	8	static
/Users/spud/Documents/GitHub/Spud_code_collection/STM32/stm32_workspace/common/lib/task/task_led_ctrl.c:239:6:task_led_ctrl_clear_pause	4	static
/Users/spud/Documents/GitHub/Spud_code_collection/STM32/stm32_workspace/common/lib/task/task_led_ctrl.c:245:6:task_led_ctrl_pause	4	static
/Users/spud/Documents/GitHub/Spud_code_collection/STM32/stm32_workspace/common/lib/task/task_led_ctrl.c:254:22:task_led_ctrl_color_state	4	static
/Users/spud/Documents/GitHub/Spud_code_collection/STM32/stm32_workspace/common/lib/task/task_led_ctrl.c:260:6:task_led_ctrl_color_state_demo	4	static
/Users/spud/Documents/GitHub/Spud_code_collection/STM32/stm32_workspace/common/lib/task/task_led_ctrl.c:266:6:task_led_ctrl_color_state_fixed	4	static
/Users/spud/Documents/GitHub/Spud_code_collection/STM32/stm32_workspace/common/lib/task/task_led_ctrl.c:273:6:task_led_ctrl_color_reset	4	static
/Users/spud/Documents/GitHub/Spud_code_collection/STM32/stm32_workspace/common/lib/task/task_led_ctrl.c:279:6:task_led_ctrl_color_adjust	16	static
/Users/spud/Documents/GitHub/Spud_code_collection/STM32/stm32_workspace/common/lib/task/task_led_ctrl.c:292:14:task_led_ctrl_color	4	static
/Users/spud/Documents/GitHub/Spud_code_collection/STM32/stm32_workspace/common/lib/task/task_led_ctrl.c:298:18:task_led_ctrl_color_hex	4	static
/Users/spud/Documents/GitHub/Spud_code_collection/STM32/stm32_workspace/common/lib/task/task_led_ctrl.c:304:9:task_led_ctrl_color_red_hex	24	static
/Users/spud/Documents/GitHub/Spud_code_collection/STM32/stm32_workspace/common/lib/task/task_led_ctrl.c:310:9:task_led_ctrl_color_green_hex	24	static
/Users/spud/Documents/GitHub/Spud_code_collection/STM32/stm32_workspace/common/lib/task/task_led_ctrl.c:316:9:task_led_ctrl_color_blue_hex	24	static
/Users/spud/Documents/GitHub/Spud_code_collection/STM32/stm32_workspace/common/lib/task/task_led_ctrl.c:322:18:task_led_ctrl_color_to_hex	16	static
/Users/spud/Documents/GitHub/Spud_code_collection/STM32/stm32_workspace/common/lib/task/task_led_ctrl.c:328:6:task_led_ctrl_color_random	16	static
/Users/spud/Documents/GitHub/Spud_code_collection/STM32/stm32_workspace/common/lib/task/task_led_ctrl.c:343:13:task_led_ctrl_animate_random	24	static
/Users/spud/Documents/GitHub/Spud_code_collection/STM32/stm32_workspace/common/lib/task/task_led_ctrl.c:355:13:task_led_ctrl_animate	4	static
/Users/spud/Documents/GitHub/Spud_code_collection/STM32/stm32_workspace/common/lib/task/task_led_ctrl.c:361:6:task_led_ctrl_animate_reset	4	static
/Users/spud/Documents/GitHub/Spud_code_collection/STM32/stm32_workspace/common/lib/task/task_led_ctrl.c:367:7:task_led_ctrl_speed	16	static
/Users/spud/Documents/GitHub/Spud_code_collection/STM32/stm32_workspace/common/lib/task/task_led_ctrl.c:402:6:task_led_ctrl_speed_adjust	4	static
/Users/spud/Documents/GitHub/Spud_code_collection/STM32/stm32_workspace/common/lib/task/task_led_ctrl.c:409:6:task_led_ctrl_speed_reset	4	static
/Users/spud/Documents/GitHub/Spud_code_collection/STM32/stm32_workspace/common/lib/task/task_led_ctrl.c:415:7:task_led_ctrl_delay_time	16	static
/Users/spud/Documents/GitHub/Spud_code_collection/STM32/stm32_workspace/common/lib/task/task_led_ctrl.c:421:6:task_led_ctrl_animate_iteration_reset	4	static
/Users/spud/Documents/GitHub/Spud_code_collection/STM32/stm32_workspace/common/lib/task/task_led_ctrl.c:427:6:task_led_ctrl_animate_adjust_state	16	static
/Users/spud/Documents/GitHub/Spud_code_collection/STM32/stm32_workspace/common/lib/task/task_led_ctrl.c:440:6:task_led_ctrl_animate_state_demo	4	static
/Users/spud/Documents/GitHub/Spud_code_collection/STM32/stm32_workspace/common/lib/task/task_led_ctrl.c:447:6:task_led_ctrl_animate_state_fixed	4	static
/Users/spud/Documents/GitHub/Spud_code_collection/STM32/stm32_workspace/common/lib/task/task_led_ctrl.c:455:20:task_led_ctrl_animate_state	4	static
