/Users/spud/Documents/GitHub/Spud_code_collection/STM32/stm32_workspace/common/lib/led/led_ctrl/led_ctrl_state/led_ctrl_state.c:9:6:led_state_ctrl_iteration_reset	16	static
/Users/spud/Documents/GitHub/Spud_code_collection/STM32/stm32_workspace/common/lib/led/led_ctrl/led_ctrl_state/led_ctrl_state.c:15:13:led_state_ctrl_random_state	24	static
/Users/spud/Documents/GitHub/Spud_code_collection/STM32/stm32_workspace/common/lib/led/led_ctrl/led_ctrl_state/led_ctrl_state.c:27:13:led_state_ctrl_state	16	static
/Users/spud/Documents/GitHub/Spud_code_collection/STM32/stm32_workspace/common/lib/led/led_ctrl/led_ctrl_state/led_ctrl_state.c:33:6:led_state_ctrl_adjust_state	24	static
/Users/spud/Documents/GitHub/Spud_code_collection/STM32/stm32_workspace/common/lib/led/led_ctrl/led_ctrl_state/led_ctrl_state.c:49:6:led_state_ctrl_force_fixed_state	16	static
/Users/spud/Documents/GitHub/Spud_code_collection/STM32/stm32_workspace/common/lib/led/led_ctrl/led_ctrl_state/led_ctrl_state.c:55:6:led_state_ctrl_force_demo	16	static
/Users/spud/Documents/GitHub/Spud_code_collection/STM32/stm32_workspace/common/lib/led/led_ctrl/led_ctrl_state/led_ctrl_state.c:63:25:led_state_ctrl_master_state	16	static
/Users/spud/Documents/GitHub/Spud_code_collection/STM32/stm32_workspace/common/lib/led/led_ctrl/led_ctrl_state/led_ctrl_state.c:69:6:led_state_ctrl_color_decrement_inner_color	4	static
/Users/spud/Documents/GitHub/Spud_code_collection/STM32/stm32_workspace/common/lib/led/led_ctrl/led_ctrl_state/led_ctrl_state.c:82:6:led_state_ctrl_color_decrement_outer_color	4	static
/Users/spud/Documents/GitHub/Spud_code_collection/STM32/stm32_workspace/common/lib/led/led_ctrl/led_ctrl_state/led_ctrl_state.c:95:6:led_state_ctrl_color_increment_inner_color	4	static
/Users/spud/Documents/GitHub/Spud_code_collection/STM32/stm32_workspace/common/lib/led/led_ctrl/led_ctrl_state/led_ctrl_state.c:108:6:led_state_ctrl_color_increment_outer_color	4	static
