/Users/spud/Documents/GitHub/Spud_code_collection/STM32/stm32_workspace/common/lib/led/led_ctrl/led_ctrl_state/led_ctrl_state.c:120:6:led_state_ctrl_iteration_reset	16	static
/Users/spud/Documents/GitHub/Spud_code_collection/STM32/stm32_workspace/common/lib/led/led_ctrl/led_ctrl_state/led_ctrl_state.c:132:13:led_state_ctrl_random_state	24	static
/Users/spud/Documents/GitHub/Spud_code_collection/STM32/stm32_workspace/common/lib/led/led_ctrl/led_ctrl_state/led_ctrl_state.c:144:13:led_ctrl_state_randomize_active_state	24	static
/Users/spud/Documents/GitHub/Spud_code_collection/STM32/stm32_workspace/common/lib/led/led_ctrl/led_ctrl_state/led_ctrl_state.c:162:13:led_state_ctrl_state	16	static
/Users/spud/Documents/GitHub/Spud_code_collection/STM32/stm32_workspace/common/lib/led/led_ctrl/led_ctrl_state/led_ctrl_state.c:174:6:led_state_ctrl_adjust_state	24	static
/Users/spud/Documents/GitHub/Spud_code_collection/STM32/stm32_workspace/common/lib/led/led_ctrl/led_ctrl_state/led_ctrl_state.c:197:6:led_state_ctrl_force_fixed_state	16	static
/Users/spud/Documents/GitHub/Spud_code_collection/STM32/stm32_workspace/common/lib/led/led_ctrl/led_ctrl_state/led_ctrl_state.c:210:6:led_state_ctrl_force_demo	16	static
/Users/spud/Documents/GitHub/Spud_code_collection/STM32/stm32_workspace/common/lib/led/led_ctrl/led_ctrl_state/led_ctrl_state.c:223:25:led_state_ctrl_master_state	16	static
/Users/spud/Documents/GitHub/Spud_code_collection/STM32/stm32_workspace/common/lib/led/led_ctrl/led_ctrl_state/led_ctrl_state.c:235:6:led_state_ctrl_force_state	16	static
/Users/spud/Documents/GitHub/Spud_code_collection/STM32/stm32_workspace/common/lib/led/led_ctrl/led_ctrl_state/led_ctrl_state.c:242:24:led_ctrl_state_read_info	16	static
