/Users/spud/Documents/GitHub/Spud_code_collection/STM32/stm32_workspace/common/lib/led/led_ctrl/led_ctrl_state/led_ctrl_state.c:15:6:led_state_ctrl_iteration_reset	24	static
/Users/spud/Documents/GitHub/Spud_code_collection/STM32/stm32_workspace/common/lib/led/led_ctrl/led_ctrl_state/led_ctrl_state.c:28:13:led_state_ctrl_random_state	24	static
/Users/spud/Documents/GitHub/Spud_code_collection/STM32/stm32_workspace/common/lib/led/led_ctrl/led_ctrl_state/led_ctrl_state.c:45:13:led_state_ctrl_state	24	static
/Users/spud/Documents/GitHub/Spud_code_collection/STM32/stm32_workspace/common/lib/led/led_ctrl/led_ctrl_state/led_ctrl_state.c:58:6:led_state_ctrl_adjust_state	24	static
/Users/spud/Documents/GitHub/Spud_code_collection/STM32/stm32_workspace/common/lib/led/led_ctrl/led_ctrl_state/led_ctrl_state.c:80:6:led_state_ctrl_force_fixed_state	24	static
/Users/spud/Documents/GitHub/Spud_code_collection/STM32/stm32_workspace/common/lib/led/led_ctrl/led_ctrl_state/led_ctrl_state.c:94:6:led_state_ctrl_force_demo	24	static
/Users/spud/Documents/GitHub/Spud_code_collection/STM32/stm32_workspace/common/lib/led/led_ctrl/led_ctrl_state/led_ctrl_state.c:108:25:led_state_ctrl_master_state	24	static
/Users/spud/Documents/GitHub/Spud_code_collection/STM32/stm32_workspace/common/lib/led/led_ctrl/led_ctrl_state/led_ctrl_state.c:121:6:led_state_ctrl_force_state	24	static
